Archive member included because of file (symbol)

.\CortexM3\ARM_GCC_493\Debug\CAN_ADC_2_BIDIRECCIONAL.a(cyfitter_cfg.o)
                              .\CortexM3\ARM_GCC_493\Debug\Cm3Start.o (cyfitter_cfg)
.\CortexM3\ARM_GCC_493\Debug\CAN_ADC_2_BIDIRECCIONAL.a(RX_CAN.o)
                              .\CortexM3\ARM_GCC_493\Debug\main.o (RX_CAN_Start)
.\CortexM3\ARM_GCC_493\Debug\CAN_ADC_2_BIDIRECCIONAL.a(RX_CAN_INT.o)
                              .\CortexM3\ARM_GCC_493\Debug\CAN_ADC_2_BIDIRECCIONAL.a(RX_CAN.o) (RX_CAN_ISR)
.\CortexM3\ARM_GCC_493\Debug\CAN_ADC_2_BIDIRECCIONAL.a(RX_CAN_TX_RX_func.o)
                              .\CortexM3\ARM_GCC_493\Debug\CAN_ADC_2_BIDIRECCIONAL.a(RX_CAN_INT.o) (RX_CAN_ReceiveMsg)
.\CortexM3\ARM_GCC_493\Debug\CAN_ADC_2_BIDIRECCIONAL.a(LCD_Char_1.o)
                              .\CortexM3\ARM_GCC_493\Debug\main.o (LCD_Char_1_PrintString)
.\CortexM3\ARM_GCC_493\Debug\CAN_ADC_2_BIDIRECCIONAL.a(CyBootAsmGnu.o)
                              .\CortexM3\ARM_GCC_493\Debug\CAN_ADC_2_BIDIRECCIONAL.a(cyfitter_cfg.o) (CyDelayCycles)
.\CortexM3\ARM_GCC_493\Debug\CAN_ADC_2_BIDIRECCIONAL.a(CyLib.o)
                              .\CortexM3\ARM_GCC_493\Debug\Cm3Start.o (CyHalt)
.\CortexM3\ARM_GCC_493\Debug\CAN_ADC_2_BIDIRECCIONAL.a(cyPm.o)
                              .\CortexM3\ARM_GCC_493\Debug\CAN_ADC_2_BIDIRECCIONAL.a(CyLib.o) (CyPmReadStatus)
.\CortexM3\ARM_GCC_493\Debug\CAN_ADC_2_BIDIRECCIONAL.a(CyFlash.o)
                              .\CortexM3\ARM_GCC_493\Debug\CAN_ADC_2_BIDIRECCIONAL.a(cyPm.o) (CyFlash_SetWaitCycles)
.\CortexM3\ARM_GCC_493\Debug\CAN_ADC_2_BIDIRECCIONAL.a(CySpc.o)
                              .\CortexM3\ARM_GCC_493\Debug\CAN_ADC_2_BIDIRECCIONAL.a(CyFlash.o) (CySpcStart)
c:/program files (x86)/cypress/psoc creator/3.3/psoc creator/import/gnu/arm/4.9.3/bin/../lib/gcc/arm-none-eabi/4.9.3/../../../../arm-none-eabi/lib/armv7-m\libg_nano.a(lib_a-errno.o)
                              .\CortexM3\ARM_GCC_493\Debug\Cm3Start.o (__errno)
c:/program files (x86)/cypress/psoc creator/3.3/psoc creator/import/gnu/arm/4.9.3/bin/../lib/gcc/arm-none-eabi/4.9.3/../../../../arm-none-eabi/lib/armv7-m\libg_nano.a(lib_a-exit.o)
                              c:/program files (x86)/cypress/psoc creator/3.3/psoc creator/import/gnu/arm/4.9.3/bin/../lib/gcc/arm-none-eabi/4.9.3/../../../../arm-none-eabi/lib/armv7-m/crt0.o (exit)
c:/program files (x86)/cypress/psoc creator/3.3/psoc creator/import/gnu/arm/4.9.3/bin/../lib/gcc/arm-none-eabi/4.9.3/../../../../arm-none-eabi/lib/armv7-m\libg_nano.a(lib_a-impure.o)
                              c:/program files (x86)/cypress/psoc creator/3.3/psoc creator/import/gnu/arm/4.9.3/bin/../lib/gcc/arm-none-eabi/4.9.3/../../../../arm-none-eabi/lib/armv7-m\libg_nano.a(lib_a-exit.o) (_global_impure_ptr)
c:/program files (x86)/cypress/psoc creator/3.3/psoc creator/import/gnu/arm/4.9.3/bin/../lib/gcc/arm-none-eabi/4.9.3/../../../../arm-none-eabi/lib/armv7-m\libg_nano.a(lib_a-init.o)
                              c:/program files (x86)/cypress/psoc creator/3.3/psoc creator/import/gnu/arm/4.9.3/bin/../lib/gcc/arm-none-eabi/4.9.3/../../../../arm-none-eabi/lib/armv7-m/crt0.o (__libc_init_array)
c:/program files (x86)/cypress/psoc creator/3.3/psoc creator/import/gnu/arm/4.9.3/bin/../lib/gcc/arm-none-eabi/4.9.3/../../../../arm-none-eabi/lib/armv7-m\libg_nano.a(lib_a-memcpy.o)
                              .\CortexM3\ARM_GCC_493\Debug\CAN_ADC_2_BIDIRECCIONAL.a(cyfitter_cfg.o) (memcpy)
c:/program files (x86)/cypress/psoc creator/3.3/psoc creator/import/gnu/arm/4.9.3/bin/../lib/gcc/arm-none-eabi/4.9.3/../../../../arm-none-eabi/lib/armv7-m\libg_nano.a(lib_a-memset.o)
                              c:/program files (x86)/cypress/psoc creator/3.3/psoc creator/import/gnu/arm/4.9.3/bin/../lib/gcc/arm-none-eabi/4.9.3/../../../../arm-none-eabi/lib/armv7-m/crt0.o (memset)

Allocating common symbols
Common symbol       size              file

dato_recibido       0x1               .\CortexM3\ARM_GCC_493\Debug\main.o
dato_enviado        0x1               .\CortexM3\ARM_GCC_493\Debug\main.o
dieTemperature      0x2               .\CortexM3\ARM_GCC_493\Debug\CAN_ADC_2_BIDIRECCIONAL.a(CyFlash.o)

Discarded input sections

 .text          0x00000000        0x0 c:/program files (x86)/cypress/psoc creator/3.3/psoc creator/import/gnu/arm/4.9.3/bin/../lib/gcc/arm-none-eabi/4.9.3/armv7-m/crti.o
 .data          0x00000000        0x0 c:/program files (x86)/cypress/psoc creator/3.3/psoc creator/import/gnu/arm/4.9.3/bin/../lib/gcc/arm-none-eabi/4.9.3/armv7-m/crti.o
 .bss           0x00000000        0x0 c:/program files (x86)/cypress/psoc creator/3.3/psoc creator/import/gnu/arm/4.9.3/bin/../lib/gcc/arm-none-eabi/4.9.3/armv7-m/crti.o
 .data          0x00000000        0x4 c:/program files (x86)/cypress/psoc creator/3.3/psoc creator/import/gnu/arm/4.9.3/bin/../lib/gcc/arm-none-eabi/4.9.3/armv7-m/crtbegin.o
 .text          0x00000000       0x74 c:/program files (x86)/cypress/psoc creator/3.3/psoc creator/import/gnu/arm/4.9.3/bin/../lib/gcc/arm-none-eabi/4.9.3/../../../../arm-none-eabi/lib/armv7-m/crt0.o
 .data          0x00000000        0x0 c:/program files (x86)/cypress/psoc creator/3.3/psoc creator/import/gnu/arm/4.9.3/bin/../lib/gcc/arm-none-eabi/4.9.3/../../../../arm-none-eabi/lib/armv7-m/crt0.o
 .bss           0x00000000        0x0 c:/program files (x86)/cypress/psoc creator/3.3/psoc creator/import/gnu/arm/4.9.3/bin/../lib/gcc/arm-none-eabi/4.9.3/../../../../arm-none-eabi/lib/armv7-m/crt0.o
 .ARM.extab     0x00000000        0x0 c:/program files (x86)/cypress/psoc creator/3.3/psoc creator/import/gnu/arm/4.9.3/bin/../lib/gcc/arm-none-eabi/4.9.3/../../../../arm-none-eabi/lib/armv7-m/crt0.o
 .ARM.exidx     0x00000000        0x8 c:/program files (x86)/cypress/psoc creator/3.3/psoc creator/import/gnu/arm/4.9.3/bin/../lib/gcc/arm-none-eabi/4.9.3/../../../../arm-none-eabi/lib/armv7-m/crt0.o
 .text          0x00000000        0x0 .\CortexM3\ARM_GCC_493\Debug\main.o
 .data          0x00000000        0x0 .\CortexM3\ARM_GCC_493\Debug\main.o
 .bss           0x00000000        0x0 .\CortexM3\ARM_GCC_493\Debug\main.o
 .text          0x00000000        0x0 .\CortexM3\ARM_GCC_493\Debug\cymetadata.o
 .data          0x00000000        0x0 .\CortexM3\ARM_GCC_493\Debug\cymetadata.o
 .bss           0x00000000        0x0 .\CortexM3\ARM_GCC_493\Debug\cymetadata.o
 .text          0x00000000        0x0 .\CortexM3\ARM_GCC_493\Debug\Cm3Start.o
 .data          0x00000000        0x4 .\CortexM3\ARM_GCC_493\Debug\Cm3Start.o
 .bss           0x00000000        0x0 .\CortexM3\ARM_GCC_493\Debug\Cm3Start.o
 .text._exit    0x00000000        0xc .\CortexM3\ARM_GCC_493\Debug\Cm3Start.o
 .text._sbrk    0x00000000       0x30 .\CortexM3\ARM_GCC_493\Debug\Cm3Start.o
 .text          0x00000000        0x0 .\CortexM3\ARM_GCC_493\Debug\CAN_ADC_2_BIDIRECCIONAL.a(cyfitter_cfg.o)
 .data          0x00000000        0x0 .\CortexM3\ARM_GCC_493\Debug\CAN_ADC_2_BIDIRECCIONAL.a(cyfitter_cfg.o)
 .bss           0x00000000        0x0 .\CortexM3\ARM_GCC_493\Debug\CAN_ADC_2_BIDIRECCIONAL.a(cyfitter_cfg.o)
 .text.SetAnalogRoutingPumps
                0x00000000       0x10 .\CortexM3\ARM_GCC_493\Debug\CAN_ADC_2_BIDIRECCIONAL.a(cyfitter_cfg.o)
 .text          0x00000000        0x0 .\CortexM3\ARM_GCC_493\Debug\CAN_ADC_2_BIDIRECCIONAL.a(RX_CAN.o)
 .data          0x00000000        0x0 .\CortexM3\ARM_GCC_493\Debug\CAN_ADC_2_BIDIRECCIONAL.a(RX_CAN.o)
 .text.RX_CAN_SetOpMode
                0x00000000       0x78 .\CortexM3\ARM_GCC_493\Debug\CAN_ADC_2_BIDIRECCIONAL.a(RX_CAN.o)
 .text.RX_CAN_RXRegisterInit
                0x00000000       0x5c .\CortexM3\ARM_GCC_493\Debug\CAN_ADC_2_BIDIRECCIONAL.a(RX_CAN.o)
 .text.RX_CAN_GetTXErrorFlag
                0x00000000       0x18 .\CortexM3\ARM_GCC_493\Debug\CAN_ADC_2_BIDIRECCIONAL.a(RX_CAN.o)
 .text.RX_CAN_GetRXErrorFlag
                0x00000000       0x18 .\CortexM3\ARM_GCC_493\Debug\CAN_ADC_2_BIDIRECCIONAL.a(RX_CAN.o)
 .text.RX_CAN_GetTXErrorCount
                0x00000000        0xc .\CortexM3\ARM_GCC_493\Debug\CAN_ADC_2_BIDIRECCIONAL.a(RX_CAN.o)
 .text.RX_CAN_GetRXErrorCount
                0x00000000        0xc .\CortexM3\ARM_GCC_493\Debug\CAN_ADC_2_BIDIRECCIONAL.a(RX_CAN.o)
 .text.RX_CAN_GetErrorState
                0x00000000       0x10 .\CortexM3\ARM_GCC_493\Debug\CAN_ADC_2_BIDIRECCIONAL.a(RX_CAN.o)
 .text          0x00000000        0x0 .\CortexM3\ARM_GCC_493\Debug\CAN_ADC_2_BIDIRECCIONAL.a(RX_CAN_INT.o)
 .data          0x00000000        0x0 .\CortexM3\ARM_GCC_493\Debug\CAN_ADC_2_BIDIRECCIONAL.a(RX_CAN_INT.o)
 .bss           0x00000000        0x0 .\CortexM3\ARM_GCC_493\Debug\CAN_ADC_2_BIDIRECCIONAL.a(RX_CAN_INT.o)
 .text          0x00000000        0x0 .\CortexM3\ARM_GCC_493\Debug\CAN_ADC_2_BIDIRECCIONAL.a(RX_CAN_TX_RX_func.o)
 .data          0x00000000        0x0 .\CortexM3\ARM_GCC_493\Debug\CAN_ADC_2_BIDIRECCIONAL.a(RX_CAN_TX_RX_func.o)
 .bss           0x00000000        0x0 .\CortexM3\ARM_GCC_493\Debug\CAN_ADC_2_BIDIRECCIONAL.a(RX_CAN_TX_RX_func.o)
 .text.RX_CAN_SendMsg
                0x00000000       0xdc .\CortexM3\ARM_GCC_493\Debug\CAN_ADC_2_BIDIRECCIONAL.a(RX_CAN_TX_RX_func.o)
 .text.RX_CAN_TxCancel
                0x00000000       0x1c .\CortexM3\ARM_GCC_493\Debug\CAN_ADC_2_BIDIRECCIONAL.a(RX_CAN_TX_RX_func.o)
 .text.RX_CAN_SendMsg0
                0x00000000       0x2c .\CortexM3\ARM_GCC_493\Debug\CAN_ADC_2_BIDIRECCIONAL.a(RX_CAN_TX_RX_func.o)
 .text          0x00000000        0x0 .\CortexM3\ARM_GCC_493\Debug\CAN_ADC_2_BIDIRECCIONAL.a(LCD_Char_1.o)
 .data          0x00000000        0x0 .\CortexM3\ARM_GCC_493\Debug\CAN_ADC_2_BIDIRECCIONAL.a(LCD_Char_1.o)
 .text.LCD_Char_1_Stop
                0x00000000       0x14 .\CortexM3\ARM_GCC_493\Debug\CAN_ADC_2_BIDIRECCIONAL.a(LCD_Char_1.o)
 .text.LCD_Char_1_PrintInt16
                0x00000000       0x14 .\CortexM3\ARM_GCC_493\Debug\CAN_ADC_2_BIDIRECCIONAL.a(LCD_Char_1.o)
 .text.LCD_Char_1_PrintInt32
                0x00000000       0x1c .\CortexM3\ARM_GCC_493\Debug\CAN_ADC_2_BIDIRECCIONAL.a(LCD_Char_1.o)
 .text.LCD_Char_1_PrintU32Number
                0x00000000       0x60 .\CortexM3\ARM_GCC_493\Debug\CAN_ADC_2_BIDIRECCIONAL.a(LCD_Char_1.o)
 .data          0x00000000        0x0 .\CortexM3\ARM_GCC_493\Debug\CAN_ADC_2_BIDIRECCIONAL.a(CyBootAsmGnu.o)
 .bss           0x00000000        0x0 .\CortexM3\ARM_GCC_493\Debug\CAN_ADC_2_BIDIRECCIONAL.a(CyBootAsmGnu.o)
 .text          0x00000000        0x0 .\CortexM3\ARM_GCC_493\Debug\CAN_ADC_2_BIDIRECCIONAL.a(CyLib.o)
 .bss           0x00000000       0x1c .\CortexM3\ARM_GCC_493\Debug\CAN_ADC_2_BIDIRECCIONAL.a(CyLib.o)
 .text.CyUSB_PowerOnCheck
                0x00000000       0x48 .\CortexM3\ARM_GCC_493\Debug\CAN_ADC_2_BIDIRECCIONAL.a(CyLib.o)
 .text.CyBusClk_Internal_SetDivider
                0x00000000       0x48 .\CortexM3\ARM_GCC_493\Debug\CAN_ADC_2_BIDIRECCIONAL.a(CyLib.o)
 .text.CyPLL_OUT_Stop
                0x00000000       0x10 .\CortexM3\ARM_GCC_493\Debug\CAN_ADC_2_BIDIRECCIONAL.a(CyLib.o)
 .text.CyIMO_Stop
                0x00000000       0x1c .\CortexM3\ARM_GCC_493\Debug\CAN_ADC_2_BIDIRECCIONAL.a(CyLib.o)
 .text.CyIMO_EnableDoubler
                0x00000000       0x10 .\CortexM3\ARM_GCC_493\Debug\CAN_ADC_2_BIDIRECCIONAL.a(CyLib.o)
 .text.CyIMO_DisableDoubler
                0x00000000       0x10 .\CortexM3\ARM_GCC_493\Debug\CAN_ADC_2_BIDIRECCIONAL.a(CyLib.o)
 .text.CyMasterClk_SetSource
                0x00000000       0x18 .\CortexM3\ARM_GCC_493\Debug\CAN_ADC_2_BIDIRECCIONAL.a(CyLib.o)
 .text.CyMasterClk_SetDivider
                0x00000000        0xc .\CortexM3\ARM_GCC_493\Debug\CAN_ADC_2_BIDIRECCIONAL.a(CyLib.o)
 .text.CyBusClk_SetDivider
                0x00000000       0x70 .\CortexM3\ARM_GCC_493\Debug\CAN_ADC_2_BIDIRECCIONAL.a(CyLib.o)
 .text.CyUsbClk_SetSource
                0x00000000       0x18 .\CortexM3\ARM_GCC_493\Debug\CAN_ADC_2_BIDIRECCIONAL.a(CyLib.o)
 .text.CyILO_Start1K
                0x00000000       0x10 .\CortexM3\ARM_GCC_493\Debug\CAN_ADC_2_BIDIRECCIONAL.a(CyLib.o)
 .text.CyILO_Stop1K
                0x00000000       0x10 .\CortexM3\ARM_GCC_493\Debug\CAN_ADC_2_BIDIRECCIONAL.a(CyLib.o)
 .text.CyILO_Start100K
                0x00000000       0x10 .\CortexM3\ARM_GCC_493\Debug\CAN_ADC_2_BIDIRECCIONAL.a(CyLib.o)
 .text.CyILO_Stop100K
                0x00000000       0x10 .\CortexM3\ARM_GCC_493\Debug\CAN_ADC_2_BIDIRECCIONAL.a(CyLib.o)
 .text.CyPLL_OUT_Start
                0x00000000       0x78 .\CortexM3\ARM_GCC_493\Debug\CAN_ADC_2_BIDIRECCIONAL.a(CyLib.o)
 .text.CyIMO_Start
                0x00000000       0x60 .\CortexM3\ARM_GCC_493\Debug\CAN_ADC_2_BIDIRECCIONAL.a(CyLib.o)
 .text.CyILO_Enable33K
                0x00000000       0x10 .\CortexM3\ARM_GCC_493\Debug\CAN_ADC_2_BIDIRECCIONAL.a(CyLib.o)
 .text.CyILO_Disable33K
                0x00000000       0x10 .\CortexM3\ARM_GCC_493\Debug\CAN_ADC_2_BIDIRECCIONAL.a(CyLib.o)
 .text.CyILO_SetSource
                0x00000000       0x18 .\CortexM3\ARM_GCC_493\Debug\CAN_ADC_2_BIDIRECCIONAL.a(CyLib.o)
 .text.CyILO_SetPowerMode
                0x00000000       0x24 .\CortexM3\ARM_GCC_493\Debug\CAN_ADC_2_BIDIRECCIONAL.a(CyLib.o)
 .text.CyXTAL_32KHZ_Stop
                0x00000000       0x30 .\CortexM3\ARM_GCC_493\Debug\CAN_ADC_2_BIDIRECCIONAL.a(CyLib.o)
 .text.CyXTAL_32KHZ_ReadStatus
                0x00000000       0x10 .\CortexM3\ARM_GCC_493\Debug\CAN_ADC_2_BIDIRECCIONAL.a(CyLib.o)
 .text.CyXTAL_Start
                0x00000000       0xac .\CortexM3\ARM_GCC_493\Debug\CAN_ADC_2_BIDIRECCIONAL.a(CyLib.o)
 .text.CyXTAL_Stop
                0x00000000       0x10 .\CortexM3\ARM_GCC_493\Debug\CAN_ADC_2_BIDIRECCIONAL.a(CyLib.o)
 .text.CyXTAL_EnableErrStatus
                0x00000000       0x10 .\CortexM3\ARM_GCC_493\Debug\CAN_ADC_2_BIDIRECCIONAL.a(CyLib.o)
 .text.CyXTAL_DisableErrStatus
                0x00000000       0x10 .\CortexM3\ARM_GCC_493\Debug\CAN_ADC_2_BIDIRECCIONAL.a(CyLib.o)
 .text.CyXTAL_ReadStatus
                0x00000000       0x18 .\CortexM3\ARM_GCC_493\Debug\CAN_ADC_2_BIDIRECCIONAL.a(CyLib.o)
 .text.CyXTAL_EnableFaultRecovery
                0x00000000       0x10 .\CortexM3\ARM_GCC_493\Debug\CAN_ADC_2_BIDIRECCIONAL.a(CyLib.o)
 .text.CyXTAL_DisableFaultRecovery
                0x00000000       0x10 .\CortexM3\ARM_GCC_493\Debug\CAN_ADC_2_BIDIRECCIONAL.a(CyLib.o)
 .text.CyXTAL_SetStartup
                0x00000000       0x18 .\CortexM3\ARM_GCC_493\Debug\CAN_ADC_2_BIDIRECCIONAL.a(CyLib.o)
 .text.CyXTAL_SetFbVoltage
                0x00000000       0x18 .\CortexM3\ARM_GCC_493\Debug\CAN_ADC_2_BIDIRECCIONAL.a(CyLib.o)
 .text.CyXTAL_SetWdVoltage
                0x00000000       0x18 .\CortexM3\ARM_GCC_493\Debug\CAN_ADC_2_BIDIRECCIONAL.a(CyLib.o)
 .text.CyPLL_OUT_SetPQ
                0x00000000       0x60 .\CortexM3\ARM_GCC_493\Debug\CAN_ADC_2_BIDIRECCIONAL.a(CyLib.o)
 .text.CyPLL_OUT_SetSource
                0x00000000       0x34 .\CortexM3\ARM_GCC_493\Debug\CAN_ADC_2_BIDIRECCIONAL.a(CyLib.o)
 .text.CyIMO_SetTrimValue
                0x00000000       0xcc .\CortexM3\ARM_GCC_493\Debug\CAN_ADC_2_BIDIRECCIONAL.a(CyLib.o)
 .text.CyIMO_SetFreq
                0x00000000       0xf4 .\CortexM3\ARM_GCC_493\Debug\CAN_ADC_2_BIDIRECCIONAL.a(CyLib.o)
 .text.CyIMO_SetSource
                0x00000000       0x58 .\CortexM3\ARM_GCC_493\Debug\CAN_ADC_2_BIDIRECCIONAL.a(CyLib.o)
 .text.CySoftwareReset
                0x00000000       0x10 .\CortexM3\ARM_GCC_493\Debug\CAN_ADC_2_BIDIRECCIONAL.a(CyLib.o)
 .text.CyXTAL_32KHZ_SetPowerMode
                0x00000000       0x84 .\CortexM3\ARM_GCC_493\Debug\CAN_ADC_2_BIDIRECCIONAL.a(CyLib.o)
 .text.CyXTAL_32KHZ_Start
                0x00000000       0x70 .\CortexM3\ARM_GCC_493\Debug\CAN_ADC_2_BIDIRECCIONAL.a(CyLib.o)
 .text.CyDelayFreq
                0x00000000       0x4c .\CortexM3\ARM_GCC_493\Debug\CAN_ADC_2_BIDIRECCIONAL.a(CyLib.o)
 .text.CyWdtStart
                0x00000000       0x40 .\CortexM3\ARM_GCC_493\Debug\CAN_ADC_2_BIDIRECCIONAL.a(CyLib.o)
 .text.CyWdtClear
                0x00000000        0xc .\CortexM3\ARM_GCC_493\Debug\CAN_ADC_2_BIDIRECCIONAL.a(CyLib.o)
 .text.CyVdStickyStatus
                0x00000000       0x2c .\CortexM3\ARM_GCC_493\Debug\CAN_ADC_2_BIDIRECCIONAL.a(CyLib.o)
 .text.CyVdLvDigitEnable
                0x00000000       0x84 .\CortexM3\ARM_GCC_493\Debug\CAN_ADC_2_BIDIRECCIONAL.a(CyLib.o)
 .text.CyVdLvAnalogEnable
                0x00000000       0x80 .\CortexM3\ARM_GCC_493\Debug\CAN_ADC_2_BIDIRECCIONAL.a(CyLib.o)
 .text.CyVdLvDigitDisable
                0x00000000       0x30 .\CortexM3\ARM_GCC_493\Debug\CAN_ADC_2_BIDIRECCIONAL.a(CyLib.o)
 .text.CyVdLvAnalogDisable
                0x00000000       0x28 .\CortexM3\ARM_GCC_493\Debug\CAN_ADC_2_BIDIRECCIONAL.a(CyLib.o)
 .text.CyVdHvAnalogEnable
                0x00000000       0x54 .\CortexM3\ARM_GCC_493\Debug\CAN_ADC_2_BIDIRECCIONAL.a(CyLib.o)
 .text.CyVdHvAnalogDisable
                0x00000000       0x20 .\CortexM3\ARM_GCC_493\Debug\CAN_ADC_2_BIDIRECCIONAL.a(CyLib.o)
 .text.CyVdRealTimeStatus
                0x00000000       0x1c .\CortexM3\ARM_GCC_493\Debug\CAN_ADC_2_BIDIRECCIONAL.a(CyLib.o)
 .text.CyDisableInts
                0x00000000       0x1c .\CortexM3\ARM_GCC_493\Debug\CAN_ADC_2_BIDIRECCIONAL.a(CyLib.o)
 .text.CyEnableInts
                0x00000000       0x18 .\CortexM3\ARM_GCC_493\Debug\CAN_ADC_2_BIDIRECCIONAL.a(CyLib.o)
 .text.CyFlushCache
                0x00000000       0x44 .\CortexM3\ARM_GCC_493\Debug\CAN_ADC_2_BIDIRECCIONAL.a(CyLib.o)
 .text.CyIntSetSysVector
                0x00000000       0x28 .\CortexM3\ARM_GCC_493\Debug\CAN_ADC_2_BIDIRECCIONAL.a(CyLib.o)
 .text.CyIntGetSysVector
                0x00000000       0x20 .\CortexM3\ARM_GCC_493\Debug\CAN_ADC_2_BIDIRECCIONAL.a(CyLib.o)
 .text.CyIntGetVector
                0x00000000       0x24 .\CortexM3\ARM_GCC_493\Debug\CAN_ADC_2_BIDIRECCIONAL.a(CyLib.o)
 .text.CyIntGetPriority
                0x00000000       0x20 .\CortexM3\ARM_GCC_493\Debug\CAN_ADC_2_BIDIRECCIONAL.a(CyLib.o)
 .text.CyIntGetState
                0x00000000       0x24 .\CortexM3\ARM_GCC_493\Debug\CAN_ADC_2_BIDIRECCIONAL.a(CyLib.o)
 .text.CySysTickStop
                0x00000000       0x10 .\CortexM3\ARM_GCC_493\Debug\CAN_ADC_2_BIDIRECCIONAL.a(CyLib.o)
 .text.CySysTickEnableInterrupt
                0x00000000       0x10 .\CortexM3\ARM_GCC_493\Debug\CAN_ADC_2_BIDIRECCIONAL.a(CyLib.o)
 .text.CySysTickEnable
                0x00000000       0x18 .\CortexM3\ARM_GCC_493\Debug\CAN_ADC_2_BIDIRECCIONAL.a(CyLib.o)
 .text.CySysTickDisableInterrupt
                0x00000000       0x10 .\CortexM3\ARM_GCC_493\Debug\CAN_ADC_2_BIDIRECCIONAL.a(CyLib.o)
 .text.CySysTickSetReload
                0x00000000       0x10 .\CortexM3\ARM_GCC_493\Debug\CAN_ADC_2_BIDIRECCIONAL.a(CyLib.o)
 .text.CySysTickGetReload
                0x00000000       0x10 .\CortexM3\ARM_GCC_493\Debug\CAN_ADC_2_BIDIRECCIONAL.a(CyLib.o)
 .text.CySysTickGetValue
                0x00000000       0x10 .\CortexM3\ARM_GCC_493\Debug\CAN_ADC_2_BIDIRECCIONAL.a(CyLib.o)
 .text.CySysTickSetClockSource
                0x00000000       0x20 .\CortexM3\ARM_GCC_493\Debug\CAN_ADC_2_BIDIRECCIONAL.a(CyLib.o)
 .text.CySysTickGetCountFlag
                0x00000000       0x10 .\CortexM3\ARM_GCC_493\Debug\CAN_ADC_2_BIDIRECCIONAL.a(CyLib.o)
 .text.CySysTickServiceCallbacks
                0x00000000       0x28 .\CortexM3\ARM_GCC_493\Debug\CAN_ADC_2_BIDIRECCIONAL.a(CyLib.o)
 .text.CySysTickClear
                0x00000000        0xc .\CortexM3\ARM_GCC_493\Debug\CAN_ADC_2_BIDIRECCIONAL.a(CyLib.o)
 .text.CySysTickInit
                0x00000000       0x58 .\CortexM3\ARM_GCC_493\Debug\CAN_ADC_2_BIDIRECCIONAL.a(CyLib.o)
 .text.CySysTickStart
                0x00000000       0x1c .\CortexM3\ARM_GCC_493\Debug\CAN_ADC_2_BIDIRECCIONAL.a(CyLib.o)
 .text.CySysTickSetCallback
                0x00000000       0x10 .\CortexM3\ARM_GCC_493\Debug\CAN_ADC_2_BIDIRECCIONAL.a(CyLib.o)
 .text.CySysTickGetCallback
                0x00000000       0x10 .\CortexM3\ARM_GCC_493\Debug\CAN_ADC_2_BIDIRECCIONAL.a(CyLib.o)
 .text.CyGetUniqueId
                0x00000000       0x70 .\CortexM3\ARM_GCC_493\Debug\CAN_ADC_2_BIDIRECCIONAL.a(CyLib.o)
 .text          0x00000000        0x0 .\CortexM3\ARM_GCC_493\Debug\CAN_ADC_2_BIDIRECCIONAL.a(cyPm.o)
 .data          0x00000000        0x0 .\CortexM3\ARM_GCC_493\Debug\CAN_ADC_2_BIDIRECCIONAL.a(cyPm.o)
 .bss           0x00000000       0x44 .\CortexM3\ARM_GCC_493\Debug\CAN_ADC_2_BIDIRECCIONAL.a(cyPm.o)
 .text.CyPmHibSlpSaveSet
                0x00000000      0x1dc .\CortexM3\ARM_GCC_493\Debug\CAN_ADC_2_BIDIRECCIONAL.a(cyPm.o)
 .text.CyPmHibSlpRestore
                0x00000000       0xd4 .\CortexM3\ARM_GCC_493\Debug\CAN_ADC_2_BIDIRECCIONAL.a(cyPm.o)
 .text.CyPmHviLviSaveDisable
                0x00000000       0xa0 .\CortexM3\ARM_GCC_493\Debug\CAN_ADC_2_BIDIRECCIONAL.a(cyPm.o)
 .text.CyPmHibSaveSet
                0x00000000       0x8c .\CortexM3\ARM_GCC_493\Debug\CAN_ADC_2_BIDIRECCIONAL.a(cyPm.o)
 .text.CyPmHviLviRestore
                0x00000000       0x48 .\CortexM3\ARM_GCC_493\Debug\CAN_ADC_2_BIDIRECCIONAL.a(cyPm.o)
 .text.CyPmHibRestore
                0x00000000       0x58 .\CortexM3\ARM_GCC_493\Debug\CAN_ADC_2_BIDIRECCIONAL.a(cyPm.o)
 .text.CyPmSaveClocks
                0x00000000      0x218 .\CortexM3\ARM_GCC_493\Debug\CAN_ADC_2_BIDIRECCIONAL.a(cyPm.o)
 .text.CyPmRestoreClocks
                0x00000000      0x24c .\CortexM3\ARM_GCC_493\Debug\CAN_ADC_2_BIDIRECCIONAL.a(cyPm.o)
 .text.CyPmAltAct
                0x00000000       0x6c .\CortexM3\ARM_GCC_493\Debug\CAN_ADC_2_BIDIRECCIONAL.a(cyPm.o)
 .text.CyPmSleep
                0x00000000       0xf4 .\CortexM3\ARM_GCC_493\Debug\CAN_ADC_2_BIDIRECCIONAL.a(cyPm.o)
 .text.CyPmHibernateEx
                0x00000000       0xf4 .\CortexM3\ARM_GCC_493\Debug\CAN_ADC_2_BIDIRECCIONAL.a(cyPm.o)
 .text.CyPmHibernate
                0x00000000        0xc .\CortexM3\ARM_GCC_493\Debug\CAN_ADC_2_BIDIRECCIONAL.a(cyPm.o)
 .text.CyPmReadStatus
                0x00000000       0x30 .\CortexM3\ARM_GCC_493\Debug\CAN_ADC_2_BIDIRECCIONAL.a(cyPm.o)
 .text.CyPmCtwSetInterval
                0x00000000       0x5c .\CortexM3\ARM_GCC_493\Debug\CAN_ADC_2_BIDIRECCIONAL.a(cyPm.o)
 .text.CyPmOppsSet
                0x00000000       0x2c .\CortexM3\ARM_GCC_493\Debug\CAN_ADC_2_BIDIRECCIONAL.a(cyPm.o)
 .text.CyPmFtwSetInterval
                0x00000000       0x5c .\CortexM3\ARM_GCC_493\Debug\CAN_ADC_2_BIDIRECCIONAL.a(cyPm.o)
 .rodata        0x00000000       0x10 .\CortexM3\ARM_GCC_493\Debug\CAN_ADC_2_BIDIRECCIONAL.a(cyPm.o)
 .text          0x00000000        0x0 .\CortexM3\ARM_GCC_493\Debug\CAN_ADC_2_BIDIRECCIONAL.a(CyFlash.o)
 .data          0x00000000        0x0 .\CortexM3\ARM_GCC_493\Debug\CAN_ADC_2_BIDIRECCIONAL.a(CyFlash.o)
 .bss           0x00000000        0x4 .\CortexM3\ARM_GCC_493\Debug\CAN_ADC_2_BIDIRECCIONAL.a(CyFlash.o)
 .text.CyFlashGetSpcAlgorithm
                0x00000000       0x4c .\CortexM3\ARM_GCC_493\Debug\CAN_ADC_2_BIDIRECCIONAL.a(CyFlash.o)
 .text.CySetTempInt
                0x00000000       0x60 .\CortexM3\ARM_GCC_493\Debug\CAN_ADC_2_BIDIRECCIONAL.a(CyFlash.o)
 .text.CyFlash_Start
                0x00000000       0x54 .\CortexM3\ARM_GCC_493\Debug\CAN_ADC_2_BIDIRECCIONAL.a(CyFlash.o)
 .text.CyFlash_Stop
                0x00000000       0x24 .\CortexM3\ARM_GCC_493\Debug\CAN_ADC_2_BIDIRECCIONAL.a(CyFlash.o)
 .text.CySetTemp
                0x00000000       0x14 .\CortexM3\ARM_GCC_493\Debug\CAN_ADC_2_BIDIRECCIONAL.a(CyFlash.o)
 .text.CySetFlashEEBuffer
                0x00000000       0x28 .\CortexM3\ARM_GCC_493\Debug\CAN_ADC_2_BIDIRECCIONAL.a(CyFlash.o)
 .text.CyWriteRowFull
                0x00000000       0xf8 .\CortexM3\ARM_GCC_493\Debug\CAN_ADC_2_BIDIRECCIONAL.a(CyFlash.o)
 .text.CyWriteRowData
                0x00000000       0x14 .\CortexM3\ARM_GCC_493\Debug\CAN_ADC_2_BIDIRECCIONAL.a(CyFlash.o)
 .text.CyFlash_SetWaitCycles
                0x00000000       0x7c .\CortexM3\ARM_GCC_493\Debug\CAN_ADC_2_BIDIRECCIONAL.a(CyFlash.o)
 .text.CyEEPROM_Start
                0x00000000       0x54 .\CortexM3\ARM_GCC_493\Debug\CAN_ADC_2_BIDIRECCIONAL.a(CyFlash.o)
 .text.CyEEPROM_Stop
                0x00000000       0x24 .\CortexM3\ARM_GCC_493\Debug\CAN_ADC_2_BIDIRECCIONAL.a(CyFlash.o)
 .text.CyEEPROM_ReadReserve
                0x00000000       0x1c .\CortexM3\ARM_GCC_493\Debug\CAN_ADC_2_BIDIRECCIONAL.a(CyFlash.o)
 .text.CyEEPROM_ReadRelease
                0x00000000       0x10 .\CortexM3\ARM_GCC_493\Debug\CAN_ADC_2_BIDIRECCIONAL.a(CyFlash.o)
 COMMON         0x00000000        0x2 .\CortexM3\ARM_GCC_493\Debug\CAN_ADC_2_BIDIRECCIONAL.a(CyFlash.o)
 .text          0x00000000        0x0 .\CortexM3\ARM_GCC_493\Debug\CAN_ADC_2_BIDIRECCIONAL.a(CySpc.o)
 .data          0x00000000        0x0 .\CortexM3\ARM_GCC_493\Debug\CAN_ADC_2_BIDIRECCIONAL.a(CySpc.o)
 .bss           0x00000000        0x8 .\CortexM3\ARM_GCC_493\Debug\CAN_ADC_2_BIDIRECCIONAL.a(CySpc.o)
 .text.CySpcStart
                0x00000000       0x24 .\CortexM3\ARM_GCC_493\Debug\CAN_ADC_2_BIDIRECCIONAL.a(CySpc.o)
 .text.CySpcStop
                0x00000000       0x24 .\CortexM3\ARM_GCC_493\Debug\CAN_ADC_2_BIDIRECCIONAL.a(CySpc.o)
 .text.CySpcReadData
                0x00000000       0x34 .\CortexM3\ARM_GCC_493\Debug\CAN_ADC_2_BIDIRECCIONAL.a(CySpc.o)
 .text.CySpcLoadMultiByte
                0x00000000       0x78 .\CortexM3\ARM_GCC_493\Debug\CAN_ADC_2_BIDIRECCIONAL.a(CySpc.o)
 .text.CySpcLoadRow
                0x00000000       0x54 .\CortexM3\ARM_GCC_493\Debug\CAN_ADC_2_BIDIRECCIONAL.a(CySpc.o)
 .text.CySpcLoadRowFull
                0x00000000       0x80 .\CortexM3\ARM_GCC_493\Debug\CAN_ADC_2_BIDIRECCIONAL.a(CySpc.o)
 .text.CySpcWriteRow
                0x00000000       0x4c .\CortexM3\ARM_GCC_493\Debug\CAN_ADC_2_BIDIRECCIONAL.a(CySpc.o)
 .text.CySpcEraseSector
                0x00000000       0x3c .\CortexM3\ARM_GCC_493\Debug\CAN_ADC_2_BIDIRECCIONAL.a(CySpc.o)
 .text.CySpcGetTemp
                0x00000000       0x3c .\CortexM3\ARM_GCC_493\Debug\CAN_ADC_2_BIDIRECCIONAL.a(CySpc.o)
 .text.CySpcLock
                0x00000000       0x4c .\CortexM3\ARM_GCC_493\Debug\CAN_ADC_2_BIDIRECCIONAL.a(CySpc.o)
 .text.CySpcUnlock
                0x00000000       0x38 .\CortexM3\ARM_GCC_493\Debug\CAN_ADC_2_BIDIRECCIONAL.a(CySpc.o)
 .text.CySpcGetAlgorithm
                0x00000000       0x28 .\CortexM3\ARM_GCC_493\Debug\CAN_ADC_2_BIDIRECCIONAL.a(CySpc.o)
 .text          0x00000000        0x0 c:/program files (x86)/cypress/psoc creator/3.3/psoc creator/import/gnu/arm/4.9.3/bin/../lib/gcc/arm-none-eabi/4.9.3/../../../../arm-none-eabi/lib/armv7-m\libg_nano.a(lib_a-errno.o)
 .data          0x00000000        0x0 c:/program files (x86)/cypress/psoc creator/3.3/psoc creator/import/gnu/arm/4.9.3/bin/../lib/gcc/arm-none-eabi/4.9.3/../../../../arm-none-eabi/lib/armv7-m\libg_nano.a(lib_a-errno.o)
 .bss           0x00000000        0x0 c:/program files (x86)/cypress/psoc creator/3.3/psoc creator/import/gnu/arm/4.9.3/bin/../lib/gcc/arm-none-eabi/4.9.3/../../../../arm-none-eabi/lib/armv7-m\libg_nano.a(lib_a-errno.o)
 .text.__errno  0x00000000        0xc c:/program files (x86)/cypress/psoc creator/3.3/psoc creator/import/gnu/arm/4.9.3/bin/../lib/gcc/arm-none-eabi/4.9.3/../../../../arm-none-eabi/lib/armv7-m\libg_nano.a(lib_a-errno.o)
 .text          0x00000000        0x0 c:/program files (x86)/cypress/psoc creator/3.3/psoc creator/import/gnu/arm/4.9.3/bin/../lib/gcc/arm-none-eabi/4.9.3/../../../../arm-none-eabi/lib/armv7-m\libg_nano.a(lib_a-exit.o)
 .data          0x00000000        0x0 c:/program files (x86)/cypress/psoc creator/3.3/psoc creator/import/gnu/arm/4.9.3/bin/../lib/gcc/arm-none-eabi/4.9.3/../../../../arm-none-eabi/lib/armv7-m\libg_nano.a(lib_a-exit.o)
 .bss           0x00000000        0x0 c:/program files (x86)/cypress/psoc creator/3.3/psoc creator/import/gnu/arm/4.9.3/bin/../lib/gcc/arm-none-eabi/4.9.3/../../../../arm-none-eabi/lib/armv7-m\libg_nano.a(lib_a-exit.o)
 .text.exit     0x00000000       0x28 c:/program files (x86)/cypress/psoc creator/3.3/psoc creator/import/gnu/arm/4.9.3/bin/../lib/gcc/arm-none-eabi/4.9.3/../../../../arm-none-eabi/lib/armv7-m\libg_nano.a(lib_a-exit.o)
 .text          0x00000000        0x0 c:/program files (x86)/cypress/psoc creator/3.3/psoc creator/import/gnu/arm/4.9.3/bin/../lib/gcc/arm-none-eabi/4.9.3/../../../../arm-none-eabi/lib/armv7-m\libg_nano.a(lib_a-impure.o)
 .data          0x00000000        0x0 c:/program files (x86)/cypress/psoc creator/3.3/psoc creator/import/gnu/arm/4.9.3/bin/../lib/gcc/arm-none-eabi/4.9.3/../../../../arm-none-eabi/lib/armv7-m\libg_nano.a(lib_a-impure.o)
 .bss           0x00000000        0x0 c:/program files (x86)/cypress/psoc creator/3.3/psoc creator/import/gnu/arm/4.9.3/bin/../lib/gcc/arm-none-eabi/4.9.3/../../../../arm-none-eabi/lib/armv7-m\libg_nano.a(lib_a-impure.o)
 .data.impure_data
                0x00000000       0x60 c:/program files (x86)/cypress/psoc creator/3.3/psoc creator/import/gnu/arm/4.9.3/bin/../lib/gcc/arm-none-eabi/4.9.3/../../../../arm-none-eabi/lib/armv7-m\libg_nano.a(lib_a-impure.o)
 .data._impure_ptr
                0x00000000        0x4 c:/program files (x86)/cypress/psoc creator/3.3/psoc creator/import/gnu/arm/4.9.3/bin/../lib/gcc/arm-none-eabi/4.9.3/../../../../arm-none-eabi/lib/armv7-m\libg_nano.a(lib_a-impure.o)
 .rodata.str1.1
                0x00000000        0x2 c:/program files (x86)/cypress/psoc creator/3.3/psoc creator/import/gnu/arm/4.9.3/bin/../lib/gcc/arm-none-eabi/4.9.3/../../../../arm-none-eabi/lib/armv7-m\libg_nano.a(lib_a-impure.o)
 .rodata._global_impure_ptr
                0x00000000        0x4 c:/program files (x86)/cypress/psoc creator/3.3/psoc creator/import/gnu/arm/4.9.3/bin/../lib/gcc/arm-none-eabi/4.9.3/../../../../arm-none-eabi/lib/armv7-m\libg_nano.a(lib_a-impure.o)
 .text          0x00000000        0x0 c:/program files (x86)/cypress/psoc creator/3.3/psoc creator/import/gnu/arm/4.9.3/bin/../lib/gcc/arm-none-eabi/4.9.3/../../../../arm-none-eabi/lib/armv7-m\libg_nano.a(lib_a-init.o)
 .data          0x00000000        0x0 c:/program files (x86)/cypress/psoc creator/3.3/psoc creator/import/gnu/arm/4.9.3/bin/../lib/gcc/arm-none-eabi/4.9.3/../../../../arm-none-eabi/lib/armv7-m\libg_nano.a(lib_a-init.o)
 .bss           0x00000000        0x0 c:/program files (x86)/cypress/psoc creator/3.3/psoc creator/import/gnu/arm/4.9.3/bin/../lib/gcc/arm-none-eabi/4.9.3/../../../../arm-none-eabi/lib/armv7-m\libg_nano.a(lib_a-init.o)
 .text          0x00000000        0x0 c:/program files (x86)/cypress/psoc creator/3.3/psoc creator/import/gnu/arm/4.9.3/bin/../lib/gcc/arm-none-eabi/4.9.3/../../../../arm-none-eabi/lib/armv7-m\libg_nano.a(lib_a-memcpy.o)
 .data          0x00000000        0x0 c:/program files (x86)/cypress/psoc creator/3.3/psoc creator/import/gnu/arm/4.9.3/bin/../lib/gcc/arm-none-eabi/4.9.3/../../../../arm-none-eabi/lib/armv7-m\libg_nano.a(lib_a-memcpy.o)
 .bss           0x00000000        0x0 c:/program files (x86)/cypress/psoc creator/3.3/psoc creator/import/gnu/arm/4.9.3/bin/../lib/gcc/arm-none-eabi/4.9.3/../../../../arm-none-eabi/lib/armv7-m\libg_nano.a(lib_a-memcpy.o)
 .text          0x00000000        0x0 c:/program files (x86)/cypress/psoc creator/3.3/psoc creator/import/gnu/arm/4.9.3/bin/../lib/gcc/arm-none-eabi/4.9.3/../../../../arm-none-eabi/lib/armv7-m\libg_nano.a(lib_a-memset.o)
 .data          0x00000000        0x0 c:/program files (x86)/cypress/psoc creator/3.3/psoc creator/import/gnu/arm/4.9.3/bin/../lib/gcc/arm-none-eabi/4.9.3/../../../../arm-none-eabi/lib/armv7-m\libg_nano.a(lib_a-memset.o)
 .bss           0x00000000        0x0 c:/program files (x86)/cypress/psoc creator/3.3/psoc creator/import/gnu/arm/4.9.3/bin/../lib/gcc/arm-none-eabi/4.9.3/../../../../arm-none-eabi/lib/armv7-m\libg_nano.a(lib_a-memset.o)
 .text          0x00000000        0x0 c:/program files (x86)/cypress/psoc creator/3.3/psoc creator/import/gnu/arm/4.9.3/bin/../lib/gcc/arm-none-eabi/4.9.3/armv7-m/crtend.o
 .data          0x00000000        0x0 c:/program files (x86)/cypress/psoc creator/3.3/psoc creator/import/gnu/arm/4.9.3/bin/../lib/gcc/arm-none-eabi/4.9.3/armv7-m/crtend.o
 .bss           0x00000000        0x0 c:/program files (x86)/cypress/psoc creator/3.3/psoc creator/import/gnu/arm/4.9.3/bin/../lib/gcc/arm-none-eabi/4.9.3/armv7-m/crtend.o
 .text          0x00000000        0x0 c:/program files (x86)/cypress/psoc creator/3.3/psoc creator/import/gnu/arm/4.9.3/bin/../lib/gcc/arm-none-eabi/4.9.3/armv7-m/crtn.o
 .data          0x00000000        0x0 c:/program files (x86)/cypress/psoc creator/3.3/psoc creator/import/gnu/arm/4.9.3/bin/../lib/gcc/arm-none-eabi/4.9.3/armv7-m/crtn.o
 .bss           0x00000000        0x0 c:/program files (x86)/cypress/psoc creator/3.3/psoc creator/import/gnu/arm/4.9.3/bin/../lib/gcc/arm-none-eabi/4.9.3/armv7-m/crtn.o

Memory Configuration

Name             Origin             Length             Attributes
rom              0x00000000         0x00040000         xr
ram              0x1fff8000         0x00010000         xrw
*default*        0x00000000         0xffffffff

Linker script and memory map

LOAD c:/program files (x86)/cypress/psoc creator/3.3/psoc creator/import/gnu/arm/4.9.3/bin/../lib/gcc/arm-none-eabi/4.9.3/armv7-m/crti.o
LOAD c:/program files (x86)/cypress/psoc creator/3.3/psoc creator/import/gnu/arm/4.9.3/bin/../lib/gcc/arm-none-eabi/4.9.3/armv7-m/crtbegin.o
LOAD c:/program files (x86)/cypress/psoc creator/3.3/psoc creator/import/gnu/arm/4.9.3/bin/../lib/gcc/arm-none-eabi/4.9.3/../../../../arm-none-eabi/lib/armv7-m/crt0.o
START GROUP
LOAD .\CortexM3\ARM_GCC_493\Debug\main.o
LOAD .\CortexM3\ARM_GCC_493\Debug\cymetadata.o
LOAD .\CortexM3\ARM_GCC_493\Debug\Cm3Start.o
LOAD .\CortexM3\ARM_GCC_493\Debug\CAN_ADC_2_BIDIRECCIONAL.a
LOAD C:\Program Files (x86)\Cypress\PSoC Creator\3.3\PSoC Creator\psoc\content\cycomponentlibrary\CyComponentLibrary.cylib\CortexM3\ARM_GCC_493\Debug\CyComponentLibrary.a
END GROUP
START GROUP
LOAD c:/program files (x86)/cypress/psoc creator/3.3/psoc creator/import/gnu/arm/4.9.3/bin/../lib/gcc/arm-none-eabi/4.9.3/armv7-m\libgcc.a
LOAD c:/program files (x86)/cypress/psoc creator/3.3/psoc creator/import/gnu/arm/4.9.3/bin/../lib/gcc/arm-none-eabi/4.9.3/../../../../arm-none-eabi/lib/armv7-m\libg_nano.a
LOAD c:/program files (x86)/cypress/psoc creator/3.3/psoc creator/import/gnu/arm/4.9.3/bin/../lib/gcc/arm-none-eabi/4.9.3/../../../../arm-none-eabi/lib/armv7-m\libc_nano.a
END GROUP
START GROUP
LOAD c:/program files (x86)/cypress/psoc creator/3.3/psoc creator/import/gnu/arm/4.9.3/bin/../lib/gcc/arm-none-eabi/4.9.3/armv7-m\libgcc.a
LOAD c:/program files (x86)/cypress/psoc creator/3.3/psoc creator/import/gnu/arm/4.9.3/bin/../lib/gcc/arm-none-eabi/4.9.3/../../../../arm-none-eabi/lib/armv7-m\libc_nano.a
END GROUP
LOAD c:/program files (x86)/cypress/psoc creator/3.3/psoc creator/import/gnu/arm/4.9.3/bin/../lib/gcc/arm-none-eabi/4.9.3/armv7-m/crtend.o
LOAD c:/program files (x86)/cypress/psoc creator/3.3/psoc creator/import/gnu/arm/4.9.3/bin/../lib/gcc/arm-none-eabi/4.9.3/armv7-m/crtn.o
START GROUP
LOAD c:/program files (x86)/cypress/psoc creator/3.3/psoc creator/import/gnu/arm/4.9.3/bin/../lib/gcc/arm-none-eabi/4.9.3/armv7-m\libgcc.a
LOAD c:/program files (x86)/cypress/psoc creator/3.3/psoc creator/import/gnu/arm/4.9.3/bin/../lib/gcc/arm-none-eabi/4.9.3/../../../../arm-none-eabi/lib/armv7-m\libc.a
LOAD c:/program files (x86)/cypress/psoc creator/3.3/psoc creator/import/gnu/arm/4.9.3/bin/../lib/gcc/arm-none-eabi/4.9.3/../../../../arm-none-eabi/lib/armv7-m\libnosys.a
END GROUP
                0x00000000                CY_APPL_ORIGIN = 0x0
                0x00000100                CY_FLASH_ROW_SIZE = 0x100
                0x00000020                CY_ECC_ROW_SIZE = 0x20
                0x00000000                CY_EE_IN_BTLDR = 0x0
                0x00000000                CY_APPL_LOADABLE = 0x0
                0x00000800                CY_EE_SIZE = 0x800
                0x00000001                CY_APPL_NUM = 0x1
                0x00000001                CY_APPL_MAX = 0x1
                0x00000040                CY_METADATA_SIZE = 0x40
                0x00000000                CY_APPL_LOADABLE = 0x0
                0x00000000                CY_CHECKSUM_EXCLUDE_SIZE = ALIGN (0x0, CY_FLASH_ROW_SIZE)
                0x1fff8148                PROVIDE (__cy_heap_start, _end)
                0x00000001                PROVIDE (__cy_region_num, ((__cy_regions_end - __cy_regions) / 0x10))
                0x20008000                PROVIDE (__cy_stack, (ORIGIN (ram) + 0x10000))
                0x20007800                PROVIDE (__cy_heap_end, (__cy_stack - 0x800))

.cybootloader   0x00000000        0x0
 *(.cybootloader)
                0x00000000                appl1_start = CY_APPL_ORIGIN?CY_APPL_ORIGIN:ALIGN (CY_FLASH_ROW_SIZE)
                0x0001ff00                appl2_start = (appl1_start + ALIGN ((((0x40000 - appl1_start) - (0x2 * CY_FLASH_ROW_SIZE)) / 0x2), CY_FLASH_ROW_SIZE))
                0x00000000                appl_start = (CY_APPL_NUM == 0x1)?appl1_start:appl2_start
                0x00000000                ecc_offset = ((appl_start / CY_FLASH_ROW_SIZE) * CY_ECC_ROW_SIZE)
                0x00000000                ee_offset = (CY_APPL_LOADABLE && ! (CY_EE_IN_BTLDR))?((CY_EE_SIZE / CY_APPL_MAX) * (CY_APPL_NUM - 0x1)):0x0
                0x00000800                ee_size = (CY_APPL_LOADABLE && ! (CY_EE_IN_BTLDR))?(CY_EE_SIZE / CY_APPL_MAX):CY_EE_SIZE
                0x00000000                PROVIDE (CY_ECC_OFFSET, ecc_offset)

.text           0x00000000      0xd16
 CREATE_OBJECT_SYMBOLS
                0x00000000                PROVIDE (__cy_interrupt_vector, RomVectors)
 *(.romvectors)
 .romvectors    0x00000000       0x10 .\CortexM3\ARM_GCC_493\Debug\Cm3Start.o
                0x00000000                RomVectors
                0x00000001                ASSERT ((. != __cy_interrupt_vector), No interrupt vector)
                0x00000001                ASSERT (CY_APPL_ORIGIN?(SIZEOF (.cybootloader) <= CY_APPL_ORIGIN):0x1, Wrong image location)
                0x00000010                PROVIDE (__cy_reset, Reset)
 *(.text.Reset)
 .text.Reset    0x00000010       0x18 .\CortexM3\ARM_GCC_493\Debug\Cm3Start.o
                0x00000010                Reset
                0x00000001                ASSERT ((. != __cy_reset), No reset code)
 *(.dma_init)
                0x00000001                ASSERT ((((appl_start + .) <= 0x10000) || 0x1), DMA Init must be within the first 64k of flash)
 *(.text .text.* .gnu.linkonce.t.*)
 .text          0x00000028       0x5c c:/program files (x86)/cypress/psoc creator/3.3/psoc creator/import/gnu/arm/4.9.3/bin/../lib/gcc/arm-none-eabi/4.9.3/armv7-m/crtbegin.o
 .text.main     0x00000084       0x40 .\CortexM3\ARM_GCC_493\Debug\main.o
                0x00000084                main
 .text.IntDefaultHandler
                0x000000c4        0x4 .\CortexM3\ARM_GCC_493\Debug\Cm3Start.o
                0x000000c4                IntDefaultHandler
 .text.Start_c  0x000000c8       0x4c .\CortexM3\ARM_GCC_493\Debug\Cm3Start.o
                0x000000c8                Start_c
 .text.initialize_psoc
                0x00000114       0x74 .\CortexM3\ARM_GCC_493\Debug\Cm3Start.o
                0x00000114                initialize_psoc
 .text.CyClockStartupError
                0x00000188        0x4 .\CortexM3\ARM_GCC_493\Debug\CAN_ADC_2_BIDIRECCIONAL.a(cyfitter_cfg.o)
 .text.cfg_write_bytes32
                0x0000018c       0x34 .\CortexM3\ARM_GCC_493\Debug\CAN_ADC_2_BIDIRECCIONAL.a(cyfitter_cfg.o)
 .text.AnalogSetDefault
                0x000001c0       0x28 .\CortexM3\ARM_GCC_493\Debug\CAN_ADC_2_BIDIRECCIONAL.a(cyfitter_cfg.o)
 .text.CYMEMZERO
                0x000001e8        0xc .\CortexM3\ARM_GCC_493\Debug\CAN_ADC_2_BIDIRECCIONAL.a(cyfitter_cfg.o)
 .text.ClockSetup
                0x000001f4       0xd4 .\CortexM3\ARM_GCC_493\Debug\CAN_ADC_2_BIDIRECCIONAL.a(cyfitter_cfg.o)
 .text.CYCONFIGCPY
                0x000002c8        0x8 .\CortexM3\ARM_GCC_493\Debug\CAN_ADC_2_BIDIRECCIONAL.a(cyfitter_cfg.o)
 .text.cyfitter_cfg
                0x000002d0       0xdc .\CortexM3\ARM_GCC_493\Debug\CAN_ADC_2_BIDIRECCIONAL.a(cyfitter_cfg.o)
                0x000002d0                cyfitter_cfg
 .text.RX_CAN_Stop
                0x000003ac       0x5c .\CortexM3\ARM_GCC_493\Debug\CAN_ADC_2_BIDIRECCIONAL.a(RX_CAN.o)
                0x000003ac                RX_CAN_Stop
 .text.RX_CAN_GlobalIntEnable
                0x00000408       0x20 .\CortexM3\ARM_GCC_493\Debug\CAN_ADC_2_BIDIRECCIONAL.a(RX_CAN.o)
                0x00000408                RX_CAN_GlobalIntEnable
 .text.RX_CAN_Enable
                0x00000428       0x68 .\CortexM3\ARM_GCC_493\Debug\CAN_ADC_2_BIDIRECCIONAL.a(RX_CAN.o)
                0x00000428                RX_CAN_Enable
 .text.RX_CAN_GlobalIntDisable
                0x00000490       0x20 .\CortexM3\ARM_GCC_493\Debug\CAN_ADC_2_BIDIRECCIONAL.a(RX_CAN.o)
                0x00000490                RX_CAN_GlobalIntDisable
 .text.RX_CAN_SetPreScaler
                0x000004b0       0x24 .\CortexM3\ARM_GCC_493\Debug\CAN_ADC_2_BIDIRECCIONAL.a(RX_CAN.o)
                0x000004b0                RX_CAN_SetPreScaler
 .text.RX_CAN_SetArbiter
                0x000004d4       0x3c .\CortexM3\ARM_GCC_493\Debug\CAN_ADC_2_BIDIRECCIONAL.a(RX_CAN.o)
                0x000004d4                RX_CAN_SetArbiter
 .text.RX_CAN_SetTsegSample
                0x00000510       0x84 .\CortexM3\ARM_GCC_493\Debug\CAN_ADC_2_BIDIRECCIONAL.a(RX_CAN.o)
                0x00000510                RX_CAN_SetTsegSample
 .text.RX_CAN_SetRestartType
                0x00000594       0x3c .\CortexM3\ARM_GCC_493\Debug\CAN_ADC_2_BIDIRECCIONAL.a(RX_CAN.o)
                0x00000594                RX_CAN_SetRestartType
 .text.RX_CAN_SetEdgeMode
                0x000005d0       0x3c .\CortexM3\ARM_GCC_493\Debug\CAN_ADC_2_BIDIRECCIONAL.a(RX_CAN.o)
                0x000005d0                RX_CAN_SetEdgeMode
 .text.RX_CAN_SetIrqMask
                0x0000060c       0x18 .\CortexM3\ARM_GCC_493\Debug\CAN_ADC_2_BIDIRECCIONAL.a(RX_CAN.o)
                0x0000060c                RX_CAN_SetIrqMask
 .text.RX_CAN_RxBufConfig
                0x00000624       0x90 .\CortexM3\ARM_GCC_493\Debug\CAN_ADC_2_BIDIRECCIONAL.a(RX_CAN.o)
                0x00000624                RX_CAN_RxBufConfig
 .text.RX_CAN_TxBufConfig
                0x000006b4       0x54 .\CortexM3\ARM_GCC_493\Debug\CAN_ADC_2_BIDIRECCIONAL.a(RX_CAN.o)
                0x000006b4                RX_CAN_TxBufConfig
 .text.RX_CAN_RxTxBuffersConfig
                0x00000708       0x50 .\CortexM3\ARM_GCC_493\Debug\CAN_ADC_2_BIDIRECCIONAL.a(RX_CAN.o)
                0x00000708                RX_CAN_RxTxBuffersConfig
 .text.RX_CAN_Init
                0x00000758       0xe0 .\CortexM3\ARM_GCC_493\Debug\CAN_ADC_2_BIDIRECCIONAL.a(RX_CAN.o)
                0x00000758                RX_CAN_Init
 .text.RX_CAN_Start
                0x00000838       0x24 .\CortexM3\ARM_GCC_493\Debug\CAN_ADC_2_BIDIRECCIONAL.a(RX_CAN.o)
                0x00000838                RX_CAN_Start
 .text.RX_CAN_BusOffIsr
                0x0000085c       0x18 .\CortexM3\ARM_GCC_493\Debug\CAN_ADC_2_BIDIRECCIONAL.a(RX_CAN_INT.o)
                0x0000085c                RX_CAN_BusOffIsr
 .text.RX_CAN_MsgTXIsr
                0x00000874        0xc .\CortexM3\ARM_GCC_493\Debug\CAN_ADC_2_BIDIRECCIONAL.a(RX_CAN_INT.o)
                0x00000874                RX_CAN_MsgTXIsr
 .text.RX_CAN_MsgRXIsr
                0x00000880       0x50 .\CortexM3\ARM_GCC_493\Debug\CAN_ADC_2_BIDIRECCIONAL.a(RX_CAN_INT.o)
                0x00000880                RX_CAN_MsgRXIsr
 .text.RX_CAN_ISR
                0x000008d0       0x34 .\CortexM3\ARM_GCC_493\Debug\CAN_ADC_2_BIDIRECCIONAL.a(RX_CAN_INT.o)
                0x000008d0                RX_CAN_ISR
 .text.RX_CAN_ReceiveMsg
                0x00000904       0x1c .\CortexM3\ARM_GCC_493\Debug\CAN_ADC_2_BIDIRECCIONAL.a(RX_CAN_TX_RX_func.o)
                0x00000904                RX_CAN_ReceiveMsg
 .text.RX_CAN_ReceiveMsg0
                0x00000920       0x1c .\CortexM3\ARM_GCC_493\Debug\CAN_ADC_2_BIDIRECCIONAL.a(RX_CAN_TX_RX_func.o)
                0x00000920                RX_CAN_ReceiveMsg0
 .text.LCD_Char_1_WrCntrlNib
                0x0000093c       0x34 .\CortexM3\ARM_GCC_493\Debug\CAN_ADC_2_BIDIRECCIONAL.a(LCD_Char_1.o)
 .text.LCD_Char_1_WrDatNib
                0x00000970       0x44 .\CortexM3\ARM_GCC_493\Debug\CAN_ADC_2_BIDIRECCIONAL.a(LCD_Char_1.o)
 .text.LCD_Char_1_IsReady
                0x000009b4       0xe4 .\CortexM3\ARM_GCC_493\Debug\CAN_ADC_2_BIDIRECCIONAL.a(LCD_Char_1.o)
                0x000009b4                LCD_Char_1_IsReady
 .text.LCD_Char_1_WriteData
                0x00000a98       0x18 .\CortexM3\ARM_GCC_493\Debug\CAN_ADC_2_BIDIRECCIONAL.a(LCD_Char_1.o)
                0x00000a98                LCD_Char_1_WriteData
 .text.LCD_Char_1_PrintString
                0x00000ab0       0x1c .\CortexM3\ARM_GCC_493\Debug\CAN_ADC_2_BIDIRECCIONAL.a(LCD_Char_1.o)
                0x00000ab0                LCD_Char_1_PrintString
 .text.LCD_Char_1_PutChar
                0x00000acc        0x8 .\CortexM3\ARM_GCC_493\Debug\CAN_ADC_2_BIDIRECCIONAL.a(LCD_Char_1.o)
                0x00000acc                LCD_Char_1_PutChar
 .text.LCD_Char_1_WriteControl
                0x00000ad4       0x18 .\CortexM3\ARM_GCC_493\Debug\CAN_ADC_2_BIDIRECCIONAL.a(LCD_Char_1.o)
                0x00000ad4                LCD_Char_1_WriteControl
 .text.LCD_Char_1_Init
                0x00000aec       0x6c .\CortexM3\ARM_GCC_493\Debug\CAN_ADC_2_BIDIRECCIONAL.a(LCD_Char_1.o)
                0x00000aec                LCD_Char_1_Init
 .text.LCD_Char_1_Enable
                0x00000b58       0x14 .\CortexM3\ARM_GCC_493\Debug\CAN_ADC_2_BIDIRECCIONAL.a(LCD_Char_1.o)
                0x00000b58                LCD_Char_1_Enable
 .text.LCD_Char_1_Start
                0x00000b6c       0x1c .\CortexM3\ARM_GCC_493\Debug\CAN_ADC_2_BIDIRECCIONAL.a(LCD_Char_1.o)
                0x00000b6c                LCD_Char_1_Start
 .text.LCD_Char_1_Position
                0x00000b88       0x3c .\CortexM3\ARM_GCC_493\Debug\CAN_ADC_2_BIDIRECCIONAL.a(LCD_Char_1.o)
                0x00000b88                LCD_Char_1_Position
 .text.LCD_Char_1_PrintInt8
                0x00000bc4       0x20 .\CortexM3\ARM_GCC_493\Debug\CAN_ADC_2_BIDIRECCIONAL.a(LCD_Char_1.o)
                0x00000bc4                LCD_Char_1_PrintInt8
 *fill*         0x00000be4        0x4 
 .text          0x00000be8       0x20 .\CortexM3\ARM_GCC_493\Debug\CAN_ADC_2_BIDIRECCIONAL.a(CyBootAsmGnu.o)
                0x00000be8                CyDelayCycles
                0x00000bf8                CyEnterCriticalSection
                0x00000c00                CyExitCriticalSection
 .text.CyHalt   0x00000c08        0x4 .\CortexM3\ARM_GCC_493\Debug\CAN_ADC_2_BIDIRECCIONAL.a(CyLib.o)
                0x00000c08                CyHalt
 .text.CyDelay  0x00000c0c       0x2c .\CortexM3\ARM_GCC_493\Debug\CAN_ADC_2_BIDIRECCIONAL.a(CyLib.o)
                0x00000c0c                CyDelay
 .text.CyDelayUs
                0x00000c38       0x14 .\CortexM3\ARM_GCC_493\Debug\CAN_ADC_2_BIDIRECCIONAL.a(CyLib.o)
                0x00000c38                CyDelayUs
 .text.CyIntSetVector
                0x00000c4c       0x28 .\CortexM3\ARM_GCC_493\Debug\CAN_ADC_2_BIDIRECCIONAL.a(CyLib.o)
                0x00000c4c                CyIntSetVector
 .text.CyIntSetPriority
                0x00000c74       0x30 .\CortexM3\ARM_GCC_493\Debug\CAN_ADC_2_BIDIRECCIONAL.a(CyLib.o)
                0x00000c74                CyIntSetPriority
 .text.__libc_init_array
                0x00000ca4       0x4c c:/program files (x86)/cypress/psoc creator/3.3/psoc creator/import/gnu/arm/4.9.3/bin/../lib/gcc/arm-none-eabi/4.9.3/../../../../arm-none-eabi/lib/armv7-m\libg_nano.a(lib_a-init.o)
                0x00000ca4                __libc_init_array
 .text.memcpy   0x00000cf0       0x16 c:/program files (x86)/cypress/psoc creator/3.3/psoc creator/import/gnu/arm/4.9.3/bin/../lib/gcc/arm-none-eabi/4.9.3/../../../../arm-none-eabi/lib/armv7-m\libg_nano.a(lib_a-memcpy.o)
                0x00000cf0                memcpy
 .text.memset   0x00000d06       0x10 c:/program files (x86)/cypress/psoc creator/3.3/psoc creator/import/gnu/arm/4.9.3/bin/../lib/gcc/arm-none-eabi/4.9.3/../../../../arm-none-eabi/lib/armv7-m\libg_nano.a(lib_a-memset.o)
                0x00000d06                memset
 *(.plt)
 *(.gnu.warning)
 *(.glue_7t)
 .glue_7t       0x00000000        0x0 linker stubs
 *(.glue_7)
 .glue_7        0x00000000        0x0 linker stubs
 *(.vfp11_veneer)
 .vfp11_veneer  0x00000000        0x0 linker stubs
 *(.bootloader)
 *(.ARM.extab* .gnu.linkonce.armextab.*)
 *(.gcc_except_table)

.v4_bx          0x00000d18        0x0
 .v4_bx         0x00000000        0x0 linker stubs

.iplt           0x00000d18        0x0
 .iplt          0x00000000        0x0 c:/program files (x86)/cypress/psoc creator/3.3/psoc creator/import/gnu/arm/4.9.3/bin/../lib/gcc/arm-none-eabi/4.9.3/armv7-m/crtbegin.o

.eh_frame_hdr
 *(.eh_frame_hdr)

.eh_frame       0x00000d18        0x4
 *(.eh_frame)
 .eh_frame      0x00000d18        0x0 c:/program files (x86)/cypress/psoc creator/3.3/psoc creator/import/gnu/arm/4.9.3/bin/../lib/gcc/arm-none-eabi/4.9.3/armv7-m/crtbegin.o
 .eh_frame      0x00000d18        0x4 c:/program files (x86)/cypress/psoc creator/3.3/psoc creator/import/gnu/arm/4.9.3/bin/../lib/gcc/arm-none-eabi/4.9.3/armv7-m/crtend.o
                0x00000d1c                PROVIDE (__exidx_start, .)

.ARM.exidx
 *(.ARM.exidx* .gnu.linkonce.armexidx.*)
                0x00000d1c                __exidx_end = .

.rodata         0x00000d1c      0x1ec
 *(.rodata .rodata.* .gnu.linkonce.r.*)
 .rodata.str1.4
                0x00000d1c       0x10 .\CortexM3\ARM_GCC_493\Debug\main.o
 .rodata        0x00000d2c       0x38 .\CortexM3\ARM_GCC_493\Debug\CAN_ADC_2_BIDIRECCIONAL.a(cyfitter_cfg.o)
 .rodata        0x00000d64      0x160 .\CortexM3\ARM_GCC_493\Debug\CAN_ADC_2_BIDIRECCIONAL.a(RX_CAN.o)
 .rodata        0x00000ec4       0x10 .\CortexM3\ARM_GCC_493\Debug\CAN_ADC_2_BIDIRECCIONAL.a(LCD_Char_1.o)
                0x00000ed4                . = ALIGN (0x4)
 *(.init)
 .init          0x00000ed4        0x4 c:/program files (x86)/cypress/psoc creator/3.3/psoc creator/import/gnu/arm/4.9.3/bin/../lib/gcc/arm-none-eabi/4.9.3/armv7-m/crti.o
                0x00000ed4                _init
 .init          0x00000ed8        0x8 c:/program files (x86)/cypress/psoc creator/3.3/psoc creator/import/gnu/arm/4.9.3/bin/../lib/gcc/arm-none-eabi/4.9.3/armv7-m/crtn.o
                0x00000ee0                . = ALIGN (0x4)
                0x00000ee0                __preinit_array_start = .
 *(.preinit_array)
                0x00000ee0                __preinit_array_end = .
                0x00000ee0                . = ALIGN (0x4)
                0x00000ee0                __init_array_start = .
 *(SORT(.init_array.*))
 *(.init_array)
 .init_array    0x00000ee0        0x4 c:/program files (x86)/cypress/psoc creator/3.3/psoc creator/import/gnu/arm/4.9.3/bin/../lib/gcc/arm-none-eabi/4.9.3/armv7-m/crtbegin.o
 .init_array    0x00000ee4        0x4 .\CortexM3\ARM_GCC_493\Debug\Cm3Start.o
                0x00000ee8                __init_array_end = .
                0x00000ee8                . = ALIGN (0x4)
 *(.fini)
 .fini          0x00000ee8        0x4 c:/program files (x86)/cypress/psoc creator/3.3/psoc creator/import/gnu/arm/4.9.3/bin/../lib/gcc/arm-none-eabi/4.9.3/armv7-m/crti.o
                0x00000ee8                _fini
 .fini          0x00000eec        0x8 c:/program files (x86)/cypress/psoc creator/3.3/psoc creator/import/gnu/arm/4.9.3/bin/../lib/gcc/arm-none-eabi/4.9.3/armv7-m/crtn.o
                0x00000ef4                . = ALIGN (0x4)
                0x00000ef4                __fini_array_start = .
 *(.fini_array)
 .fini_array    0x00000ef4        0x4 c:/program files (x86)/cypress/psoc creator/3.3/psoc creator/import/gnu/arm/4.9.3/bin/../lib/gcc/arm-none-eabi/4.9.3/armv7-m/crtbegin.o
 *(SORT(.fini_array.*))
                0x00000ef8                __fini_array_end = .
                0x00000ef8                . = ALIGN (0x4)
 *crtbegin.o(.ctors)
 *(EXCLUDE_FILE(*crtend.o) .ctors)
 *(SORT(.ctors.*))
 *crtend.o(.ctors)
                0x00000ef8                . = ALIGN (0x4)
 *crtbegin.o(.dtors)
 *(EXCLUDE_FILE(*crtend.o) .dtors)
 *(SORT(.dtors.*))
 *crtend.o(.dtors)
                0x00000ef8                . = ALIGN (0x4)
                0x00000ef8                __cy_regions = .
                0x00000ef8        0x4 LONG 0xf08 __cy_region_init_ram
                0x00000efc        0x4 LONG 0x1fff8108 __cy_region_start_data
                0x00000f00        0x4 LONG 0x18 __cy_region_init_size_ram
                0x00000f04        0x4 LONG 0x28 __cy_region_zero_size_ram
                0x00000f08                __cy_regions_end = .
                0x00000f08                . = ALIGN (0x8)
                0x00000f08                _etext = .

.cy_checksum_exclude
                0x00000f08        0x0
 *(.cy_checksum_exclude)

.ramvectors     0x1fff8000      0x100
                0x1fff8000                __cy_region_start_ram = .
 *(.ramvectors)
 .ramvectors    0x1fff8000      0x100 .\CortexM3\ARM_GCC_493\Debug\Cm3Start.o
                0x1fff8000                CyRamVectors

.noinit         0x1fff8100        0x5
 *(.noinit)
 .noinit        0x1fff8100        0x4 .\CortexM3\ARM_GCC_493\Debug\Cm3Start.o
 .noinit        0x1fff8104        0x1 .\CortexM3\ARM_GCC_493\Debug\CAN_ADC_2_BIDIRECCIONAL.a(CyLib.o)
                0x1fff8104                CyResetStatus

.data           0x1fff8108       0x18 load address 0x00000f08
                0x1fff8108                __cy_region_start_data = .
 *(.jcr)
 .jcr           0x1fff8108        0x0 c:/program files (x86)/cypress/psoc creator/3.3/psoc creator/import/gnu/arm/4.9.3/bin/../lib/gcc/arm-none-eabi/4.9.3/armv7-m/crtbegin.o
 .jcr           0x1fff8108        0x4 c:/program files (x86)/cypress/psoc creator/3.3/psoc creator/import/gnu/arm/4.9.3/bin/../lib/gcc/arm-none-eabi/4.9.3/armv7-m/crtend.o
 *(.got.plt)
 *(.got)
 *(.shdata)
 *(.data .data.* .gnu.linkonce.d.*)
 .data          0x1fff810c       0x10 .\CortexM3\ARM_GCC_493\Debug\CAN_ADC_2_BIDIRECCIONAL.a(CyLib.o)
                0x1fff810c                cydelay_32k_ms
                0x1fff8110                cydelay_freq_khz
                0x1fff8114                cydelay_freq_mhz
                0x1fff8118                cydelay_freq_hz
                0x1fff8120                . = ALIGN (0x8)
 *fill*         0x1fff811c        0x4 
 *(.ram)
                0x1fff8120                _edata = .

.igot.plt       0x1fff8120        0x0 load address 0x00000f20
 .igot.plt      0x00000000        0x0 c:/program files (x86)/cypress/psoc creator/3.3/psoc creator/import/gnu/arm/4.9.3/bin/../lib/gcc/arm-none-eabi/4.9.3/armv7-m/crtbegin.o

.bss            0x1fff8120       0x28 load address 0x00000f20
                0x1fff8120                PROVIDE (__bss_start__, .)
 *(.shbss)
 *(.bss .bss.* .gnu.linkonce.b.*)
 .bss           0x1fff8120       0x1c c:/program files (x86)/cypress/psoc creator/3.3/psoc creator/import/gnu/arm/4.9.3/bin/../lib/gcc/arm-none-eabi/4.9.3/armv7-m/crtbegin.o
 .bss           0x1fff813c        0x1 .\CortexM3\ARM_GCC_493\Debug\CAN_ADC_2_BIDIRECCIONAL.a(RX_CAN.o)
                0x1fff813c                RX_CAN_initVar
 .bss           0x1fff813d        0x2 .\CortexM3\ARM_GCC_493\Debug\CAN_ADC_2_BIDIRECCIONAL.a(LCD_Char_1.o)
                0x1fff813d                LCD_Char_1_enableState
                0x1fff813e                LCD_Char_1_initVar
 *(COMMON)
 COMMON         0x1fff813f        0x2 .\CortexM3\ARM_GCC_493\Debug\main.o
                0x1fff813f                dato_recibido
                0x1fff8140                dato_enviado
                0x1fff8148                . = ALIGN (0x8)
 *fill*         0x1fff8141        0x7 
 *(.ram.b)
                0x1fff8148                _end = .
                0x1fff8148                __end = .
                0x1fff8148                PROVIDE (end, .)
                0x1fff8148                PROVIDE (__bss_end__, .)
                0x00000f08                __cy_region_init_ram = LOADADDR (.data)
                0x00000018                __cy_region_init_size_ram = (_edata - ADDR (.data))
                0x00000028                __cy_region_zero_size_ram = (_end - _edata)

.heap           0x1fff8148       0x80 load address 0x00000f20
                0x1fff8148                . = _end
                0x1fff81c8                . = (. + 0x80)
 *fill*         0x1fff8148       0x80 
                0x1fff81c8                __cy_heap_limit = .

.stack          0x20007800      0x800
                0x20007800                __cy_stack_limit = .
                0x20008000                . = (. + 0x800)
 *fill*         0x20007800      0x800 
                0x00000001                ASSERT ((__cy_stack_limit >= __cy_heap_limit), region RAM overflowed with stack)
                0x00000000                cy_checksum_exclude_size = (CY_APPL_LOADABLE == 0x1)?SIZEOF (.cy_checksum_exclude):0x0
                0x00000001                ASSERT ((cy_checksum_exclude_size <= CY_CHECKSUM_EXCLUDE_SIZE), CY_BOOT: Section .cy_checksum_exclude size exceedes specified limit.)

.cyloadermeta
 *(.cyloadermeta)

.cyloadablemeta
 *(.cyloadablemeta)

.cyconfigecc    0x80000000       0x80
 *(.cyconfigecc)
 .cyconfigecc   0x80000000       0x80 .\CortexM3\ARM_GCC_493\Debug\cymetadata.o
                0x80000000                cy_meta_configecc

.cycustnvl      0x90000000        0x4
 *(.cycustnvl)
 .cycustnvl     0x90000000        0x4 .\CortexM3\ARM_GCC_493\Debug\cymetadata.o
                0x90000000                cy_meta_custnvl

.cywolatch      0x90100000        0x4
 *(.cywolatch)
 .cywolatch     0x90100000        0x4 .\CortexM3\ARM_GCC_493\Debug\cymetadata.o
                0x90100000                cy_meta_wonvl

.cyeeprom       0x90200000        0x0
 *(.cyeeprom)
                0x00000001                ASSERT ((. <= ((0x90200000 + ee_offset) + ee_size)), .cyeeprom data will not fit in EEPROM)

.cyflashprotect
                0x90400000      0x100
 *(.cyflashprotect)
 .cyflashprotect
                0x90400000      0x100 .\CortexM3\ARM_GCC_493\Debug\cymetadata.o
                0x90400000                cy_meta_flashprotect

.cymeta         0x90500000        0xc
 *(.cymeta)
 .cymeta        0x90500000        0xc .\CortexM3\ARM_GCC_493\Debug\cymetadata.o
                0x90500000                cy_metadata

.rel.dyn        0x00000f20        0x0 load address 0x9050000c
 .rel.iplt      0x00000000        0x0 c:/program files (x86)/cypress/psoc creator/3.3/psoc creator/import/gnu/arm/4.9.3/bin/../lib/gcc/arm-none-eabi/4.9.3/armv7-m/crtbegin.o

.stab
 *(.stab)

.stabstr
 *(.stabstr)

.debug
 *(.debug)

.line
 *(.line)

.debug_srcinfo
 *(.debug_srcinfo)

.debug_sfnames
 *(.debug_sfnames)

.debug_aranges  0x00000000      0x6f8
 *(.debug_aranges)
 .debug_aranges
                0x00000000       0x20 .\CortexM3\ARM_GCC_493\Debug\main.o
 .debug_aranges
                0x00000020       0x18 .\CortexM3\ARM_GCC_493\Debug\cymetadata.o
 .debug_aranges
                0x00000038       0x48 .\CortexM3\ARM_GCC_493\Debug\Cm3Start.o
 .debug_aranges
                0x00000080       0x58 .\CortexM3\ARM_GCC_493\Debug\CAN_ADC_2_BIDIRECCIONAL.a(cyfitter_cfg.o)
 .debug_aranges
                0x000000d8       0xc8 .\CortexM3\ARM_GCC_493\Debug\CAN_ADC_2_BIDIRECCIONAL.a(RX_CAN.o)
 .debug_aranges
                0x000001a0       0x38 .\CortexM3\ARM_GCC_493\Debug\CAN_ADC_2_BIDIRECCIONAL.a(RX_CAN_INT.o)
 .debug_aranges
                0x000001d8       0x40 .\CortexM3\ARM_GCC_493\Debug\CAN_ADC_2_BIDIRECCIONAL.a(RX_CAN_TX_RX_func.o)
 .debug_aranges
                0x00000218       0x98 .\CortexM3\ARM_GCC_493\Debug\CAN_ADC_2_BIDIRECCIONAL.a(LCD_Char_1.o)
 .debug_aranges
                0x000002b0       0x20 .\CortexM3\ARM_GCC_493\Debug\CAN_ADC_2_BIDIRECCIONAL.a(CyBootAsmGnu.o)
 .debug_aranges
                0x000002d0      0x298 .\CortexM3\ARM_GCC_493\Debug\CAN_ADC_2_BIDIRECCIONAL.a(CyLib.o)
 .debug_aranges
                0x00000568       0x98 .\CortexM3\ARM_GCC_493\Debug\CAN_ADC_2_BIDIRECCIONAL.a(cyPm.o)
 .debug_aranges
                0x00000600       0x80 .\CortexM3\ARM_GCC_493\Debug\CAN_ADC_2_BIDIRECCIONAL.a(CyFlash.o)
 .debug_aranges
                0x00000680       0x78 .\CortexM3\ARM_GCC_493\Debug\CAN_ADC_2_BIDIRECCIONAL.a(CySpc.o)

.debug_pubnames
 *(.debug_pubnames)

.debug_info     0x00000000     0x4b1d
 *(.debug_info .gnu.linkonce.wi.*)
 .debug_info    0x00000000      0x1f7 .\CortexM3\ARM_GCC_493\Debug\main.o
 .debug_info    0x000001f7      0x13a .\CortexM3\ARM_GCC_493\Debug\cymetadata.o
 .debug_info    0x00000331      0x39f .\CortexM3\ARM_GCC_493\Debug\Cm3Start.o
 .debug_info    0x000006d0      0x4c3 .\CortexM3\ARM_GCC_493\Debug\CAN_ADC_2_BIDIRECCIONAL.a(cyfitter_cfg.o)
 .debug_info    0x00000b93      0x923 .\CortexM3\ARM_GCC_493\Debug\CAN_ADC_2_BIDIRECCIONAL.a(RX_CAN.o)
 .debug_info    0x000014b6      0x27d .\CortexM3\ARM_GCC_493\Debug\CAN_ADC_2_BIDIRECCIONAL.a(RX_CAN_INT.o)
 .debug_info    0x00001733      0x384 .\CortexM3\ARM_GCC_493\Debug\CAN_ADC_2_BIDIRECCIONAL.a(RX_CAN_TX_RX_func.o)
 .debug_info    0x00001ab7      0x716 .\CortexM3\ARM_GCC_493\Debug\CAN_ADC_2_BIDIRECCIONAL.a(LCD_Char_1.o)
 .debug_info    0x000021cd       0x98 .\CortexM3\ARM_GCC_493\Debug\CAN_ADC_2_BIDIRECCIONAL.a(CyBootAsmGnu.o)
 .debug_info    0x00002265     0x136f .\CortexM3\ARM_GCC_493\Debug\CAN_ADC_2_BIDIRECCIONAL.a(CyLib.o)
 .debug_info    0x000035d4      0xa57 .\CortexM3\ARM_GCC_493\Debug\CAN_ADC_2_BIDIRECCIONAL.a(cyPm.o)
 .debug_info    0x0000402b      0x608 .\CortexM3\ARM_GCC_493\Debug\CAN_ADC_2_BIDIRECCIONAL.a(CyFlash.o)
 .debug_info    0x00004633      0x4ea .\CortexM3\ARM_GCC_493\Debug\CAN_ADC_2_BIDIRECCIONAL.a(CySpc.o)

.debug_abbrev   0x00000000     0x1374
 *(.debug_abbrev)
 .debug_abbrev  0x00000000      0x11b .\CortexM3\ARM_GCC_493\Debug\main.o
 .debug_abbrev  0x0000011b       0x5d .\CortexM3\ARM_GCC_493\Debug\cymetadata.o
 .debug_abbrev  0x00000178      0x200 .\CortexM3\ARM_GCC_493\Debug\Cm3Start.o
 .debug_abbrev  0x00000378      0x203 .\CortexM3\ARM_GCC_493\Debug\CAN_ADC_2_BIDIRECCIONAL.a(cyfitter_cfg.o)
 .debug_abbrev  0x0000057b      0x1de .\CortexM3\ARM_GCC_493\Debug\CAN_ADC_2_BIDIRECCIONAL.a(RX_CAN.o)
 .debug_abbrev  0x00000759      0x118 .\CortexM3\ARM_GCC_493\Debug\CAN_ADC_2_BIDIRECCIONAL.a(RX_CAN_INT.o)
 .debug_abbrev  0x00000871      0x14d .\CortexM3\ARM_GCC_493\Debug\CAN_ADC_2_BIDIRECCIONAL.a(RX_CAN_TX_RX_func.o)
 .debug_abbrev  0x000009be      0x171 .\CortexM3\ARM_GCC_493\Debug\CAN_ADC_2_BIDIRECCIONAL.a(LCD_Char_1.o)
 .debug_abbrev  0x00000b2f       0x14 .\CortexM3\ARM_GCC_493\Debug\CAN_ADC_2_BIDIRECCIONAL.a(CyBootAsmGnu.o)
 .debug_abbrev  0x00000b43      0x296 .\CortexM3\ARM_GCC_493\Debug\CAN_ADC_2_BIDIRECCIONAL.a(CyLib.o)
 .debug_abbrev  0x00000dd9      0x1ed .\CortexM3\ARM_GCC_493\Debug\CAN_ADC_2_BIDIRECCIONAL.a(cyPm.o)
 .debug_abbrev  0x00000fc6      0x1ed .\CortexM3\ARM_GCC_493\Debug\CAN_ADC_2_BIDIRECCIONAL.a(CyFlash.o)
 .debug_abbrev  0x000011b3      0x1c1 .\CortexM3\ARM_GCC_493\Debug\CAN_ADC_2_BIDIRECCIONAL.a(CySpc.o)

.debug_line     0x00000000     0x1d99
 *(.debug_line)
 .debug_line    0x00000000      0x1a7 .\CortexM3\ARM_GCC_493\Debug\main.o
 .debug_line    0x000001a7       0x53 .\CortexM3\ARM_GCC_493\Debug\cymetadata.o
 .debug_line    0x000001fa      0x249 .\CortexM3\ARM_GCC_493\Debug\Cm3Start.o
 .debug_line    0x00000443      0x1f5 .\CortexM3\ARM_GCC_493\Debug\CAN_ADC_2_BIDIRECCIONAL.a(cyfitter_cfg.o)
 .debug_line    0x00000638      0x386 .\CortexM3\ARM_GCC_493\Debug\CAN_ADC_2_BIDIRECCIONAL.a(RX_CAN.o)
 .debug_line    0x000009be       0xd2 .\CortexM3\ARM_GCC_493\Debug\CAN_ADC_2_BIDIRECCIONAL.a(RX_CAN_INT.o)
 .debug_line    0x00000a90      0x126 .\CortexM3\ARM_GCC_493\Debug\CAN_ADC_2_BIDIRECCIONAL.a(RX_CAN_TX_RX_func.o)
 .debug_line    0x00000bb6      0x1e5 .\CortexM3\ARM_GCC_493\Debug\CAN_ADC_2_BIDIRECCIONAL.a(LCD_Char_1.o)
 .debug_line    0x00000d9b       0x68 .\CortexM3\ARM_GCC_493\Debug\CAN_ADC_2_BIDIRECCIONAL.a(CyBootAsmGnu.o)
 .debug_line    0x00000e03      0x806 .\CortexM3\ARM_GCC_493\Debug\CAN_ADC_2_BIDIRECCIONAL.a(CyLib.o)
 .debug_line    0x00001609      0x366 .\CortexM3\ARM_GCC_493\Debug\CAN_ADC_2_BIDIRECCIONAL.a(cyPm.o)
 .debug_line    0x0000196f      0x1ec .\CortexM3\ARM_GCC_493\Debug\CAN_ADC_2_BIDIRECCIONAL.a(CyFlash.o)
 .debug_line    0x00001b5b      0x23e .\CortexM3\ARM_GCC_493\Debug\CAN_ADC_2_BIDIRECCIONAL.a(CySpc.o)

.debug_frame    0x00000000     0x1308
 *(.debug_frame)
 .debug_frame   0x00000000       0x2c .\CortexM3\ARM_GCC_493\Debug\main.o
 .debug_frame   0x0000002c       0xac .\CortexM3\ARM_GCC_493\Debug\Cm3Start.o
 .debug_frame   0x000000d8       0xe4 .\CortexM3\ARM_GCC_493\Debug\CAN_ADC_2_BIDIRECCIONAL.a(cyfitter_cfg.o)
 .debug_frame   0x000001bc      0x1cc .\CortexM3\ARM_GCC_493\Debug\CAN_ADC_2_BIDIRECCIONAL.a(RX_CAN.o)
 .debug_frame   0x00000388       0x78 .\CortexM3\ARM_GCC_493\Debug\CAN_ADC_2_BIDIRECCIONAL.a(RX_CAN_INT.o)
 .debug_frame   0x00000400       0x74 .\CortexM3\ARM_GCC_493\Debug\CAN_ADC_2_BIDIRECCIONAL.a(RX_CAN_TX_RX_func.o)
 .debug_frame   0x00000474      0x1e4 .\CortexM3\ARM_GCC_493\Debug\CAN_ADC_2_BIDIRECCIONAL.a(LCD_Char_1.o)
 .debug_frame   0x00000658      0x728 .\CortexM3\ARM_GCC_493\Debug\CAN_ADC_2_BIDIRECCIONAL.a(CyLib.o)
 .debug_frame   0x00000d80      0x1f8 .\CortexM3\ARM_GCC_493\Debug\CAN_ADC_2_BIDIRECCIONAL.a(cyPm.o)
 .debug_frame   0x00000f78      0x174 .\CortexM3\ARM_GCC_493\Debug\CAN_ADC_2_BIDIRECCIONAL.a(CyFlash.o)
 .debug_frame   0x000010ec      0x160 .\CortexM3\ARM_GCC_493\Debug\CAN_ADC_2_BIDIRECCIONAL.a(CySpc.o)
 .debug_frame   0x0000124c       0x20 c:/program files (x86)/cypress/psoc creator/3.3/psoc creator/import/gnu/arm/4.9.3/bin/../lib/gcc/arm-none-eabi/4.9.3/../../../../arm-none-eabi/lib/armv7-m\libg_nano.a(lib_a-errno.o)
 .debug_frame   0x0000126c       0x28 c:/program files (x86)/cypress/psoc creator/3.3/psoc creator/import/gnu/arm/4.9.3/bin/../lib/gcc/arm-none-eabi/4.9.3/../../../../arm-none-eabi/lib/armv7-m\libg_nano.a(lib_a-exit.o)
 .debug_frame   0x00001294       0x2c c:/program files (x86)/cypress/psoc creator/3.3/psoc creator/import/gnu/arm/4.9.3/bin/../lib/gcc/arm-none-eabi/4.9.3/../../../../arm-none-eabi/lib/armv7-m\libg_nano.a(lib_a-init.o)
 .debug_frame   0x000012c0       0x28 c:/program files (x86)/cypress/psoc creator/3.3/psoc creator/import/gnu/arm/4.9.3/bin/../lib/gcc/arm-none-eabi/4.9.3/../../../../arm-none-eabi/lib/armv7-m\libg_nano.a(lib_a-memcpy.o)
 .debug_frame   0x000012e8       0x20 c:/program files (x86)/cypress/psoc creator/3.3/psoc creator/import/gnu/arm/4.9.3/bin/../lib/gcc/arm-none-eabi/4.9.3/../../../../arm-none-eabi/lib/armv7-m\libg_nano.a(lib_a-memset.o)

.debug_str      0x00000000     0x191e
 *(.debug_str)
 .debug_str     0x00000000      0x208 .\CortexM3\ARM_GCC_493\Debug\main.o
                                0x249 (size before relaxing)
 .debug_str     0x00000208       0x77 .\CortexM3\ARM_GCC_493\Debug\cymetadata.o
                                0x1f2 (size before relaxing)
 .debug_str     0x0000027f      0x165 .\CortexM3\ARM_GCC_493\Debug\Cm3Start.o
                                0x306 (size before relaxing)
 .debug_str     0x000003e4      0x15d .\CortexM3\ARM_GCC_493\Debug\CAN_ADC_2_BIDIRECCIONAL.a(cyfitter_cfg.o)
                                0x30b (size before relaxing)
 .debug_str     0x00000541      0x38e .\CortexM3\ARM_GCC_493\Debug\CAN_ADC_2_BIDIRECCIONAL.a(RX_CAN.o)
                                0x54a (size before relaxing)
 .debug_str     0x000008cf       0x88 .\CortexM3\ARM_GCC_493\Debug\CAN_ADC_2_BIDIRECCIONAL.a(RX_CAN_INT.o)
                                0x2ae (size before relaxing)
 .debug_str     0x00000957       0xa9 .\CortexM3\ARM_GCC_493\Debug\CAN_ADC_2_BIDIRECCIONAL.a(RX_CAN_TX_RX_func.o)
                                0x308 (size before relaxing)
 .debug_str     0x00000a00      0x1b2 .\CortexM3\ARM_GCC_493\Debug\CAN_ADC_2_BIDIRECCIONAL.a(LCD_Char_1.o)
                                0x3b3 (size before relaxing)
 .debug_str     0x00000bb2      0x7c5 .\CortexM3\ARM_GCC_493\Debug\CAN_ADC_2_BIDIRECCIONAL.a(CyLib.o)
                                0xa2b (size before relaxing)
 .debug_str     0x00001377      0x35b .\CortexM3\ARM_GCC_493\Debug\CAN_ADC_2_BIDIRECCIONAL.a(cyPm.o)
                                0x723 (size before relaxing)
 .debug_str     0x000016d2      0x19e .\CortexM3\ARM_GCC_493\Debug\CAN_ADC_2_BIDIRECCIONAL.a(CyFlash.o)
                                0x39d (size before relaxing)
 .debug_str     0x00001870       0xae .\CortexM3\ARM_GCC_493\Debug\CAN_ADC_2_BIDIRECCIONAL.a(CySpc.o)
                                0x326 (size before relaxing)

.debug_loc      0x00000000     0x27a4
 *(.debug_loc)
 .debug_loc     0x00000000      0x144 .\CortexM3\ARM_GCC_493\Debug\Cm3Start.o
 .debug_loc     0x00000144      0x1f0 .\CortexM3\ARM_GCC_493\Debug\CAN_ADC_2_BIDIRECCIONAL.a(cyfitter_cfg.o)
 .debug_loc     0x00000334      0x981 .\CortexM3\ARM_GCC_493\Debug\CAN_ADC_2_BIDIRECCIONAL.a(RX_CAN.o)
 .debug_loc     0x00000cb5       0x54 .\CortexM3\ARM_GCC_493\Debug\CAN_ADC_2_BIDIRECCIONAL.a(RX_CAN_INT.o)
 .debug_loc     0x00000d09      0x193 .\CortexM3\ARM_GCC_493\Debug\CAN_ADC_2_BIDIRECCIONAL.a(RX_CAN_TX_RX_func.o)
 .debug_loc     0x00000e9c      0x3c6 .\CortexM3\ARM_GCC_493\Debug\CAN_ADC_2_BIDIRECCIONAL.a(LCD_Char_1.o)
 .debug_loc     0x00001262      0xa11 .\CortexM3\ARM_GCC_493\Debug\CAN_ADC_2_BIDIRECCIONAL.a(CyLib.o)
 .debug_loc     0x00001c73      0x1e4 .\CortexM3\ARM_GCC_493\Debug\CAN_ADC_2_BIDIRECCIONAL.a(cyPm.o)
 .debug_loc     0x00001e57      0x300 .\CortexM3\ARM_GCC_493\Debug\CAN_ADC_2_BIDIRECCIONAL.a(CyFlash.o)
 .debug_loc     0x00002157      0x64d .\CortexM3\ARM_GCC_493\Debug\CAN_ADC_2_BIDIRECCIONAL.a(CySpc.o)

.debug_macinfo
 *(.debug_macinfo)

.debug_ranges   0x00000000      0x610
 *(.debug_ranges)
 .debug_ranges  0x00000000       0x10 .\CortexM3\ARM_GCC_493\Debug\main.o
 .debug_ranges  0x00000010       0x38 .\CortexM3\ARM_GCC_493\Debug\Cm3Start.o
 .debug_ranges  0x00000048       0x48 .\CortexM3\ARM_GCC_493\Debug\CAN_ADC_2_BIDIRECCIONAL.a(cyfitter_cfg.o)
 .debug_ranges  0x00000090       0xb8 .\CortexM3\ARM_GCC_493\Debug\CAN_ADC_2_BIDIRECCIONAL.a(RX_CAN.o)
 .debug_ranges  0x00000148       0x28 .\CortexM3\ARM_GCC_493\Debug\CAN_ADC_2_BIDIRECCIONAL.a(RX_CAN_INT.o)
 .debug_ranges  0x00000170       0x30 .\CortexM3\ARM_GCC_493\Debug\CAN_ADC_2_BIDIRECCIONAL.a(RX_CAN_TX_RX_func.o)
 .debug_ranges  0x000001a0       0x88 .\CortexM3\ARM_GCC_493\Debug\CAN_ADC_2_BIDIRECCIONAL.a(LCD_Char_1.o)
 .debug_ranges  0x00000228      0x288 .\CortexM3\ARM_GCC_493\Debug\CAN_ADC_2_BIDIRECCIONAL.a(CyLib.o)
 .debug_ranges  0x000004b0       0x88 .\CortexM3\ARM_GCC_493\Debug\CAN_ADC_2_BIDIRECCIONAL.a(cyPm.o)
 .debug_ranges  0x00000538       0x70 .\CortexM3\ARM_GCC_493\Debug\CAN_ADC_2_BIDIRECCIONAL.a(CyFlash.o)
 .debug_ranges  0x000005a8       0x68 .\CortexM3\ARM_GCC_493\Debug\CAN_ADC_2_BIDIRECCIONAL.a(CySpc.o)

.comment        0x00000000       0x70
 .comment       0x00000000       0x70 .\CortexM3\ARM_GCC_493\Debug\main.o
                                 0x71 (size before relaxing)
 .comment       0x00000000       0x71 .\CortexM3\ARM_GCC_493\Debug\cymetadata.o
 .comment       0x00000000       0x71 .\CortexM3\ARM_GCC_493\Debug\Cm3Start.o
 .comment       0x00000000       0x71 .\CortexM3\ARM_GCC_493\Debug\CAN_ADC_2_BIDIRECCIONAL.a(cyfitter_cfg.o)
 .comment       0x00000000       0x71 .\CortexM3\ARM_GCC_493\Debug\CAN_ADC_2_BIDIRECCIONAL.a(RX_CAN.o)
 .comment       0x00000000       0x71 .\CortexM3\ARM_GCC_493\Debug\CAN_ADC_2_BIDIRECCIONAL.a(RX_CAN_INT.o)
 .comment       0x00000000       0x71 .\CortexM3\ARM_GCC_493\Debug\CAN_ADC_2_BIDIRECCIONAL.a(RX_CAN_TX_RX_func.o)
 .comment       0x00000000       0x71 .\CortexM3\ARM_GCC_493\Debug\CAN_ADC_2_BIDIRECCIONAL.a(LCD_Char_1.o)
 .comment       0x00000000       0x71 .\CortexM3\ARM_GCC_493\Debug\CAN_ADC_2_BIDIRECCIONAL.a(CyLib.o)
 .comment       0x00000000       0x71 .\CortexM3\ARM_GCC_493\Debug\CAN_ADC_2_BIDIRECCIONAL.a(cyPm.o)
 .comment       0x00000000       0x71 .\CortexM3\ARM_GCC_493\Debug\CAN_ADC_2_BIDIRECCIONAL.a(CyFlash.o)
 .comment       0x00000000       0x71 .\CortexM3\ARM_GCC_493\Debug\CAN_ADC_2_BIDIRECCIONAL.a(CySpc.o)

.debug_weaknames
 *(.debug_weaknames)

.debug_funcnames
 *(.debug_funcnames)

.debug_typenames
 *(.debug_typenames)

.debug_varnames
 *(.debug_varnames)

.note.gnu.arm.ident
 *(.note.gnu.arm.ident)

.ARM.attributes
                0x00000000       0x29
 *(.ARM.attributes)
 .ARM.attributes
                0x00000000       0x1d c:/program files (x86)/cypress/psoc creator/3.3/psoc creator/import/gnu/arm/4.9.3/bin/../lib/gcc/arm-none-eabi/4.9.3/armv7-m/crti.o
 .ARM.attributes
                0x0000001d       0x2d c:/program files (x86)/cypress/psoc creator/3.3/psoc creator/import/gnu/arm/4.9.3/bin/../lib/gcc/arm-none-eabi/4.9.3/armv7-m/crtbegin.o
 .ARM.attributes
                0x0000004a       0x1b c:/program files (x86)/cypress/psoc creator/3.3/psoc creator/import/gnu/arm/4.9.3/bin/../lib/gcc/arm-none-eabi/4.9.3/../../../../arm-none-eabi/lib/armv7-m/crt0.o
 .ARM.attributes
                0x00000065       0x33 .\CortexM3\ARM_GCC_493\Debug\main.o
 .ARM.attributes
                0x00000098       0x33 .\CortexM3\ARM_GCC_493\Debug\cymetadata.o
 .ARM.attributes
                0x000000cb       0x33 .\CortexM3\ARM_GCC_493\Debug\Cm3Start.o
 .ARM.attributes
                0x000000fe       0x33 .\CortexM3\ARM_GCC_493\Debug\CAN_ADC_2_BIDIRECCIONAL.a(cyfitter_cfg.o)
 .ARM.attributes
                0x00000131       0x33 .\CortexM3\ARM_GCC_493\Debug\CAN_ADC_2_BIDIRECCIONAL.a(RX_CAN.o)
 .ARM.attributes
                0x00000164       0x33 .\CortexM3\ARM_GCC_493\Debug\CAN_ADC_2_BIDIRECCIONAL.a(RX_CAN_INT.o)
 .ARM.attributes
                0x00000197       0x33 .\CortexM3\ARM_GCC_493\Debug\CAN_ADC_2_BIDIRECCIONAL.a(RX_CAN_TX_RX_func.o)
 .ARM.attributes
                0x000001ca       0x33 .\CortexM3\ARM_GCC_493\Debug\CAN_ADC_2_BIDIRECCIONAL.a(LCD_Char_1.o)
 .ARM.attributes
                0x000001fd       0x21 .\CortexM3\ARM_GCC_493\Debug\CAN_ADC_2_BIDIRECCIONAL.a(CyBootAsmGnu.o)
 .ARM.attributes
                0x0000021e       0x33 .\CortexM3\ARM_GCC_493\Debug\CAN_ADC_2_BIDIRECCIONAL.a(CyLib.o)
 .ARM.attributes
                0x00000251       0x33 .\CortexM3\ARM_GCC_493\Debug\CAN_ADC_2_BIDIRECCIONAL.a(cyPm.o)
 .ARM.attributes
                0x00000284       0x33 .\CortexM3\ARM_GCC_493\Debug\CAN_ADC_2_BIDIRECCIONAL.a(CyFlash.o)
 .ARM.attributes
                0x000002b7       0x33 .\CortexM3\ARM_GCC_493\Debug\CAN_ADC_2_BIDIRECCIONAL.a(CySpc.o)
 .ARM.attributes
                0x000002ea       0x2d c:/program files (x86)/cypress/psoc creator/3.3/psoc creator/import/gnu/arm/4.9.3/bin/../lib/gcc/arm-none-eabi/4.9.3/../../../../arm-none-eabi/lib/armv7-m\libg_nano.a(lib_a-errno.o)
 .ARM.attributes
                0x00000317       0x2d c:/program files (x86)/cypress/psoc creator/3.3/psoc creator/import/gnu/arm/4.9.3/bin/../lib/gcc/arm-none-eabi/4.9.3/../../../../arm-none-eabi/lib/armv7-m\libg_nano.a(lib_a-exit.o)
 .ARM.attributes
                0x00000344       0x2d c:/program files (x86)/cypress/psoc creator/3.3/psoc creator/import/gnu/arm/4.9.3/bin/../lib/gcc/arm-none-eabi/4.9.3/../../../../arm-none-eabi/lib/armv7-m\libg_nano.a(lib_a-impure.o)
 .ARM.attributes
                0x00000371       0x2d c:/program files (x86)/cypress/psoc creator/3.3/psoc creator/import/gnu/arm/4.9.3/bin/../lib/gcc/arm-none-eabi/4.9.3/../../../../arm-none-eabi/lib/armv7-m\libg_nano.a(lib_a-init.o)
 .ARM.attributes
                0x0000039e       0x2d c:/program files (x86)/cypress/psoc creator/3.3/psoc creator/import/gnu/arm/4.9.3/bin/../lib/gcc/arm-none-eabi/4.9.3/../../../../arm-none-eabi/lib/armv7-m\libg_nano.a(lib_a-memcpy.o)
 .ARM.attributes
                0x000003cb       0x2d c:/program files (x86)/cypress/psoc creator/3.3/psoc creator/import/gnu/arm/4.9.3/bin/../lib/gcc/arm-none-eabi/4.9.3/../../../../arm-none-eabi/lib/armv7-m\libg_nano.a(lib_a-memset.o)
 .ARM.attributes
                0x000003f8       0x2d c:/program files (x86)/cypress/psoc creator/3.3/psoc creator/import/gnu/arm/4.9.3/bin/../lib/gcc/arm-none-eabi/4.9.3/armv7-m/crtend.o
 .ARM.attributes
                0x00000425       0x1d c:/program files (x86)/cypress/psoc creator/3.3/psoc creator/import/gnu/arm/4.9.3/bin/../lib/gcc/arm-none-eabi/4.9.3/armv7-m/crtn.o

/DISCARD/
 *(.note.GNU-stack)
OUTPUT(.\CortexM3\ARM_GCC_493\Debug\CAN_ADC_2_BIDIRECCIONAL.elf elf32-littlearm)
