Archive member included to satisfy reference by file (symbol)

.\CortexM0\ARM_GCC_541\Debug\Hill_Climbing.a(LED_1.o)
                              .\CortexM0\ARM_GCC_541\Debug\main.o (LED_1_Write)
.\CortexM0\ARM_GCC_541\Debug\Hill_Climbing.a(CyLib.o)
                              .\CortexM0\ARM_GCC_541\Debug\cyfitter_cfg.o (CyIntEnable)
.\CortexM0\ARM_GCC_541\Debug\Hill_Climbing.a(CyLFClk.o)
                              .\CortexM0\ARM_GCC_541\Debug\cyfitter_cfg.o (CySysClkWcoStart)
.\CortexM0\ARM_GCC_541\Debug\Hill_Climbing.a(CAN.o)
                              .\CortexM0\ARM_GCC_541\Debug\main.o (CAN_GlobalIntEnable)
.\CortexM0\ARM_GCC_541\Debug\Hill_Climbing.a(CAN_INT.o)
                              .\CortexM0\ARM_GCC_541\Debug\main.o (CAN_MsgRXIsr)
.\CortexM0\ARM_GCC_541\Debug\Hill_Climbing.a(CAN_TX_RX_func.o)
                              .\CortexM0\ARM_GCC_541\Debug\main.o (CAN_SendMsg0)
.\CortexM0\ARM_GCC_541\Debug\Hill_Climbing.a(CAN_isr.o)
                              .\CortexM0\ARM_GCC_541\Debug\main.o (CAN_isr_StartEx)
.\CortexM0\ARM_GCC_541\Debug\Hill_Climbing.a(Timer_1.o)
                              .\CortexM0\ARM_GCC_541\Debug\main.o (Timer_1_Start)
.\CortexM0\ARM_GCC_541\Debug\Hill_Climbing.a(Timer.o)
                              .\CortexM0\ARM_GCC_541\Debug\main.o (Timer_Start)
.\CortexM0\ARM_GCC_541\Debug\Hill_Climbing.a(SENSOR_U.o)
                              .\CortexM0\ARM_GCC_541\Debug\main.o (SENSOR_U_Start)
.\CortexM0\ARM_GCC_541\Debug\Hill_Climbing.a(SENSOR_U_INT.o)
                              .\CortexM0\ARM_GCC_541\Debug\Hill_Climbing.a(SENSOR_U.o) (SENSOR_U_RXISR)
.\CortexM0\ARM_GCC_541\Debug\Hill_Climbing.a(SENSOR_U_IntClock.o)
                              .\CortexM0\ARM_GCC_541\Debug\Hill_Climbing.a(SENSOR_U.o) (SENSOR_U_IntClock_StartEx)
.\CortexM0\ARM_GCC_541\Debug\Hill_Climbing.a(Int_Serial.o)
                              .\CortexM0\ARM_GCC_541\Debug\main.o (Int_Serial_StartEx)
.\CortexM0\ARM_GCC_541\Debug\Hill_Climbing.a(CyBootAsmGnu.o)
                              .\CortexM0\ARM_GCC_541\Debug\cyfitter_cfg.o (CyDelayCycles)
.\CortexM0\ARM_GCC_541\Debug\Hill_Climbing.a(CyFlash.o)
                              .\CortexM0\ARM_GCC_541\Debug\Hill_Climbing.a(CyLib.o) (CySysFlashSetWaitCycles)
c:/program files (x86)/cypress/psoc creator/4.1/psoc creator/import/gnu/arm/5.4.1/bin/../lib/gcc/arm-none-eabi/5.4.1/armv6-m\libgcc.a(_udivsi3.o)
                              .\CortexM0\ARM_GCC_541\Debug\Hill_Climbing.a(CyLib.o) (__aeabi_uidiv)
c:/program files (x86)/cypress/psoc creator/4.1/psoc creator/import/gnu/arm/5.4.1/bin/../lib/gcc/arm-none-eabi/5.4.1/armv6-m\libgcc.a(_divsi3.o)
                              .\CortexM0\ARM_GCC_541\Debug\Hill_Climbing.a(CyLFClk.o) (__aeabi_idiv)
c:/program files (x86)/cypress/psoc creator/4.1/psoc creator/import/gnu/arm/5.4.1/bin/../lib/gcc/arm-none-eabi/5.4.1/armv6-m\libgcc.a(_dvmd_tls.o)
                              c:/program files (x86)/cypress/psoc creator/4.1/psoc creator/import/gnu/arm/5.4.1/bin/../lib/gcc/arm-none-eabi/5.4.1/armv6-m\libgcc.a(_udivsi3.o) (__aeabi_idiv0)
c:/program files (x86)/cypress/psoc creator/4.1/psoc creator/import/gnu/arm/5.4.1/bin/../lib/gcc/arm-none-eabi/5.4.1/armv6-m\libgcc.a(_arm_cmpdf2.o)
                              .\CortexM0\ARM_GCC_541\Debug\main.o (__aeabi_dcmplt)
c:/program files (x86)/cypress/psoc creator/4.1/psoc creator/import/gnu/arm/5.4.1/bin/../lib/gcc/arm-none-eabi/5.4.1/armv6-m\libgcc.a(_arm_cmpsf2.o)
                              .\CortexM0\ARM_GCC_541\Debug\main.o (__aeabi_fcmplt)
c:/program files (x86)/cypress/psoc creator/4.1/psoc creator/import/gnu/arm/5.4.1/bin/../lib/gcc/arm-none-eabi/5.4.1/armv6-m\libgcc.a(addsf3.o)
                              .\CortexM0\ARM_GCC_541\Debug\main.o (__aeabi_fadd)
c:/program files (x86)/cypress/psoc creator/4.1/psoc creator/import/gnu/arm/5.4.1/bin/../lib/gcc/arm-none-eabi/5.4.1/armv6-m\libgcc.a(divsf3.o)
                              .\CortexM0\ARM_GCC_541\Debug\main.o (__aeabi_fdiv)
c:/program files (x86)/cypress/psoc creator/4.1/psoc creator/import/gnu/arm/5.4.1/bin/../lib/gcc/arm-none-eabi/5.4.1/armv6-m\libgcc.a(eqsf2.o)
                              c:/program files (x86)/cypress/psoc creator/4.1/psoc creator/import/gnu/arm/5.4.1/bin/../lib/gcc/arm-none-eabi/5.4.1/armv6-m\libgcc.a(_arm_cmpsf2.o) (__eqsf2)
c:/program files (x86)/cypress/psoc creator/4.1/psoc creator/import/gnu/arm/5.4.1/bin/../lib/gcc/arm-none-eabi/5.4.1/armv6-m\libgcc.a(gesf2.o)
                              c:/program files (x86)/cypress/psoc creator/4.1/psoc creator/import/gnu/arm/5.4.1/bin/../lib/gcc/arm-none-eabi/5.4.1/armv6-m\libgcc.a(_arm_cmpsf2.o) (__gesf2)
c:/program files (x86)/cypress/psoc creator/4.1/psoc creator/import/gnu/arm/5.4.1/bin/../lib/gcc/arm-none-eabi/5.4.1/armv6-m\libgcc.a(lesf2.o)
[...]
Memory Configuration

Name             Origin             Length             Attributes
rom              0x00000000         0x00020000         xr
ram              0x20000000         0x00004000         xrw
*default*        0x00000000         0xffffffff

Linker script and memory map

LOAD c:/program files (x86)/cypress/psoc creator/4.1/psoc creator/import/gnu/arm/5.4.1/bin/../lib/gcc/arm-none-eabi/5.4.1/armv6-m/crti.o
LOAD c:/program files (x86)/cypress/psoc creator/4.1/psoc creator/import/gnu/arm/5.4.1/bin/../lib/gcc/arm-none-eabi/5.4.1/armv6-m/crtbegin.o
LOAD c:/program files (x86)/cypress/psoc creator/4.1/psoc creator/import/gnu/arm/5.4.1/bin/../lib/gcc/arm-none-eabi/5.4.1/../../../../arm-none-eabi/lib/armv6-m/crt0.o
START GROUP
LOAD .\CortexM0\ARM_GCC_541\Debug\main.o
LOAD .\CortexM0\ARM_GCC_541\Debug\cyfitter_cfg.o
LOAD .\CortexM0\ARM_GCC_541\Debug\cymetadata.o
LOAD .\CortexM0\ARM_GCC_541\Debug\Cm0Start.o
LOAD .\CortexM0\ARM_GCC_541\Debug\Hill_Climbing.a
LOAD C:\Program Files (x86)\Cypress\PSoC Creator\4.1\PSoC Creator\psoc\content\cycomponentlibrary\CyComponentLibrary.cylib\CortexM0\ARM_GCC_541\Debug\CyComponentLibrary.a
END GROUP
START GROUP
LOAD c:/program files (x86)/cypress/psoc creator/4.1/psoc creator/import/gnu/arm/5.4.1/bin/../lib/gcc/arm-none-eabi/5.4.1/armv6-m\libgcc.a
LOAD c:/program files (x86)/cypress/psoc creator/4.1/psoc creator/import/gnu/arm/5.4.1/bin/../lib/gcc/arm-none-eabi/5.4.1/../../../../arm-none-eabi/lib/armv6-m\libg_nano.a
LOAD c:/program files (x86)/cypress/psoc creator/4.1/psoc creator/import/gnu/arm/5.4.1/bin/../lib/gcc/arm-none-eabi/5.4.1/../../../../arm-none-eabi/lib/armv6-m\libc_nano.a
END GROUP
START GROUP
LOAD c:/program files (x86)/cypress/psoc creator/4.1/psoc creator/import/gnu/arm/5.4.1/bin/../lib/gcc/arm-none-eabi/5.4.1/armv6-m\libgcc.a
LOAD c:/program files (x86)/cypress/psoc creator/4.1/psoc creator/import/gnu/arm/5.4.1/bin/../lib/gcc/arm-none-eabi/5.4.1/../../../../arm-none-eabi/lib/armv6-m\libc_nano.a
END GROUP
LOAD c:/program files (x86)/cypress/psoc creator/4.1/psoc creator/import/gnu/arm/5.4.1/bin/../lib/gcc/arm-none-eabi/5.4.1/armv6-m/crtend.o
LOAD c:/program files (x86)/cypress/psoc creator/4.1/psoc creator/import/gnu/arm/5.4.1/bin/../lib/gcc/arm-none-eabi/5.4.1/armv6-m/crtn.o
START GROUP
LOAD c:/program files (x86)/cypress/psoc creator/4.1/psoc creator/import/gnu/arm/5.4.1/bin/../lib/gcc/arm-none-eabi/5.4.1/armv6-m\libgcc.a
LOAD c:/program files (x86)/cypress/psoc creator/4.1/psoc creator/import/gnu/arm/5.4.1/bin/../lib/gcc/arm-none-eabi/5.4.1/../../../../arm-none-eabi/lib/armv6-m\libc.a
LOAD c:/program files (x86)/cypress/psoc creator/4.1/psoc creator/import/gnu/arm/5.4.1/bin/../lib/gcc/arm-none-eabi/5.4.1/../../../../arm-none-eabi/lib/armv6-m\libnosys.a
END GROUP
                0x00000000                CY_APPL_ORIGIN = 0x0
                0x00000080                CY_FLASH_ROW_SIZE = 0x80
                0x00000001                CY_APPL_NUM = 0x1
                0x00000001                CY_APPL_MAX = 0x1
                0x00000040                CY_METADATA_SIZE = 0x40
                0x00000000                CY_APPL_LOADABLE = 0x0
                0x00000000                CY_CHECKSUM_EXCLUDE_SIZE = ALIGN (0x0, CY_FLASH_ROW_SIZE)
                0x00000000                CY_APP_FOR_STACK_AND_COPIER = 0x0
                [!provide]                PROVIDE (__cy_heap_start, _end)
                0x00000001                PROVIDE (__cy_region_num, ((__cy_regions_end - __cy_regions) / 0x10))
                0x20004000                PROVIDE (__cy_stack, (ORIGIN (ram) + LENGTH (ram)))
                [!provide]                PROVIDE (__cy_heap_end, (__cy_stack - 0x800))

.cybootloader   0x00000000        0x0
 *(.cybootloader)
                0x00000000                appl1_start = CY_APPL_ORIGIN?CY_APPL_ORIGIN:ALIGN (CY_FLASH_ROW_SIZE)
                0x0000ff80                appl2_start = (appl1_start + ALIGN ((((LENGTH (rom) - appl1_start) - (0x2 * CY_FLASH_ROW_SIZE)) / 0x2), CY_FLASH_ROW_SIZE))
                0x00000000                appl_start = (CY_APPL_NUM == 0x1)?appl1_start:appl2_start
                0x00000001                cy_project_type_bootloader = (appl_start == 0x0)?0x1:0x0
                0x00000000                cy_project_type_app_for_stack_and_copier = (CY_APP_FOR_STACK_AND_COPIER == 0x1)?0x1:0x0

.text           0x00000000     0x3188
 CREATE_OBJECT_SYMBOLS
                0x00000000                PROVIDE (__cy_interrupt_vector, RomVectors)
 *(.romvectors)
 .romvectors    0x00000000       0x10 .\CortexM0\ARM_GCC_541\Debug\Cm0Start.o
                0x00000000                RomVectors
                0x00000001                ASSERT ((. != __cy_interrupt_vector), No interrupt vector)
                0x00000001                ASSERT (CY_APPL_ORIGIN?(SIZEOF (.cybootloader) <= CY_APPL_ORIGIN):0x1, Wrong image location)
                0x00000010                PROVIDE (__cy_reset, Reset)
 *(.text.Reset)
 .text.Reset    0x00000010        0x8 .\CortexM0\ARM_GCC_541\Debug\Cm0Start.o
                0x00000010                Reset
                0x00000001                ASSERT ((. != __cy_reset), No reset code)
 *(.psocinit)
 .psocinit      0x00000018      0x200 .\CortexM0\ARM_GCC_541\Debug\cyfitter_cfg.o
                0x000000dc                cyfitter_cfg
                0x00000218                . = MAX (., 0x100)
 *(.text .text.* .gnu.linkonce.t.*)
 .text          0x00000218       0x60 c:/program files (x86)/cypress/psoc creator/4.1/psoc creator/import/gnu/arm/5.4.1/bin/../lib/gcc/arm-none-eabi/5.4.1/armv6-m/crtbegin.o
 .text.Serial_Interrupt
                0x00000278       0x10 .\CortexM0\ARM_GCC_541\Debug\main.o
                0x00000278                Serial_Interrupt
 .text.randd    0x00000288       0x18 .\CortexM0\ARM_GCC_541\Debug\main.o
                0x00000288                randd
 .text.random_amplitud
                0x000002a0        0x8 .\CortexM0\ARM_GCC_541\Debug\main.o
                0x000002a0                random_amplitud
 .text.random_Fase
                0x000002a8       0x2c .\CortexM0\ARM_GCC_541\Debug\main.o
                0x000002a8                random_Fase
 .text.random_Offset
                0x000002d4       0x30 .\CortexM0\ARM_GCC_541\Debug\main.o
                0x000002d4                random_Offset
 .text.movimiento
                0x00000304       0x28 .\CortexM0\ARM_GCC_541\Debug\main.o
                0x00000304                movimiento
 .text.Send_Angle
                0x0000032c       0x2c .\CortexM0\ARM_GCC_541\Debug\main.o
                0x0000032c                Send_Angle
 .text.Enviar_Parametros
                0x00000358       0xb4 .\CortexM0\ARM_GCC_541\Debug\main.o
                0x00000358                Enviar_Parametros
 .text.Recibe_mail_0
                0x0000040c       0x58 .\CortexM0\ARM_GCC_541\Debug\main.o
                0x0000040c                Recibe_mail_0
 .text.Recibe_Mail_2
                0x00000464       0xf8 .\CortexM0\ARM_GCC_541\Debug\main.o
                0x00000464                Recibe_Mail_2
 .text.interrutcan
                0x0000055c       0x18 .\CortexM0\ARM_GCC_541\Debug\main.o
                0x0000055c                interrutcan
 .text.Medir_dist
                0x00000574       0x74 .\CortexM0\ARM_GCC_541\Debug\main.o
                0x00000574                Medir_dist
 .text.Hill     0x000005e8       0x80 .\CortexM0\ARM_GCC_541\Debug\main.o
                0x000005e8                Hill
 .text.Left_Move
                0x00000668       0xec .\CortexM0\ARM_GCC_541\Debug\main.o
                0x00000668                Left_Move
 .text.Right_Move
                0x00000754       0xe8 .\CortexM0\ARM_GCC_541\Debug\main.o
                0x00000754                Right_Move
 .text.Select_Move
                0x0000083c       0x84 .\CortexM0\ARM_GCC_541\Debug\main.o
                0x0000083c                Select_Move
 .text.Temporizador
                0x000008c0       0xc8 .\CortexM0\ARM_GCC_541\Debug\main.o
                0x000008c0                Temporizador
 .text.main     0x00000988       0x40 .\CortexM0\ARM_GCC_541\Debug\main.o
                0x00000988                main
 .text.cfg_write_bytes32
                0x000009c8       0x34 .\CortexM0\ARM_GCC_541\Debug\cyfitter_cfg.o
 .text.AnalogSetDefault
                0x000009fc       0x20 .\CortexM0\ARM_GCC_541\Debug\cyfitter_cfg.o
 .text.CYMEMZERO
                0x00000a1c        0xc .\CortexM0\ARM_GCC_541\Debug\cyfitter_cfg.o
 .text.CYCONFIGCPYCODE
                0x00000a28        0x8 .\CortexM0\ARM_GCC_541\Debug\cyfitter_cfg.o
 .text.IntDefaultHandler
                0x00000a30        0x4 .\CortexM0\ARM_GCC_541\Debug\Cm0Start.o
                0x00000a30                IntDefaultHandler
 .text._sbrk    0x00000a34       0x30 .\CortexM0\ARM_GCC_541\Debug\Cm0Start.o
                0x00000a34                _sbrk
 .text.Start_c  0x00000a64       0x48 .\CortexM0\ARM_GCC_541\Debug\Cm0Start.o
                0x00000a64                Start_c
 .text.initialize_psoc
                0x00000aac       0x4c .\CortexM0\ARM_GCC_541\Debug\Cm0Start.o
                0x00000aac                initialize_psoc
 .text.LED_1_Write
                0x00000af8       0x18 .\CortexM0\ARM_GCC_541\Debug\Hill_Climbing.a(LED_1.o)
                0x00000af8                LED_1_Write
 .text.CySysClkImoDisableWcoLock
                0x00000b10       0x14 .\CortexM0\ARM_GCC_541\Debug\Hill_Climbing.a(CyLib.o)
                0x00000b10                CySysClkImoDisableWcoLock
 .text.CySysClkImoGetWcoLock
                0x00000b24       0x14 .\CortexM0\ARM_GCC_541\Debug\Hill_Climbing.a(CyLib.o)
                0x00000b24                CySysClkImoGetWcoLock
 .text.CyIntEnable
                0x00000b38       0x14 .\CortexM0\ARM_GCC_541\Debug\Hill_Climbing.a(CyLib.o)
                0x00000b38                CyIntEnable
 .text.CyIntDisable
                0x00000b4c       0x14 .\CortexM0\ARM_GCC_541\Debug\Hill_Climbing.a(CyLib.o)
                0x00000b4c                CyIntDisable
 .text.CyHalt   0x00000b60        0x4 .\CortexM0\ARM_GCC_541\Debug\Hill_Climbing.a(CyLib.o)
                0x00000b60                CyHalt
 .text.CyIntSetVector
                0x00000b64       0x24 .\CortexM0\ARM_GCC_541\Debug\Hill_Climbing.a(CyLib.o)
                0x00000b64                CyIntSetVector
 .text.CyIntSetPriority
                0x00000b88       0x4c .\CortexM0\ARM_GCC_541\Debug\Hill_Climbing.a(CyLib.o)
                0x00000b88                CyIntSetPriority
 .text.CyDelay  0x00000bd4       0x30 .\CortexM0\ARM_GCC_541\Debug\Hill_Climbing.a(CyLib.o)
                0x00000bd4                CyDelay
 .text.CySysClkImoEnableWcoLock
                0x00000c04       0xf0 .\CortexM0\ARM_GCC_541\Debug\Hill_Climbing.a(CyLib.o)
                0x00000c04                CySysClkImoEnableWcoLock
 .text.CySysClkWriteImoFreq
                0x00000cf4       0x80 .\CortexM0\ARM_GCC_541\Debug\Hill_Climbing.a(CyLib.o)
                0x00000cf4                CySysClkWriteImoFreq
 .text.CySysWdtLocked
                0x00000d74       0x14 .\CortexM0\ARM_GCC_541\Debug\Hill_Climbing.a(CyLFClk.o)
 .text.CySysClkWcoStart
                0x00000d88       0x40 .\CortexM0\ARM_GCC_541\Debug\Hill_Climbing.a(CyLFClk.o)
                0x00000d88                CySysClkWcoStart
 .text.CySysClkWcoEnabled
                0x00000dc8       0x14 .\CortexM0\ARM_GCC_541\Debug\Hill_Climbing.a(CyLFClk.o)
                0x00000dc8                CySysClkWcoEnabled
 .text.CySysWdtLock
                0x00000ddc       0x1c .\CortexM0\ARM_GCC_541\Debug\Hill_Climbing.a(CyLFClk.o)
                0x00000ddc                CySysWdtLock
 .text.CySysWdtUnlock
                0x00000df8       0x30 .\CortexM0\ARM_GCC_541\Debug\Hill_Climbing.a(CyLFClk.o)
                0x00000df8                CySysWdtUnlock
 .text.CySysWdtClearInterrupt
                0x00000e28       0x4c .\CortexM0\ARM_GCC_541\Debug\Hill_Climbing.a(CyLFClk.o)
                0x00000e28                CySysWdtClearInterrupt
 .text.CySysWdtIsr
                0x00000e74       0xa4 .\CortexM0\ARM_GCC_541\Debug\Hill_Climbing.a(CyLFClk.o)
                0x00000e74                CySysWdtIsr
 .text.CAN_Stop
                0x00000f18       0x38 .\CortexM0\ARM_GCC_541\Debug\Hill_Climbing.a(CAN.o)
                0x00000f18                CAN_Stop
 .text.CAN_GlobalIntEnable
                0x00000f50       0x1c .\CortexM0\ARM_GCC_541\Debug\Hill_Climbing.a(CAN.o)
                0x00000f50                CAN_GlobalIntEnable
 .text.CAN_Enable
                0x00000f6c       0x48 .\CortexM0\ARM_GCC_541\Debug\Hill_Climbing.a(CAN.o)
                0x00000f6c                CAN_Enable
 .text.CAN_GlobalIntDisable
                0x00000fb4       0x1c .\CortexM0\ARM_GCC_541\Debug\Hill_Climbing.a(CAN.o)
                0x00000fb4                CAN_GlobalIntDisable
 .text.CAN_SetPreScaler
                0x00000fd0       0x38 .\CortexM0\ARM_GCC_541\Debug\Hill_Climbing.a(CAN.o)
                0x00000fd0                CAN_SetPreScaler
 .text.CAN_SetArbiter
                0x00001008       0x40 .\CortexM0\ARM_GCC_541\Debug\Hill_Climbing.a(CAN.o)
                0x00001008                CAN_SetArbiter
 .text.CAN_SetTsegSample
                0x00001048       0xa0 .\CortexM0\ARM_GCC_541\Debug\Hill_Climbing.a(CAN.o)
                0x00001048                CAN_SetTsegSample
 .text.CAN_SetRestartType
                0x000010e8       0x38 .\CortexM0\ARM_GCC_541\Debug\Hill_Climbing.a(CAN.o)
                0x000010e8                CAN_SetRestartType
 .text.CAN_SetEdgeMode
                0x00001120       0x38 .\CortexM0\ARM_GCC_541\Debug\Hill_Climbing.a(CAN.o)
                0x00001120                CAN_SetEdgeMode
 .text.CAN_SetIrqMask
                0x00001158       0x1c .\CortexM0\ARM_GCC_541\Debug\Hill_Climbing.a(CAN.o)
                0x00001158                CAN_SetIrqMask
 .text.CAN_RxBufConfig
                0x00001174       0x98 .\CortexM0\ARM_GCC_541\Debug\Hill_Climbing.a(CAN.o)
                0x00001174                CAN_RxBufConfig
 .text.CAN_TxBufConfig
                0x0000120c       0x58 .\CortexM0\ARM_GCC_541\Debug\Hill_Climbing.a(CAN.o)
                0x0000120c                CAN_TxBufConfig
 .text.CAN_RxTxBuffersConfig
                0x00001264       0x54 .\CortexM0\ARM_GCC_541\Debug\Hill_Climbing.a(CAN.o)
                0x00001264                CAN_RxTxBuffersConfig
 .text.CAN_SetSwapDataEndianness
                0x000012b8       0x40 .\CortexM0\ARM_GCC_541\Debug\Hill_Climbing.a(CAN.o)
                0x000012b8                CAN_SetSwapDataEndianness
 .text.CAN_Init
                0x000012f8       0xe4 .\CortexM0\ARM_GCC_541\Debug\Hill_Climbing.a(CAN.o)
                0x000012f8                CAN_Init
 .text.CAN_Start
                0x000013dc       0x28 .\CortexM0\ARM_GCC_541\Debug\Hill_Climbing.a(CAN.o)
                0x000013dc                CAN_Start
 .text.CAN_BusOffIsr
                0x00001404       0x14 .\CortexM0\ARM_GCC_541\Debug\Hill_Climbing.a(CAN_INT.o)
                0x00001404                CAN_BusOffIsr
 .text.CAN_MsgRXIsr
                0x00001418       0x6c .\CortexM0\ARM_GCC_541\Debug\Hill_Climbing.a(CAN_INT.o)
                0x00001418                CAN_MsgRXIsr
 .text.CAN_ISR  0x00001484       0x20 .\CortexM0\ARM_GCC_541\Debug\Hill_Climbing.a(CAN_INT.o)
                0x00001484                CAN_ISR
 .text.CAN_SendMsg0
                0x000014a4       0xa8 .\CortexM0\ARM_GCC_541\Debug\Hill_Climbing.a(CAN_TX_RX_func.o)
                0x000014a4                CAN_SendMsg0
 .text.CAN_SendMsg1
                0x0000154c       0xa8 .\CortexM0\ARM_GCC_541\Debug\Hill_Climbing.a(CAN_TX_RX_func.o)
                0x0000154c                CAN_SendMsg1
 .text.CAN_ReceiveMsg
                0x000015f4       0x1c .\CortexM0\ARM_GCC_541\Debug\Hill_Climbing.a(CAN_TX_RX_func.o)
                0x000015f4                CAN_ReceiveMsg
 .text.CAN_ReceiveMsg0
                0x00001610       0x50 .\CortexM0\ARM_GCC_541\Debug\Hill_Climbing.a(CAN_TX_RX_func.o)
                0x00001610                CAN_ReceiveMsg0
 .text.CAN_ReceiveMsg1
                0x00001660       0x50 .\CortexM0\ARM_GCC_541\Debug\Hill_Climbing.a(CAN_TX_RX_func.o)
                0x00001660                CAN_ReceiveMsg1
 .text.CAN_ReceiveMsg2
                0x000016b0       0x50 .\CortexM0\ARM_GCC_541\Debug\Hill_Climbing.a(CAN_TX_RX_func.o)
                0x000016b0                CAN_ReceiveMsg2
 .text.CAN_isr_SetVector
                0x00001700        0xc .\CortexM0\ARM_GCC_541\Debug\Hill_Climbing.a(CAN_isr.o)
                0x00001700                CAN_isr_SetVector
 .text.CAN_isr_SetPriority
                0x0000170c       0x20 .\CortexM0\ARM_GCC_541\Debug\Hill_Climbing.a(CAN_isr.o)
                0x0000170c                CAN_isr_SetPriority
 .text.CAN_isr_Enable
                0x0000172c       0x10 .\CortexM0\ARM_GCC_541\Debug\Hill_Climbing.a(CAN_isr.o)
                0x0000172c                CAN_isr_Enable
 .text.CAN_isr_Disable
                0x0000173c       0x10 .\CortexM0\ARM_GCC_541\Debug\Hill_Climbing.a(CAN_isr.o)
                0x0000173c                CAN_isr_Disable
 .text.CAN_isr_StartEx
                0x0000174c       0x1c .\CortexM0\ARM_GCC_541\Debug\Hill_Climbing.a(CAN_isr.o)
                0x0000174c                CAN_isr_StartEx
 .text.CAN_isr_Stop
                0x00001768       0x14 .\CortexM0\ARM_GCC_541\Debug\Hill_Climbing.a(CAN_isr.o)
                0x00001768                CAN_isr_Stop
 .text.Timer_1_Enable
                0x0000177c       0x14 .\CortexM0\ARM_GCC_541\Debug\Hill_Climbing.a(Timer_1.o)
                0x0000177c                Timer_1_Enable
 .text.Timer_1_SetInterruptMode
                0x00001790        0xc .\CortexM0\ARM_GCC_541\Debug\Hill_Climbing.a(Timer_1.o)
                0x00001790                Timer_1_SetInterruptMode
 .text.Timer_1_ReadStatusRegister
                0x0000179c        0xc .\CortexM0\ARM_GCC_541\Debug\Hill_Climbing.a(Timer_1.o)
                0x0000179c                Timer_1_ReadStatusRegister
 .text.Timer_1_WritePeriod
                0x000017a8        0xc .\CortexM0\ARM_GCC_541\Debug\Hill_Climbing.a(Timer_1.o)
                0x000017a8                Timer_1_WritePeriod
 .text.Timer_1_ReadCapture
                0x000017b4        0xc .\CortexM0\ARM_GCC_541\Debug\Hill_Climbing.a(Timer_1.o)
                0x000017b4                Timer_1_ReadCapture
 .text.Timer_1_WriteCounter
                0x000017c0        0xc .\CortexM0\ARM_GCC_541\Debug\Hill_Climbing.a(Timer_1.o)
                0x000017c0                Timer_1_WriteCounter
 .text.Timer_1_ClearFIFO
                0x000017cc       0x14 .\CortexM0\ARM_GCC_541\Debug\Hill_Climbing.a(Timer_1.o)
                0x000017cc                Timer_1_ClearFIFO
 .text.Timer_1_Init
                0x000017e0       0x34 .\CortexM0\ARM_GCC_541\Debug\Hill_Climbing.a(Timer_1.o)
                0x000017e0                Timer_1_Init
 .text.Timer_1_Start
                0x00001814       0x20 .\CortexM0\ARM_GCC_541\Debug\Hill_Climbing.a(Timer_1.o)
                0x00001814                Timer_1_Start
 .text.Timer_Interrupt
                0x00001834        0x4 .\CortexM0\ARM_GCC_541\Debug\Hill_Climbing.a(Timer.o)
                0x00001834                Timer_Interrupt
 .text.Timer_SetVector
                0x00001838        0xc .\CortexM0\ARM_GCC_541\Debug\Hill_Climbing.a(Timer.o)
                0x00001838                Timer_SetVector
 .text.Timer_SetPriority
                0x00001844       0x24 .\CortexM0\ARM_GCC_541\Debug\Hill_Climbing.a(Timer.o)
                0x00001844                Timer_SetPriority
 .text.Timer_Enable
                0x00001868        0xc .\CortexM0\ARM_GCC_541\Debug\Hill_Climbing.a(Timer.o)
                0x00001868                Timer_Enable
 .text.Timer_Disable
                0x00001874        0xc .\CortexM0\ARM_GCC_541\Debug\Hill_Climbing.a(Timer.o)
                0x00001874                Timer_Disable
 .text.Timer_Start
                0x00001880       0x1c .\CortexM0\ARM_GCC_541\Debug\Hill_Climbing.a(Timer.o)
                0x00001880                Timer_Start
 .text.Timer_StartEx
                0x0000189c       0x1c .\CortexM0\ARM_GCC_541\Debug\Hill_Climbing.a(Timer.o)
                0x0000189c                Timer_StartEx
 .text.SENSOR_U_Init
                0x000018b8       0x38 .\CortexM0\ARM_GCC_541\Debug\Hill_Climbing.a(SENSOR_U.o)
                0x000018b8                SENSOR_U_Init
 .text.SENSOR_U_Enable
                0x000018f0       0x3c .\CortexM0\ARM_GCC_541\Debug\Hill_Climbing.a(SENSOR_U.o)
                0x000018f0                SENSOR_U_Enable
 .text.SENSOR_U_Start
                0x0000192c       0x20 .\CortexM0\ARM_GCC_541\Debug\Hill_Climbing.a(SENSOR_U.o)
                0x0000192c                SENSOR_U_Start
 .text.SENSOR_U_GetChar
                0x0000194c       0x78 .\CortexM0\ARM_GCC_541\Debug\Hill_Climbing.a(SENSOR_U.o)
                0x0000194c                SENSOR_U_GetChar
 .text.SENSOR_U_RXISR
                0x000019c4       0x90 .\CortexM0\ARM_GCC_541\Debug\Hill_Climbing.a(SENSOR_U_INT.o)
                0x000019c4                SENSOR_U_RXISR
 .text.SENSOR_U_IntClock_StartEx
                0x00001a54       0x1c .\CortexM0\ARM_GCC_541\Debug\Hill_Climbing.a(SENSOR_U_IntClock.o)
                0x00001a54                SENSOR_U_IntClock_StartEx
 .text.Int_Serial_SetVector
                0x00001a70        0xc .\CortexM0\ARM_GCC_541\Debug\Hill_Climbing.a(Int_Serial.o)
                0x00001a70                Int_Serial_SetVector
 .text.Int_Serial_SetPriority
                0x00001a7c       0x20 .\CortexM0\ARM_GCC_541\Debug\Hill_Climbing.a(Int_Serial.o)
                0x00001a7c                Int_Serial_SetPriority
 .text.Int_Serial_Enable
                0x00001a9c        0xc .\CortexM0\ARM_GCC_541\Debug\Hill_Climbing.a(Int_Serial.o)
                0x00001a9c                Int_Serial_Enable
 .text.Int_Serial_Disable
                0x00001aa8        0xc .\CortexM0\ARM_GCC_541\Debug\Hill_Climbing.a(Int_Serial.o)
                0x00001aa8                Int_Serial_Disable
 .text.Int_Serial_StartEx
                0x00001ab4       0x1c .\CortexM0\ARM_GCC_541\Debug\Hill_Climbing.a(Int_Serial.o)
                0x00001ab4                Int_Serial_StartEx
 .text          0x00001ad0       0x20 .\CortexM0\ARM_GCC_541\Debug\Hill_Climbing.a(CyBootAsmGnu.o)
                0x00001ad0                CyDelayCycles
                0x00001ae2                CyEnterCriticalSection
                0x00001aea                CyExitCriticalSection
 .text.CySysFlashSetWaitCycles
                0x00001af0       0x54 .\CortexM0\ARM_GCC_541\Debug\Hill_Climbing.a(CyFlash.o)
                0x00001af0                CySysFlashSetWaitCycles
 .text          0x00001b44       0x7c c:/program files (x86)/cypress/psoc creator/4.1/psoc creator/import/gnu/arm/5.4.1/bin/../lib/gcc/arm-none-eabi/5.4.1/armv6-m\libgcc.a(_arm_cmpdf2.o)
                0x00001b44                __aeabi_cdrcmple
                0x00001b54                __aeabi_cdcmple
                0x00001b54                __aeabi_cdcmpeq
                0x00001b64                __aeabi_dcmpeq
                0x00001b70                __aeabi_dcmplt
                0x00001b84                __aeabi_dcmple
                0x00001b98                __aeabi_dcmpgt
                0x00001bac                __aeabi_dcmpge
 .text          0x00001bc0       0x74 c:/program files (x86)/cypress/psoc creator/4.1/psoc creator/import/gnu/arm/5.4.1/bin/../lib/gcc/arm-none-eabi/5.4.1/armv6-m\libgcc.a(_arm_cmpsf2.o)
                0x00001bc0                __aeabi_cfrcmple
                0x00001bc8                __aeabi_cfcmpeq
                0x00001bc8                __aeabi_cfcmple
                0x00001bd8                __aeabi_fcmpeq
                0x00001be4                __aeabi_fcmplt
                0x00001bf8                __aeabi_fcmple
                0x00001c0c                __aeabi_fcmpgt
                0x00001c20                __aeabi_fcmpge
 .text          0x00001c34      0x2ec c:/program files (x86)/cypress/psoc creator/4.1/psoc creator/import/gnu/arm/5.4.1/bin/../lib/gcc/arm-none-eabi/5.4.1/armv6-m\libgcc.a(addsf3.o)
                0x00001c34                __aeabi_fadd
 .text          0x00001f20      0x234 c:/program files (x86)/cypress/psoc creator/4.1/psoc creator/import/gnu/arm/5.4.1/bin/../lib/gcc/arm-none-eabi/5.4.1/armv6-m\libgcc.a(divsf3.o)
                0x00001f20                __aeabi_fdiv
 .text          0x00002154       0x50 c:/program files (x86)/cypress/psoc creator/4.1/psoc creator/import/gnu/arm/5.4.1/bin/../lib/gcc/arm-none-eabi/5.4.1/armv6-m\libgcc.a(eqsf2.o)
                0x00002154                __eqsf2
                0x00002154                __nesf2
 .text          0x000021a4       0x88 c:/program files (x86)/cypress/psoc creator/4.1/psoc creator/import/gnu/arm/5.4.1/bin/../lib/gcc/arm-none-eabi/5.4.1/armv6-m\libgcc.a(gesf2.o)
                0x000021a4                __gesf2
                0x000021a4                __gtsf2
 .text          0x0000222c       0x88 c:/program files (x86)/cypress/psoc creator/4.1/psoc creator/import/gnu/arm/5.4.1/bin/../lib/gcc/arm-none-eabi/5.4.1/armv6-m\libgcc.a(lesf2.o)
                0x0000222c                __ltsf2
                0x0000222c                __lesf2
 .text          0x000022b4      0x228 c:/program files (x86)/cypress/psoc creator/4.1/psoc creator/import/gnu/arm/5.4.1/bin/../lib/gcc/arm-none-eabi/5.4.1/armv6-m\libgcc.a(mulsf3.o)
                0x000022b4                __aeabi_fmul
 .text          0x000024dc       0x44 c:/program files (x86)/cypress/psoc creator/4.1/psoc creator/import/gnu/arm/5.4.1/bin/../lib/gcc/arm-none-eabi/5.4.1/armv6-m\libgcc.a(fixsfsi.o)
                0x000024dc                __aeabi_f2iz
 .text          0x00002520       0x90 c:/program files (x86)/cypress/psoc creator/4.1/psoc creator/import/gnu/arm/5.4.1/bin/../lib/gcc/arm-none-eabi/5.4.1/armv6-m\libgcc.a(floatsisf.o)
                0x00002520                __aeabi_i2f
 .text          0x000025b0       0x80 c:/program files (x86)/cypress/psoc creator/4.1/psoc creator/import/gnu/arm/5.4.1/bin/../lib/gcc/arm-none-eabi/5.4.1/armv6-m\libgcc.a(eqdf2.o)
                0x000025b0                __nedf2
                0x000025b0                __eqdf2
 .text          0x00002630       0xc8 c:/program files (x86)/cypress/psoc creator/4.1/psoc creator/import/gnu/arm/5.4.1/bin/../lib/gcc/arm-none-eabi/5.4.1/armv6-m\libgcc.a(gedf2.o)
                0x00002630                __gedf2
                0x00002630                __gtdf2
 .text          0x000026f8       0xd4 c:/program files (x86)/cypress/psoc creator/4.1/psoc creator/import/gnu/arm/5.4.1/bin/../lib/gcc/arm-none-eabi/5.4.1/armv6-m\libgcc.a(ledf2.o)
                0x000026f8                __ledf2
                0x000026f8                __ltdf2
 .text          0x000027cc      0x4f4 c:/program files (x86)/cypress/psoc creator/4.1/psoc creator/import/gnu/arm/5.4.1/bin/../lib/gcc/arm-none-eabi/5.4.1/armv6-m\libgcc.a(muldf3.o)
                0x000027cc                __aeabi_dmul
 .text          0x00002cc0       0x84 c:/program files (x86)/cypress/psoc creator/4.1/psoc creator/import/gnu/arm/5.4.1/bin/../lib/gcc/arm-none-eabi/5.4.1/armv6-m\libgcc.a(floatsidf.o)
                0x00002cc0                __aeabi_i2d
 .text          0x00002d44       0xa8 c:/program files (x86)/cypress/psoc creator/4.1/psoc creator/import/gnu/arm/5.4.1/bin/../lib/gcc/arm-none-eabi/5.4.1/armv6-m\libgcc.a(extendsfdf2.o)
                0x00002d44                __aeabi_f2d
 .text          0x00002dec      0x118 c:/program files (x86)/cypress/psoc creator/4.1/psoc creator/import/gnu/arm/5.4.1/bin/../lib/gcc/arm-none-eabi/5.4.1/armv6-m\libgcc.a(truncdfsf2.o)
                0x00002dec                __aeabi_d2f
 .text          0x00002f04       0x3c c:/program files (x86)/cypress/psoc creator/4.1/psoc creator/import/gnu/arm/5.4.1/bin/../lib/gcc/arm-none-eabi/5.4.1/armv6-m\libgcc.a(_clzsi2.o)
                0x00002f04                __clzsi2
 .text.__errno  0x00002f40        0xc c:/program files (x86)/cypress/psoc creator/4.1/psoc creator/import/gnu/arm/5.4.1/bin/../lib/gcc/arm-none-eabi/5.4.1/../../../../arm-none-eabi/lib/armv6-m\libg_nano.a(lib_a-errno.o)
                0x00002f40                __errno
 .text.__libc_init_array
                0x00002f4c       0x4c c:/program files (x86)/cypress/psoc creator/4.1/psoc creator/import/gnu/arm/5.4.1/bin/../lib/gcc/arm-none-eabi/5.4.1/../../../../arm-none-eabi/lib/armv6-m\libg_nano.a(lib_a-init.o)
                0x00002f4c                __libc_init_array
 .text.memcpy   0x00002f98       0x12 c:/program files (x86)/cypress/psoc creator/4.1/psoc creator/import/gnu/arm/5.4.1/bin/../lib/gcc/arm-none-eabi/5.4.1/../../../../arm-none-eabi/lib/armv6-m\libg_nano.a(lib_a-memcpy-stub.o)
                0x00002f98                memcpy
 .text.memset   0x00002faa       0x10 c:/program files (x86)/cypress/psoc creator/4.1/psoc creator/import/gnu/arm/5.4.1/bin/../lib/gcc/arm-none-eabi/5.4.1/../../../../arm-none-eabi/lib/armv6-m\libg_nano.a(lib_a-memset.o)
                0x00002faa                memset
 *fill*         0x00002fba        0x2 
 .text.rand     0x00002fbc       0x78 c:/program files (x86)/cypress/psoc creator/4.1/psoc creator/import/gnu/arm/5.4.1/bin/../lib/gcc/arm-none-eabi/5.4.1/../../../../arm-none-eabi/lib/armv6-m\libg_nano.a(lib_a-rand.o)
                0x00002fbc                rand
 .text.malloc   0x00003034       0x14 c:/program files (x86)/cypress/psoc creator/4.1/psoc creator/import/gnu/arm/5.4.1/bin/../lib/gcc/arm-none-eabi/5.4.1/../../../../arm-none-eabi/lib/armv6-m\libg_nano.a(lib_a-malloc.o)
                0x00003034                malloc
 .text._malloc_r
                0x00003048       0xc0 c:/program files (x86)/cypress/psoc creator/4.1/psoc creator/import/gnu/arm/5.4.1/bin/../lib/gcc/arm-none-eabi/5.4.1/../../../../arm-none-eabi/lib/armv6-m\libg_nano.a(lib_a-nano-mallocr.o)
                0x00003048                _malloc_r
 .text._sbrk_r  0x00003108       0x24 c:/program files (x86)/cypress/psoc creator/4.1/psoc creator/import/gnu/arm/5.4.1/bin/../lib/gcc/arm-none-eabi/5.4.1/../../../../arm-none-eabi/lib/armv6-m\libg_nano.a(lib_a-sbrkr.o)
                0x00003108                _sbrk_r
 .text.__malloc_lock
                0x0000312c        0x2 c:/program files (x86)/cypress/psoc creator/4.1/psoc creator/import/gnu/arm/5.4.1/bin/../lib/gcc/arm-none-eabi/5.4.1/../../../../arm-none-eabi/lib/armv6-m\libg_nano.a(lib_a-mlock.o)
                0x0000312c                __malloc_lock
 .text.__malloc_unlock
                0x0000312e        0x2 c:/program files (x86)/cypress/psoc creator/4.1/psoc creator/import/gnu/arm/5.4.1/bin/../lib/gcc/arm-none-eabi/5.4.1/../../../../arm-none-eabi/lib/armv6-m\libg_nano.a(lib_a-mlock.o)
                0x0000312e                __malloc_unlock
 .text          0x00003130       0x58 c:/program files (x86)/cypress/psoc creator/4.1/psoc creator/import/gnu/arm/5.4.1/bin/../lib/gcc/arm-none-eabi/5.4.1/armv6-m\libgcc.a(_muldi3.o)
                0x00003130                __muldi3
                0x00003130                __aeabi_lmul
 *(.plt)
 *(.gnu.warning)
 *(.glue_7t)
 .glue_7t       0x00003188        0x0 linker stubs
 *(.glue_7)
 .glue_7        0x00003188        0x0 linker stubs
 *(.vfp11_veneer)
 .vfp11_veneer  0x00003188        0x0 linker stubs
 *(.bootloader)
 *(.ARM.extab* .gnu.linkonce.armextab.*)
 *(.gcc_except_table)

.v4_bx          0x00003188        0x0
 .v4_bx         0x00003188        0x0 linker stubs

.iplt           0x00003188        0x0
 .iplt          0x00003188        0x0 c:/program files (x86)/cypress/psoc creator/4.1/psoc creator/import/gnu/arm/5.4.1/bin/../lib/gcc/arm-none-eabi/5.4.1/armv6-m/crtbegin.o

.eh_frame_hdr
 *(.eh_frame_hdr)

.eh_frame       0x00003188        0x4
 *(.eh_frame)
 .eh_frame      0x00003188        0x0 c:/program files (x86)/cypress/psoc creator/4.1/psoc creator/import/gnu/arm/5.4.1/bin/../lib/gcc/arm-none-eabi/5.4.1/armv6-m/crtbegin.o
 .eh_frame      0x00003188        0x4 c:/program files (x86)/cypress/psoc creator/4.1/psoc creator/import/gnu/arm/5.4.1/bin/../lib/gcc/arm-none-eabi/5.4.1/armv6-m/crtend.o
                [!provide]                PROVIDE (__exidx_start, .)

.ARM.exidx
 *(.ARM.exidx* .gnu.linkonce.armexidx.*)
                0x0000318c                __exidx_end = .

.rodata         0x0000318c      0x57c
 *(.rodata .rodata.* .gnu.linkonce.r.*)
 .rodata        0x0000318c      0x29c .\CortexM0\ARM_GCC_541\Debug\cyfitter_cfg.o
 .rodata        0x00003428       0x47 .\CortexM0\ARM_GCC_541\Debug\Hill_Climbing.a(CyLib.o)
                0x00003428                cyImoFreqMhz2Reg
                0x00003458                cyImoFreqMhz2DpllOffset
 *fill*         0x0000346f        0x1 
 .rodata        0x00003470      0x160 .\CortexM0\ARM_GCC_541\Debug\Hill_Climbing.a(CAN.o)
 .rodata        0x000035d0       0x80 c:/program files (x86)/cypress/psoc creator/4.1/psoc creator/import/gnu/arm/5.4.1/bin/../lib/gcc/arm-none-eabi/5.4.1/armv6-m\libgcc.a(divsf3.o)
 .rodata        0x00003650       0x40 c:/program files (x86)/cypress/psoc creator/4.1/psoc creator/import/gnu/arm/5.4.1/bin/../lib/gcc/arm-none-eabi/5.4.1/armv6-m\libgcc.a(mulsf3.o)
 .rodata        0x00003690       0x40 c:/program files (x86)/cypress/psoc creator/4.1/psoc creator/import/gnu/arm/5.4.1/bin/../lib/gcc/arm-none-eabi/5.4.1/armv6-m\libgcc.a(muldf3.o)
 .rodata.str1.1
                0x000036d0        0x2 c:/program files (x86)/cypress/psoc creator/4.1/psoc creator/import/gnu/arm/5.4.1/bin/../lib/gcc/arm-none-eabi/5.4.1/../../../../arm-none-eabi/lib/armv6-m\libg_nano.a(lib_a-impure.o)
                0x000036d4                . = ALIGN (0x4)
 *fill*         0x000036d2        0x2 
 *(.init)
 .init          0x000036d4        0x4 c:/program files (x86)/cypress/psoc creator/4.1/psoc creator/import/gnu/arm/5.4.1/bin/../lib/gcc/arm-none-eabi/5.4.1/armv6-m/crti.o
                0x000036d4                _init
 .init          0x000036d8        0x8 c:/program files (x86)/cypress/psoc creator/4.1/psoc creator/import/gnu/arm/5.4.1/bin/../lib/gcc/arm-none-eabi/5.4.1/armv6-m/crtn.o
                0x000036e0                . = ALIGN (0x4)
                0x000036e0                __preinit_array_start = .
 *(.preinit_array)
                0x000036e0                __preinit_array_end = .
                0x000036e0                . = ALIGN (0x4)
                0x000036e0                __init_array_start = .
 *(SORT(.init_array.*))
 *(.init_array)
 .init_array    0x000036e0        0x4 c:/program files (x86)/cypress/psoc creator/4.1/psoc creator/import/gnu/arm/5.4.1/bin/../lib/gcc/arm-none-eabi/5.4.1/armv6-m/crtbegin.o
 .init_array    0x000036e4        0x4 .\CortexM0\ARM_GCC_541\Debug\Cm0Start.o
                0x000036e8                __init_array_end = .
                0x000036e8                . = ALIGN (0x4)
 *(.fini)
 .fini          0x000036e8        0x4 c:/program files (x86)/cypress/psoc creator/4.1/psoc creator/import/gnu/arm/5.4.1/bin/../lib/gcc/arm-none-eabi/5.4.1/armv6-m/crti.o
                0x000036e8                _fini
 .fini          0x000036ec        0x8 c:/program files (x86)/cypress/psoc creator/4.1/psoc creator/import/gnu/arm/5.4.1/bin/../lib/gcc/arm-none-eabi/5.4.1/armv6-m/crtn.o
                0x000036f4                . = ALIGN (0x4)
                0x000036f4                __fini_array_start = .
 *(.fini_array)
 .fini_array    0x000036f4        0x4 c:/program files (x86)/cypress/psoc creator/4.1/psoc creator/import/gnu/arm/5.4.1/bin/../lib/gcc/arm-none-eabi/5.4.1/armv6-m/crtbegin.o
 *(SORT(.fini_array.*))
                0x000036f8                __fini_array_end = .
                0x000036f8                . = ALIGN (0x4)
 *crtbegin.o(.ctors)
 *(EXCLUDE_FILE(*crtend.o) .ctors)
 *(SORT(.ctors.*))
 *crtend.o(.ctors)
                0x000036f8                . = ALIGN (0x4)
 *crtbegin.o(.dtors)
 *(EXCLUDE_FILE(*crtend.o) .dtors)
 *(SORT(.dtors.*))
 *crtend.o(.dtors)
                0x000036f8                . = ALIGN (0x4)
                0x000036f8                __cy_regions = .
                0x000036f8        0x4 LONG 0x3708 __cy_region_init_ram
                0x000036fc        0x4 LONG 0x200000c0 __cy_region_start_data
                0x00003700        0x4 LONG 0x98 __cy_region_init_size_ram
                0x00003704        0x4 LONG 0xb0 __cy_region_zero_size_ram
                0x00003708                __cy_regions_end = .
                0x00003708                . = ALIGN (0x8)
                0x00003708                _etext = .

.cy_checksum_exclude
                0x00003708        0x0
 *(.cy_checksum_exclude)

.ramvectors     0x20000000       0xc0
                0x20000000                __cy_region_start_ram = .
 *(.ramvectors)
 .ramvectors    0x20000000       0xc0 .\CortexM0\ARM_GCC_541\Debug\Cm0Start.o
                0x20000000                CyRamVectors

.noinit
 *(.noinit)

.data           0x200000c0       0x98 load address 0x00003708
                0x200000c0                __cy_region_start_data = .
 *(.jcr)
 .jcr           0x200000c0        0x0 c:/program files (x86)/cypress/psoc creator/4.1/psoc creator/import/gnu/arm/5.4.1/bin/../lib/gcc/arm-none-eabi/5.4.1/armv6-m/crtbegin.o
 .jcr           0x200000c0        0x4 c:/program files (x86)/cypress/psoc creator/4.1/psoc creator/import/gnu/arm/5.4.1/bin/../lib/gcc/arm-none-eabi/5.4.1/armv6-m/crtend.o
 *(.got.plt)
 *(.got)
 *(.shdata)
 *(.data .data.* .gnu.linkonce.d.*)
 .data          0x200000c4       0x10 .\CortexM0\ARM_GCC_541\Debug\main.o
                0x200000c4                offset
                0x200000c8                fase
                0x200000cc                amplitud
                0x200000d0                Max_Conta
 .data          0x200000d4        0x4 .\CortexM0\ARM_GCC_541\Debug\Cm0Start.o
 .data          0x200000d8       0x10 .\CortexM0\ARM_GCC_541\Debug\Hill_Climbing.a(CyLib.o)
                0x200000d8                cydelay32kMs
                0x200000dc                cydelayFreqKhz
                0x200000e0                cydelayFreqMhz
                0x200000e4                cydelayFreqHz
 .data          0x200000e8        0x8 .\CortexM0\ARM_GCC_541\Debug\Hill_Climbing.a(CyLFClk.o)
 .data.impure_data
                0x200000f0       0x60 c:/program files (x86)/cypress/psoc creator/4.1/psoc creator/import/gnu/arm/5.4.1/bin/../lib/gcc/arm-none-eabi/5.4.1/../../../../arm-none-eabi/lib/armv6-m\libg_nano.a(lib_a-impure.o)
 .data._impure_ptr
                0x20000150        0x4 c:/program files (x86)/cypress/psoc creator/4.1/psoc creator/import/gnu/arm/5.4.1/bin/../lib/gcc/arm-none-eabi/5.4.1/../../../../arm-none-eabi/lib/armv6-m\libg_nano.a(lib_a-impure.o)
                0x20000150                _impure_ptr
                0x20000158                . = ALIGN (0x8)
 *fill*         0x20000154        0x4 
 *(.ram)
                0x20000158                _edata = .

.igot.plt       0x20000158        0x0 load address 0x000037a0
 .igot.plt      0x20000158        0x0 c:/program files (x86)/cypress/psoc creator/4.1/psoc creator/import/gnu/arm/5.4.1/bin/../lib/gcc/arm-none-eabi/5.4.1/armv6-m/crtbegin.o

.bss            0x20000158       0xb0 load address 0x000037a0
                0x20000158                PROVIDE (__bss_start__, .)
 *(.shbss)
 *(.bss .bss.* .gnu.linkonce.b.*)
 .bss           0x20000158       0x1c c:/program files (x86)/cypress/psoc creator/4.1/psoc creator/import/gnu/arm/5.4.1/bin/../lib/gcc/arm-none-eabi/5.4.1/armv6-m/crtbegin.o
 .bss           0x20000174       0x28 .\CortexM0\ARM_GCC_541\Debug\main.o
                0x20000174                dist
                0x20000178                cantidadM
                0x2000017c                Cantidad_Sensores
                0x20000180                flag
                0x20000184                L_actual
                0x20000188                L_anterior
                0x2000018c                conta
                0x20000190                pha_aux
                0x20000194                off_aux
                0x20000198                ampli_aux
 .bss           0x2000019c       0x28 .\CortexM0\ARM_GCC_541\Debug\Hill_Climbing.a(CyLFClk.o)
 .bss           0x200001c4        0x1 .\CortexM0\ARM_GCC_541\Debug\Hill_Climbing.a(CAN.o)
                0x200001c4                CAN_initVar
 .bss           0x200001c5        0x1 .\CortexM0\ARM_GCC_541\Debug\Hill_Climbing.a(Timer_1.o)
                0x200001c5                Timer_1_initVar
 .bss           0x200001c6        0x6 .\CortexM0\ARM_GCC_541\Debug\Hill_Climbing.a(SENSOR_U.o)
                0x200001c6                SENSOR_U_errorStatus
                0x200001c7                SENSOR_U_initVar
                0x200001c8                SENSOR_U_rxBufferRead
                0x200001c9                SENSOR_U_rxBufferWrite
                0x200001ca                SENSOR_U_rxBufferLoopDetect
                0x200001cb                SENSOR_U_rxBufferOverflow
 .bss.__malloc_sbrk_start
                0x200001cc        0x4 c:/program files (x86)/cypress/psoc creator/4.1/psoc creator/import/gnu/arm/5.4.1/bin/../lib/gcc/arm-none-eabi/5.4.1/../../../../arm-none-eabi/lib/armv6-m\libg_nano.a(lib_a-nano-mallocr.o)
                0x200001cc                __malloc_sbrk_start
 .bss.__malloc_free_list
                0x200001d0        0x4 c:/program files (x86)/cypress/psoc creator/4.1/psoc creator/import/gnu/arm/5.4.1/bin/../lib/gcc/arm-none-eabi/5.4.1/../../../../arm-none-eabi/lib/armv6-m\libg_nano.a(lib_a-nano-mallocr.o)
                0x200001d0                __malloc_free_list
 *(COMMON)
 COMMON         0x200001d4       0x28 .\CortexM0\ARM_GCC_541\Debug\main.o
                0x200001d4                dato_enviado_1
                0x200001dc                mailbox1
                0x200001e4                dato_enviado
                0x200001ec                mailbox2
                0x200001f4                mailbox0
 COMMON         0x200001fc        0x8 .\CortexM0\ARM_GCC_541\Debug\Hill_Climbing.a(SENSOR_U.o)
                0x200001fc                SENSOR_U_rxBuffer
 COMMON         0x20000204        0x4 c:/program files (x86)/cypress/psoc creator/4.1/psoc creator/import/gnu/arm/5.4.1/bin/../lib/gcc/arm-none-eabi/5.4.1/../../../../arm-none-eabi/lib/armv6-m\libg_nano.a(lib_a-reent.o)
                0x20000204                errno
                0x20000208                . = ALIGN (0x8)
 *(.ram.b)
                0x20000208                _end = .
                0x20000208                __end = .
                0x20000208                PROVIDE (end, .)
                0x20000208                PROVIDE (__bss_end__, .)
                0x00003708                __cy_region_init_ram = LOADADDR (.data)
                0x00000098                __cy_region_init_size_ram = (_edata - ADDR (.data))
                0x000000b0                __cy_region_zero_size_ram = (_end - _edata)

.heap           0x20000208       0x80 load address 0x000037a0
                0x20000208                . = _end
                0x20000288                . = (. + 0x80)
 *fill*         0x20000208       0x80 
                0x20000288                __cy_heap_limit = .

.stack          0x20003800      0x800
                0x20003800                __cy_stack_limit = .
                0x20004000                . = (. + 0x800)
 *fill*         0x20003800      0x800 
                0x00000001                ASSERT ((__cy_stack_limit >= __cy_heap_limit), region RAM overflowed with stack)
                0x00000000                cy_checksum_exclude_size = (CY_APPL_LOADABLE == 0x1)?SIZEOF (.cy_checksum_exclude):0x0
                0x00000001                ASSERT ((cy_checksum_exclude_size <= CY_CHECKSUM_EXCLUDE_SIZE), CY_BOOT: Section .cy_checksum_exclude size exceedes specified limit.)
                0x0001ffc0                cyloadermeta_start = (cy_project_type_bootloader || cy_project_type_app_for_stack_and_copier)?(LENGTH (rom) - CY_METADATA_SIZE):0xf0000000

.cyloadermeta
 *(.cyloadermeta)
                0x0001ffc0                cyloadablemeta_start = cy_project_type_app_for_stack_and_copier?((LENGTH (rom) - CY_FLASH_ROW_SIZE) - CY_METADATA_SIZE):((LENGTH (rom) - (CY_FLASH_ROW_SIZE * (CY_APPL_NUM - 0x1))) - CY_METADATA_SIZE)

.cyloadablemeta
 *(.cyloadablemeta)

.cyflashprotect
                0x90400000       0x80
 *(.cyflashprotect)
 .cyflashprotect
                0x90400000       0x80 .\CortexM0\ARM_GCC_541\Debug\cymetadata.o
                0x90400000                cy_meta_flashprotect

.cymeta         0x90500000        0xc
 *(.cymeta)
 .cymeta        0x90500000        0xc .\CortexM0\ARM_GCC_541\Debug\cymetadata.o
                0x90500000                cy_metadata

.cychipprotect  0x90600000        0x1
 *(.cychipprotect)
 .cychipprotect
                0x90600000        0x1 .\CortexM0\ARM_GCC_541\Debug\cymetadata.o
                0x90600000                cy_meta_chipprotect

.rel.dyn        0x000037a0        0x0 load address 0x90600004
 .rel.iplt      0x000037a0        0x0 c:/program files (x86)/cypress/psoc creator/4.1/psoc creator/import/gnu/arm/5.4.1/bin/../lib/gcc/arm-none-eabi/5.4.1/armv6-m/crtbegin.o

.stab
 *(.stab)

.stabstr
 *(.stabstr)

.debug
 *(.debug)

.line
 *(.line)

.debug_srcinfo
 *(.debug_srcinfo)

.debug_sfnames
 *(.debug_sfnames)

.debug_aranges  0x00000000      0x9b0
 *(.debug_aranges)
 .debug_aranges
                0x00000000       0xa8 .\CortexM0\ARM_GCC_541\Debug\main.o
 .debug_aranges
                0x000000a8       0x48 .\CortexM0\ARM_GCC_541\Debug\cyfitter_cfg.o
 .debug_aranges
                0x000000f0       0x18 .\CortexM0\ARM_GCC_541\Debug\cymetadata.o
 .debug_aranges
                0x00000108       0x48 .\CortexM0\ARM_GCC_541\Debug\Cm0Start.o
 .debug_aranges
                0x00000150       0x48 .\CortexM0\ARM_GCC_541\Debug\Hill_Climbing.a(LED_1.o)
 .debug_aranges
                0x00000198      0x1b8 .\CortexM0\ARM_GCC_541\Debug\Hill_Climbing.a(CyLib.o)
 .debug_aranges
                0x00000350      0x188 .\CortexM0\ARM_GCC_541\Debug\Hill_Climbing.a(CyLFClk.o)
 .debug_aranges
                0x000004d8       0xe8 .\CortexM0\ARM_GCC_541\Debug\Hill_Climbing.a(CAN.o)
 .debug_aranges
                0x000005c0       0x30 .\CortexM0\ARM_GCC_541\Debug\Hill_Climbing.a(CAN_INT.o)
 .debug_aranges
                0x000005f0       0x58 .\CortexM0\ARM_GCC_541\Debug\Hill_Climbing.a(CAN_TX_RX_func.o)
 .debug_aranges
                0x00000648       0x80 .\CortexM0\ARM_GCC_541\Debug\Hill_Climbing.a(CAN_isr.o)
 .debug_aranges
                0x000006c8       0x90 .\CortexM0\ARM_GCC_541\Debug\Hill_Climbing.a(Timer_1.o)
 .debug_aranges
                0x00000758       0x80 .\CortexM0\ARM_GCC_541\Debug\Hill_Climbing.a(Timer.o)
 .debug_aranges
                0x000007d8       0x98 .\CortexM0\ARM_GCC_541\Debug\Hill_Climbing.a(SENSOR_U.o)
 .debug_aranges
                0x00000870       0x20 .\CortexM0\ARM_GCC_541\Debug\Hill_Climbing.a(SENSOR_U_INT.o)
 .debug_aranges
                0x00000890       0x40 .\CortexM0\ARM_GCC_541\Debug\Hill_Climbing.a(SENSOR_U_IntClock.o)
 .debug_aranges
                0x000008d0       0x80 .\CortexM0\ARM_GCC_541\Debug\Hill_Climbing.a(Int_Serial.o)
 .debug_aranges
                0x00000950       0x20 .\CortexM0\ARM_GCC_541\Debug\Hill_Climbing.a(CyBootAsmGnu.o)
 .debug_aranges
                0x00000970       0x40 .\CortexM0\ARM_GCC_541\Debug\Hill_Climbing.a(CyFlash.o)

.debug_pubnames
 *(.debug_pubnames)

.debug_info     0x00000000     0x5e99
 *(.debug_info .gnu.linkonce.wi.*)
 .debug_info    0x00000000      0xced .\CortexM0\ARM_GCC_541\Debug\main.o
 .debug_info    0x00000ced      0x57e .\CortexM0\ARM_GCC_541\Debug\cyfitter_cfg.o
 .debug_info    0x0000126b       0xf8 .\CortexM0\ARM_GCC_541\Debug\cymetadata.o
 .debug_info    0x00001363      0x38e .\CortexM0\ARM_GCC_541\Debug\Cm0Start.o
 .debug_info    0x000016f1      0x19d .\CortexM0\ARM_GCC_541\Debug\Hill_Climbing.a(LED_1.o)
 .debug_info    0x0000188e      0xd00 .\CortexM0\ARM_GCC_541\Debug\Hill_Climbing.a(CyLib.o)
 .debug_info    0x0000258e     0x1058 .\CortexM0\ARM_GCC_541\Debug\Hill_Climbing.a(CyLFClk.o)
 .debug_info    0x000035e6      0x9c6 .\CortexM0\ARM_GCC_541\Debug\Hill_Climbing.a(CAN.o)
 .debug_info    0x00003fac      0x28d .\CortexM0\ARM_GCC_541\Debug\Hill_Climbing.a(CAN_INT.o)
 .debug_info    0x00004239      0x43f .\CortexM0\ARM_GCC_541\Debug\Hill_Climbing.a(CAN_TX_RX_func.o)
 .debug_info    0x00004678      0x305 .\CortexM0\ARM_GCC_541\Debug\Hill_Climbing.a(CAN_isr.o)
 .debug_info    0x0000497d      0x2d1 .\CortexM0\ARM_GCC_541\Debug\Hill_Climbing.a(Timer_1.o)
 .debug_info    0x00004c4e      0x305 .\CortexM0\ARM_GCC_541\Debug\Hill_Climbing.a(Timer.o)
 .debug_info    0x00004f53      0x5a6 .\CortexM0\ARM_GCC_541\Debug\Hill_Climbing.a(SENSOR_U.o)
 .debug_info    0x000054f9      0x14c .\CortexM0\ARM_GCC_541\Debug\Hill_Climbing.a(SENSOR_U_INT.o)
 .debug_info    0x00005645      0x166 .\CortexM0\ARM_GCC_541\Debug\Hill_Climbing.a(SENSOR_U_IntClock.o)
 .debug_info    0x000057ab      0x305 .\CortexM0\ARM_GCC_541\Debug\Hill_Climbing.a(Int_Serial.o)
 .debug_info    0x00005ab0       0x99 .\CortexM0\ARM_GCC_541\Debug\Hill_Climbing.a(CyBootAsmGnu.o)
 .debug_info    0x00005b49      0x350 .\CortexM0\ARM_GCC_541\Debug\Hill_Climbing.a(CyFlash.o)

.debug_abbrev   0x00000000     0x195d
 *(.debug_abbrev)
 .debug_abbrev  0x00000000      0x1fc .\CortexM0\ARM_GCC_541\Debug\main.o
 .debug_abbrev  0x000001fc      0x1e1 .\CortexM0\ARM_GCC_541\Debug\cyfitter_cfg.o
 .debug_abbrev  0x000003dd       0x5d .\CortexM0\ARM_GCC_541\Debug\cymetadata.o
 .debug_abbrev  0x0000043a      0x1f2 .\CortexM0\ARM_GCC_541\Debug\Cm0Start.o
 .debug_abbrev  0x0000062c       0xc8 .\CortexM0\ARM_GCC_541\Debug\Hill_Climbing.a(LED_1.o)
 .debug_abbrev  0x000006f4      0x200 .\CortexM0\ARM_GCC_541\Debug\Hill_Climbing.a(CyLib.o)
 .debug_abbrev  0x000008f4      0x248 .\CortexM0\ARM_GCC_541\Debug\Hill_Climbing.a(CyLFClk.o)
 .debug_abbrev  0x00000b3c      0x186 .\CortexM0\ARM_GCC_541\Debug\Hill_Climbing.a(CAN.o)
 .debug_abbrev  0x00000cc2       0xe6 .\CortexM0\ARM_GCC_541\Debug\Hill_Climbing.a(CAN_INT.o)
 .debug_abbrev  0x00000da8      0x1ad .\CortexM0\ARM_GCC_541\Debug\Hill_Climbing.a(CAN_TX_RX_func.o)
 .debug_abbrev  0x00000f55      0x19a .\CortexM0\ARM_GCC_541\Debug\Hill_Climbing.a(CAN_isr.o)
 .debug_abbrev  0x000010ef      0x12b .\CortexM0\ARM_GCC_541\Debug\Hill_Climbing.a(Timer_1.o)
 .debug_abbrev  0x0000121a      0x19a .\CortexM0\ARM_GCC_541\Debug\Hill_Climbing.a(Timer.o)
 .debug_abbrev  0x000013b4      0x138 .\CortexM0\ARM_GCC_541\Debug\Hill_Climbing.a(SENSOR_U.o)
 .debug_abbrev  0x000014ec       0x8a .\CortexM0\ARM_GCC_541\Debug\Hill_Climbing.a(SENSOR_U_INT.o)
 .debug_abbrev  0x00001576       0xb7 .\CortexM0\ARM_GCC_541\Debug\Hill_Climbing.a(SENSOR_U_IntClock.o)
 .debug_abbrev  0x0000162d      0x19a .\CortexM0\ARM_GCC_541\Debug\Hill_Climbing.a(Int_Serial.o)
 .debug_abbrev  0x000017c7       0x14 .\CortexM0\ARM_GCC_541\Debug\Hill_Climbing.a(CyBootAsmGnu.o)
 .debug_abbrev  0x000017db      0x182 .\CortexM0\ARM_GCC_541\Debug\Hill_Climbing.a(CyFlash.o)

.debug_line     0x00000000     0x263a
 *(.debug_line)
 .debug_line    0x00000000      0x485 .\CortexM0\ARM_GCC_541\Debug\main.o
 .debug_line    0x00000485      0x1c5 .\CortexM0\ARM_GCC_541\Debug\cyfitter_cfg.o
 .debug_line    0x0000064a      0x141 .\CortexM0\ARM_GCC_541\Debug\cymetadata.o
 .debug_line    0x0000078b      0x236 .\CortexM0\ARM_GCC_541\Debug\Cm0Start.o
 .debug_line    0x000009c1       0xbd .\CortexM0\ARM_GCC_541\Debug\Hill_Climbing.a(LED_1.o)
 .debug_line    0x00000a7e      0x51a .\CortexM0\ARM_GCC_541\Debug\Hill_Climbing.a(CyLib.o)
 .debug_line    0x00000f98      0x5d1 .\CortexM0\ARM_GCC_541\Debug\Hill_Climbing.a(CyLFClk.o)
 .debug_line    0x00001569      0x3e7 .\CortexM0\ARM_GCC_541\Debug\Hill_Climbing.a(CAN.o)
 .debug_line    0x00001950       0xbe .\CortexM0\ARM_GCC_541\Debug\Hill_Climbing.a(CAN_INT.o)
 .debug_line    0x00001a0e      0x18d .\CortexM0\ARM_GCC_541\Debug\Hill_Climbing.a(CAN_TX_RX_func.o)
 .debug_line    0x00001b9b      0x153 .\CortexM0\ARM_GCC_541\Debug\Hill_Climbing.a(CAN_isr.o)
 .debug_line    0x00001cee      0x17b .\CortexM0\ARM_GCC_541\Debug\Hill_Climbing.a(Timer_1.o)
 .debug_line    0x00001e69      0x151 .\CortexM0\ARM_GCC_541\Debug\Hill_Climbing.a(Timer.o)
 .debug_line    0x00001fba      0x206 .\CortexM0\ARM_GCC_541\Debug\Hill_Climbing.a(SENSOR_U.o)
 .debug_line    0x000021c0       0x89 .\CortexM0\ARM_GCC_541\Debug\Hill_Climbing.a(SENSOR_U_INT.o)
 .debug_line    0x00002249       0xc4 .\CortexM0\ARM_GCC_541\Debug\Hill_Climbing.a(SENSOR_U_IntClock.o)
 .debug_line    0x0000230d      0x152 .\CortexM0\ARM_GCC_541\Debug\Hill_Climbing.a(Int_Serial.o)
 .debug_line    0x0000245f       0x68 .\CortexM0\ARM_GCC_541\Debug\Hill_Climbing.a(CyBootAsmGnu.o)
 .debug_line    0x000024c7      0x173 .\CortexM0\ARM_GCC_541\Debug\Hill_Climbing.a(CyFlash.o)

.debug_frame    0x00000000     0x1d04
 *(.debug_frame)
 .debug_frame   0x00000000      0x220 .\CortexM0\ARM_GCC_541\Debug\main.o
 .debug_frame   0x00000220       0xbc .\CortexM0\ARM_GCC_541\Debug\cyfitter_cfg.o
 .debug_frame   0x000002dc       0xb0 .\CortexM0\ARM_GCC_541\Debug\Cm0Start.o
 .debug_frame   0x0000038c       0x70 .\CortexM0\ARM_GCC_541\Debug\Hill_Climbing.a(LED_1.o)
 .debug_frame   0x000003fc      0x474 .\CortexM0\ARM_GCC_541\Debug\Hill_Climbing.a(CyLib.o)
 .debug_frame   0x00000870      0x4a4 .\CortexM0\ARM_GCC_541\Debug\Hill_Climbing.a(CyLFClk.o)
 .debug_frame   0x00000d14      0x238 .\CortexM0\ARM_GCC_541\Debug\Hill_Climbing.a(CAN.o)
 .debug_frame   0x00000f4c       0x68 .\CortexM0\ARM_GCC_541\Debug\Hill_Climbing.a(CAN_INT.o)
 .debug_frame   0x00000fb4       0xd0 .\CortexM0\ARM_GCC_541\Debug\Hill_Climbing.a(CAN_TX_RX_func.o)
 .debug_frame   0x00001084      0x110 .\CortexM0\ARM_GCC_541\Debug\Hill_Climbing.a(CAN_isr.o)
 .debug_frame   0x00001194      0x124 .\CortexM0\ARM_GCC_541\Debug\Hill_Climbing.a(Timer_1.o)
 .debug_frame   0x000012b8      0x110 .\CortexM0\ARM_GCC_541\Debug\Hill_Climbing.a(Timer.o)
 .debug_frame   0x000013c8      0x17c .\CortexM0\ARM_GCC_541\Debug\Hill_Climbing.a(SENSOR_U.o)
 .debug_frame   0x00001544       0x20 .\CortexM0\ARM_GCC_541\Debug\Hill_Climbing.a(SENSOR_U_INT.o)
 .debug_frame   0x00001564       0x6c .\CortexM0\ARM_GCC_541\Debug\Hill_Climbing.a(SENSOR_U_IntClock.o)
 .debug_frame   0x000015d0      0x110 .\CortexM0\ARM_GCC_541\Debug\Hill_Climbing.a(Int_Serial.o)
 .debug_frame   0x000016e0       0x90 .\CortexM0\ARM_GCC_541\Debug\Hill_Climbing.a(CyFlash.o)
 .debug_frame   0x00001770       0x20 c:/program files (x86)/cypress/psoc creator/4.1/psoc creator/import/gnu/arm/5.4.1/bin/../lib/gcc/arm-none-eabi/5.4.1/armv6-m\libgcc.a(_udivsi3.o)
 .debug_frame   0x00001790       0x20 c:/program files (x86)/cypress/psoc creator/4.1/psoc creator/import/gnu/arm/5.4.1/bin/../lib/gcc/arm-none-eabi/5.4.1/armv6-m\libgcc.a(_divsi3.o)
 .debug_frame   0x000017b0       0x30 c:/program files (x86)/cypress/psoc creator/4.1/psoc creator/import/gnu/arm/5.4.1/bin/../lib/gcc/arm-none-eabi/5.4.1/armv6-m\libgcc.a(addsf3.o)
 .debug_frame   0x000017e0       0x3c c:/program files (x86)/cypress/psoc creator/4.1/psoc creator/import/gnu/arm/5.4.1/bin/../lib/gcc/arm-none-eabi/5.4.1/armv6-m\libgcc.a(divsf3.o)
 .debug_frame   0x0000181c       0x2c c:/program files (x86)/cypress/psoc creator/4.1/psoc creator/import/gnu/arm/5.4.1/bin/../lib/gcc/arm-none-eabi/5.4.1/armv6-m\libgcc.a(eqsf2.o)
 .debug_frame   0x00001848       0x30 c:/program files (x86)/cypress/psoc creator/4.1/psoc creator/import/gnu/arm/5.4.1/bin/../lib/gcc/arm-none-eabi/5.4.1/armv6-m\libgcc.a(gesf2.o)
 .debug_frame   0x00001878       0x30 c:/program files (x86)/cypress/psoc creator/4.1/psoc creator/import/gnu/arm/5.4.1/bin/../lib/gcc/arm-none-eabi/5.4.1/armv6-m\libgcc.a(lesf2.o)
 .debug_frame   0x000018a8       0x38 c:/program files (x86)/cypress/psoc creator/4.1/psoc creator/import/gnu/arm/5.4.1/bin/../lib/gcc/arm-none-eabi/5.4.1/armv6-m\libgcc.a(mulsf3.o)
 .debug_frame   0x000018e0       0x20 c:/program files (x86)/cypress/psoc creator/4.1/psoc creator/import/gnu/arm/5.4.1/bin/../lib/gcc/arm-none-eabi/5.4.1/armv6-m\libgcc.a(fixsfsi.o)
 .debug_frame   0x00001900       0x2c c:/program files (x86)/cypress/psoc creator/4.1/psoc creator/import/gnu/arm/5.4.1/bin/../lib/gcc/arm-none-eabi/5.4.1/armv6-m\libgcc.a(floatsisf.o)
 .debug_frame   0x0000192c       0x38 c:/program files (x86)/cypress/psoc creator/4.1/psoc creator/import/gnu/arm/5.4.1/bin/../lib/gcc/arm-none-eabi/5.4.1/armv6-m\libgcc.a(eqdf2.o)
 .debug_frame   0x00001964       0x38 c:/program files (x86)/cypress/psoc creator/4.1/psoc creator/import/gnu/arm/5.4.1/bin/../lib/gcc/arm-none-eabi/5.4.1/armv6-m\libgcc.a(gedf2.o)
 .debug_frame   0x0000199c       0x38 c:/program files (x86)/cypress/psoc creator/4.1/psoc creator/import/gnu/arm/5.4.1/bin/../lib/gcc/arm-none-eabi/5.4.1/armv6-m\libgcc.a(ledf2.o)
 .debug_frame   0x000019d4       0x3c c:/program files (x86)/cypress/psoc creator/4.1/psoc creator/import/gnu/arm/5.4.1/bin/../lib/gcc/arm-none-eabi/5.4.1/armv6-m\libgcc.a(muldf3.o)
 .debug_frame   0x00001a10       0x2c c:/program files (x86)/cypress/psoc creator/4.1/psoc creator/import/gnu/arm/5.4.1/bin/../lib/gcc/arm-none-eabi/5.4.1/armv6-m\libgcc.a(floatsidf.o)
 .debug_frame   0x00001a3c       0x2c c:/program files (x86)/cypress/psoc creator/4.1/psoc creator/import/gnu/arm/5.4.1/bin/../lib/gcc/arm-none-eabi/5.4.1/armv6-m\libgcc.a(extendsfdf2.o)
 .debug_frame   0x00001a68       0x2c c:/program files (x86)/cypress/psoc creator/4.1/psoc creator/import/gnu/arm/5.4.1/bin/../lib/gcc/arm-none-eabi/5.4.1/armv6-m\libgcc.a(truncdfsf2.o)
 .debug_frame   0x00001a94       0x20 c:/program files (x86)/cypress/psoc creator/4.1/psoc creator/import/gnu/arm/5.4.1/bin/../lib/gcc/arm-none-eabi/5.4.1/../../../../arm-none-eabi/lib/armv6-m\libg_nano.a(lib_a-errno.o)
 .debug_frame   0x00001ab4       0x28 c:/program files (x86)/cypress/psoc creator/4.1/psoc creator/import/gnu/arm/5.4.1/bin/../lib/gcc/arm-none-eabi/5.4.1/../../../../arm-none-eabi/lib/armv6-m\libg_nano.a(lib_a-exit.o)
 .debug_frame   0x00001adc       0x2c c:/program files (x86)/cypress/psoc creator/4.1/psoc creator/import/gnu/arm/5.4.1/bin/../lib/gcc/arm-none-eabi/5.4.1/../../../../arm-none-eabi/lib/armv6-m\libg_nano.a(lib_a-init.o)
 .debug_frame   0x00001b08       0x28 c:/program files (x86)/cypress/psoc creator/4.1/psoc creator/import/gnu/arm/5.4.1/bin/../lib/gcc/arm-none-eabi/5.4.1/../../../../arm-none-eabi/lib/armv6-m\libg_nano.a(lib_a-memcpy-stub.o)
 .debug_frame   0x00001b30       0x20 c:/program files (x86)/cypress/psoc creator/4.1/psoc creator/import/gnu/arm/5.4.1/bin/../lib/gcc/arm-none-eabi/5.4.1/../../../../arm-none-eabi/lib/armv6-m\libg_nano.a(lib_a-memset.o)
 .debug_frame   0x00001b50       0x44 c:/program files (x86)/cypress/psoc creator/4.1/psoc creator/import/gnu/arm/5.4.1/bin/../lib/gcc/arm-none-eabi/5.4.1/../../../../arm-none-eabi/lib/armv6-m\libg_nano.a(lib_a-rand.o)
 .debug_frame   0x00001b94       0x40 c:/program files (x86)/cypress/psoc creator/4.1/psoc creator/import/gnu/arm/5.4.1/bin/../lib/gcc/arm-none-eabi/5.4.1/../../../../arm-none-eabi/lib/armv6-m\libg_nano.a(lib_a-malloc.o)
 .debug_frame   0x00001bd4       0x2c c:/program files (x86)/cypress/psoc creator/4.1/psoc creator/import/gnu/arm/5.4.1/bin/../lib/gcc/arm-none-eabi/5.4.1/../../../../arm-none-eabi/lib/armv6-m\libg_nano.a(lib_a-nano-freer.o)
 .debug_frame   0x00001c00       0x2c c:/program files (x86)/cypress/psoc creator/4.1/psoc creator/import/gnu/arm/5.4.1/bin/../lib/gcc/arm-none-eabi/5.4.1/../../../../arm-none-eabi/lib/armv6-m\libg_nano.a(lib_a-nano-mallocr.o)
 .debug_frame   0x00001c2c       0x2c c:/program files (x86)/cypress/psoc creator/4.1/psoc creator/import/gnu/arm/5.4.1/bin/../lib/gcc/arm-none-eabi/5.4.1/../../../../arm-none-eabi/lib/armv6-m\libg_nano.a(lib_a-sbrkr.o)
 .debug_frame   0x00001c58       0x30 c:/program files (x86)/cypress/psoc creator/4.1/psoc creator/import/gnu/arm/5.4.1/bin/../lib/gcc/arm-none-eabi/5.4.1/../../../../arm-none-eabi/lib/armv6-m\libg_nano.a(lib_a-mlock.o)
 .debug_frame   0x00001c88       0x48 c:/program files (x86)/cypress/psoc creator/4.1/psoc creator/import/gnu/arm/5.4.1/bin/../lib/gcc/arm-none-eabi/5.4.1/../../../../arm-none-eabi/lib/armv6-m\libg_nano.a(lib_a-reent.o)
 .debug_frame   0x00001cd0       0x34 c:/program files (x86)/cypress/psoc creator/4.1/psoc creator/import/gnu/arm/5.4.1/bin/../lib/gcc/arm-none-eabi/5.4.1/armv6-m\libgcc.a(_muldi3.o)

.debug_str      0x00000000     0x219c
 *(.debug_str)
 .debug_str     0x00000000      0x415 .\CortexM0\ARM_GCC_541\Debug\main.o
                                0x486 (size before relaxing)
 .debug_str     0x00000415      0x1d2 .\CortexM0\ARM_GCC_541\Debug\cyfitter_cfg.o
                                0x386 (size before relaxing)
 .debug_str     0x000005e7       0x63 .\CortexM0\ARM_GCC_541\Debug\cymetadata.o
                                0x1d1 (size before relaxing)
 .debug_str     0x0000064a      0x13a .\CortexM0\ARM_GCC_541\Debug\Cm0Start.o
                                0x30a (size before relaxing)
 .debug_str     0x00000784       0xa4 .\CortexM0\ARM_GCC_541\Debug\Hill_Climbing.a(LED_1.o)
                                0x23f (size before relaxing)
 .debug_str     0x00000828      0x5a4 .\CortexM0\ARM_GCC_541\Debug\Hill_Climbing.a(CyLib.o)
                                0x7d7 (size before relaxing)
 .debug_str     0x00000dcc      0x6e1 .\CortexM0\ARM_GCC_541\Debug\Hill_Climbing.a(CyLFClk.o)
                                0x926 (size before relaxing)
 .debug_str     0x000014ad      0x32b .\CortexM0\ARM_GCC_541\Debug\Hill_Climbing.a(CAN.o)
                                0x53f (size before relaxing)
 .debug_str     0x000017d8       0x84 .\CortexM0\ARM_GCC_541\Debug\Hill_Climbing.a(CAN_INT.o)
                                0x29c (size before relaxing)
 .debug_str     0x0000185c       0x71 .\CortexM0\ARM_GCC_541\Debug\Hill_Climbing.a(CAN_TX_RX_func.o)
                                0x33c (size before relaxing)
 .debug_str     0x000018cd       0xf4 .\CortexM0\ARM_GCC_541\Debug\Hill_Climbing.a(CAN_isr.o)
                                0x30f (size before relaxing)
 .debug_str     0x000019c1      0x191 .\CortexM0\ARM_GCC_541\Debug\Hill_Climbing.a(Timer_1.o)
                                0x35b (size before relaxing)
 .debug_str     0x00001b52       0xcc .\CortexM0\ARM_GCC_541\Debug\Hill_Climbing.a(Timer.o)
                                0x2f3 (size before relaxing)
 .debug_str     0x00001c1e      0x288 .\CortexM0\ARM_GCC_541\Debug\Hill_Climbing.a(SENSOR_U.o)
                                0x4c0 (size before relaxing)
 .debug_str     0x00001ea6       0x5b .\CortexM0\ARM_GCC_541\Debug\Hill_Climbing.a(SENSOR_U_INT.o)
                                0x274 (size before relaxing)
 .debug_str     0x00001f01       0xe2 .\CortexM0\ARM_GCC_541\Debug\Hill_Climbing.a(SENSOR_U_IntClock.o)
                                0x29c (size before relaxing)
 .debug_str     0x00001fe3      0x119 .\CortexM0\ARM_GCC_541\Debug\Hill_Climbing.a(Int_Serial.o)
                                0x339 (size before relaxing)
 .debug_str     0x000020fc       0xa0 .\CortexM0\ARM_GCC_541\Debug\Hill_Climbing.a(CyFlash.o)
                                0x2b9 (size before relaxing)

.debug_loc      0x00000000     0x3084
 *(.debug_loc)
 .debug_loc     0x00000000      0x53a .\CortexM0\ARM_GCC_541\Debug\main.o
 .debug_loc     0x0000053a      0x1fe .\CortexM0\ARM_GCC_541\Debug\cyfitter_cfg.o
 .debug_loc     0x00000738      0x14f .\CortexM0\ARM_GCC_541\Debug\Cm0Start.o
 .debug_loc     0x00000887       0xa2 .\CortexM0\ARM_GCC_541\Debug\Hill_Climbing.a(LED_1.o)
 .debug_loc     0x00000929      0x7c0 .\CortexM0\ARM_GCC_541\Debug\Hill_Climbing.a(CyLib.o)
 .debug_loc     0x000010e9      0xdb7 .\CortexM0\ARM_GCC_541\Debug\Hill_Climbing.a(CyLFClk.o)
 .debug_loc     0x00001ea0      0xa5e .\CortexM0\ARM_GCC_541\Debug\Hill_Climbing.a(CAN.o)
 .debug_loc     0x000028fe       0x54 .\CortexM0\ARM_GCC_541\Debug\Hill_Climbing.a(CAN_INT.o)
 .debug_loc     0x00002952      0x1bd .\CortexM0\ARM_GCC_541\Debug\Hill_Climbing.a(CAN_TX_RX_func.o)
 .debug_loc     0x00002b0f       0x82 .\CortexM0\ARM_GCC_541\Debug\Hill_Climbing.a(CAN_isr.o)
 .debug_loc     0x00002b91       0x13 .\CortexM0\ARM_GCC_541\Debug\Hill_Climbing.a(Timer_1.o)
 .debug_loc     0x00002ba4       0x82 .\CortexM0\ARM_GCC_541\Debug\Hill_Climbing.a(Timer.o)
 .debug_loc     0x00002c26      0x1c1 .\CortexM0\ARM_GCC_541\Debug\Hill_Climbing.a(SENSOR_U.o)
 .debug_loc     0x00002de7       0x45 .\CortexM0\ARM_GCC_541\Debug\Hill_Climbing.a(SENSOR_U_INT.o)
 .debug_loc     0x00002e2c       0x76 .\CortexM0\ARM_GCC_541\Debug\Hill_Climbing.a(SENSOR_U_IntClock.o)
 .debug_loc     0x00002ea2       0x82 .\CortexM0\ARM_GCC_541\Debug\Hill_Climbing.a(Int_Serial.o)
 .debug_loc     0x00002f24      0x160 .\CortexM0\ARM_GCC_541\Debug\Hill_Climbing.a(CyFlash.o)

.debug_macinfo
 *(.debug_macinfo)

.debug_ranges   0x00000000      0x868
 *(.debug_ranges)
 .debug_ranges  0x00000000       0x98 .\CortexM0\ARM_GCC_541\Debug\main.o
 .debug_ranges  0x00000098       0x38 .\CortexM0\ARM_GCC_541\Debug\cyfitter_cfg.o
 .debug_ranges  0x000000d0       0x38 .\CortexM0\ARM_GCC_541\Debug\Cm0Start.o
 .debug_ranges  0x00000108       0x38 .\CortexM0\ARM_GCC_541\Debug\Hill_Climbing.a(LED_1.o)
 .debug_ranges  0x00000140      0x1a8 .\CortexM0\ARM_GCC_541\Debug\Hill_Climbing.a(CyLib.o)
 .debug_ranges  0x000002e8      0x178 .\CortexM0\ARM_GCC_541\Debug\Hill_Climbing.a(CyLFClk.o)
 .debug_ranges  0x00000460       0xd8 .\CortexM0\ARM_GCC_541\Debug\Hill_Climbing.a(CAN.o)
 .debug_ranges  0x00000538       0x20 .\CortexM0\ARM_GCC_541\Debug\Hill_Climbing.a(CAN_INT.o)
 .debug_ranges  0x00000558       0x48 .\CortexM0\ARM_GCC_541\Debug\Hill_Climbing.a(CAN_TX_RX_func.o)
 .debug_ranges  0x000005a0       0x70 .\CortexM0\ARM_GCC_541\Debug\Hill_Climbing.a(CAN_isr.o)
 .debug_ranges  0x00000610       0x80 .\CortexM0\ARM_GCC_541\Debug\Hill_Climbing.a(Timer_1.o)
 .debug_ranges  0x00000690       0x70 .\CortexM0\ARM_GCC_541\Debug\Hill_Climbing.a(Timer.o)
 .debug_ranges  0x00000700       0x88 .\CortexM0\ARM_GCC_541\Debug\Hill_Climbing.a(SENSOR_U.o)
 .debug_ranges  0x00000788       0x10 .\CortexM0\ARM_GCC_541\Debug\Hill_Climbing.a(SENSOR_U_INT.o)
 .debug_ranges  0x00000798       0x30 .\CortexM0\ARM_GCC_541\Debug\Hill_Climbing.a(SENSOR_U_IntClock.o)
 .debug_ranges  0x000007c8       0x70 .\CortexM0\ARM_GCC_541\Debug\Hill_Climbing.a(Int_Serial.o)
 .debug_ranges  0x00000838       0x30 .\CortexM0\ARM_GCC_541\Debug\Hill_Climbing.a(CyFlash.o)

.comment        0x00000000       0x6e
 .comment       0x00000000       0x6e .\CortexM0\ARM_GCC_541\Debug\main.o
                                 0x6f (size before relaxing)
 .comment       0x0000006e       0x6f .\CortexM0\ARM_GCC_541\Debug\cyfitter_cfg.o
 .comment       0x0000006e       0x6f .\CortexM0\ARM_GCC_541\Debug\cymetadata.o
 .comment       0x0000006e       0x6f .\CortexM0\ARM_GCC_541\Debug\Cm0Start.o
 .comment       0x0000006e       0x6f .\CortexM0\ARM_GCC_541\Debug\Hill_Climbing.a(LED_1.o)
 .comment       0x0000006e       0x6f .\CortexM0\ARM_GCC_541\Debug\Hill_Climbing.a(CyLib.o)
 .comment       0x0000006e       0x6f .\CortexM0\ARM_GCC_541\Debug\Hill_Climbing.a(CyLFClk.o)
 .comment       0x0000006e       0x6f .\CortexM0\ARM_GCC_541\Debug\Hill_Climbing.a(CAN.o)
 .comment       0x0000006e       0x6f .\CortexM0\ARM_GCC_541\Debug\Hill_Climbing.a(CAN_INT.o)
 .comment       0x0000006e       0x6f .\CortexM0\ARM_GCC_541\Debug\Hill_Climbing.a(CAN_TX_RX_func.o)
 .comment       0x0000006e       0x6f .\CortexM0\ARM_GCC_541\Debug\Hill_Climbing.a(CAN_isr.o)
 .comment       0x0000006e       0x6f .\CortexM0\ARM_GCC_541\Debug\Hill_Climbing.a(Timer_1.o)
 .comment       0x0000006e       0x6f .\CortexM0\ARM_GCC_541\Debug\Hill_Climbing.a(Timer.o)
 .comment       0x0000006e       0x6f .\CortexM0\ARM_GCC_541\Debug\Hill_Climbing.a(SENSOR_U.o)
 .comment       0x0000006e       0x6f .\CortexM0\ARM_GCC_541\Debug\Hill_Climbing.a(SENSOR_U_INT.o)
 .comment       0x0000006e       0x6f .\CortexM0\ARM_GCC_541\Debug\Hill_Climbing.a(SENSOR_U_IntClock.o)
 .comment       0x0000006e       0x6f .\CortexM0\ARM_GCC_541\Debug\Hill_Climbing.a(Int_Serial.o)
 .comment       0x0000006e       0x6f .\CortexM0\ARM_GCC_541\Debug\Hill_Climbing.a(CyFlash.o)

.debug_weaknames
 *(.debug_weaknames)

.debug_funcnames
 *(.debug_funcnames)

.debug_typenames
 *(.debug_typenames)

.debug_varnames
 *(.debug_varnames)

.note.gnu.arm.ident
 *(.note.gnu.arm.ident)

.ARM.attributes
                0x00000000       0x28
 *(.ARM.attributes)
 .ARM.attributes
                0x00000000       0x1e c:/program files (x86)/cypress/psoc creator/4.1/psoc creator/import/gnu/arm/5.4.1/bin/../lib/gcc/arm-none-eabi/5.4.1/armv6-m/crti.o
 .ARM.attributes
                0x0000001e       0x2c c:/program files (x86)/cypress/psoc creator/4.1/psoc creator/import/gnu/arm/5.4.1/bin/../lib/gcc/arm-none-eabi/5.4.1/armv6-m/crtbegin.o
 .ARM.attributes
                0x0000004a       0x1b c:/program files (x86)/cypress/psoc creator/4.1/psoc creator/import/gnu/arm/5.4.1/bin/../lib/gcc/arm-none-eabi/5.4.1/../../../../arm-none-eabi/lib/armv6-m/crt0.o
 .ARM.attributes
                0x00000065       0x31 .\CortexM0\ARM_GCC_541\Debug\main.o
 .ARM.attributes
                0x00000096       0x31 .\CortexM0\ARM_GCC_541\Debug\cyfitter_cfg.o
 .ARM.attributes
                0x000000c7       0x31 .\CortexM0\ARM_GCC_541\Debug\cymetadata.o
 .ARM.attributes
                0x000000f8       0x31 .\CortexM0\ARM_GCC_541\Debug\Cm0Start.o
 .ARM.attributes
                0x00000129       0x31 .\CortexM0\ARM_GCC_541\Debug\Hill_Climbing.a(LED_1.o)
 .ARM.attributes
                0x0000015a       0x31 .\CortexM0\ARM_GCC_541\Debug\Hill_Climbing.a(CyLib.o)
 .ARM.attributes
                0x0000018b       0x31 .\CortexM0\ARM_GCC_541\Debug\Hill_Climbing.a(CyLFClk.o)
 .ARM.attributes
                0x000001bc       0x31 .\CortexM0\ARM_GCC_541\Debug\Hill_Climbing.a(CAN.o)
 .ARM.attributes
                0x000001ed       0x31 .\CortexM0\ARM_GCC_541\Debug\Hill_Climbing.a(CAN_INT.o)
 .ARM.attributes
                0x0000021e       0x31 .\CortexM0\ARM_GCC_541\Debug\Hill_Climbing.a(CAN_TX_RX_func.o)
 .ARM.attributes
                0x0000024f       0x31 .\CortexM0\ARM_GCC_541\Debug\Hill_Climbing.a(CAN_isr.o)
 .ARM.attributes
                0x00000280       0x31 .\CortexM0\ARM_GCC_541\Debug\Hill_Climbing.a(Timer_1.o)
 .ARM.attributes
                0x000002b1       0x31 .\CortexM0\ARM_GCC_541\Debug\Hill_Climbing.a(Timer.o)
 .ARM.attributes
                0x000002e2       0x31 .\CortexM0\ARM_GCC_541\Debug\Hill_Climbing.a(SENSOR_U.o)
 .ARM.attributes
                0x00000313       0x31 .\CortexM0\ARM_GCC_541\Debug\Hill_Climbing.a(SENSOR_U_INT.o)
 .ARM.attributes
                0x00000344       0x31 .\CortexM0\ARM_GCC_541\Debug\Hill_Climbing.a(SENSOR_U_IntClock.o)
 .ARM.attributes
                0x00000375       0x31 .\CortexM0\ARM_GCC_541\Debug\Hill_Climbing.a(Int_Serial.o)
 .ARM.attributes
                0x000003a6       0x21 .\CortexM0\ARM_GCC_541\Debug\Hill_Climbing.a(CyBootAsmGnu.o)
 .ARM.attributes
                0x000003c7       0x31 .\CortexM0\ARM_GCC_541\Debug\Hill_Climbing.a(CyFlash.o)
 .ARM.attributes
                0x000003f8       0x1e c:/program files (x86)/cypress/psoc creator/4.1/psoc creator/import/gnu/arm/5.4.1/bin/../lib/gcc/arm-none-eabi/5.4.1/armv6-m\libgcc.a(_udivsi3.o)
 .ARM.attributes
                0x00000416       0x1e c:/program files (x86)/cypress/psoc creator/4.1/psoc creator/import/gnu/arm/5.4.1/bin/../lib/gcc/arm-none-eabi/5.4.1/armv6-m\libgcc.a(_divsi3.o)
 .ARM.attributes
                0x00000434       0x1e c:/program files (x86)/cypress/psoc creator/4.1/psoc creator/import/gnu/arm/5.4.1/bin/../lib/gcc/arm-none-eabi/5.4.1/armv6-m\libgcc.a(_dvmd_tls.o)
 .ARM.attributes
                0x00000452       0x1e c:/program files (x86)/cypress/psoc creator/4.1/psoc creator/import/gnu/arm/5.4.1/bin/../lib/gcc/arm-none-eabi/5.4.1/armv6-m\libgcc.a(_arm_cmpdf2.o)
 .ARM.attributes
                0x00000470       0x1e c:/program files (x86)/cypress/psoc creator/4.1/psoc creator/import/gnu/arm/5.4.1/bin/../lib/gcc/arm-none-eabi/5.4.1/armv6-m\libgcc.a(_arm_cmpsf2.o)
 .ARM.attributes
                0x0000048e       0x2c c:/program files (x86)/cypress/psoc creator/4.1/psoc creator/import/gnu/arm/5.4.1/bin/../lib/gcc/arm-none-eabi/5.4.1/armv6-m\libgcc.a(addsf3.o)
 .ARM.attributes
                0x000004ba       0x2c c:/program files (x86)/cypress/psoc creator/4.1/psoc creator/import/gnu/arm/5.4.1/bin/../lib/gcc/arm-none-eabi/5.4.1/armv6-m\libgcc.a(divsf3.o)
 .ARM.attributes
                0x000004e6       0x2c c:/program files (x86)/cypress/psoc creator/4.1/psoc creator/import/gnu/arm/5.4.1/bin/../lib/gcc/arm-none-eabi/5.4.1/armv6-m\libgcc.a(eqsf2.o)
 .ARM.attributes
                0x00000512       0x2c c:/program files (x86)/cypress/psoc creator/4.1/psoc creator/import/gnu/arm/5.4.1/bin/../lib/gcc/arm-none-eabi/5.4.1/armv6-m\libgcc.a(gesf2.o)
 .ARM.attributes
                0x0000053e       0x2c c:/program files (x86)/cypress/psoc creator/4.1/psoc creator/import/gnu/arm/5.4.1/bin/../lib/gcc/arm-none-eabi/5.4.1/armv6-m\libgcc.a(lesf2.o)
 .ARM.attributes
                0x0000056a       0x2c c:/program files (x86)/cypress/psoc creator/4.1/psoc creator/import/gnu/arm/5.4.1/bin/../lib/gcc/arm-none-eabi/5.4.1/armv6-m\libgcc.a(mulsf3.o)
 .ARM.attributes
                0x00000596       0x2c c:/program files (x86)/cypress/psoc creator/4.1/psoc creator/import/gnu/arm/5.4.1/bin/../lib/gcc/arm-none-eabi/5.4.1/armv6-m\libgcc.a(fixsfsi.o)
 .ARM.attributes
                0x000005c2       0x2c c:/program files (x86)/cypress/psoc creator/4.1/psoc creator/import/gnu/arm/5.4.1/bin/../lib/gcc/arm-none-eabi/5.4.1/armv6-m\libgcc.a(floatsisf.o)
 .ARM.attributes
                0x000005ee       0x2c c:/program files (x86)/cypress/psoc creator/4.1/psoc creator/import/gnu/arm/5.4.1/bin/../lib/gcc/arm-none-eabi/5.4.1/armv6-m\libgcc.a(eqdf2.o)
 .ARM.attributes
                0x0000061a       0x2c c:/program files (x86)/cypress/psoc creator/4.1/psoc creator/import/gnu/arm/5.4.1/bin/../lib/gcc/arm-none-eabi/5.4.1/armv6-m\libgcc.a(gedf2.o)
 .ARM.attributes
                0x00000646       0x2c c:/program files (x86)/cypress/psoc creator/4.1/psoc creator/import/gnu/arm/5.4.1/bin/../lib/gcc/arm-none-eabi/5.4.1/armv6-m\libgcc.a(ledf2.o)
 .ARM.attributes
                0x00000672       0x2c c:/program files (x86)/cypress/psoc creator/4.1/psoc creator/import/gnu/arm/5.4.1/bin/../lib/gcc/arm-none-eabi/5.4.1/armv6-m\libgcc.a(muldf3.o)
 .ARM.attributes
                0x0000069e       0x2c c:/program files (x86)/cypress/psoc creator/4.1/psoc creator/import/gnu/arm/5.4.1/bin/../lib/gcc/arm-none-eabi/5.4.1/armv6-m\libgcc.a(floatsidf.o)
 .ARM.attributes
                0x000006ca       0x2c c:/program files (x86)/cypress/psoc creator/4.1/psoc creator/import/gnu/arm/5.4.1/bin/../lib/gcc/arm-none-eabi/5.4.1/armv6-m\libgcc.a(extendsfdf2.o)
 .ARM.attributes
                0x000006f6       0x2c c:/program files (x86)/cypress/psoc creator/4.1/psoc creator/import/gnu/arm/5.4.1/bin/../lib/gcc/arm-none-eabi/5.4.1/armv6-m\libgcc.a(truncdfsf2.o)
 .ARM.attributes
                0x00000722       0x1e c:/program files (x86)/cypress/psoc creator/4.1/psoc creator/import/gnu/arm/5.4.1/bin/../lib/gcc/arm-none-eabi/5.4.1/armv6-m\libgcc.a(_clzsi2.o)
 .ARM.attributes
                0x00000740       0x2c c:/program files (x86)/cypress/psoc creator/4.1/psoc creator/import/gnu/arm/5.4.1/bin/../lib/gcc/arm-none-eabi/5.4.1/../../../../arm-none-eabi/lib/armv6-m\libg_nano.a(lib_a-errno.o)
 .ARM.attributes
                0x0000076c       0x2c c:/program files (x86)/cypress/psoc creator/4.1/psoc creator/import/gnu/arm/5.4.1/bin/../lib/gcc/arm-none-eabi/5.4.1/../../../../arm-none-eabi/lib/armv6-m\libg_nano.a(lib_a-exit.o)
 .ARM.attributes
                0x00000798       0x2c c:/program files (x86)/cypress/psoc creator/4.1/psoc creator/import/gnu/arm/5.4.1/bin/../lib/gcc/arm-none-eabi/5.4.1/../../../../arm-none-eabi/lib/armv6-m\libg_nano.a(lib_a-impure.o)
 .ARM.attributes
                0x000007c4       0x2c c:/program files (x86)/cypress/psoc creator/4.1/psoc creator/import/gnu/arm/5.4.1/bin/../lib/gcc/arm-none-eabi/5.4.1/../../../../arm-none-eabi/lib/armv6-m\libg_nano.a(lib_a-init.o)
 .ARM.attributes
                0x000007f0       0x2c c:/program files (x86)/cypress/psoc creator/4.1/psoc creator/import/gnu/arm/5.4.1/bin/../lib/gcc/arm-none-eabi/5.4.1/../../../../arm-none-eabi/lib/armv6-m\libg_nano.a(lib_a-memcpy-stub.o)
 .ARM.attributes
                0x0000081c       0x2c c:/program files (x86)/cypress/psoc creator/4.1/psoc creator/import/gnu/arm/5.4.1/bin/../lib/gcc/arm-none-eabi/5.4.1/../../../../arm-none-eabi/lib/armv6-m\libg_nano.a(lib_a-memset.o)
 .ARM.attributes
                0x00000848       0x2c c:/program files (x86)/cypress/psoc creator/4.1/psoc creator/import/gnu/arm/5.4.1/bin/../lib/gcc/arm-none-eabi/5.4.1/../../../../arm-none-eabi/lib/armv6-m\libg_nano.a(lib_a-rand.o)
 .ARM.attributes
                0x00000874       0x2c c:/program files (x86)/cypress/psoc creator/4.1/psoc creator/import/gnu/arm/5.4.1/bin/../lib/gcc/arm-none-eabi/5.4.1/../../../../arm-none-eabi/lib/armv6-m\libg_nano.a(lib_a-malloc.o)
 .ARM.attributes
                0x000008a0       0x2c c:/program files (x86)/cypress/psoc creator/4.1/psoc creator/import/gnu/arm/5.4.1/bin/../lib/gcc/arm-none-eabi/5.4.1/../../../../arm-none-eabi/lib/armv6-m\libg_nano.a(lib_a-nano-freer.o)
 .ARM.attributes
                0x000008cc       0x2c c:/program files (x86)/cypress/psoc creator/4.1/psoc creator/import/gnu/arm/5.4.1/bin/../lib/gcc/arm-none-eabi/5.4.1/../../../../arm-none-eabi/lib/armv6-m\libg_nano.a(lib_a-nano-mallocr.o)
 .ARM.attributes
                0x000008f8       0x2c c:/program files (x86)/cypress/psoc creator/4.1/psoc creator/import/gnu/arm/5.4.1/bin/../lib/gcc/arm-none-eabi/5.4.1/../../../../arm-none-eabi/lib/armv6-m\libg_nano.a(lib_a-sbrkr.o)
 .ARM.attributes
                0x00000924       0x2c c:/program files (x86)/cypress/psoc creator/4.1/psoc creator/import/gnu/arm/5.4.1/bin/../lib/gcc/arm-none-eabi/5.4.1/../../../../arm-none-eabi/lib/armv6-m\libg_nano.a(lib_a-mlock.o)
 .ARM.attributes
                0x00000950       0x2c c:/program files (x86)/cypress/psoc creator/4.1/psoc creator/import/gnu/arm/5.4.1/bin/../lib/gcc/arm-none-eabi/5.4.1/../../../../arm-none-eabi/lib/armv6-m\libg_nano.a(lib_a-reent.o)
 .ARM.attributes
                0x0000097c       0x2c c:/program files (x86)/cypress/psoc creator/4.1/psoc creator/import/gnu/arm/5.4.1/bin/../lib/gcc/arm-none-eabi/5.4.1/armv6-m\libgcc.a(_muldi3.o)
 .ARM.attributes
                0x000009a8       0x2c c:/program files (x86)/cypress/psoc creator/4.1/psoc creator/import/gnu/arm/5.4.1/bin/../lib/gcc/arm-none-eabi/5.4.1/armv6-m/crtend.o
 .ARM.attributes
                0x000009d4       0x1e c:/program files (x86)/cypress/psoc creator/4.1/psoc creator/import/gnu/arm/5.4.1/bin/../lib/gcc/arm-none-eabi/5.4.1/armv6-m/crtn.o

/DISCARD/
 *(.note.GNU-stack)
OUTPUT(C:\Users\Henry Alberto\Desktop\Algoritmos_Optimizacion\Hill_Climbing.cydsn\CortexM0\ARM_GCC_541\Debug\Hill_Climbing.elf elf32-littlearm)
