Archive member included to satisfy reference by file (symbol)

.\CortexM0\ARM_GCC_541\Debug\Module.a(LED_1.o)
                              .\CortexM0\ARM_GCC_541\Debug\main.o (LED_1_Write)
.\CortexM0\ARM_GCC_541\Debug\Module.a(LED_2.o)
                              .\CortexM0\ARM_GCC_541\Debug\main.o (LED_2_Write)
.\CortexM0\ARM_GCC_541\Debug\Module.a(LED_3.o)
                              .\CortexM0\ARM_GCC_541\Debug\main.o (LED_3_Write)
.\CortexM0\ARM_GCC_541\Debug\Module.a(LED_4.o)
                              .\CortexM0\ARM_GCC_541\Debug\main.o (LED_4_Write)
.\CortexM0\ARM_GCC_541\Debug\Module.a(CyLib.o)
                              .\CortexM0\ARM_GCC_541\Debug\cyfitter_cfg.o (CyIntEnable)
.\CortexM0\ARM_GCC_541\Debug\Module.a(CyLFClk.o)
                              .\CortexM0\ARM_GCC_541\Debug\cyfitter_cfg.o (CySysClkWcoStart)
.\CortexM0\ARM_GCC_541\Debug\Module.a(MOTOR.o)
                              .\CortexM0\ARM_GCC_541\Debug\main.o (MOTOR_Start)
.\CortexM0\ARM_GCC_541\Debug\Module.a(MOTOR_IntClock.o)
                              .\CortexM0\ARM_GCC_541\Debug\Module.a(MOTOR.o) (MOTOR_IntClock_StartEx)
.\CortexM0\ARM_GCC_541\Debug\Module.a(CAN.o)
                              .\CortexM0\ARM_GCC_541\Debug\main.o (CAN_GlobalIntEnable)
.\CortexM0\ARM_GCC_541\Debug\Module.a(CAN_INT.o)
                              .\CortexM0\ARM_GCC_541\Debug\main.o (CAN_MsgRXIsr)
.\CortexM0\ARM_GCC_541\Debug\Module.a(CAN_TX_RX_func.o)
                              .\CortexM0\ARM_GCC_541\Debug\main.o (CAN_SendMsg0)
.\CortexM0\ARM_GCC_541\Debug\Module.a(CAN_isr.o)
                              .\CortexM0\ARM_GCC_541\Debug\main.o (CAN_isr_StartEx)
.\CortexM0\ARM_GCC_541\Debug\Module.a(TXC.o)
                              .\CortexM0\ARM_GCC_541\Debug\main.o (TXC_Write)
.\CortexM0\ARM_GCC_541\Debug\Module.a(RX.o)
                              .\CortexM0\ARM_GCC_541\Debug\main.o (RX_Start)
.\CortexM0\ARM_GCC_541\Debug\Module.a(RX_INT.o)
                              .\CortexM0\ARM_GCC_541\Debug\Module.a(RX.o) (RX_RXISR)
.\CortexM0\ARM_GCC_541\Debug\Module.a(RX_IntClock.o)
                              .\CortexM0\ARM_GCC_541\Debug\Module.a(RX.o) (RX_IntClock_StartEx)
.\CortexM0\ARM_GCC_541\Debug\Module.a(SENSOR_1.o)
                              .\CortexM0\ARM_GCC_541\Debug\main.o (SENSOR_1_Enable)
.\CortexM0\ARM_GCC_541\Debug\Module.a(SENSOR_1_I2C.o)
                              .\CortexM0\ARM_GCC_541\Debug\Module.a(SENSOR_1.o) (SENSOR_1_I2CInit)
.\CortexM0\ARM_GCC_541\Debug\Module.a(SENSOR_1_I2C_MASTER.o)
                              .\CortexM0\ARM_GCC_541\Debug\Module.a(SENSOR_1_I2C.o) (SENSOR_1_mstrRdBufIndex)
.\CortexM0\ARM_GCC_541\Debug\Module.a(SENSOR_2.o)
                              .\CortexM0\ARM_GCC_541\Debug\main.o (SENSOR_2_Enable)
.\CortexM0\ARM_GCC_541\Debug\Module.a(SENSOR_2_I2C.o)
                              .\CortexM0\ARM_GCC_541\Debug\Module.a(SENSOR_2.o) (SENSOR_2_I2CInit)
.\CortexM0\ARM_GCC_541\Debug\Module.a(SENSOR_2_I2C_MASTER.o)
                              .\CortexM0\ARM_GCC_541\Debug\Module.a(SENSOR_2_I2C.o) (SENSOR_2_mstrRdBufIndex)
.\CortexM0\ARM_GCC_541\Debug\Module.a(SENSOR_3.o)
                              .\CortexM0\ARM_GCC_541\Debug\main.o (SENSOR_3_Enable)
.\CortexM0\ARM_GCC_541\Debug\Module.a(SENSOR_3_I2C.o)
                              .\CortexM0\ARM_GCC_541\Debug\Module.a(SENSOR_3.o) (SENSOR_3_I2CInit)
.\CortexM0\ARM_GCC_541\Debug\Module.a(SENSOR_3_I2C_MASTER.o)
                              .\CortexM0\ARM_GCC_541\Debug\Module.a(SENSOR_3_I2C.o) (SENSOR_3_mstrRdBufIndex)
.\CortexM0\ARM_GCC_541\Debug\Module.a(SENSOR_4.o)
                              .\CortexM0\ARM_GCC_541\Debug\main.o (SENSOR_4_Enable)
.\CortexM0\ARM_GCC_541\Debug\Module.a(SENSOR_4_I2C.o)
                              .\CortexM0\ARM_GCC_541\Debug\Module.a(SENSOR_4.o) (SENSOR_4_I2CInit)
.\CortexM0\ARM_GCC_541\Debug\Module.a(SENSOR_4_I2C_MASTER.o)
                              .\CortexM0\ARM_GCC_541\Debug\Module.a(SENSOR_4_I2C.o) (SENSOR_4_mstrRdBufIndex)
.\CortexM0\ARM_GCC_541\Debug\Module.a(CyBootAsmGnu.o)
                              .\CortexM0\ARM_GCC_541\Debug\cyfitter_cfg.o (CyDelayCycles)
.\CortexM0\ARM_GCC_541\Debug\Module.a(CyFlash.o)
                              .\CortexM0\ARM_GCC_541\Debug\Module.a(CyLib.o) (CySysFlashSetWaitCycles)
.\CortexM0\ARM_GCC_541\Debug\Module.a(SENSOR_1_I2C_INT.o)
                              .\CortexM0\ARM_GCC_541\Debug\Module.a(SENSOR_1_I2C.o) (SENSOR_1_I2C_ISR)
.\CortexM0\ARM_GCC_541\Debug\Module.a(SENSOR_2_I2C_INT.o)
                              .\CortexM0\ARM_GCC_541\Debug\Module.a(SENSOR_2_I2C.o) (SENSOR_2_I2C_ISR)
.\CortexM0\ARM_GCC_541\Debug\Module.a(SENSOR_3_I2C_INT.o)
                              .\CortexM0\ARM_GCC_541\Debug\Module.a(SENSOR_3_I2C.o) (SENSOR_3_I2C_ISR)
.\CortexM0\ARM_GCC_541\Debug\Module.a(SENSOR_4_I2C_INT.o)
                              .\CortexM0\ARM_GCC_541\Debug\Module.a(SENSOR_4_I2C.o) (SENSOR_4_I2C_ISR)
[...]
Memory Configuration

Name             Origin             Length             Attributes
rom              0x00000000         0x00020000         xr
ram              0x20000000         0x00004000         xrw
*default*        0x00000000         0xffffffff

Linker script and memory map

LOAD c:/program files (x86)/cypress/psoc creator/4.1/psoc creator/import/gnu/arm/5.4.1/bin/../lib/gcc/arm-none-eabi/5.4.1/armv6-m/crti.o
LOAD c:/program files (x86)/cypress/psoc creator/4.1/psoc creator/import/gnu/arm/5.4.1/bin/../lib/gcc/arm-none-eabi/5.4.1/armv6-m/crtbegin.o
LOAD c:/program files (x86)/cypress/psoc creator/4.1/psoc creator/import/gnu/arm/5.4.1/bin/../lib/gcc/arm-none-eabi/5.4.1/../../../../arm-none-eabi/lib/armv6-m/crt0.o
START GROUP
LOAD .\CortexM0\ARM_GCC_541\Debug\main.o
LOAD .\CortexM0\ARM_GCC_541\Debug\cyfitter_cfg.o
LOAD .\CortexM0\ARM_GCC_541\Debug\cymetadata.o
LOAD .\CortexM0\ARM_GCC_541\Debug\Cm0Start.o
LOAD .\CortexM0\ARM_GCC_541\Debug\Module.a
LOAD C:\Program Files (x86)\Cypress\PSoC Creator\4.1\PSoC Creator\psoc\content\cycomponentlibrary\CyComponentLibrary.cylib\CortexM0\ARM_GCC_541\Debug\CyComponentLibrary.a
LOAD c:/program files (x86)/cypress/psoc creator/4.1/psoc creator/import/gnu/arm/5.4.1/bin/../lib/gcc/arm-none-eabi/5.4.1/../../../../arm-none-eabi/lib/armv6-m\libm.a
END GROUP
START GROUP
LOAD c:/program files (x86)/cypress/psoc creator/4.1/psoc creator/import/gnu/arm/5.4.1/bin/../lib/gcc/arm-none-eabi/5.4.1/armv6-m\libgcc.a
LOAD c:/program files (x86)/cypress/psoc creator/4.1/psoc creator/import/gnu/arm/5.4.1/bin/../lib/gcc/arm-none-eabi/5.4.1/../../../../arm-none-eabi/lib/armv6-m\libg_nano.a
LOAD c:/program files (x86)/cypress/psoc creator/4.1/psoc creator/import/gnu/arm/5.4.1/bin/../lib/gcc/arm-none-eabi/5.4.1/../../../../arm-none-eabi/lib/armv6-m\libc_nano.a
END GROUP
START GROUP
LOAD c:/program files (x86)/cypress/psoc creator/4.1/psoc creator/import/gnu/arm/5.4.1/bin/../lib/gcc/arm-none-eabi/5.4.1/armv6-m\libgcc.a
LOAD c:/program files (x86)/cypress/psoc creator/4.1/psoc creator/import/gnu/arm/5.4.1/bin/../lib/gcc/arm-none-eabi/5.4.1/../../../../arm-none-eabi/lib/armv6-m\libc_nano.a
END GROUP
LOAD c:/program files (x86)/cypress/psoc creator/4.1/psoc creator/import/gnu/arm/5.4.1/bin/../lib/gcc/arm-none-eabi/5.4.1/armv6-m/crtend.o
LOAD c:/program files (x86)/cypress/psoc creator/4.1/psoc creator/import/gnu/arm/5.4.1/bin/../lib/gcc/arm-none-eabi/5.4.1/armv6-m/crtn.o
START GROUP
LOAD c:/program files (x86)/cypress/psoc creator/4.1/psoc creator/import/gnu/arm/5.4.1/bin/../lib/gcc/arm-none-eabi/5.4.1/armv6-m\libgcc.a
LOAD c:/program files (x86)/cypress/psoc creator/4.1/psoc creator/import/gnu/arm/5.4.1/bin/../lib/gcc/arm-none-eabi/5.4.1/../../../../arm-none-eabi/lib/armv6-m\libc.a
LOAD c:/program files (x86)/cypress/psoc creator/4.1/psoc creator/import/gnu/arm/5.4.1/bin/../lib/gcc/arm-none-eabi/5.4.1/../../../../arm-none-eabi/lib/armv6-m\libnosys.a
END GROUP
                0x00000000                CY_APPL_ORIGIN = 0x0
                0x00000080                CY_FLASH_ROW_SIZE = 0x80
                0x00000001                CY_APPL_NUM = 0x1
                0x00000001                CY_APPL_MAX = 0x1
                0x00000040                CY_METADATA_SIZE = 0x40
                0x00000000                CY_APPL_LOADABLE = 0x0
                0x00000000                CY_CHECKSUM_EXCLUDE_SIZE = ALIGN (0x0, CY_FLASH_ROW_SIZE)
                0x00000000                CY_APP_FOR_STACK_AND_COPIER = 0x0
                [!provide]                PROVIDE (__cy_heap_start, _end)
                0x00000001                PROVIDE (__cy_region_num, ((__cy_regions_end - __cy_regions) / 0x10))
                0x20004000                PROVIDE (__cy_stack, (ORIGIN (ram) + LENGTH (ram)))
                [!provide]                PROVIDE (__cy_heap_end, (__cy_stack - 0x800))

.cybootloader   0x00000000        0x0
 *(.cybootloader)
                0x00000000                appl1_start = CY_APPL_ORIGIN?CY_APPL_ORIGIN:ALIGN (CY_FLASH_ROW_SIZE)
                0x0000ff80                appl2_start = (appl1_start + ALIGN ((((LENGTH (rom) - appl1_start) - (0x2 * CY_FLASH_ROW_SIZE)) / 0x2), CY_FLASH_ROW_SIZE))
                0x00000000                appl_start = (CY_APPL_NUM == 0x1)?appl1_start:appl2_start
                0x00000001                cy_project_type_bootloader = (appl_start == 0x0)?0x1:0x0
                0x00000000                cy_project_type_app_for_stack_and_copier = (CY_APP_FOR_STACK_AND_COPIER == 0x1)?0x1:0x0

.text           0x00000000     0x7f58
 CREATE_OBJECT_SYMBOLS
                0x00000000                PROVIDE (__cy_interrupt_vector, RomVectors)
 *(.romvectors)
 .romvectors    0x00000000       0x10 .\CortexM0\ARM_GCC_541\Debug\Cm0Start.o
                0x00000000                RomVectors
                0x00000001                ASSERT ((. != __cy_interrupt_vector), No interrupt vector)
                0x00000001                ASSERT (CY_APPL_ORIGIN?(SIZEOF (.cybootloader) <= CY_APPL_ORIGIN):0x1, Wrong image location)
                0x00000010                PROVIDE (__cy_reset, Reset)
 *(.text.Reset)
 .text.Reset    0x00000010        0x8 .\CortexM0\ARM_GCC_541\Debug\Cm0Start.o
                0x00000010                Reset
                0x00000001                ASSERT ((. != __cy_reset), No reset code)
 *(.psocinit)
 .psocinit      0x00000018      0x2d8 .\CortexM0\ARM_GCC_541\Debug\cyfitter_cfg.o
                0x00000140                cyfitter_cfg
                0x000002f0                . = MAX (., 0x100)
 *(.text .text.* .gnu.linkonce.t.*)
 .text          0x000002f0       0x60 c:/program files (x86)/cypress/psoc creator/4.1/psoc creator/import/gnu/arm/5.4.1/bin/../lib/gcc/arm-none-eabi/5.4.1/armv6-m/crtbegin.o
 .text.writeVCNL_1
                0x00000350       0x24 .\CortexM0\ARM_GCC_541\Debug\main.o
                0x00000350                writeVCNL_1
 .text.readVCNL_1
                0x00000374       0x3c .\CortexM0\ARM_GCC_541\Debug\main.o
                0x00000374                readVCNL_1
 .text.initVCNL_1
                0x000003b0       0x8c .\CortexM0\ARM_GCC_541\Debug\main.o
                0x000003b0                initVCNL_1
 .text.readProximity_1
                0x0000043c       0x30 .\CortexM0\ARM_GCC_541\Debug\main.o
                0x0000043c                readProximity_1
 .text.writeVCNL_2
                0x0000046c       0x24 .\CortexM0\ARM_GCC_541\Debug\main.o
                0x0000046c                writeVCNL_2
 .text.readVCNL_2
                0x00000490       0x3c .\CortexM0\ARM_GCC_541\Debug\main.o
                0x00000490                readVCNL_2
 .text.initVCNL_2
                0x000004cc       0x8c .\CortexM0\ARM_GCC_541\Debug\main.o
                0x000004cc                initVCNL_2
 .text.readProximity_2
                0x00000558       0x30 .\CortexM0\ARM_GCC_541\Debug\main.o
                0x00000558                readProximity_2
 .text.readAmbient_2
                0x00000588       0x30 .\CortexM0\ARM_GCC_541\Debug\main.o
                0x00000588                readAmbient_2
 .text.writeVCNL_3
                0x000005b8       0x24 .\CortexM0\ARM_GCC_541\Debug\main.o
                0x000005b8                writeVCNL_3
 .text.readVCNL_3
                0x000005dc       0x3c .\CortexM0\ARM_GCC_541\Debug\main.o
                0x000005dc                readVCNL_3
 .text.initVCNL_3
                0x00000618       0x8c .\CortexM0\ARM_GCC_541\Debug\main.o
                0x00000618                initVCNL_3
 .text.readProximity_3
                0x000006a4       0x30 .\CortexM0\ARM_GCC_541\Debug\main.o
                0x000006a4                readProximity_3
 .text.writeVCNL_4
                0x000006d4       0x24 .\CortexM0\ARM_GCC_541\Debug\main.o
                0x000006d4                writeVCNL_4
 .text.readVCNL_4
                0x000006f8       0x3c .\CortexM0\ARM_GCC_541\Debug\main.o
                0x000006f8                readVCNL_4
 .text.initVCNL_4
                0x00000734       0x8c .\CortexM0\ARM_GCC_541\Debug\main.o
                0x00000734                initVCNL_4
 .text.error_data
                0x000007c0       0xa0 .\CortexM0\ARM_GCC_541\Debug\main.o
                0x000007c0                error_data
 .text.MoveSpeed
                0x00000860       0x94 .\CortexM0\ARM_GCC_541\Debug\main.o
                0x00000860                MoveSpeed
 .text.readPosition
                0x000008f4      0x12c .\CortexM0\ARM_GCC_541\Debug\main.o
                0x000008f4                readPosition
 .text.randd    0x00000a20       0x18 .\CortexM0\ARM_GCC_541\Debug\main.o
                0x00000a20                randd
 .text.dteta    0x00000a38      0x154 .\CortexM0\ARM_GCC_541\Debug\main.o
                0x00000a38                dteta
 .text.ddampli  0x00000b8c       0x28 .\CortexM0\ARM_GCC_541\Debug\main.o
                0x00000b8c                ddampli
 .text.ddoffset
                0x00000bb4       0x28 .\CortexM0\ARM_GCC_541\Debug\main.o
                0x00000bb4                ddoffset
 .text.CPG      0x00000bdc      0x14c .\CortexM0\ARM_GCC_541\Debug\main.o
                0x00000bdc                CPG
 .text.cantidad_m
                0x00000d28       0x30 .\CortexM0\ARM_GCC_541\Debug\main.o
                0x00000d28                cantidad_m
 .text.asignacion
                0x00000d58       0x30 .\CortexM0\ARM_GCC_541\Debug\main.o
                0x00000d58                asignacion
 .text.ledoff   0x00000d88       0x24 .\CortexM0\ARM_GCC_541\Debug\main.o
                0x00000d88                ledoff
 .text.Send_Angle
                0x00000dac       0x58 .\CortexM0\ARM_GCC_541\Debug\main.o
                0x00000dac                Send_Angle
 .text.inicio   0x00000e04      0x150 .\CortexM0\ARM_GCC_541\Debug\main.o
                0x00000e04                inicio
 .text.recibmail
                0x00000f54      0x250 .\CortexM0\ARM_GCC_541\Debug\main.o
                0x00000f54                recibmail
 .text.Condicion
                0x000011a4       0x7c .\CortexM0\ARM_GCC_541\Debug\main.o
                0x000011a4                Condicion
 .text.Orientacion_Modulo
                0x00001220       0x24 .\CortexM0\ARM_GCC_541\Debug\main.o
                0x00001220                Orientacion_Modulo
 .text.Adquirir_Parametros
                0x00001244       0xd0 .\CortexM0\ARM_GCC_541\Debug\main.o
                0x00001244                Adquirir_Parametros
 .text.recibmail_1
                0x00001314       0x44 .\CortexM0\ARM_GCC_541\Debug\main.o
                0x00001314                recibmail_1
 .text.interrutcan
                0x00001358       0x1c .\CortexM0\ARM_GCC_541\Debug\main.o
                0x00001358                interrutcan
 .text.main     0x00001374      0x100 .\CortexM0\ARM_GCC_541\Debug\main.o
                0x00001374                main
 .text.cfg_write_bytes32
                0x00001474       0x34 .\CortexM0\ARM_GCC_541\Debug\cyfitter_cfg.o
 .text.AnalogSetDefault
                0x000014a8       0x20 .\CortexM0\ARM_GCC_541\Debug\cyfitter_cfg.o
 .text.CYMEMZERO
                0x000014c8        0xc .\CortexM0\ARM_GCC_541\Debug\cyfitter_cfg.o
 .text.CYCONFIGCPYCODE
                0x000014d4        0x8 .\CortexM0\ARM_GCC_541\Debug\cyfitter_cfg.o
 .text.IntDefaultHandler
                0x000014dc        0x4 .\CortexM0\ARM_GCC_541\Debug\Cm0Start.o
                0x000014dc                IntDefaultHandler
 .text._sbrk    0x000014e0       0x30 .\CortexM0\ARM_GCC_541\Debug\Cm0Start.o
                0x000014e0                _sbrk
 .text.Start_c  0x00001510       0x48 .\CortexM0\ARM_GCC_541\Debug\Cm0Start.o
                0x00001510                Start_c
 .text.initialize_psoc
                0x00001558       0x4c .\CortexM0\ARM_GCC_541\Debug\Cm0Start.o
                0x00001558                initialize_psoc
 .text.LED_1_Write
                0x000015a4       0x18 .\CortexM0\ARM_GCC_541\Debug\Module.a(LED_1.o)
                0x000015a4                LED_1_Write
 .text.LED_2_Write
                0x000015bc       0x18 .\CortexM0\ARM_GCC_541\Debug\Module.a(LED_2.o)
                0x000015bc                LED_2_Write
 .text.LED_3_Write
                0x000015d4       0x18 .\CortexM0\ARM_GCC_541\Debug\Module.a(LED_3.o)
                0x000015d4                LED_3_Write
 .text.LED_4_Write
                0x000015ec       0x18 .\CortexM0\ARM_GCC_541\Debug\Module.a(LED_4.o)
                0x000015ec                LED_4_Write
 .text.CySysClkImoDisableWcoLock
                0x00001604       0x14 .\CortexM0\ARM_GCC_541\Debug\Module.a(CyLib.o)
                0x00001604                CySysClkImoDisableWcoLock
 .text.CySysClkImoGetWcoLock
                0x00001618       0x14 .\CortexM0\ARM_GCC_541\Debug\Module.a(CyLib.o)
                0x00001618                CySysClkImoGetWcoLock
 .text.CyIntEnable
                0x0000162c       0x14 .\CortexM0\ARM_GCC_541\Debug\Module.a(CyLib.o)
                0x0000162c                CyIntEnable
 .text.CyIntDisable
                0x00001640       0x14 .\CortexM0\ARM_GCC_541\Debug\Module.a(CyLib.o)
                0x00001640                CyIntDisable
 .text.CyHalt   0x00001654        0x4 .\CortexM0\ARM_GCC_541\Debug\Module.a(CyLib.o)
                0x00001654                CyHalt
 .text.CyIntSetVector
                0x00001658       0x24 .\CortexM0\ARM_GCC_541\Debug\Module.a(CyLib.o)
                0x00001658                CyIntSetVector
 .text.CyIntSetPriority
                0x0000167c       0x4c .\CortexM0\ARM_GCC_541\Debug\Module.a(CyLib.o)
                0x0000167c                CyIntSetPriority
 .text.CyDelay  0x000016c8       0x30 .\CortexM0\ARM_GCC_541\Debug\Module.a(CyLib.o)
                0x000016c8                CyDelay
 .text.CySysClkImoEnableWcoLock
                0x000016f8       0xf0 .\CortexM0\ARM_GCC_541\Debug\Module.a(CyLib.o)
                0x000016f8                CySysClkImoEnableWcoLock
 .text.CySysClkWriteImoFreq
                0x000017e8       0x80 .\CortexM0\ARM_GCC_541\Debug\Module.a(CyLib.o)
                0x000017e8                CySysClkWriteImoFreq
 .text.CyDelayUs
                0x00001868       0x14 .\CortexM0\ARM_GCC_541\Debug\Module.a(CyLib.o)
                0x00001868                CyDelayUs
 .text.CySysWdtLocked
                0x0000187c       0x14 .\CortexM0\ARM_GCC_541\Debug\Module.a(CyLFClk.o)
 .text.CySysClkWcoStart
                0x00001890       0x40 .\CortexM0\ARM_GCC_541\Debug\Module.a(CyLFClk.o)
                0x00001890                CySysClkWcoStart
 .text.CySysClkWcoEnabled
                0x000018d0       0x14 .\CortexM0\ARM_GCC_541\Debug\Module.a(CyLFClk.o)
                0x000018d0                CySysClkWcoEnabled
 .text.CySysWdtLock
                0x000018e4       0x1c .\CortexM0\ARM_GCC_541\Debug\Module.a(CyLFClk.o)
                0x000018e4                CySysWdtLock
 .text.CySysWdtUnlock
                0x00001900       0x30 .\CortexM0\ARM_GCC_541\Debug\Module.a(CyLFClk.o)
                0x00001900                CySysWdtUnlock
 .text.CySysWdtClearInterrupt
                0x00001930       0x4c .\CortexM0\ARM_GCC_541\Debug\Module.a(CyLFClk.o)
                0x00001930                CySysWdtClearInterrupt
 .text.CySysWdtIsr
                0x0000197c       0xa4 .\CortexM0\ARM_GCC_541\Debug\Module.a(CyLFClk.o)
                0x0000197c                CySysWdtIsr
 .text.MOTOR_Init
                0x00001a20       0x20 .\CortexM0\ARM_GCC_541\Debug\Module.a(MOTOR.o)
                0x00001a20                MOTOR_Init
 .text.MOTOR_Enable
                0x00001a40       0x28 .\CortexM0\ARM_GCC_541\Debug\Module.a(MOTOR.o)
                0x00001a40                MOTOR_Enable
 .text.MOTOR_Start
                0x00001a68       0x20 .\CortexM0\ARM_GCC_541\Debug\Module.a(MOTOR.o)
                0x00001a68                MOTOR_Start
 .text.MOTOR_PutChar
                0x00001a88       0x18 .\CortexM0\ARM_GCC_541\Debug\Module.a(MOTOR.o)
                0x00001a88                MOTOR_PutChar
 .text.MOTOR_IntClock_StartEx
                0x00001aa0       0x1c .\CortexM0\ARM_GCC_541\Debug\Module.a(MOTOR_IntClock.o)
                0x00001aa0                MOTOR_IntClock_StartEx
 .text.CAN_Stop
                0x00001abc       0x38 .\CortexM0\ARM_GCC_541\Debug\Module.a(CAN.o)
                0x00001abc                CAN_Stop
 .text.CAN_GlobalIntEnable
                0x00001af4       0x1c .\CortexM0\ARM_GCC_541\Debug\Module.a(CAN.o)
                0x00001af4                CAN_GlobalIntEnable
 .text.CAN_Enable
                0x00001b10       0x48 .\CortexM0\ARM_GCC_541\Debug\Module.a(CAN.o)
                0x00001b10                CAN_Enable
 .text.CAN_SetPreScaler
                0x00001b58       0x38 .\CortexM0\ARM_GCC_541\Debug\Module.a(CAN.o)
                0x00001b58                CAN_SetPreScaler
 .text.CAN_SetArbiter
                0x00001b90       0x40 .\CortexM0\ARM_GCC_541\Debug\Module.a(CAN.o)
                0x00001b90                CAN_SetArbiter
 .text.CAN_SetTsegSample
                0x00001bd0       0xa0 .\CortexM0\ARM_GCC_541\Debug\Module.a(CAN.o)
                0x00001bd0                CAN_SetTsegSample
 .text.CAN_SetRestartType
                0x00001c70       0x38 .\CortexM0\ARM_GCC_541\Debug\Module.a(CAN.o)
                0x00001c70                CAN_SetRestartType
 .text.CAN_SetEdgeMode
                0x00001ca8       0x38 .\CortexM0\ARM_GCC_541\Debug\Module.a(CAN.o)
                0x00001ca8                CAN_SetEdgeMode
 .text.CAN_SetIrqMask
                0x00001ce0       0x1c .\CortexM0\ARM_GCC_541\Debug\Module.a(CAN.o)
                0x00001ce0                CAN_SetIrqMask
 .text.CAN_GetErrorState
                0x00001cfc       0x10 .\CortexM0\ARM_GCC_541\Debug\Module.a(CAN.o)
                0x00001cfc                CAN_GetErrorState
 .text.CAN_RxBufConfig
                0x00001d0c       0x98 .\CortexM0\ARM_GCC_541\Debug\Module.a(CAN.o)
                0x00001d0c                CAN_RxBufConfig
 .text.CAN_TxBufConfig
                0x00001da4       0x58 .\CortexM0\ARM_GCC_541\Debug\Module.a(CAN.o)
                0x00001da4                CAN_TxBufConfig
 .text.CAN_RxTxBuffersConfig
                0x00001dfc       0x54 .\CortexM0\ARM_GCC_541\Debug\Module.a(CAN.o)
                0x00001dfc                CAN_RxTxBuffersConfig
 .text.CAN_SetSwapDataEndianness
                0x00001e50       0x40 .\CortexM0\ARM_GCC_541\Debug\Module.a(CAN.o)
                0x00001e50                CAN_SetSwapDataEndianness
 .text.CAN_Init
                0x00001e90       0xe4 .\CortexM0\ARM_GCC_541\Debug\Module.a(CAN.o)
                0x00001e90                CAN_Init
 .text.CAN_Start
                0x00001f74       0x28 .\CortexM0\ARM_GCC_541\Debug\Module.a(CAN.o)
                0x00001f74                CAN_Start
 .text.CAN_BusOffIsr
                0x00001f9c       0x14 .\CortexM0\ARM_GCC_541\Debug\Module.a(CAN_INT.o)
                0x00001f9c                CAN_BusOffIsr
 .text.CAN_MsgRXIsr
                0x00001fb0       0x60 .\CortexM0\ARM_GCC_541\Debug\Module.a(CAN_INT.o)
                0x00001fb0                CAN_MsgRXIsr
 .text.CAN_ISR  0x00002010       0x20 .\CortexM0\ARM_GCC_541\Debug\Module.a(CAN_INT.o)
                0x00002010                CAN_ISR
 .text.CAN_SendMsg0
                0x00002030       0xa8 .\CortexM0\ARM_GCC_541\Debug\Module.a(CAN_TX_RX_func.o)
                0x00002030                CAN_SendMsg0
 .text.CAN_SendMsg2
                0x000020d8       0xa8 .\CortexM0\ARM_GCC_541\Debug\Module.a(CAN_TX_RX_func.o)
                0x000020d8                CAN_SendMsg2
 .text.CAN_ReceiveMsg
                0x00002180       0x1c .\CortexM0\ARM_GCC_541\Debug\Module.a(CAN_TX_RX_func.o)
                0x00002180                CAN_ReceiveMsg
 .text.CAN_ReceiveMsg0
                0x0000219c       0x50 .\CortexM0\ARM_GCC_541\Debug\Module.a(CAN_TX_RX_func.o)
                0x0000219c                CAN_ReceiveMsg0
 .text.CAN_ReceiveMsg1
                0x000021ec       0x50 .\CortexM0\ARM_GCC_541\Debug\Module.a(CAN_TX_RX_func.o)
                0x000021ec                CAN_ReceiveMsg1
 .text.CAN_isr_SetVector
                0x0000223c        0xc .\CortexM0\ARM_GCC_541\Debug\Module.a(CAN_isr.o)
                0x0000223c                CAN_isr_SetVector
 .text.CAN_isr_SetPriority
                0x00002248       0x20 .\CortexM0\ARM_GCC_541\Debug\Module.a(CAN_isr.o)
                0x00002248                CAN_isr_SetPriority
 .text.CAN_isr_Enable
                0x00002268       0x10 .\CortexM0\ARM_GCC_541\Debug\Module.a(CAN_isr.o)
                0x00002268                CAN_isr_Enable
 .text.CAN_isr_Disable
                0x00002278       0x10 .\CortexM0\ARM_GCC_541\Debug\Module.a(CAN_isr.o)
                0x00002278                CAN_isr_Disable
 .text.CAN_isr_StartEx
                0x00002288       0x1c .\CortexM0\ARM_GCC_541\Debug\Module.a(CAN_isr.o)
                0x00002288                CAN_isr_StartEx
 .text.TXC_Write
                0x000022a4        0xc .\CortexM0\ARM_GCC_541\Debug\Module.a(TXC.o)
                0x000022a4                TXC_Write
 .text.RX_Init  0x000022b0       0x38 .\CortexM0\ARM_GCC_541\Debug\Module.a(RX.o)
                0x000022b0                RX_Init
 .text.RX_Enable
                0x000022e8       0x3c .\CortexM0\ARM_GCC_541\Debug\Module.a(RX.o)
                0x000022e8                RX_Enable
 .text.RX_Start
                0x00002324       0x20 .\CortexM0\ARM_GCC_541\Debug\Module.a(RX.o)
                0x00002324                RX_Start
 .text.RX_ReadRxData
                0x00002344       0x5c .\CortexM0\ARM_GCC_541\Debug\Module.a(RX.o)
                0x00002344                RX_ReadRxData
 .text.RX_GetChar
                0x000023a0       0x78 .\CortexM0\ARM_GCC_541\Debug\Module.a(RX.o)
                0x000023a0                RX_GetChar
 .text.RX_GetRxBufferSize
                0x00002418       0x5c .\CortexM0\ARM_GCC_541\Debug\Module.a(RX.o)
                0x00002418                RX_GetRxBufferSize
 .text.RX_ClearRxBuffer
                0x00002474       0x40 .\CortexM0\ARM_GCC_541\Debug\Module.a(RX.o)
                0x00002474                RX_ClearRxBuffer
 .text.RX_RXISR
                0x000024b4       0x90 .\CortexM0\ARM_GCC_541\Debug\Module.a(RX_INT.o)
                0x000024b4                RX_RXISR
 .text.RX_IntClock_StartEx
                0x00002544       0x1c .\CortexM0\ARM_GCC_541\Debug\Module.a(RX_IntClock.o)
                0x00002544                RX_IntClock_StartEx
 .text.SENSOR_1_ScbEnableIntr
                0x00002560        0xc .\CortexM0\ARM_GCC_541\Debug\Module.a(SENSOR_1.o)
 .text.SENSOR_1_Init
                0x0000256c        0x8 .\CortexM0\ARM_GCC_541\Debug\Module.a(SENSOR_1.o)
                0x0000256c                SENSOR_1_Init
 .text.SENSOR_1_Enable
                0x00002574       0x18 .\CortexM0\ARM_GCC_541\Debug\Module.a(SENSOR_1.o)
                0x00002574                SENSOR_1_Enable
 .text.SENSOR_1_Start
                0x0000258c       0x20 .\CortexM0\ARM_GCC_541\Debug\Module.a(SENSOR_1.o)
                0x0000258c                SENSOR_1_Start
 .text.SENSOR_1_I2CInit
                0x000025ac       0xbc .\CortexM0\ARM_GCC_541\Debug\Module.a(SENSOR_1_I2C.o)
                0x000025ac                SENSOR_1_I2CInit
 .text.SENSOR_1_I2CMasterStatus
                0x00002668       0x30 .\CortexM0\ARM_GCC_541\Debug\Module.a(SENSOR_1_I2C_MASTER.o)
                0x00002668                SENSOR_1_I2CMasterStatus
 .text.SENSOR_1_I2CReStartGeneration
                0x00002698       0x20 .\CortexM0\ARM_GCC_541\Debug\Module.a(SENSOR_1_I2C_MASTER.o)
                0x00002698                SENSOR_1_I2CReStartGeneration
 .text.SENSOR_1_I2CMasterWriteBuf
                0x000026b8       0xec .\CortexM0\ARM_GCC_541\Debug\Module.a(SENSOR_1_I2C_MASTER.o)
                0x000026b8                SENSOR_1_I2CMasterWriteBuf
 .text.SENSOR_1_I2CMasterReadBuf
                0x000027a4       0xfc .\CortexM0\ARM_GCC_541\Debug\Module.a(SENSOR_1_I2C_MASTER.o)
                0x000027a4                SENSOR_1_I2CMasterReadBuf
 .text.SENSOR_2_ScbEnableIntr
                0x000028a0        0xc .\CortexM0\ARM_GCC_541\Debug\Module.a(SENSOR_2.o)
 .text.SENSOR_2_Init
                0x000028ac        0x8 .\CortexM0\ARM_GCC_541\Debug\Module.a(SENSOR_2.o)
                0x000028ac                SENSOR_2_Init
 .text.SENSOR_2_Enable
                0x000028b4       0x18 .\CortexM0\ARM_GCC_541\Debug\Module.a(SENSOR_2.o)
                0x000028b4                SENSOR_2_Enable
 .text.SENSOR_2_Start
                0x000028cc       0x20 .\CortexM0\ARM_GCC_541\Debug\Module.a(SENSOR_2.o)
                0x000028cc                SENSOR_2_Start
 .text.SENSOR_2_I2CInit
                0x000028ec       0xbc .\CortexM0\ARM_GCC_541\Debug\Module.a(SENSOR_2_I2C.o)
                0x000028ec                SENSOR_2_I2CInit
 .text.SENSOR_2_I2CMasterStatus
                0x000029a8       0x30 .\CortexM0\ARM_GCC_541\Debug\Module.a(SENSOR_2_I2C_MASTER.o)
                0x000029a8                SENSOR_2_I2CMasterStatus
 .text.SENSOR_2_I2CReStartGeneration
                0x000029d8       0x20 .\CortexM0\ARM_GCC_541\Debug\Module.a(SENSOR_2_I2C_MASTER.o)
                0x000029d8                SENSOR_2_I2CReStartGeneration
 .text.SENSOR_2_I2CMasterWriteBuf
                0x000029f8       0xec .\CortexM0\ARM_GCC_541\Debug\Module.a(SENSOR_2_I2C_MASTER.o)
                0x000029f8                SENSOR_2_I2CMasterWriteBuf
 .text.SENSOR_2_I2CMasterReadBuf
                0x00002ae4       0xfc .\CortexM0\ARM_GCC_541\Debug\Module.a(SENSOR_2_I2C_MASTER.o)
                0x00002ae4                SENSOR_2_I2CMasterReadBuf
 .text.SENSOR_3_ScbEnableIntr
                0x00002be0        0xc .\CortexM0\ARM_GCC_541\Debug\Module.a(SENSOR_3.o)
 .text.SENSOR_3_Init
                0x00002bec        0x8 .\CortexM0\ARM_GCC_541\Debug\Module.a(SENSOR_3.o)
                0x00002bec                SENSOR_3_Init
 .text.SENSOR_3_Enable
                0x00002bf4       0x18 .\CortexM0\ARM_GCC_541\Debug\Module.a(SENSOR_3.o)
                0x00002bf4                SENSOR_3_Enable
 .text.SENSOR_3_Start
                0x00002c0c       0x20 .\CortexM0\ARM_GCC_541\Debug\Module.a(SENSOR_3.o)
                0x00002c0c                SENSOR_3_Start
 .text.SENSOR_3_I2CInit
                0x00002c2c       0xbc .\CortexM0\ARM_GCC_541\Debug\Module.a(SENSOR_3_I2C.o)
                0x00002c2c                SENSOR_3_I2CInit
 .text.SENSOR_3_I2CMasterStatus
                0x00002ce8       0x30 .\CortexM0\ARM_GCC_541\Debug\Module.a(SENSOR_3_I2C_MASTER.o)
                0x00002ce8                SENSOR_3_I2CMasterStatus
 .text.SENSOR_3_I2CReStartGeneration
                0x00002d18       0x20 .\CortexM0\ARM_GCC_541\Debug\Module.a(SENSOR_3_I2C_MASTER.o)
                0x00002d18                SENSOR_3_I2CReStartGeneration
 .text.SENSOR_3_I2CMasterWriteBuf
                0x00002d38       0xec .\CortexM0\ARM_GCC_541\Debug\Module.a(SENSOR_3_I2C_MASTER.o)
                0x00002d38                SENSOR_3_I2CMasterWriteBuf
 .text.SENSOR_3_I2CMasterReadBuf
                0x00002e24       0xfc .\CortexM0\ARM_GCC_541\Debug\Module.a(SENSOR_3_I2C_MASTER.o)
                0x00002e24                SENSOR_3_I2CMasterReadBuf
 .text.SENSOR_4_ScbEnableIntr
                0x00002f20        0xc .\CortexM0\ARM_GCC_541\Debug\Module.a(SENSOR_4.o)
 .text.SENSOR_4_Init
                0x00002f2c        0x8 .\CortexM0\ARM_GCC_541\Debug\Module.a(SENSOR_4.o)
                0x00002f2c                SENSOR_4_Init
 .text.SENSOR_4_Enable
                0x00002f34       0x18 .\CortexM0\ARM_GCC_541\Debug\Module.a(SENSOR_4.o)
                0x00002f34                SENSOR_4_Enable
 .text.SENSOR_4_Start
                0x00002f4c       0x20 .\CortexM0\ARM_GCC_541\Debug\Module.a(SENSOR_4.o)
                0x00002f4c                SENSOR_4_Start
 .text.SENSOR_4_I2CInit
                0x00002f6c       0xbc .\CortexM0\ARM_GCC_541\Debug\Module.a(SENSOR_4_I2C.o)
                0x00002f6c                SENSOR_4_I2CInit
 .text.SENSOR_4_I2CMasterStatus
                0x00003028       0x30 .\CortexM0\ARM_GCC_541\Debug\Module.a(SENSOR_4_I2C_MASTER.o)
                0x00003028                SENSOR_4_I2CMasterStatus
 .text.SENSOR_4_I2CReStartGeneration
                0x00003058       0x20 .\CortexM0\ARM_GCC_541\Debug\Module.a(SENSOR_4_I2C_MASTER.o)
                0x00003058                SENSOR_4_I2CReStartGeneration
 .text.SENSOR_4_I2CMasterWriteBuf
                0x00003078       0xec .\CortexM0\ARM_GCC_541\Debug\Module.a(SENSOR_4_I2C_MASTER.o)
                0x00003078                SENSOR_4_I2CMasterWriteBuf
 .text.SENSOR_4_I2CMasterReadBuf
                0x00003164       0xfc .\CortexM0\ARM_GCC_541\Debug\Module.a(SENSOR_4_I2C_MASTER.o)
                0x00003164                SENSOR_4_I2CMasterReadBuf
 .text          0x00003260       0x20 .\CortexM0\ARM_GCC_541\Debug\Module.a(CyBootAsmGnu.o)
                0x00003260                CyDelayCycles
                0x00003272                CyEnterCriticalSection
                0x0000327a                CyExitCriticalSection
 .text.CySysFlashSetWaitCycles
                0x00003280       0x54 .\CortexM0\ARM_GCC_541\Debug\Module.a(CyFlash.o)
                0x00003280                CySysFlashSetWaitCycles
 .text.SENSOR_1_I2C_ISR
                0x000032d4      0x374 .\CortexM0\ARM_GCC_541\Debug\Module.a(SENSOR_1_I2C_INT.o)
                0x000032d4                SENSOR_1_I2C_ISR
 .text.SENSOR_2_I2C_ISR
                0x00003648      0x374 .\CortexM0\ARM_GCC_541\Debug\Module.a(SENSOR_2_I2C_INT.o)
                0x00003648                SENSOR_2_I2C_ISR
 .text.SENSOR_3_I2C_ISR
                0x000039bc      0x374 .\CortexM0\ARM_GCC_541\Debug\Module.a(SENSOR_3_I2C_INT.o)
                0x000039bc                SENSOR_3_I2C_ISR
 .text.SENSOR_4_I2C_ISR
                0x00003d30      0x374 .\CortexM0\ARM_GCC_541\Debug\Module.a(SENSOR_4_I2C_INT.o)
                0x00003d30                SENSOR_4_I2C_ISR
 .text.cos      0x000040a4       0x8c c:/program files (x86)/cypress/psoc creator/4.1/psoc creator/import/gnu/arm/5.4.1/bin/../lib/gcc/arm-none-eabi/5.4.1/../../../../arm-none-eabi/lib/armv6-m\libm.a(lib_a-s_cos.o)
                0x000040a4                cos
 .text.sin      0x00004130       0x90 c:/program files (x86)/cypress/psoc creator/4.1/psoc creator/import/gnu/arm/5.4.1/bin/../lib/gcc/arm-none-eabi/5.4.1/../../../../arm-none-eabi/lib/armv6-m\libm.a(lib_a-s_sin.o)
                0x00004130                sin
 .text.__ieee754_rem_pio2
                0x000041c0      0x40c c:/program files (x86)/cypress/psoc creator/4.1/psoc creator/import/gnu/arm/5.4.1/bin/../lib/gcc/arm-none-eabi/5.4.1/../../../../arm-none-eabi/lib/armv6-m\libm.a(lib_a-e_rem_pio2.o)
                0x000041c0                __ieee754_rem_pio2
 .text.__kernel_cos
                0x000045cc      0x234 c:/program files (x86)/cypress/psoc creator/4.1/psoc creator/import/gnu/arm/5.4.1/bin/../lib/gcc/arm-none-eabi/5.4.1/../../../../arm-none-eabi/lib/armv6-m\libm.a(lib_a-k_cos.o)
                0x000045cc                __kernel_cos
 .text.__kernel_rem_pio2
                0x00004800      0x8a4 c:/program files (x86)/cypress/psoc creator/4.1/psoc creator/import/gnu/arm/5.4.1/bin/../lib/gcc/arm-none-eabi/5.4.1/../../../../arm-none-eabi/lib/armv6-m\libm.a(lib_a-k_rem_pio2.o)
                0x00004800                __kernel_rem_pio2
 .text.__kernel_sin
                0x000050a4      0x160 c:/program files (x86)/cypress/psoc creator/4.1/psoc creator/import/gnu/arm/5.4.1/bin/../lib/gcc/arm-none-eabi/5.4.1/../../../../arm-none-eabi/lib/armv6-m\libm.a(lib_a-k_sin.o)
                0x000050a4                __kernel_sin
 .text.fabs     0x00005204        0x8 c:/program files (x86)/cypress/psoc creator/4.1/psoc creator/import/gnu/arm/5.4.1/bin/../lib/gcc/arm-none-eabi/5.4.1/../../../../arm-none-eabi/lib/armv6-m\libm.a(lib_a-s_fabs.o)
                0x00005204                fabs
 .text.floor    0x0000520c      0x130 c:/program files (x86)/cypress/psoc creator/4.1/psoc creator/import/gnu/arm/5.4.1/bin/../lib/gcc/arm-none-eabi/5.4.1/../../../../arm-none-eabi/lib/armv6-m\libm.a(lib_a-s_floor.o)
                0x0000520c                floor
 .text.scalbn   0x0000533c       0xd0 c:/program files (x86)/cypress/psoc creator/4.1/psoc creator/import/gnu/arm/5.4.1/bin/../lib/gcc/arm-none-eabi/5.4.1/../../../../arm-none-eabi/lib/armv6-m\libm.a(lib_a-s_scalbn.o)
                0x0000533c                scalbn
 .text.copysign
                0x0000540c       0x10 c:/program files (x86)/cypress/psoc creator/4.1/psoc creator/import/gnu/arm/5.4.1/bin/../lib/gcc/arm-none-eabi/5.4.1/../../../../arm-none-eabi/lib/armv6-m\libm.a(lib_a-s_copysign.o)
                0x0000540c                copysign
 .text          0x0000541c      0x114 c:/program files (x86)/cypress/psoc creator/4.1/psoc creator/import/gnu/arm/5.4.1/bin/../lib/gcc/arm-none-eabi/5.4.1/armv6-m\libgcc.a(_udivsi3.o)
                0x0000541c                __aeabi_uidiv
                0x0000541c                __udivsi3
                0x00005528                __aeabi_uidivmod
 .text          0x00005530      0x1d4 c:/program files (x86)/cypress/psoc creator/4.1/psoc creator/import/gnu/arm/5.4.1/bin/../lib/gcc/arm-none-eabi/5.4.1/armv6-m\libgcc.a(_divsi3.o)
                0x00005530                __divsi3
                0x00005530                __aeabi_idiv
                0x000056fc                __aeabi_idivmod
 .text          0x00005704        0x4 c:/program files (x86)/cypress/psoc creator/4.1/psoc creator/import/gnu/arm/5.4.1/bin/../lib/gcc/arm-none-eabi/5.4.1/armv6-m\libgcc.a(_dvmd_tls.o)
                0x00005704                __aeabi_idiv0
                0x00005704                __aeabi_ldiv0
 .text          0x00005708       0x7c c:/program files (x86)/cypress/psoc creator/4.1/psoc creator/import/gnu/arm/5.4.1/bin/../lib/gcc/arm-none-eabi/5.4.1/armv6-m\libgcc.a(_arm_cmpdf2.o)
                0x00005708                __aeabi_cdrcmple
                0x00005718                __aeabi_cdcmple
                0x00005718                __aeabi_cdcmpeq
                0x00005728                __aeabi_dcmpeq
                0x00005734                __aeabi_dcmplt
                0x00005748                __aeabi_dcmple
                0x0000575c                __aeabi_dcmpgt
                0x00005770                __aeabi_dcmpge
 .text          0x00005784      0x2ec c:/program files (x86)/cypress/psoc creator/4.1/psoc creator/import/gnu/arm/5.4.1/bin/../lib/gcc/arm-none-eabi/5.4.1/armv6-m\libgcc.a(addsf3.o)
                0x00005784                __aeabi_fadd
 .text          0x00005a70      0x228 c:/program files (x86)/cypress/psoc creator/4.1/psoc creator/import/gnu/arm/5.4.1/bin/../lib/gcc/arm-none-eabi/5.4.1/armv6-m\libgcc.a(mulsf3.o)
                0x00005a70                __aeabi_fmul
 .text          0x00005c98      0x30c c:/program files (x86)/cypress/psoc creator/4.1/psoc creator/import/gnu/arm/5.4.1/bin/../lib/gcc/arm-none-eabi/5.4.1/armv6-m\libgcc.a(subsf3.o)
                0x00005c98                __aeabi_fsub
 .text          0x00005fa4       0x44 c:/program files (x86)/cypress/psoc creator/4.1/psoc creator/import/gnu/arm/5.4.1/bin/../lib/gcc/arm-none-eabi/5.4.1/armv6-m\libgcc.a(fixsfsi.o)
                0x00005fa4                __aeabi_f2iz
 .text          0x00005fe8      0x658 c:/program files (x86)/cypress/psoc creator/4.1/psoc creator/import/gnu/arm/5.4.1/bin/../lib/gcc/arm-none-eabi/5.4.1/armv6-m\libgcc.a(adddf3.o)
                0x00005fe8                __aeabi_dadd
 .text          0x00006640      0x62c c:/program files (x86)/cypress/psoc creator/4.1/psoc creator/import/gnu/arm/5.4.1/bin/../lib/gcc/arm-none-eabi/5.4.1/armv6-m\libgcc.a(divdf3.o)
                0x00006640                __aeabi_ddiv
 .text          0x00006c6c       0x80 c:/program files (x86)/cypress/psoc creator/4.1/psoc creator/import/gnu/arm/5.4.1/bin/../lib/gcc/arm-none-eabi/5.4.1/armv6-m\libgcc.a(eqdf2.o)
                0x00006c6c                __nedf2
                0x00006c6c                __eqdf2
 .text          0x00006cec       0xc8 c:/program files (x86)/cypress/psoc creator/4.1/psoc creator/import/gnu/arm/5.4.1/bin/../lib/gcc/arm-none-eabi/5.4.1/armv6-m\libgcc.a(gedf2.o)
                0x00006cec                __gedf2
                0x00006cec                __gtdf2
 .text          0x00006db4       0xd4 c:/program files (x86)/cypress/psoc creator/4.1/psoc creator/import/gnu/arm/5.4.1/bin/../lib/gcc/arm-none-eabi/5.4.1/armv6-m\libgcc.a(ledf2.o)
                0x00006db4                __ledf2
                0x00006db4                __ltdf2
 .text          0x00006e88      0x4f4 c:/program files (x86)/cypress/psoc creator/4.1/psoc creator/import/gnu/arm/5.4.1/bin/../lib/gcc/arm-none-eabi/5.4.1/armv6-m\libgcc.a(muldf3.o)
                0x00006e88                __aeabi_dmul
 .text          0x0000737c      0x6a8 c:/program files (x86)/cypress/psoc creator/4.1/psoc creator/import/gnu/arm/5.4.1/bin/../lib/gcc/arm-none-eabi/5.4.1/armv6-m\libgcc.a(subdf3.o)
                0x0000737c                __aeabi_dsub
 .text          0x00007a24       0x6c c:/program files (x86)/cypress/psoc creator/4.1/psoc creator/import/gnu/arm/5.4.1/bin/../lib/gcc/arm-none-eabi/5.4.1/armv6-m\libgcc.a(fixdfsi.o)
                0x00007a24                __aeabi_d2iz
 .text          0x00007a90       0x84 c:/program files (x86)/cypress/psoc creator/4.1/psoc creator/import/gnu/arm/5.4.1/bin/../lib/gcc/arm-none-eabi/5.4.1/armv6-m\libgcc.a(floatsidf.o)
                0x00007a90                __aeabi_i2d
 .text          0x00007b14       0xa8 c:/program files (x86)/cypress/psoc creator/4.1/psoc creator/import/gnu/arm/5.4.1/bin/../lib/gcc/arm-none-eabi/5.4.1/armv6-m\libgcc.a(extendsfdf2.o)
                0x00007b14                __aeabi_f2d
 .text          0x00007bbc      0x118 c:/program files (x86)/cypress/psoc creator/4.1/psoc creator/import/gnu/arm/5.4.1/bin/../lib/gcc/arm-none-eabi/5.4.1/armv6-m\libgcc.a(truncdfsf2.o)
                0x00007bbc                __aeabi_d2f
 .text          0x00007cd4       0x3c c:/program files (x86)/cypress/psoc creator/4.1/psoc creator/import/gnu/arm/5.4.1/bin/../lib/gcc/arm-none-eabi/5.4.1/armv6-m\libgcc.a(_clzsi2.o)
                0x00007cd4                __clzsi2
 .text.__errno  0x00007d10        0xc c:/program files (x86)/cypress/psoc creator/4.1/psoc creator/import/gnu/arm/5.4.1/bin/../lib/gcc/arm-none-eabi/5.4.1/../../../../arm-none-eabi/lib/armv6-m\libg_nano.a(lib_a-errno.o)
                0x00007d10                __errno
 .text.__libc_init_array
                0x00007d1c       0x4c c:/program files (x86)/cypress/psoc creator/4.1/psoc creator/import/gnu/arm/5.4.1/bin/../lib/gcc/arm-none-eabi/5.4.1/../../../../arm-none-eabi/lib/armv6-m\libg_nano.a(lib_a-init.o)
                0x00007d1c                __libc_init_array
 .text.memcpy   0x00007d68       0x12 c:/program files (x86)/cypress/psoc creator/4.1/psoc creator/import/gnu/arm/5.4.1/bin/../lib/gcc/arm-none-eabi/5.4.1/../../../../arm-none-eabi/lib/armv6-m\libg_nano.a(lib_a-memcpy-stub.o)
                0x00007d68                memcpy
 .text.memset   0x00007d7a       0x10 c:/program files (x86)/cypress/psoc creator/4.1/psoc creator/import/gnu/arm/5.4.1/bin/../lib/gcc/arm-none-eabi/5.4.1/../../../../arm-none-eabi/lib/armv6-m\libg_nano.a(lib_a-memset.o)
                0x00007d7a                memset
 *fill*         0x00007d8a        0x2 
 .text.rand     0x00007d8c       0x78 c:/program files (x86)/cypress/psoc creator/4.1/psoc creator/import/gnu/arm/5.4.1/bin/../lib/gcc/arm-none-eabi/5.4.1/../../../../arm-none-eabi/lib/armv6-m\libg_nano.a(lib_a-rand.o)
                0x00007d8c                rand
 .text.malloc   0x00007e04       0x14 c:/program files (x86)/cypress/psoc creator/4.1/psoc creator/import/gnu/arm/5.4.1/bin/../lib/gcc/arm-none-eabi/5.4.1/../../../../arm-none-eabi/lib/armv6-m\libg_nano.a(lib_a-malloc.o)
                0x00007e04                malloc
 .text._malloc_r
                0x00007e18       0xc0 c:/program files (x86)/cypress/psoc creator/4.1/psoc creator/import/gnu/arm/5.4.1/bin/../lib/gcc/arm-none-eabi/5.4.1/../../../../arm-none-eabi/lib/armv6-m\libg_nano.a(lib_a-nano-mallocr.o)
                0x00007e18                _malloc_r
 .text._sbrk_r  0x00007ed8       0x24 c:/program files (x86)/cypress/psoc creator/4.1/psoc creator/import/gnu/arm/5.4.1/bin/../lib/gcc/arm-none-eabi/5.4.1/../../../../arm-none-eabi/lib/armv6-m\libg_nano.a(lib_a-sbrkr.o)
                0x00007ed8                _sbrk_r
 .text.__malloc_lock
                0x00007efc        0x2 c:/program files (x86)/cypress/psoc creator/4.1/psoc creator/import/gnu/arm/5.4.1/bin/../lib/gcc/arm-none-eabi/5.4.1/../../../../arm-none-eabi/lib/armv6-m\libg_nano.a(lib_a-mlock.o)
                0x00007efc                __malloc_lock
 .text.__malloc_unlock
                0x00007efe        0x2 c:/program files (x86)/cypress/psoc creator/4.1/psoc creator/import/gnu/arm/5.4.1/bin/../lib/gcc/arm-none-eabi/5.4.1/../../../../arm-none-eabi/lib/armv6-m\libg_nano.a(lib_a-mlock.o)
                0x00007efe                __malloc_unlock
 .text          0x00007f00       0x58 c:/program files (x86)/cypress/psoc creator/4.1/psoc creator/import/gnu/arm/5.4.1/bin/../lib/gcc/arm-none-eabi/5.4.1/armv6-m\libgcc.a(_muldi3.o)
                0x00007f00                __muldi3
                0x00007f00                __aeabi_lmul
 *(.plt)
 *(.gnu.warning)
 *(.glue_7t)
 .glue_7t       0x00007f58        0x0 linker stubs
 *(.glue_7)
 .glue_7        0x00007f58        0x0 linker stubs
 *(.vfp11_veneer)
 .vfp11_veneer  0x00007f58        0x0 linker stubs
 *(.bootloader)
 *(.ARM.extab* .gnu.linkonce.armextab.*)
 *(.gcc_except_table)

.v4_bx          0x00007f58        0x0
 .v4_bx         0x00007f58        0x0 linker stubs

.iplt           0x00007f58        0x0
 .iplt          0x00007f58        0x0 c:/program files (x86)/cypress/psoc creator/4.1/psoc creator/import/gnu/arm/5.4.1/bin/../lib/gcc/arm-none-eabi/5.4.1/armv6-m/crtbegin.o

.eh_frame_hdr
 *(.eh_frame_hdr)

.eh_frame       0x00007f58        0x4
 *(.eh_frame)
 .eh_frame      0x00007f58        0x0 c:/program files (x86)/cypress/psoc creator/4.1/psoc creator/import/gnu/arm/5.4.1/bin/../lib/gcc/arm-none-eabi/5.4.1/armv6-m/crtbegin.o
 .eh_frame      0x00007f58        0x4 c:/program files (x86)/cypress/psoc creator/4.1/psoc creator/import/gnu/arm/5.4.1/bin/../lib/gcc/arm-none-eabi/5.4.1/armv6-m/crtend.o
                [!provide]                PROVIDE (__exidx_start, .)

.ARM.exidx
 *(.ARM.exidx* .gnu.linkonce.armexidx.*)
                0x00007f5c                __exidx_end = .

.rodata         0x00007f60      0x7a8
 *(.rodata .rodata.* .gnu.linkonce.r.*)
 .rodata        0x00007f60       0x64 .\CortexM0\ARM_GCC_541\Debug\main.o
 .rodata        0x00007fc4      0x2cc .\CortexM0\ARM_GCC_541\Debug\cyfitter_cfg.o
 .rodata        0x00008290       0x47 .\CortexM0\ARM_GCC_541\Debug\Module.a(CyLib.o)
                0x00008290                cyImoFreqMhz2Reg
                0x000082c0                cyImoFreqMhz2DpllOffset
 *fill*         0x000082d7        0x1 
 .rodata        0x000082d8      0x160 .\CortexM0\ARM_GCC_541\Debug\Module.a(CAN.o)
 .rodata.npio2_hw
                0x00008438       0x80 c:/program files (x86)/cypress/psoc creator/4.1/psoc creator/import/gnu/arm/5.4.1/bin/../lib/gcc/arm-none-eabi/5.4.1/../../../../arm-none-eabi/lib/armv6-m\libm.a(lib_a-e_rem_pio2.o)
 .rodata.two_over_pi
                0x000084b8      0x108 c:/program files (x86)/cypress/psoc creator/4.1/psoc creator/import/gnu/arm/5.4.1/bin/../lib/gcc/arm-none-eabi/5.4.1/../../../../arm-none-eabi/lib/armv6-m\libm.a(lib_a-e_rem_pio2.o)
 .rodata.init_jk
                0x000085c0       0x10 c:/program files (x86)/cypress/psoc creator/4.1/psoc creator/import/gnu/arm/5.4.1/bin/../lib/gcc/arm-none-eabi/5.4.1/../../../../arm-none-eabi/lib/armv6-m\libm.a(lib_a-k_rem_pio2.o)
 .rodata.PIo2   0x000085d0       0x40 c:/program files (x86)/cypress/psoc creator/4.1/psoc creator/import/gnu/arm/5.4.1/bin/../lib/gcc/arm-none-eabi/5.4.1/../../../../arm-none-eabi/lib/armv6-m\libm.a(lib_a-k_rem_pio2.o)
 .rodata        0x00008610       0x40 c:/program files (x86)/cypress/psoc creator/4.1/psoc creator/import/gnu/arm/5.4.1/bin/../lib/gcc/arm-none-eabi/5.4.1/armv6-m\libgcc.a(mulsf3.o)
 .rodata        0x00008650       0x40 c:/program files (x86)/cypress/psoc creator/4.1/psoc creator/import/gnu/arm/5.4.1/bin/../lib/gcc/arm-none-eabi/5.4.1/armv6-m\libgcc.a(divdf3.o)
 .rodata        0x00008690       0x40 c:/program files (x86)/cypress/psoc creator/4.1/psoc creator/import/gnu/arm/5.4.1/bin/../lib/gcc/arm-none-eabi/5.4.1/armv6-m\libgcc.a(muldf3.o)
 .rodata.str1.1
                0x000086d0        0x2 c:/program files (x86)/cypress/psoc creator/4.1/psoc creator/import/gnu/arm/5.4.1/bin/../lib/gcc/arm-none-eabi/5.4.1/../../../../arm-none-eabi/lib/armv6-m\libg_nano.a(lib_a-impure.o)
                0x000086d4                . = ALIGN (0x4)
 *fill*         0x000086d2        0x2 
 *(.init)
 .init          0x000086d4        0x4 c:/program files (x86)/cypress/psoc creator/4.1/psoc creator/import/gnu/arm/5.4.1/bin/../lib/gcc/arm-none-eabi/5.4.1/armv6-m/crti.o
                0x000086d4                _init
 .init          0x000086d8        0x8 c:/program files (x86)/cypress/psoc creator/4.1/psoc creator/import/gnu/arm/5.4.1/bin/../lib/gcc/arm-none-eabi/5.4.1/armv6-m/crtn.o
                0x000086e0                . = ALIGN (0x4)
                0x000086e0                __preinit_array_start = .
 *(.preinit_array)
                0x000086e0                __preinit_array_end = .
                0x000086e0                . = ALIGN (0x4)
                0x000086e0                __init_array_start = .
 *(SORT(.init_array.*))
 *(.init_array)
 .init_array    0x000086e0        0x4 c:/program files (x86)/cypress/psoc creator/4.1/psoc creator/import/gnu/arm/5.4.1/bin/../lib/gcc/arm-none-eabi/5.4.1/armv6-m/crtbegin.o
 .init_array    0x000086e4        0x4 .\CortexM0\ARM_GCC_541\Debug\Cm0Start.o
                0x000086e8                __init_array_end = .
                0x000086e8                . = ALIGN (0x4)
 *(.fini)
 .fini          0x000086e8        0x4 c:/program files (x86)/cypress/psoc creator/4.1/psoc creator/import/gnu/arm/5.4.1/bin/../lib/gcc/arm-none-eabi/5.4.1/armv6-m/crti.o
                0x000086e8                _fini
 .fini          0x000086ec        0x8 c:/program files (x86)/cypress/psoc creator/4.1/psoc creator/import/gnu/arm/5.4.1/bin/../lib/gcc/arm-none-eabi/5.4.1/armv6-m/crtn.o
                0x000086f4                . = ALIGN (0x4)
                0x000086f4                __fini_array_start = .
 *(.fini_array)
 .fini_array    0x000086f4        0x4 c:/program files (x86)/cypress/psoc creator/4.1/psoc creator/import/gnu/arm/5.4.1/bin/../lib/gcc/arm-none-eabi/5.4.1/armv6-m/crtbegin.o
 *(SORT(.fini_array.*))
                0x000086f8                __fini_array_end = .
                0x000086f8                . = ALIGN (0x4)
 *crtbegin.o(.ctors)
 *(EXCLUDE_FILE(*crtend.o) .ctors)
 *(SORT(.ctors.*))
 *crtend.o(.ctors)
                0x000086f8                . = ALIGN (0x4)
 *crtbegin.o(.dtors)
 *(EXCLUDE_FILE(*crtend.o) .dtors)
 *(SORT(.dtors.*))
 *crtend.o(.dtors)
                0x000086f8                . = ALIGN (0x4)
                0x000086f8                __cy_regions = .
                0x000086f8        0x4 LONG 0x8708 __cy_region_init_ram
                0x000086fc        0x4 LONG 0x200000c0 __cy_region_start_data
                0x00008700        0x4 LONG 0x98 __cy_region_init_size_ram
                0x00008704        0x4 LONG 0x230 __cy_region_zero_size_ram
                0x00008708                __cy_regions_end = .
                0x00008708                . = ALIGN (0x8)
                0x00008708                _etext = .

.cy_checksum_exclude
                0x00008708        0x0
 *(.cy_checksum_exclude)

.ramvectors     0x20000000       0xc0
                0x20000000                __cy_region_start_ram = .
 *(.ramvectors)
 .ramvectors    0x20000000       0xc0 .\CortexM0\ARM_GCC_541\Debug\Cm0Start.o
                0x20000000                CyRamVectors

.noinit
 *(.noinit)

.data           0x200000c0       0x98 load address 0x00008708
                0x200000c0                __cy_region_start_data = .
 *(.jcr)
 .jcr           0x200000c0        0x0 c:/program files (x86)/cypress/psoc creator/4.1/psoc creator/import/gnu/arm/5.4.1/bin/../lib/gcc/arm-none-eabi/5.4.1/armv6-m/crtbegin.o
 .jcr           0x200000c0        0x4 c:/program files (x86)/cypress/psoc creator/4.1/psoc creator/import/gnu/arm/5.4.1/bin/../lib/gcc/arm-none-eabi/5.4.1/armv6-m/crtend.o
 *(.got.plt)
 *(.got)
 *(.shdata)
 *(.data .data.* .gnu.linkonce.d.*)
 .data          0x200000c4       0x12 .\CortexM0\ARM_GCC_541\Debug\main.o
                0x200000c4                pi
                0x200000c8                dt
                0x200000cc                offset
                0x200000d0                of2
                0x200000d4                Mydir
                0x200000d5                dir
 *fill*         0x200000d6        0x2 
 .data          0x200000d8        0x4 .\CortexM0\ARM_GCC_541\Debug\Cm0Start.o
 .data          0x200000dc       0x10 .\CortexM0\ARM_GCC_541\Debug\Module.a(CyLib.o)
                0x200000dc                cydelay32kMs
                0x200000e0                cydelayFreqKhz
                0x200000e4                cydelayFreqMhz
                0x200000e8                cydelayFreqHz
 .data          0x200000ec        0x8 .\CortexM0\ARM_GCC_541\Debug\Module.a(CyLFClk.o)
 .data.impure_data
                0x200000f4       0x60 c:/program files (x86)/cypress/psoc creator/4.1/psoc creator/import/gnu/arm/5.4.1/bin/../lib/gcc/arm-none-eabi/5.4.1/../../../../arm-none-eabi/lib/armv6-m\libg_nano.a(lib_a-impure.o)
 .data._impure_ptr
                0x20000154        0x4 c:/program files (x86)/cypress/psoc creator/4.1/psoc creator/import/gnu/arm/5.4.1/bin/../lib/gcc/arm-none-eabi/5.4.1/../../../../arm-none-eabi/lib/armv6-m\libg_nano.a(lib_a-impure.o)
                0x20000154                _impure_ptr
                0x20000158                . = ALIGN (0x8)
 *(.ram)
                0x20000158                _edata = .

.igot.plt       0x20000158        0x0 load address 0x000087a0
 .igot.plt      0x20000158        0x0 c:/program files (x86)/cypress/psoc creator/4.1/psoc creator/import/gnu/arm/5.4.1/bin/../lib/gcc/arm-none-eabi/5.4.1/armv6-m/crtbegin.o

.bss            0x20000158      0x230 load address 0x000087a0
                0x20000158                PROVIDE (__bss_start__, .)
 *(.shbss)
 *(.bss .bss.* .gnu.linkonce.b.*)
 .bss           0x20000158       0x1c c:/program files (x86)/cypress/psoc creator/4.1/psoc creator/import/gnu/arm/5.4.1/bin/../lib/gcc/arm-none-eabi/5.4.1/armv6-m/crtbegin.o
 .bss           0x20000174       0x48 .\CortexM0\ARM_GCC_541\Debug\main.o
                0x20000174                i
                0x20000178                ii
                0x2000017c                iii
                0x20000180                iiii
                0x20000184                Seleccion
                0x20000188                teta2
                0x2000018c                teta3
                0x20000190                teta
                0x20000194                phase
                0x20000198                dampli
                0x2000019c                ampli
                0x200001a0                amp2
                0x200001a4                doffset
                0x200001a8                sal
                0x200001ac                Condicion_Start
                0x200001b0                conta
                0x200001b4                retardo
                0x200001b8                vel
 .bss           0x200001bc       0x28 .\CortexM0\ARM_GCC_541\Debug\Module.a(CyLFClk.o)
 .bss           0x200001e4        0x2 .\CortexM0\ARM_GCC_541\Debug\Module.a(MOTOR.o)
                0x200001e4                MOTOR_initVar
 .bss           0x200001e6        0x1 .\CortexM0\ARM_GCC_541\Debug\Module.a(CAN.o)
                0x200001e6                CAN_initVar
 .bss           0x200001e7        0x6 .\CortexM0\ARM_GCC_541\Debug\Module.a(RX.o)
                0x200001e7                RX_errorStatus
                0x200001e8                RX_initVar
                0x200001e9                RX_rxBufferRead
                0x200001ea                RX_rxBufferWrite
                0x200001eb                RX_rxBufferLoopDetect
                0x200001ec                RX_rxBufferOverflow
 *fill*         0x200001ed        0x3 
 .bss           0x200001f0        0x8 .\CortexM0\ARM_GCC_541\Debug\Module.a(SENSOR_1.o)
                0x200001f0                SENSOR_1_initVar
                0x200001f4                SENSOR_1_customIntrHandler
 .bss           0x200001f8        0x8 .\CortexM0\ARM_GCC_541\Debug\Module.a(SENSOR_2.o)
                0x200001f8                SENSOR_2_initVar
                0x200001fc                SENSOR_2_customIntrHandler
 .bss           0x20000200        0x8 .\CortexM0\ARM_GCC_541\Debug\Module.a(SENSOR_3.o)
                0x20000200                SENSOR_3_initVar
                0x20000204                SENSOR_3_customIntrHandler
 .bss           0x20000208        0x8 .\CortexM0\ARM_GCC_541\Debug\Module.a(SENSOR_4.o)
                0x20000208                SENSOR_4_initVar
                0x2000020c                SENSOR_4_customIntrHandler
 .bss.__malloc_sbrk_start
                0x20000210        0x4 c:/program files (x86)/cypress/psoc creator/4.1/psoc creator/import/gnu/arm/5.4.1/bin/../lib/gcc/arm-none-eabi/5.4.1/../../../../arm-none-eabi/lib/armv6-m\libg_nano.a(lib_a-nano-mallocr.o)
                0x20000210                __malloc_sbrk_start
 .bss.__malloc_free_list
                0x20000214        0x4 c:/program files (x86)/cypress/psoc creator/4.1/psoc creator/import/gnu/arm/5.4.1/bin/../lib/gcc/arm-none-eabi/5.4.1/../../../../arm-none-eabi/lib/armv6-m\libg_nano.a(lib_a-nano-mallocr.o)
                0x20000214                __malloc_free_list
 *(COMMON)
 COMMON         0x20000218       0xc1 .\CortexM0\ARM_GCC_541\Debug\main.o
                0x20000218                t
                0x2000021c                ant
                0x20000220                Pda
                0x20000224                x
                0x20000228                posicion
                0x2000022c                Contador
                0x20000230                Position_Low_Byte
                0x20000231                Checksum
                0x20000234                f
                0x20000238                Teta_Can_r
                0x2000023c                Orientacion_H
                0x20000240                PositionM
                0x20000244                Teta_Can_l
                0x20000248                Incoming_Byte2
                0x2000024c                srf
                0x20000250                theta
                0x20000254                dirasig
                0x20000258                cantidadM
                0x2000025c                posicionh
                0x20000260                Incoming_Byte
                0x20000261                Error_Byte
                0x20000264                v
                0x20000268                mailbox1
                0x20000270                tem
                0x20000274                theta_velocidad
                0x20000278                Position_High_Byte
                0x2000027c                Pt
                0x20000280                Pta
                0x20000284                errc
                0x20000288                dato_enviado
                0x20000290                almacena_salida
                0x20000294                Orientacion_V
                0x20000298                dato_enviado_2
                0x200002a0                mailbox2
                0x200002a8                cstatus
                0x200002ac                y
                0x200002b0                Position_Long_Byte
                0x200002b4                Pd
                0x200002b8                amb
                0x200002bc                Time_Counter
                0x200002c0                tes
                0x200002c1                error
                0x200002c4                posicionl
                0x200002c8                sumadir
                0x200002cc                M
                0x200002d0                mailbox0
                0x200002d8                Temperature_Byte
 *fill*         0x200002d9        0x3 
 COMMON         0x200002dc       0x10 .\CortexM0\ARM_GCC_541\Debug\Module.a(RX.o)
                0x200002dc                RX_rxBuffer
 COMMON         0x200002ec        0x1 .\CortexM0\ARM_GCC_541\Debug\Module.a(SENSOR_1_I2C.o)
                0x200002ec                SENSOR_1_state
 *fill*         0x200002ed        0x3 
 COMMON         0x200002f0       0x21 .\CortexM0\ARM_GCC_541\Debug\Module.a(SENSOR_1_I2C_MASTER.o)
                0x200002f0                SENSOR_1_mstrWrBufIndex
                0x200002f4                SENSOR_1_mstrWrBufSize
                0x200002f8                SENSOR_1_mstrWrBufIndexTmp
                0x200002fc                SENSOR_1_mstrRdBufPtr
                0x20000300                SENSOR_1_mstrStatus
                0x20000304                SENSOR_1_mstrWrBufPtr
                0x20000308                SENSOR_1_mstrRdBufIndex
                0x2000030c                SENSOR_1_mstrRdBufSize
                0x20000310                SENSOR_1_mstrControl
 COMMON         0x20000311        0x1 .\CortexM0\ARM_GCC_541\Debug\Module.a(SENSOR_2_I2C.o)
                0x20000311                SENSOR_2_state
 *fill*         0x20000312        0x2 
 COMMON         0x20000314       0x24 .\CortexM0\ARM_GCC_541\Debug\Module.a(SENSOR_2_I2C_MASTER.o)
                0x20000314                SENSOR_2_mstrControl
                0x20000318                SENSOR_2_mstrWrBufIndex
                0x2000031c                SENSOR_2_mstrStatus
                0x20000320                SENSOR_2_mstrWrBufSize
                0x20000324                SENSOR_2_mstrWrBufIndexTmp
                0x20000328                SENSOR_2_mstrRdBufSize
                0x2000032c                SENSOR_2_mstrRdBufPtr
                0x20000330                SENSOR_2_mstrRdBufIndex
                0x20000334                SENSOR_2_mstrWrBufPtr
 COMMON         0x20000338        0x1 .\CortexM0\ARM_GCC_541\Debug\Module.a(SENSOR_3_I2C.o)
                0x20000338                SENSOR_3_state
 *fill*         0x20000339        0x3 
 COMMON         0x2000033c       0x21 .\CortexM0\ARM_GCC_541\Debug\Module.a(SENSOR_3_I2C_MASTER.o)
                0x2000033c                SENSOR_3_mstrRdBufIndex
                0x20000340                SENSOR_3_mstrStatus
                0x20000344                SENSOR_3_mstrWrBufSize
                0x20000348                SENSOR_3_mstrRdBufSize
                0x2000034c                SENSOR_3_mstrWrBufIndexTmp
                0x20000350                SENSOR_3_mstrRdBufPtr
                0x20000354                SENSOR_3_mstrWrBufPtr
                0x20000358                SENSOR_3_mstrWrBufIndex
                0x2000035c                SENSOR_3_mstrControl
 COMMON         0x2000035d        0x1 .\CortexM0\ARM_GCC_541\Debug\Module.a(SENSOR_4_I2C.o)
                0x2000035d                SENSOR_4_state
 *fill*         0x2000035e        0x2 
 COMMON         0x20000360       0x24 .\CortexM0\ARM_GCC_541\Debug\Module.a(SENSOR_4_I2C_MASTER.o)
                0x20000360                SENSOR_4_mstrControl
                0x20000364                SENSOR_4_mstrWrBufSize
                0x20000368                SENSOR_4_mstrStatus
                0x2000036c                SENSOR_4_mstrRdBufPtr
                0x20000370                SENSOR_4_mstrWrBufIndex
                0x20000374                SENSOR_4_mstrRdBufIndex
                0x20000378                SENSOR_4_mstrWrBufIndexTmp
                0x2000037c                SENSOR_4_mstrRdBufSize
                0x20000380                SENSOR_4_mstrWrBufPtr
 COMMON         0x20000384        0x4 c:/program files (x86)/cypress/psoc creator/4.1/psoc creator/import/gnu/arm/5.4.1/bin/../lib/gcc/arm-none-eabi/5.4.1/../../../../arm-none-eabi/lib/armv6-m\libg_nano.a(lib_a-reent.o)
                0x20000384                errno
                0x20000388                . = ALIGN (0x8)
 *(.ram.b)
                0x20000388                _end = .
                0x20000388                __end = .
                0x20000388                PROVIDE (end, .)
                0x20000388                PROVIDE (__bss_end__, .)
                0x00008708                __cy_region_init_ram = LOADADDR (.data)
                0x00000098                __cy_region_init_size_ram = (_edata - ADDR (.data))
                0x00000230                __cy_region_zero_size_ram = (_end - _edata)

.heap           0x20000388       0x80 load address 0x000087a0
                0x20000388                . = _end
                0x20000408                . = (. + 0x80)
 *fill*         0x20000388       0x80 
                0x20000408                __cy_heap_limit = .

.stack          0x20003800      0x800
                0x20003800                __cy_stack_limit = .
                0x20004000                . = (. + 0x800)
 *fill*         0x20003800      0x800 
                0x00000001                ASSERT ((__cy_stack_limit >= __cy_heap_limit), region RAM overflowed with stack)
                0x00000000                cy_checksum_exclude_size = (CY_APPL_LOADABLE == 0x1)?SIZEOF (.cy_checksum_exclude):0x0
                0x00000001                ASSERT ((cy_checksum_exclude_size <= CY_CHECKSUM_EXCLUDE_SIZE), CY_BOOT: Section .cy_checksum_exclude size exceedes specified limit.)
                0x0001ffc0                cyloadermeta_start = (cy_project_type_bootloader || cy_project_type_app_for_stack_and_copier)?(LENGTH (rom) - CY_METADATA_SIZE):0xf0000000

.cyloadermeta
 *(.cyloadermeta)
                0x0001ffc0                cyloadablemeta_start = cy_project_type_app_for_stack_and_copier?((LENGTH (rom) - CY_FLASH_ROW_SIZE) - CY_METADATA_SIZE):((LENGTH (rom) - (CY_FLASH_ROW_SIZE * (CY_APPL_NUM - 0x1))) - CY_METADATA_SIZE)

.cyloadablemeta
 *(.cyloadablemeta)

.cyflashprotect
                0x90400000       0x80
 *(.cyflashprotect)
 .cyflashprotect
                0x90400000       0x80 .\CortexM0\ARM_GCC_541\Debug\cymetadata.o
                0x90400000                cy_meta_flashprotect

.cymeta         0x90500000        0xc
 *(.cymeta)
 .cymeta        0x90500000        0xc .\CortexM0\ARM_GCC_541\Debug\cymetadata.o
                0x90500000                cy_metadata

.cychipprotect  0x90600000        0x1
 *(.cychipprotect)
 .cychipprotect
                0x90600000        0x1 .\CortexM0\ARM_GCC_541\Debug\cymetadata.o
                0x90600000                cy_meta_chipprotect

.rel.dyn        0x000087a0        0x0 load address 0x90600004
 .rel.iplt      0x000087a0        0x0 c:/program files (x86)/cypress/psoc creator/4.1/psoc creator/import/gnu/arm/5.4.1/bin/../lib/gcc/arm-none-eabi/5.4.1/armv6-m/crtbegin.o

.stab
 *(.stab)

.stabstr
 *(.stabstr)

.debug
 *(.debug)

.line
 *(.line)

.debug_srcinfo
 *(.debug_srcinfo)

.debug_sfnames
 *(.debug_sfnames)

.debug_aranges  0x00000000      0xfd8
 *(.debug_aranges)
 .debug_aranges
                0x00000000      0x1c0 .\CortexM0\ARM_GCC_541\Debug\main.o
 .debug_aranges
                0x000001c0       0x48 .\CortexM0\ARM_GCC_541\Debug\cyfitter_cfg.o
 .debug_aranges
                0x00000208       0x18 .\CortexM0\ARM_GCC_541\Debug\cymetadata.o
 .debug_aranges
                0x00000220       0x48 .\CortexM0\ARM_GCC_541\Debug\Cm0Start.o
 .debug_aranges
                0x00000268       0x48 .\CortexM0\ARM_GCC_541\Debug\Module.a(LED_1.o)
 .debug_aranges
                0x000002b0       0x48 .\CortexM0\ARM_GCC_541\Debug\Module.a(LED_2.o)
 .debug_aranges
                0x000002f8       0x48 .\CortexM0\ARM_GCC_541\Debug\Module.a(LED_3.o)
 .debug_aranges
                0x00000340       0x48 .\CortexM0\ARM_GCC_541\Debug\Module.a(LED_4.o)
 .debug_aranges
                0x00000388      0x1b8 .\CortexM0\ARM_GCC_541\Debug\Module.a(CyLib.o)
 .debug_aranges
                0x00000540      0x188 .\CortexM0\ARM_GCC_541\Debug\Module.a(CyLFClk.o)
 .debug_aranges
                0x000006c8       0xa0 .\CortexM0\ARM_GCC_541\Debug\Module.a(MOTOR.o)
 .debug_aranges
                0x00000768       0x40 .\CortexM0\ARM_GCC_541\Debug\Module.a(MOTOR_IntClock.o)
 .debug_aranges
                0x000007a8       0xe8 .\CortexM0\ARM_GCC_541\Debug\Module.a(CAN.o)
 .debug_aranges
                0x00000890       0x30 .\CortexM0\ARM_GCC_541\Debug\Module.a(CAN_INT.o)
 .debug_aranges
                0x000008c0       0x58 .\CortexM0\ARM_GCC_541\Debug\Module.a(CAN_TX_RX_func.o)
 .debug_aranges
                0x00000918       0x80 .\CortexM0\ARM_GCC_541\Debug\Module.a(CAN_isr.o)
 .debug_aranges
                0x00000998       0x28 .\CortexM0\ARM_GCC_541\Debug\Module.a(TXC.o)
 .debug_aranges
                0x000009c0       0x98 .\CortexM0\ARM_GCC_541\Debug\Module.a(RX.o)
 .debug_aranges
                0x00000a58       0x20 .\CortexM0\ARM_GCC_541\Debug\Module.a(RX_INT.o)
 .debug_aranges
                0x00000a78       0x40 .\CortexM0\ARM_GCC_541\Debug\Module.a(RX_IntClock.o)
 .debug_aranges
                0x00000ab8       0x60 .\CortexM0\ARM_GCC_541\Debug\Module.a(SENSOR_1.o)
 .debug_aranges
                0x00000b18       0x28 .\CortexM0\ARM_GCC_541\Debug\Module.a(SENSOR_1_I2C.o)
 .debug_aranges
                0x00000b40       0x88 .\CortexM0\ARM_GCC_541\Debug\Module.a(SENSOR_1_I2C_MASTER.o)
 .debug_aranges
                0x00000bc8       0x60 .\CortexM0\ARM_GCC_541\Debug\Module.a(SENSOR_2.o)
 .debug_aranges
                0x00000c28       0x28 .\CortexM0\ARM_GCC_541\Debug\Module.a(SENSOR_2_I2C.o)
 .debug_aranges
                0x00000c50       0x88 .\CortexM0\ARM_GCC_541\Debug\Module.a(SENSOR_2_I2C_MASTER.o)
 .debug_aranges
                0x00000cd8       0x60 .\CortexM0\ARM_GCC_541\Debug\Module.a(SENSOR_3.o)
 .debug_aranges
                0x00000d38       0x28 .\CortexM0\ARM_GCC_541\Debug\Module.a(SENSOR_3_I2C.o)
 .debug_aranges
                0x00000d60       0x88 .\CortexM0\ARM_GCC_541\Debug\Module.a(SENSOR_3_I2C_MASTER.o)
 .debug_aranges
                0x00000de8       0x60 .\CortexM0\ARM_GCC_541\Debug\Module.a(SENSOR_4.o)
 .debug_aranges
                0x00000e48       0x28 .\CortexM0\ARM_GCC_541\Debug\Module.a(SENSOR_4_I2C.o)
 .debug_aranges
                0x00000e70       0x88 .\CortexM0\ARM_GCC_541\Debug\Module.a(SENSOR_4_I2C_MASTER.o)
 .debug_aranges
                0x00000ef8       0x20 .\CortexM0\ARM_GCC_541\Debug\Module.a(CyBootAsmGnu.o)
 .debug_aranges
                0x00000f18       0x40 .\CortexM0\ARM_GCC_541\Debug\Module.a(CyFlash.o)
 .debug_aranges
                0x00000f58       0x20 .\CortexM0\ARM_GCC_541\Debug\Module.a(SENSOR_1_I2C_INT.o)
 .debug_aranges
                0x00000f78       0x20 .\CortexM0\ARM_GCC_541\Debug\Module.a(SENSOR_2_I2C_INT.o)
 .debug_aranges
                0x00000f98       0x20 .\CortexM0\ARM_GCC_541\Debug\Module.a(SENSOR_3_I2C_INT.o)
 .debug_aranges
                0x00000fb8       0x20 .\CortexM0\ARM_GCC_541\Debug\Module.a(SENSOR_4_I2C_INT.o)

.debug_pubnames
 *(.debug_pubnames)

.debug_info     0x00000000     0xb5e2
 *(.debug_info .gnu.linkonce.wi.*)
 .debug_info    0x00000000     0x344a .\CortexM0\ARM_GCC_541\Debug\main.o
 .debug_info    0x0000344a      0x57f .\CortexM0\ARM_GCC_541\Debug\cyfitter_cfg.o
 .debug_info    0x000039c9       0xf8 .\CortexM0\ARM_GCC_541\Debug\cymetadata.o
 .debug_info    0x00003ac1      0x38e .\CortexM0\ARM_GCC_541\Debug\Cm0Start.o
 .debug_info    0x00003e4f      0x19d .\CortexM0\ARM_GCC_541\Debug\Module.a(LED_1.o)
 .debug_info    0x00003fec      0x19d .\CortexM0\ARM_GCC_541\Debug\Module.a(LED_2.o)
 .debug_info    0x00004189      0x19d .\CortexM0\ARM_GCC_541\Debug\Module.a(LED_3.o)
 .debug_info    0x00004326      0x19d .\CortexM0\ARM_GCC_541\Debug\Module.a(LED_4.o)
 .debug_info    0x000044c3      0xd00 .\CortexM0\ARM_GCC_541\Debug\Module.a(CyLib.o)
 .debug_info    0x000051c3     0x1058 .\CortexM0\ARM_GCC_541\Debug\Module.a(CyLFClk.o)
 .debug_info    0x0000621b      0x467 .\CortexM0\ARM_GCC_541\Debug\Module.a(MOTOR.o)
 .debug_info    0x00006682      0x166 .\CortexM0\ARM_GCC_541\Debug\Module.a(MOTOR_IntClock.o)
 .debug_info    0x000067e8      0x9c6 .\CortexM0\ARM_GCC_541\Debug\Module.a(CAN.o)
 .debug_info    0x000071ae      0x278 .\CortexM0\ARM_GCC_541\Debug\Module.a(CAN_INT.o)
 .debug_info    0x00007426      0x44d .\CortexM0\ARM_GCC_541\Debug\Module.a(CAN_TX_RX_func.o)
 .debug_info    0x00007873      0x305 .\CortexM0\ARM_GCC_541\Debug\Module.a(CAN_isr.o)
 .debug_info    0x00007b78       0xd6 .\CortexM0\ARM_GCC_541\Debug\Module.a(TXC.o)
 .debug_info    0x00007c4e      0x5a6 .\CortexM0\ARM_GCC_541\Debug\Module.a(RX.o)
 .debug_info    0x000081f4      0x14c .\CortexM0\ARM_GCC_541\Debug\Module.a(RX_INT.o)
 .debug_info    0x00008340      0x166 .\CortexM0\ARM_GCC_541\Debug\Module.a(RX_IntClock.o)
 .debug_info    0x000084a6      0x298 .\CortexM0\ARM_GCC_541\Debug\Module.a(SENSOR_1.o)
 .debug_info    0x0000873e      0x183 .\CortexM0\ARM_GCC_541\Debug\Module.a(SENSOR_1_I2C.o)
 .debug_info    0x000088c1      0x5a2 .\CortexM0\ARM_GCC_541\Debug\Module.a(SENSOR_1_I2C_MASTER.o)
 .debug_info    0x00008e63      0x298 .\CortexM0\ARM_GCC_541\Debug\Module.a(SENSOR_2.o)
 .debug_info    0x000090fb      0x183 .\CortexM0\ARM_GCC_541\Debug\Module.a(SENSOR_2_I2C.o)
 .debug_info    0x0000927e      0x5a2 .\CortexM0\ARM_GCC_541\Debug\Module.a(SENSOR_2_I2C_MASTER.o)
 .debug_info    0x00009820      0x298 .\CortexM0\ARM_GCC_541\Debug\Module.a(SENSOR_3.o)
 .debug_info    0x00009ab8      0x183 .\CortexM0\ARM_GCC_541\Debug\Module.a(SENSOR_3_I2C.o)
 .debug_info    0x00009c3b      0x5a2 .\CortexM0\ARM_GCC_541\Debug\Module.a(SENSOR_3_I2C_MASTER.o)
 .debug_info    0x0000a1dd      0x298 .\CortexM0\ARM_GCC_541\Debug\Module.a(SENSOR_4.o)
 .debug_info    0x0000a475      0x183 .\CortexM0\ARM_GCC_541\Debug\Module.a(SENSOR_4_I2C.o)
 .debug_info    0x0000a5f8      0x5a2 .\CortexM0\ARM_GCC_541\Debug\Module.a(SENSOR_4_I2C_MASTER.o)
 .debug_info    0x0000ab9a       0xa8 .\CortexM0\ARM_GCC_541\Debug\Module.a(CyBootAsmGnu.o)
 .debug_info    0x0000ac42      0x350 .\CortexM0\ARM_GCC_541\Debug\Module.a(CyFlash.o)
 .debug_info    0x0000af92      0x194 .\CortexM0\ARM_GCC_541\Debug\Module.a(SENSOR_1_I2C_INT.o)
 .debug_info    0x0000b126      0x194 .\CortexM0\ARM_GCC_541\Debug\Module.a(SENSOR_2_I2C_INT.o)
 .debug_info    0x0000b2ba      0x194 .\CortexM0\ARM_GCC_541\Debug\Module.a(SENSOR_3_I2C_INT.o)
 .debug_info    0x0000b44e      0x194 .\CortexM0\ARM_GCC_541\Debug\Module.a(SENSOR_4_I2C_INT.o)

.debug_abbrev   0x00000000     0x2a71
 *(.debug_abbrev)
 .debug_abbrev  0x00000000      0x309 .\CortexM0\ARM_GCC_541\Debug\main.o
 .debug_abbrev  0x00000309      0x1ea .\CortexM0\ARM_GCC_541\Debug\cyfitter_cfg.o
 .debug_abbrev  0x000004f3       0x5d .\CortexM0\ARM_GCC_541\Debug\cymetadata.o
 .debug_abbrev  0x00000550      0x1f2 .\CortexM0\ARM_GCC_541\Debug\Cm0Start.o
 .debug_abbrev  0x00000742       0xc8 .\CortexM0\ARM_GCC_541\Debug\Module.a(LED_1.o)
 .debug_abbrev  0x0000080a       0xc8 .\CortexM0\ARM_GCC_541\Debug\Module.a(LED_2.o)
 .debug_abbrev  0x000008d2       0xc8 .\CortexM0\ARM_GCC_541\Debug\Module.a(LED_3.o)
 .debug_abbrev  0x0000099a       0xc8 .\CortexM0\ARM_GCC_541\Debug\Module.a(LED_4.o)
 .debug_abbrev  0x00000a62      0x200 .\CortexM0\ARM_GCC_541\Debug\Module.a(CyLib.o)
 .debug_abbrev  0x00000c62      0x248 .\CortexM0\ARM_GCC_541\Debug\Module.a(CyLFClk.o)
 .debug_abbrev  0x00000eaa      0x175 .\CortexM0\ARM_GCC_541\Debug\Module.a(MOTOR.o)
 .debug_abbrev  0x0000101f       0xb7 .\CortexM0\ARM_GCC_541\Debug\Module.a(MOTOR_IntClock.o)
 .debug_abbrev  0x000010d6      0x186 .\CortexM0\ARM_GCC_541\Debug\Module.a(CAN.o)
 .debug_abbrev  0x0000125c       0xe6 .\CortexM0\ARM_GCC_541\Debug\Module.a(CAN_INT.o)
 .debug_abbrev  0x00001342      0x1ad .\CortexM0\ARM_GCC_541\Debug\Module.a(CAN_TX_RX_func.o)
 .debug_abbrev  0x000014ef      0x19a .\CortexM0\ARM_GCC_541\Debug\Module.a(CAN_isr.o)
 .debug_abbrev  0x00001689       0x81 .\CortexM0\ARM_GCC_541\Debug\Module.a(TXC.o)
 .debug_abbrev  0x0000170a      0x138 .\CortexM0\ARM_GCC_541\Debug\Module.a(RX.o)
 .debug_abbrev  0x00001842       0x8a .\CortexM0\ARM_GCC_541\Debug\Module.a(RX_INT.o)
 .debug_abbrev  0x000018cc       0xb7 .\CortexM0\ARM_GCC_541\Debug\Module.a(RX_IntClock.o)
 .debug_abbrev  0x00001983      0x118 .\CortexM0\ARM_GCC_541\Debug\Module.a(SENSOR_1.o)
 .debug_abbrev  0x00001a9b       0xc7 .\CortexM0\ARM_GCC_541\Debug\Module.a(SENSOR_1_I2C.o)
 .debug_abbrev  0x00001b62      0x16f .\CortexM0\ARM_GCC_541\Debug\Module.a(SENSOR_1_I2C_MASTER.o)
 .debug_abbrev  0x00001cd1      0x118 .\CortexM0\ARM_GCC_541\Debug\Module.a(SENSOR_2.o)
 .debug_abbrev  0x00001de9       0xc7 .\CortexM0\ARM_GCC_541\Debug\Module.a(SENSOR_2_I2C.o)
 .debug_abbrev  0x00001eb0      0x16f .\CortexM0\ARM_GCC_541\Debug\Module.a(SENSOR_2_I2C_MASTER.o)
 .debug_abbrev  0x0000201f      0x118 .\CortexM0\ARM_GCC_541\Debug\Module.a(SENSOR_3.o)
 .debug_abbrev  0x00002137       0xc7 .\CortexM0\ARM_GCC_541\Debug\Module.a(SENSOR_3_I2C.o)
 .debug_abbrev  0x000021fe      0x16f .\CortexM0\ARM_GCC_541\Debug\Module.a(SENSOR_3_I2C_MASTER.o)
 .debug_abbrev  0x0000236d      0x118 .\CortexM0\ARM_GCC_541\Debug\Module.a(SENSOR_4.o)
 .debug_abbrev  0x00002485       0xc7 .\CortexM0\ARM_GCC_541\Debug\Module.a(SENSOR_4_I2C.o)
 .debug_abbrev  0x0000254c      0x16f .\CortexM0\ARM_GCC_541\Debug\Module.a(SENSOR_4_I2C_MASTER.o)
 .debug_abbrev  0x000026bb       0x14 .\CortexM0\ARM_GCC_541\Debug\Module.a(CyBootAsmGnu.o)
 .debug_abbrev  0x000026cf      0x182 .\CortexM0\ARM_GCC_541\Debug\Module.a(CyFlash.o)
 .debug_abbrev  0x00002851       0x88 .\CortexM0\ARM_GCC_541\Debug\Module.a(SENSOR_1_I2C_INT.o)
 .debug_abbrev  0x000028d9       0x88 .\CortexM0\ARM_GCC_541\Debug\Module.a(SENSOR_2_I2C_INT.o)
 .debug_abbrev  0x00002961       0x88 .\CortexM0\ARM_GCC_541\Debug\Module.a(SENSOR_3_I2C_INT.o)
 .debug_abbrev  0x000029e9       0x88 .\CortexM0\ARM_GCC_541\Debug\Module.a(SENSOR_4_I2C_INT.o)

.debug_line     0x00000000     0x44bf
 *(.debug_line)
 .debug_line    0x00000000      0x9e2 .\CortexM0\ARM_GCC_541\Debug\main.o
 .debug_line    0x000009e2      0x1dd .\CortexM0\ARM_GCC_541\Debug\cyfitter_cfg.o
 .debug_line    0x00000bbf      0x141 .\CortexM0\ARM_GCC_541\Debug\cymetadata.o
 .debug_line    0x00000d00      0x236 .\CortexM0\ARM_GCC_541\Debug\Cm0Start.o
 .debug_line    0x00000f36       0xbd .\CortexM0\ARM_GCC_541\Debug\Module.a(LED_1.o)
 .debug_line    0x00000ff3       0xbd .\CortexM0\ARM_GCC_541\Debug\Module.a(LED_2.o)
 .debug_line    0x000010b0       0xbd .\CortexM0\ARM_GCC_541\Debug\Module.a(LED_3.o)
 .debug_line    0x0000116d       0xbd .\CortexM0\ARM_GCC_541\Debug\Module.a(LED_4.o)
 .debug_line    0x0000122a      0x51a .\CortexM0\ARM_GCC_541\Debug\Module.a(CyLib.o)
 .debug_line    0x00001744      0x5d1 .\CortexM0\ARM_GCC_541\Debug\Module.a(CyLFClk.o)
 .debug_line    0x00001d15      0x207 .\CortexM0\ARM_GCC_541\Debug\Module.a(MOTOR.o)
 .debug_line    0x00001f1c       0xc1 .\CortexM0\ARM_GCC_541\Debug\Module.a(MOTOR_IntClock.o)
 .debug_line    0x00001fdd      0x3e7 .\CortexM0\ARM_GCC_541\Debug\Module.a(CAN.o)
 .debug_line    0x000023c4       0xbc .\CortexM0\ARM_GCC_541\Debug\Module.a(CAN_INT.o)
 .debug_line    0x00002480      0x194 .\CortexM0\ARM_GCC_541\Debug\Module.a(CAN_TX_RX_func.o)
 .debug_line    0x00002614      0x153 .\CortexM0\ARM_GCC_541\Debug\Module.a(CAN_isr.o)
 .debug_line    0x00002767       0x6c .\CortexM0\ARM_GCC_541\Debug\Module.a(TXC.o)
 .debug_line    0x000027d3      0x1fa .\CortexM0\ARM_GCC_541\Debug\Module.a(RX.o)
 .debug_line    0x000029cd       0x7d .\CortexM0\ARM_GCC_541\Debug\Module.a(RX_INT.o)
 .debug_line    0x00002a4a       0xbe .\CortexM0\ARM_GCC_541\Debug\Module.a(RX_IntClock.o)
 .debug_line    0x00002b08      0x12e .\CortexM0\ARM_GCC_541\Debug\Module.a(SENSOR_1.o)
 .debug_line    0x00002c36       0xaf .\CortexM0\ARM_GCC_541\Debug\Module.a(SENSOR_1_I2C.o)
 .debug_line    0x00002ce5      0x2ab .\CortexM0\ARM_GCC_541\Debug\Module.a(SENSOR_1_I2C_MASTER.o)
 .debug_line    0x00002f90      0x12e .\CortexM0\ARM_GCC_541\Debug\Module.a(SENSOR_2.o)
 .debug_line    0x000030be       0xaf .\CortexM0\ARM_GCC_541\Debug\Module.a(SENSOR_2_I2C.o)
 .debug_line    0x0000316d      0x2ab .\CortexM0\ARM_GCC_541\Debug\Module.a(SENSOR_2_I2C_MASTER.o)
 .debug_line    0x00003418      0x12e .\CortexM0\ARM_GCC_541\Debug\Module.a(SENSOR_3.o)
 .debug_line    0x00003546       0xaf .\CortexM0\ARM_GCC_541\Debug\Module.a(SENSOR_3_I2C.o)
 .debug_line    0x000035f5      0x2ab .\CortexM0\ARM_GCC_541\Debug\Module.a(SENSOR_3_I2C_MASTER.o)
 .debug_line    0x000038a0      0x12e .\CortexM0\ARM_GCC_541\Debug\Module.a(SENSOR_4.o)
 .debug_line    0x000039ce       0xaf .\CortexM0\ARM_GCC_541\Debug\Module.a(SENSOR_4_I2C.o)
 .debug_line    0x00003a7d      0x2ab .\CortexM0\ARM_GCC_541\Debug\Module.a(SENSOR_4_I2C_MASTER.o)
 .debug_line    0x00003d28       0x68 .\CortexM0\ARM_GCC_541\Debug\Module.a(CyBootAsmGnu.o)
 .debug_line    0x00003d90      0x173 .\CortexM0\ARM_GCC_541\Debug\Module.a(CyFlash.o)
 .debug_line    0x00003f03      0x16f .\CortexM0\ARM_GCC_541\Debug\Module.a(SENSOR_1_I2C_INT.o)
 .debug_line    0x00004072      0x16f .\CortexM0\ARM_GCC_541\Debug\Module.a(SENSOR_2_I2C_INT.o)
 .debug_line    0x000041e1      0x16f .\CortexM0\ARM_GCC_541\Debug\Module.a(SENSOR_3_I2C_INT.o)
 .debug_line    0x00004350      0x16f .\CortexM0\ARM_GCC_541\Debug\Module.a(SENSOR_4_I2C_INT.o)

.debug_frame    0x00000000     0x2e78
 *(.debug_frame)
 .debug_frame   0x00000000      0x664 .\CortexM0\ARM_GCC_541\Debug\main.o
 .debug_frame   0x00000664       0xbc .\CortexM0\ARM_GCC_541\Debug\cyfitter_cfg.o
 .debug_frame   0x00000720       0xb0 .\CortexM0\ARM_GCC_541\Debug\Cm0Start.o
 .debug_frame   0x000007d0       0x70 .\CortexM0\ARM_GCC_541\Debug\Module.a(LED_1.o)
 .debug_frame   0x00000840       0x70 .\CortexM0\ARM_GCC_541\Debug\Module.a(LED_2.o)
 .debug_frame   0x000008b0       0x70 .\CortexM0\ARM_GCC_541\Debug\Module.a(LED_3.o)
 .debug_frame   0x00000920       0x70 .\CortexM0\ARM_GCC_541\Debug\Module.a(LED_4.o)
 .debug_frame   0x00000990      0x474 .\CortexM0\ARM_GCC_541\Debug\Module.a(CyLib.o)
 .debug_frame   0x00000e04      0x4a4 .\CortexM0\ARM_GCC_541\Debug\Module.a(CyLFClk.o)
 .debug_frame   0x000012a8      0x17c .\CortexM0\ARM_GCC_541\Debug\Module.a(MOTOR.o)
 .debug_frame   0x00001424       0x6c .\CortexM0\ARM_GCC_541\Debug\Module.a(MOTOR_IntClock.o)
 .debug_frame   0x00001490      0x238 .\CortexM0\ARM_GCC_541\Debug\Module.a(CAN.o)
 .debug_frame   0x000016c8       0x68 .\CortexM0\ARM_GCC_541\Debug\Module.a(CAN_INT.o)
 .debug_frame   0x00001730       0xe0 .\CortexM0\ARM_GCC_541\Debug\Module.a(CAN_TX_RX_func.o)
 .debug_frame   0x00001810      0x110 .\CortexM0\ARM_GCC_541\Debug\Module.a(CAN_isr.o)
 .debug_frame   0x00001920       0x30 .\CortexM0\ARM_GCC_541\Debug\Module.a(TXC.o)
 .debug_frame   0x00001950      0x17c .\CortexM0\ARM_GCC_541\Debug\Module.a(RX.o)
 .debug_frame   0x00001acc       0x20 .\CortexM0\ARM_GCC_541\Debug\Module.a(RX_INT.o)
 .debug_frame   0x00001aec       0x6c .\CortexM0\ARM_GCC_541\Debug\Module.a(RX_IntClock.o)
 .debug_frame   0x00001b58       0xe8 .\CortexM0\ARM_GCC_541\Debug\Module.a(SENSOR_1.o)
 .debug_frame   0x00001c40       0x3c .\CortexM0\ARM_GCC_541\Debug\Module.a(SENSOR_1_I2C.o)
 .debug_frame   0x00001c7c      0x16c .\CortexM0\ARM_GCC_541\Debug\Module.a(SENSOR_1_I2C_MASTER.o)
 .debug_frame   0x00001de8       0xe8 .\CortexM0\ARM_GCC_541\Debug\Module.a(SENSOR_2.o)
 .debug_frame   0x00001ed0       0x3c .\CortexM0\ARM_GCC_541\Debug\Module.a(SENSOR_2_I2C.o)
 .debug_frame   0x00001f0c      0x16c .\CortexM0\ARM_GCC_541\Debug\Module.a(SENSOR_2_I2C_MASTER.o)
 .debug_frame   0x00002078       0xe8 .\CortexM0\ARM_GCC_541\Debug\Module.a(SENSOR_3.o)
 .debug_frame   0x00002160       0x3c .\CortexM0\ARM_GCC_541\Debug\Module.a(SENSOR_3_I2C.o)
 .debug_frame   0x0000219c      0x16c .\CortexM0\ARM_GCC_541\Debug\Module.a(SENSOR_3_I2C_MASTER.o)
 .debug_frame   0x00002308       0xe8 .\CortexM0\ARM_GCC_541\Debug\Module.a(SENSOR_4.o)
 .debug_frame   0x000023f0       0x3c .\CortexM0\ARM_GCC_541\Debug\Module.a(SENSOR_4_I2C.o)
 .debug_frame   0x0000242c      0x16c .\CortexM0\ARM_GCC_541\Debug\Module.a(SENSOR_4_I2C_MASTER.o)
 .debug_frame   0x00002598       0x90 .\CortexM0\ARM_GCC_541\Debug\Module.a(CyFlash.o)
 .debug_frame   0x00002628       0x2c .\CortexM0\ARM_GCC_541\Debug\Module.a(SENSOR_1_I2C_INT.o)
 .debug_frame   0x00002654       0x2c .\CortexM0\ARM_GCC_541\Debug\Module.a(SENSOR_2_I2C_INT.o)
 .debug_frame   0x00002680       0x2c .\CortexM0\ARM_GCC_541\Debug\Module.a(SENSOR_3_I2C_INT.o)
 .debug_frame   0x000026ac       0x2c .\CortexM0\ARM_GCC_541\Debug\Module.a(SENSOR_4_I2C_INT.o)
 .debug_frame   0x000026d8       0x2c c:/program files (x86)/cypress/psoc creator/4.1/psoc creator/import/gnu/arm/5.4.1/bin/../lib/gcc/arm-none-eabi/5.4.1/../../../../arm-none-eabi/lib/armv6-m\libm.a(lib_a-s_cos.o)
 .debug_frame   0x00002704       0x2c c:/program files (x86)/cypress/psoc creator/4.1/psoc creator/import/gnu/arm/5.4.1/bin/../lib/gcc/arm-none-eabi/5.4.1/../../../../arm-none-eabi/lib/armv6-m\libm.a(lib_a-s_sin.o)
 .debug_frame   0x00002730       0x3c c:/program files (x86)/cypress/psoc creator/4.1/psoc creator/import/gnu/arm/5.4.1/bin/../lib/gcc/arm-none-eabi/5.4.1/../../../../arm-none-eabi/lib/armv6-m\libm.a(lib_a-e_rem_pio2.o)
 .debug_frame   0x0000276c       0x38 c:/program files (x86)/cypress/psoc creator/4.1/psoc creator/import/gnu/arm/5.4.1/bin/../lib/gcc/arm-none-eabi/5.4.1/../../../../arm-none-eabi/lib/armv6-m\libm.a(lib_a-k_cos.o)
 .debug_frame   0x000027a4       0x3c c:/program files (x86)/cypress/psoc creator/4.1/psoc creator/import/gnu/arm/5.4.1/bin/../lib/gcc/arm-none-eabi/5.4.1/../../../../arm-none-eabi/lib/armv6-m\libm.a(lib_a-k_rem_pio2.o)
 .debug_frame   0x000027e0       0x38 c:/program files (x86)/cypress/psoc creator/4.1/psoc creator/import/gnu/arm/5.4.1/bin/../lib/gcc/arm-none-eabi/5.4.1/../../../../arm-none-eabi/lib/armv6-m\libm.a(lib_a-k_sin.o)
 .debug_frame   0x00002818       0x20 c:/program files (x86)/cypress/psoc creator/4.1/psoc creator/import/gnu/arm/5.4.1/bin/../lib/gcc/arm-none-eabi/5.4.1/../../../../arm-none-eabi/lib/armv6-m\libm.a(lib_a-s_fabs.o)
 .debug_frame   0x00002838       0x3c c:/program files (x86)/cypress/psoc creator/4.1/psoc creator/import/gnu/arm/5.4.1/bin/../lib/gcc/arm-none-eabi/5.4.1/../../../../arm-none-eabi/lib/armv6-m\libm.a(lib_a-s_floor.o)
 .debug_frame   0x00002874       0x2c c:/program files (x86)/cypress/psoc creator/4.1/psoc creator/import/gnu/arm/5.4.1/bin/../lib/gcc/arm-none-eabi/5.4.1/../../../../arm-none-eabi/lib/armv6-m\libm.a(lib_a-s_scalbn.o)
 .debug_frame   0x000028a0       0x2c c:/program files (x86)/cypress/psoc creator/4.1/psoc creator/import/gnu/arm/5.4.1/bin/../lib/gcc/arm-none-eabi/5.4.1/../../../../arm-none-eabi/lib/armv6-m\libm.a(lib_a-s_copysign.o)
 .debug_frame   0x000028cc       0x20 c:/program files (x86)/cypress/psoc creator/4.1/psoc creator/import/gnu/arm/5.4.1/bin/../lib/gcc/arm-none-eabi/5.4.1/armv6-m\libgcc.a(_udivsi3.o)
 .debug_frame   0x000028ec       0x20 c:/program files (x86)/cypress/psoc creator/4.1/psoc creator/import/gnu/arm/5.4.1/bin/../lib/gcc/arm-none-eabi/5.4.1/armv6-m\libgcc.a(_divsi3.o)
 .debug_frame   0x0000290c       0x30 c:/program files (x86)/cypress/psoc creator/4.1/psoc creator/import/gnu/arm/5.4.1/bin/../lib/gcc/arm-none-eabi/5.4.1/armv6-m\libgcc.a(addsf3.o)
 .debug_frame   0x0000293c       0x38 c:/program files (x86)/cypress/psoc creator/4.1/psoc creator/import/gnu/arm/5.4.1/bin/../lib/gcc/arm-none-eabi/5.4.1/armv6-m\libgcc.a(mulsf3.o)
 .debug_frame   0x00002974       0x30 c:/program files (x86)/cypress/psoc creator/4.1/psoc creator/import/gnu/arm/5.4.1/bin/../lib/gcc/arm-none-eabi/5.4.1/armv6-m\libgcc.a(subsf3.o)
 .debug_frame   0x000029a4       0x20 c:/program files (x86)/cypress/psoc creator/4.1/psoc creator/import/gnu/arm/5.4.1/bin/../lib/gcc/arm-none-eabi/5.4.1/armv6-m\libgcc.a(fixsfsi.o)
 .debug_frame   0x000029c4       0x3c c:/program files (x86)/cypress/psoc creator/4.1/psoc creator/import/gnu/arm/5.4.1/bin/../lib/gcc/arm-none-eabi/5.4.1/armv6-m\libgcc.a(adddf3.o)
 .debug_frame   0x00002a00       0x3c c:/program files (x86)/cypress/psoc creator/4.1/psoc creator/import/gnu/arm/5.4.1/bin/../lib/gcc/arm-none-eabi/5.4.1/armv6-m\libgcc.a(divdf3.o)
 .debug_frame   0x00002a3c       0x38 c:/program files (x86)/cypress/psoc creator/4.1/psoc creator/import/gnu/arm/5.4.1/bin/../lib/gcc/arm-none-eabi/5.4.1/armv6-m\libgcc.a(eqdf2.o)
 .debug_frame   0x00002a74       0x38 c:/program files (x86)/cypress/psoc creator/4.1/psoc creator/import/gnu/arm/5.4.1/bin/../lib/gcc/arm-none-eabi/5.4.1/armv6-m\libgcc.a(gedf2.o)
 .debug_frame   0x00002aac       0x38 c:/program files (x86)/cypress/psoc creator/4.1/psoc creator/import/gnu/arm/5.4.1/bin/../lib/gcc/arm-none-eabi/5.4.1/armv6-m\libgcc.a(ledf2.o)
 .debug_frame   0x00002ae4       0x3c c:/program files (x86)/cypress/psoc creator/4.1/psoc creator/import/gnu/arm/5.4.1/bin/../lib/gcc/arm-none-eabi/5.4.1/armv6-m\libgcc.a(muldf3.o)
 .debug_frame   0x00002b20       0x38 c:/program files (x86)/cypress/psoc creator/4.1/psoc creator/import/gnu/arm/5.4.1/bin/../lib/gcc/arm-none-eabi/5.4.1/armv6-m\libgcc.a(subdf3.o)
 .debug_frame   0x00002b58       0x2c c:/program files (x86)/cypress/psoc creator/4.1/psoc creator/import/gnu/arm/5.4.1/bin/../lib/gcc/arm-none-eabi/5.4.1/armv6-m\libgcc.a(fixdfsi.o)
 .debug_frame   0x00002b84       0x2c c:/program files (x86)/cypress/psoc creator/4.1/psoc creator/import/gnu/arm/5.4.1/bin/../lib/gcc/arm-none-eabi/5.4.1/armv6-m\libgcc.a(floatsidf.o)
 .debug_frame   0x00002bb0       0x2c c:/program files (x86)/cypress/psoc creator/4.1/psoc creator/import/gnu/arm/5.4.1/bin/../lib/gcc/arm-none-eabi/5.4.1/armv6-m\libgcc.a(extendsfdf2.o)
 .debug_frame   0x00002bdc       0x2c c:/program files (x86)/cypress/psoc creator/4.1/psoc creator/import/gnu/arm/5.4.1/bin/../lib/gcc/arm-none-eabi/5.4.1/armv6-m\libgcc.a(truncdfsf2.o)
 .debug_frame   0x00002c08       0x20 c:/program files (x86)/cypress/psoc creator/4.1/psoc creator/import/gnu/arm/5.4.1/bin/../lib/gcc/arm-none-eabi/5.4.1/../../../../arm-none-eabi/lib/armv6-m\libg_nano.a(lib_a-errno.o)
 .debug_frame   0x00002c28       0x28 c:/program files (x86)/cypress/psoc creator/4.1/psoc creator/import/gnu/arm/5.4.1/bin/../lib/gcc/arm-none-eabi/5.4.1/../../../../arm-none-eabi/lib/armv6-m\libg_nano.a(lib_a-exit.o)
 .debug_frame   0x00002c50       0x2c c:/program files (x86)/cypress/psoc creator/4.1/psoc creator/import/gnu/arm/5.4.1/bin/../lib/gcc/arm-none-eabi/5.4.1/../../../../arm-none-eabi/lib/armv6-m\libg_nano.a(lib_a-init.o)
 .debug_frame   0x00002c7c       0x28 c:/program files (x86)/cypress/psoc creator/4.1/psoc creator/import/gnu/arm/5.4.1/bin/../lib/gcc/arm-none-eabi/5.4.1/../../../../arm-none-eabi/lib/armv6-m\libg_nano.a(lib_a-memcpy-stub.o)
 .debug_frame   0x00002ca4       0x20 c:/program files (x86)/cypress/psoc creator/4.1/psoc creator/import/gnu/arm/5.4.1/bin/../lib/gcc/arm-none-eabi/5.4.1/../../../../arm-none-eabi/lib/armv6-m\libg_nano.a(lib_a-memset.o)
 .debug_frame   0x00002cc4       0x44 c:/program files (x86)/cypress/psoc creator/4.1/psoc creator/import/gnu/arm/5.4.1/bin/../lib/gcc/arm-none-eabi/5.4.1/../../../../arm-none-eabi/lib/armv6-m\libg_nano.a(lib_a-rand.o)
 .debug_frame   0x00002d08       0x40 c:/program files (x86)/cypress/psoc creator/4.1/psoc creator/import/gnu/arm/5.4.1/bin/../lib/gcc/arm-none-eabi/5.4.1/../../../../arm-none-eabi/lib/armv6-m\libg_nano.a(lib_a-malloc.o)
 .debug_frame   0x00002d48       0x2c c:/program files (x86)/cypress/psoc creator/4.1/psoc creator/import/gnu/arm/5.4.1/bin/../lib/gcc/arm-none-eabi/5.4.1/../../../../arm-none-eabi/lib/armv6-m\libg_nano.a(lib_a-nano-freer.o)
 .debug_frame   0x00002d74       0x2c c:/program files (x86)/cypress/psoc creator/4.1/psoc creator/import/gnu/arm/5.4.1/bin/../lib/gcc/arm-none-eabi/5.4.1/../../../../arm-none-eabi/lib/armv6-m\libg_nano.a(lib_a-nano-mallocr.o)
 .debug_frame   0x00002da0       0x2c c:/program files (x86)/cypress/psoc creator/4.1/psoc creator/import/gnu/arm/5.4.1/bin/../lib/gcc/arm-none-eabi/5.4.1/../../../../arm-none-eabi/lib/armv6-m\libg_nano.a(lib_a-sbrkr.o)
 .debug_frame   0x00002dcc       0x30 c:/program files (x86)/cypress/psoc creator/4.1/psoc creator/import/gnu/arm/5.4.1/bin/../lib/gcc/arm-none-eabi/5.4.1/../../../../arm-none-eabi/lib/armv6-m\libg_nano.a(lib_a-mlock.o)
 .debug_frame   0x00002dfc       0x48 c:/program files (x86)/cypress/psoc creator/4.1/psoc creator/import/gnu/arm/5.4.1/bin/../lib/gcc/arm-none-eabi/5.4.1/../../../../arm-none-eabi/lib/armv6-m\libg_nano.a(lib_a-reent.o)
 .debug_frame   0x00002e44       0x34 c:/program files (x86)/cypress/psoc creator/4.1/psoc creator/import/gnu/arm/5.4.1/bin/../lib/gcc/arm-none-eabi/5.4.1/armv6-m\libgcc.a(_muldi3.o)

.debug_str      0x00000000     0x357c
 *(.debug_str)
 .debug_str     0x00000000      0x8c9 .\CortexM0\ARM_GCC_541\Debug\main.o
                                0x969 (size before relaxing)
 .debug_str     0x000008c9      0x1cb .\CortexM0\ARM_GCC_541\Debug\cyfitter_cfg.o
                                0x395 (size before relaxing)
 .debug_str     0x00000a94       0x63 .\CortexM0\ARM_GCC_541\Debug\cymetadata.o
                                0x1e0 (size before relaxing)
 .debug_str     0x00000af7      0x13a .\CortexM0\ARM_GCC_541\Debug\Cm0Start.o
                                0x319 (size before relaxing)
 .debug_str     0x00000c31       0xa4 .\CortexM0\ARM_GCC_541\Debug\Module.a(LED_1.o)
                                0x24e (size before relaxing)
 .debug_str     0x00000cd5       0x7b .\CortexM0\ARM_GCC_541\Debug\Module.a(LED_2.o)
                                0x24e (size before relaxing)
 .debug_str     0x00000d50       0x7b .\CortexM0\ARM_GCC_541\Debug\Module.a(LED_3.o)
                                0x24e (size before relaxing)
 .debug_str     0x00000dcb       0x7b .\CortexM0\ARM_GCC_541\Debug\Module.a(LED_4.o)
                                0x24e (size before relaxing)
 .debug_str     0x00000e46      0x5a9 .\CortexM0\ARM_GCC_541\Debug\Module.a(CyLib.o)
                                0x7e6 (size before relaxing)
 .debug_str     0x000013ef      0x6e1 .\CortexM0\ARM_GCC_541\Debug\Module.a(CyLFClk.o)
                                0x935 (size before relaxing)
 .debug_str     0x00001ad0      0x1dc .\CortexM0\ARM_GCC_541\Debug\Module.a(MOTOR.o)
                                0x3cd (size before relaxing)
 .debug_str     0x00001cac       0xd6 .\CortexM0\ARM_GCC_541\Debug\Module.a(MOTOR_IntClock.o)
                                0x299 (size before relaxing)
 .debug_str     0x00001d82      0x328 .\CortexM0\ARM_GCC_541\Debug\Module.a(CAN.o)
                                0x54e (size before relaxing)
 .debug_str     0x000020aa       0x74 .\CortexM0\ARM_GCC_541\Debug\Module.a(CAN_INT.o)
                                0x29b (size before relaxing)
 .debug_str     0x0000211e       0x95 .\CortexM0\ARM_GCC_541\Debug\Module.a(CAN_TX_RX_func.o)
                                0x356 (size before relaxing)
 .debug_str     0x000021b3      0x101 .\CortexM0\ARM_GCC_541\Debug\Module.a(CAN_isr.o)
                                0x31e (size before relaxing)
 .debug_str     0x000022b4       0x26 .\CortexM0\ARM_GCC_541\Debug\Module.a(TXC.o)
                                0x1c1 (size before relaxing)
 .debug_str     0x000022da      0x1a2 .\CortexM0\ARM_GCC_541\Debug\Module.a(RX.o)
                                0x433 (size before relaxing)
 .debug_str     0x0000247c       0x4f .\CortexM0\ARM_GCC_541\Debug\Module.a(RX_INT.o)
                                0x253 (size before relaxing)
 .debug_str     0x000024cb       0x96 .\CortexM0\ARM_GCC_541\Debug\Module.a(RX_IntClock.o)
                                0x287 (size before relaxing)
 .debug_str     0x00002561      0x12c .\CortexM0\ARM_GCC_541\Debug\Module.a(SENSOR_1.o)
                                0x31c (size before relaxing)
 .debug_str     0x0000268d       0x79 .\CortexM0\ARM_GCC_541\Debug\Module.a(SENSOR_1_I2C.o)
                                0x275 (size before relaxing)
 .debug_str     0x00002706      0x245 .\CortexM0\ARM_GCC_541\Debug\Module.a(SENSOR_1_I2C_MASTER.o)
                                0x4b8 (size before relaxing)
 .debug_str     0x0000294b      0x10b .\CortexM0\ARM_GCC_541\Debug\Module.a(SENSOR_2.o)
                                0x31c (size before relaxing)
 .debug_str     0x00002a56       0x79 .\CortexM0\ARM_GCC_541\Debug\Module.a(SENSOR_2_I2C.o)
                                0x275 (size before relaxing)
 .debug_str     0x00002acf      0x201 .\CortexM0\ARM_GCC_541\Debug\Module.a(SENSOR_2_I2C_MASTER.o)
                                0x4b8 (size before relaxing)
 .debug_str     0x00002cd0      0x10b .\CortexM0\ARM_GCC_541\Debug\Module.a(SENSOR_3.o)
                                0x31c (size before relaxing)
 .debug_str     0x00002ddb       0x79 .\CortexM0\ARM_GCC_541\Debug\Module.a(SENSOR_3_I2C.o)
                                0x275 (size before relaxing)
 .debug_str     0x00002e54      0x201 .\CortexM0\ARM_GCC_541\Debug\Module.a(SENSOR_3_I2C_MASTER.o)
                                0x4b8 (size before relaxing)
 .debug_str     0x00003055      0x10b .\CortexM0\ARM_GCC_541\Debug\Module.a(SENSOR_4.o)
                                0x31c (size before relaxing)
 .debug_str     0x00003160       0x79 .\CortexM0\ARM_GCC_541\Debug\Module.a(SENSOR_4_I2C.o)
                                0x275 (size before relaxing)
 .debug_str     0x000031d9      0x201 .\CortexM0\ARM_GCC_541\Debug\Module.a(SENSOR_4_I2C_MASTER.o)
                                0x4b8 (size before relaxing)
 .debug_str     0x000033da       0xa0 .\CortexM0\ARM_GCC_541\Debug\Module.a(CyFlash.o)
                                0x2c8 (size before relaxing)
 .debug_str     0x0000347a       0x51 .\CortexM0\ARM_GCC_541\Debug\Module.a(SENSOR_1_I2C_INT.o)
                                0x303 (size before relaxing)
 .debug_str     0x000034cb       0x3b .\CortexM0\ARM_GCC_541\Debug\Module.a(SENSOR_2_I2C_INT.o)
                                0x303 (size before relaxing)
 .debug_str     0x00003506       0x3b .\CortexM0\ARM_GCC_541\Debug\Module.a(SENSOR_3_I2C_INT.o)