Archive member included to satisfy reference by file (symbol)

.\CortexM0\ARM_GCC_541\Debug\Xbee_Snifer_Teraterm.a(LED_1.o)
                              .\CortexM0\ARM_GCC_541\Debug\main.o (LED_1_Write)
.\CortexM0\ARM_GCC_541\Debug\Xbee_Snifer_Teraterm.a(CyLib.o)
                              .\CortexM0\ARM_GCC_541\Debug\cyfitter_cfg.o (CyIntEnable)
.\CortexM0\ARM_GCC_541\Debug\Xbee_Snifer_Teraterm.a(CyLFClk.o)
                              .\CortexM0\ARM_GCC_541\Debug\cyfitter_cfg.o (CySysClkWcoStart)
.\CortexM0\ARM_GCC_541\Debug\Xbee_Snifer_Teraterm.a(CAN.o)
                              .\CortexM0\ARM_GCC_541\Debug\main.o (CAN_GlobalIntEnable)
.\CortexM0\ARM_GCC_541\Debug\Xbee_Snifer_Teraterm.a(CAN_INT.o)
                              .\CortexM0\ARM_GCC_541\Debug\main.o (CAN_MsgRXIsr)
.\CortexM0\ARM_GCC_541\Debug\Xbee_Snifer_Teraterm.a(CAN_TX_RX_func.o)
                              .\CortexM0\ARM_GCC_541\Debug\main.o (CAN_SendMsg1)
.\CortexM0\ARM_GCC_541\Debug\Xbee_Snifer_Teraterm.a(CAN_isr.o)
                              .\CortexM0\ARM_GCC_541\Debug\main.o (CAN_isr_StartEx)
.\CortexM0\ARM_GCC_541\Debug\Xbee_Snifer_Teraterm.a(XBEE.o)
                              .\CortexM0\ARM_GCC_541\Debug\main.o (XBEE_Start)
.\CortexM0\ARM_GCC_541\Debug\Xbee_Snifer_Teraterm.a(XBEE_IntClock.o)
                              .\CortexM0\ARM_GCC_541\Debug\Xbee_Snifer_Teraterm.a(XBEE.o) (XBEE_IntClock_StartEx)
.\CortexM0\ARM_GCC_541\Debug\Xbee_Snifer_Teraterm.a(RESET_XBEE.o)
                              .\CortexM0\ARM_GCC_541\Debug\main.o (RESET_XBEE_Write)
.\CortexM0\ARM_GCC_541\Debug\Xbee_Snifer_Teraterm.a(CyBootAsmGnu.o)
                              .\CortexM0\ARM_GCC_541\Debug\cyfitter_cfg.o (CyDelayCycles)
.\CortexM0\ARM_GCC_541\Debug\Xbee_Snifer_Teraterm.a(CyFlash.o)
                              .\CortexM0\ARM_GCC_541\Debug\Xbee_Snifer_Teraterm.a(CyLib.o) (CySysFlashSetWaitCycles)
c:/program files (x86)/cypress/psoc creator/4.1/psoc creator/import/gnu/arm/5.4.1/bin/../lib/gcc/arm-none-eabi/5.4.1/armv6-m\libgcc.a(_udivsi3.o)
                              .\CortexM0\ARM_GCC_541\Debug\Xbee_Snifer_Teraterm.a(CyLib.o) (__aeabi_uidiv)
c:/program files (x86)/cypress/psoc creator/4.1/psoc creator/import/gnu/arm/5.4.1/bin/../lib/gcc/arm-none-eabi/5.4.1/armv6-m\libgcc.a(_divsi3.o)
                              .\CortexM0\ARM_GCC_541\Debug\Xbee_Snifer_Teraterm.a(CyLFClk.o) (__aeabi_idiv)
c:/program files (x86)/cypress/psoc creator/4.1/psoc creator/import/gnu/arm/5.4.1/bin/../lib/gcc/arm-none-eabi/5.4.1/armv6-m\libgcc.a(_dvmd_tls.o)
                              c:/program files (x86)/cypress/psoc creator/4.1/psoc creator/import/gnu/arm/5.4.1/bin/../lib/gcc/arm-none-eabi/5.4.1/armv6-m\libgcc.a(_udivsi3.o) (__aeabi_idiv0)
c:/program files (x86)/cypress/psoc creator/4.1/psoc creator/import/gnu/arm/5.4.1/bin/../lib/gcc/arm-none-eabi/5.4.1/armv6-m\libgcc.a(_arm_cmpsf2.o)
                              .\CortexM0\ARM_GCC_541\Debug\main.o (__aeabi_fcmplt)
c:/program files (x86)/cypress/psoc creator/4.1/psoc creator/import/gnu/arm/5.4.1/bin/../lib/gcc/arm-none-eabi/5.4.1/armv6-m\libgcc.a(eqsf2.o)
                              c:/program files (x86)/cypress/psoc creator/4.1/psoc creator/import/gnu/arm/5.4.1/bin/../lib/gcc/arm-none-eabi/5.4.1/armv6-m\libgcc.a(_arm_cmpsf2.o) (__eqsf2)
c:/program files (x86)/cypress/psoc creator/4.1/psoc creator/import/gnu/arm/5.4.1/bin/../lib/gcc/arm-none-eabi/5.4.1/armv6-m\libgcc.a(gesf2.o)
                              c:/program files (x86)/cypress/psoc creator/4.1/psoc creator/import/gnu/arm/5.4.1/bin/../lib/gcc/arm-none-eabi/5.4.1/armv6-m\libgcc.a(_arm_cmpsf2.o) (__gesf2)
c:/program files (x86)/cypress/psoc creator/4.1/psoc creator/import/gnu/arm/5.4.1/bin/../lib/gcc/arm-none-eabi/5.4.1/armv6-m\libgcc.a(lesf2.o)
                              c:/program files (x86)/cypress/psoc creator/4.1/psoc creator/import/gnu/arm/5.4.1/bin/../lib/gcc/arm-none-eabi/5.4.1/armv6-m\libgcc.a(_arm_cmpsf2.o) (__lesf2)
c:/program files (x86)/cypress/psoc creator/4.1/psoc creator/import/gnu/arm/5.4.1/bin/../lib/gcc/arm-none-eabi/5.4.1/armv6-m\libgcc.a(mulsf3.o)
                              .\CortexM0\ARM_GCC_541\Debug\main.o (__aeabi_fmul)
c:/program files (x86)/cypress/psoc creator/4.1/psoc creator/import/gnu/arm/5.4.1/bin/../lib/gcc/arm-none-eabi/5.4.1/armv6-m\libgcc.a(fixsfsi.o)
                              .\CortexM0\ARM_GCC_541\Debug\main.o (__aeabi_f2iz)
c:/program files (x86)/cypress/psoc creator/4.1/psoc creator/import/gnu/arm/5.4.1/bin/../lib/gcc/arm-none-eabi/5.4.1/armv6-m\libgcc.a(divdf3.o)
                              .\CortexM0\ARM_GCC_541\Debug\main.o (__aeabi_ddiv)
c:/program files (x86)/cypress/psoc creator/4.1/psoc creator/import/gnu/arm/5.4.1/bin/../lib/gcc/arm-none-eabi/5.4.1/armv6-m\libgcc.a(floatsidf.o)
                              .\CortexM0\ARM_GCC_541\Debug\main.o (__aeabi_i2d)
[...]
Memory Configuration

Name             Origin             Length             Attributes
rom              0x00000000         0x00020000         xr
ram              0x20000000         0x00004000         xrw
*default*        0x00000000         0xffffffff

Linker script and memory map

LOAD c:/program files (x86)/cypress/psoc creator/4.1/psoc creator/import/gnu/arm/5.4.1/bin/../lib/gcc/arm-none-eabi/5.4.1/armv6-m/crti.o
LOAD c:/program files (x86)/cypress/psoc creator/4.1/psoc creator/import/gnu/arm/5.4.1/bin/../lib/gcc/arm-none-eabi/5.4.1/armv6-m/crtbegin.o
LOAD c:/program files (x86)/cypress/psoc creator/4.1/psoc creator/import/gnu/arm/5.4.1/bin/../lib/gcc/arm-none-eabi/5.4.1/../../../../arm-none-eabi/lib/armv6-m/crt0.o
START GROUP
LOAD .\CortexM0\ARM_GCC_541\Debug\main.o
LOAD .\CortexM0\ARM_GCC_541\Debug\cyfitter_cfg.o
LOAD .\CortexM0\ARM_GCC_541\Debug\cymetadata.o
LOAD .\CortexM0\ARM_GCC_541\Debug\Cm0Start.o
LOAD .\CortexM0\ARM_GCC_541\Debug\Xbee_Snifer_Teraterm.a
LOAD C:\Program Files (x86)\Cypress\PSoC Creator\4.1\PSoC Creator\psoc\content\cycomponentlibrary\CyComponentLibrary.cylib\CortexM0\ARM_GCC_541\Debug\CyComponentLibrary.a
END GROUP
START GROUP
LOAD c:/program files (x86)/cypress/psoc creator/4.1/psoc creator/import/gnu/arm/5.4.1/bin/../lib/gcc/arm-none-eabi/5.4.1/armv6-m\libgcc.a
LOAD c:/program files (x86)/cypress/psoc creator/4.1/psoc creator/import/gnu/arm/5.4.1/bin/../lib/gcc/arm-none-eabi/5.4.1/../../../../arm-none-eabi/lib/armv6-m\libg_nano.a
LOAD c:/program files (x86)/cypress/psoc creator/4.1/psoc creator/import/gnu/arm/5.4.1/bin/../lib/gcc/arm-none-eabi/5.4.1/../../../../arm-none-eabi/lib/armv6-m\libc_nano.a
END GROUP
START GROUP
LOAD c:/program files (x86)/cypress/psoc creator/4.1/psoc creator/import/gnu/arm/5.4.1/bin/../lib/gcc/arm-none-eabi/5.4.1/armv6-m\libgcc.a
LOAD c:/program files (x86)/cypress/psoc creator/4.1/psoc creator/import/gnu/arm/5.4.1/bin/../lib/gcc/arm-none-eabi/5.4.1/../../../../arm-none-eabi/lib/armv6-m\libc_nano.a
END GROUP
LOAD c:/program files (x86)/cypress/psoc creator/4.1/psoc creator/import/gnu/arm/5.4.1/bin/../lib/gcc/arm-none-eabi/5.4.1/armv6-m/crtend.o
LOAD c:/program files (x86)/cypress/psoc creator/4.1/psoc creator/import/gnu/arm/5.4.1/bin/../lib/gcc/arm-none-eabi/5.4.1/armv6-m/crtn.o
START GROUP
LOAD c:/program files (x86)/cypress/psoc creator/4.1/psoc creator/import/gnu/arm/5.4.1/bin/../lib/gcc/arm-none-eabi/5.4.1/armv6-m\libgcc.a
LOAD c:/program files (x86)/cypress/psoc creator/4.1/psoc creator/import/gnu/arm/5.4.1/bin/../lib/gcc/arm-none-eabi/5.4.1/../../../../arm-none-eabi/lib/armv6-m\libc.a
LOAD c:/program files (x86)/cypress/psoc creator/4.1/psoc creator/import/gnu/arm/5.4.1/bin/../lib/gcc/arm-none-eabi/5.4.1/../../../../arm-none-eabi/lib/armv6-m\libnosys.a
END GROUP
                0x00000000                CY_APPL_ORIGIN = 0x0
                0x00000080                CY_FLASH_ROW_SIZE = 0x80
                0x00000001                CY_APPL_NUM = 0x1
                0x00000001                CY_APPL_MAX = 0x1
                0x00000040                CY_METADATA_SIZE = 0x40
                0x00000000                CY_APPL_LOADABLE = 0x0
                0x00000000                CY_CHECKSUM_EXCLUDE_SIZE = ALIGN (0x0, CY_FLASH_ROW_SIZE)
                0x00000000                CY_APP_FOR_STACK_AND_COPIER = 0x0
                [!provide]                PROVIDE (__cy_heap_start, _end)
                0x00000001                PROVIDE (__cy_region_num, ((__cy_regions_end - __cy_regions) / 0x10))
                0x20004000                PROVIDE (__cy_stack, (ORIGIN (ram) + LENGTH (ram)))
                [!provide]                PROVIDE (__cy_heap_end, (__cy_stack - 0x1000))

.cybootloader   0x00000000        0x0
 *(.cybootloader)
                0x00000000                appl1_start = CY_APPL_ORIGIN?CY_APPL_ORIGIN:ALIGN (CY_FLASH_ROW_SIZE)
                0x0000ff80                appl2_start = (appl1_start + ALIGN ((((LENGTH (rom) - appl1_start) - (0x2 * CY_FLASH_ROW_SIZE)) / 0x2), CY_FLASH_ROW_SIZE))
                0x00000000                appl_start = (CY_APPL_NUM == 0x1)?appl1_start:appl2_start
                0x00000001                cy_project_type_bootloader = (appl_start == 0x0)?0x1:0x0
                0x00000000                cy_project_type_app_for_stack_and_copier = (CY_APP_FOR_STACK_AND_COPIER == 0x1)?0x1:0x0

.text           0x00000000     0x536c
 CREATE_OBJECT_SYMBOLS
                0x00000000                PROVIDE (__cy_interrupt_vector, RomVectors)
 *(.romvectors)
 .romvectors    0x00000000       0x10 .\CortexM0\ARM_GCC_541\Debug\Cm0Start.o
                0x00000000                RomVectors
                0x00000001                ASSERT ((. != __cy_interrupt_vector), No interrupt vector)
                0x00000001                ASSERT (CY_APPL_ORIGIN?(SIZEOF (.cybootloader) <= CY_APPL_ORIGIN):0x1, Wrong image location)
                0x00000010                PROVIDE (__cy_reset, Reset)
 *(.text.Reset)
 .text.Reset    0x00000010        0x8 .\CortexM0\ARM_GCC_541\Debug\Cm0Start.o
                0x00000010                Reset
                0x00000001                ASSERT ((. != __cy_reset), No reset code)
 *(.psocinit)
 .psocinit      0x00000018      0x234 .\CortexM0\ARM_GCC_541\Debug\cyfitter_cfg.o
                0x000000dc                cyfitter_cfg
                0x0000024c                . = MAX (., 0x100)
 *(.text .text.* .gnu.linkonce.t.*)
 .text          0x0000024c       0x60 c:/program files (x86)/cypress/psoc creator/4.1/psoc creator/import/gnu/arm/5.4.1/bin/../lib/gcc/arm-none-eabi/5.4.1/armv6-m/crtbegin.o
 .text.Oyente_Mail_3
                0x000002ac       0xa8 .\CortexM0\ARM_GCC_541\Debug\main.o
                0x000002ac                Oyente_Mail_3
 .text.Oyente_Mail_5
                0x00000354       0x4c .\CortexM0\ARM_GCC_541\Debug\main.o
                0x00000354                Oyente_Mail_5
 .text.interrutcan
                0x000003a0       0x28 .\CortexM0\ARM_GCC_541\Debug\main.o
                0x000003a0                interrutcan
 .text.main     0x000003c8       0x28 .\CortexM0\ARM_GCC_541\Debug\main.o
                0x000003c8                main
 .text.cfg_write_bytes32
                0x000003f0       0x34 .\CortexM0\ARM_GCC_541\Debug\cyfitter_cfg.o
 .text.AnalogSetDefault
                0x00000424       0x20 .\CortexM0\ARM_GCC_541\Debug\cyfitter_cfg.o
 .text.CYMEMZERO
                0x00000444        0xc .\CortexM0\ARM_GCC_541\Debug\cyfitter_cfg.o
 .text.CYCONFIGCPYCODE
                0x00000450        0x8 .\CortexM0\ARM_GCC_541\Debug\cyfitter_cfg.o
 .text.IntDefaultHandler
                0x00000458        0x4 .\CortexM0\ARM_GCC_541\Debug\Cm0Start.o
                0x00000458                IntDefaultHandler
 .text._sbrk    0x0000045c       0x34 .\CortexM0\ARM_GCC_541\Debug\Cm0Start.o
                0x0000045c                _sbrk
 .text.Start_c  0x00000490       0x48 .\CortexM0\ARM_GCC_541\Debug\Cm0Start.o
                0x00000490                Start_c
 .text.initialize_psoc
                0x000004d8       0x4c .\CortexM0\ARM_GCC_541\Debug\Cm0Start.o
                0x000004d8                initialize_psoc
 .text.LED_1_Write
                0x00000524       0x18 .\CortexM0\ARM_GCC_541\Debug\Xbee_Snifer_Teraterm.a(LED_1.o)
                0x00000524                LED_1_Write
 .text.CySysClkImoDisableWcoLock
                0x0000053c       0x14 .\CortexM0\ARM_GCC_541\Debug\Xbee_Snifer_Teraterm.a(CyLib.o)
                0x0000053c                CySysClkImoDisableWcoLock
 .text.CySysClkImoGetWcoLock
                0x00000550       0x14 .\CortexM0\ARM_GCC_541\Debug\Xbee_Snifer_Teraterm.a(CyLib.o)
                0x00000550                CySysClkImoGetWcoLock
 .text.CyIntEnable
                0x00000564       0x14 .\CortexM0\ARM_GCC_541\Debug\Xbee_Snifer_Teraterm.a(CyLib.o)
                0x00000564                CyIntEnable
 .text.CyIntDisable
                0x00000578       0x14 .\CortexM0\ARM_GCC_541\Debug\Xbee_Snifer_Teraterm.a(CyLib.o)
                0x00000578                CyIntDisable
 .text.CyHalt   0x0000058c        0x4 .\CortexM0\ARM_GCC_541\Debug\Xbee_Snifer_Teraterm.a(CyLib.o)
                0x0000058c                CyHalt
 .text.CyIntSetVector
                0x00000590       0x24 .\CortexM0\ARM_GCC_541\Debug\Xbee_Snifer_Teraterm.a(CyLib.o)
                0x00000590                CyIntSetVector
 .text.CyIntSetPriority
                0x000005b4       0x4c .\CortexM0\ARM_GCC_541\Debug\Xbee_Snifer_Teraterm.a(CyLib.o)
                0x000005b4                CyIntSetPriority
 .text.CyDelay  0x00000600       0x30 .\CortexM0\ARM_GCC_541\Debug\Xbee_Snifer_Teraterm.a(CyLib.o)
                0x00000600                CyDelay
 .text.CySysClkImoEnableWcoLock
                0x00000630       0xf0 .\CortexM0\ARM_GCC_541\Debug\Xbee_Snifer_Teraterm.a(CyLib.o)
                0x00000630                CySysClkImoEnableWcoLock
 .text.CySysClkWriteImoFreq
                0x00000720       0x80 .\CortexM0\ARM_GCC_541\Debug\Xbee_Snifer_Teraterm.a(CyLib.o)
                0x00000720                CySysClkWriteImoFreq
 .text.CySysWdtLocked
                0x000007a0       0x14 .\CortexM0\ARM_GCC_541\Debug\Xbee_Snifer_Teraterm.a(CyLFClk.o)
 .text.CySysClkWcoStart
                0x000007b4       0x40 .\CortexM0\ARM_GCC_541\Debug\Xbee_Snifer_Teraterm.a(CyLFClk.o)
                0x000007b4                CySysClkWcoStart
 .text.CySysClkWcoEnabled
                0x000007f4       0x14 .\CortexM0\ARM_GCC_541\Debug\Xbee_Snifer_Teraterm.a(CyLFClk.o)
                0x000007f4                CySysClkWcoEnabled
 .text.CySysWdtLock
                0x00000808       0x1c .\CortexM0\ARM_GCC_541\Debug\Xbee_Snifer_Teraterm.a(CyLFClk.o)
                0x00000808                CySysWdtLock
 .text.CySysWdtUnlock
                0x00000824       0x30 .\CortexM0\ARM_GCC_541\Debug\Xbee_Snifer_Teraterm.a(CyLFClk.o)
                0x00000824                CySysWdtUnlock
 .text.CySysWdtClearInterrupt
                0x00000854       0x4c .\CortexM0\ARM_GCC_541\Debug\Xbee_Snifer_Teraterm.a(CyLFClk.o)
                0x00000854                CySysWdtClearInterrupt
 .text.CySysWdtIsr
                0x000008a0       0xa4 .\CortexM0\ARM_GCC_541\Debug\Xbee_Snifer_Teraterm.a(CyLFClk.o)
                0x000008a0                CySysWdtIsr
 .text.CAN_Stop
                0x00000944       0x38 .\CortexM0\ARM_GCC_541\Debug\Xbee_Snifer_Teraterm.a(CAN.o)
                0x00000944                CAN_Stop
 .text.CAN_GlobalIntEnable
                0x0000097c       0x1c .\CortexM0\ARM_GCC_541\Debug\Xbee_Snifer_Teraterm.a(CAN.o)
                0x0000097c                CAN_GlobalIntEnable
 .text.CAN_Enable
                0x00000998       0x48 .\CortexM0\ARM_GCC_541\Debug\Xbee_Snifer_Teraterm.a(CAN.o)
                0x00000998                CAN_Enable
 .text.CAN_GlobalIntDisable
                0x000009e0       0x1c .\CortexM0\ARM_GCC_541\Debug\Xbee_Snifer_Teraterm.a(CAN.o)
                0x000009e0                CAN_GlobalIntDisable
 .text.CAN_SetPreScaler
                0x000009fc       0x38 .\CortexM0\ARM_GCC_541\Debug\Xbee_Snifer_Teraterm.a(CAN.o)
                0x000009fc                CAN_SetPreScaler
 .text.CAN_SetArbiter
                0x00000a34       0x40 .\CortexM0\ARM_GCC_541\Debug\Xbee_Snifer_Teraterm.a(CAN.o)
                0x00000a34                CAN_SetArbiter
 .text.CAN_SetTsegSample
                0x00000a74       0xa0 .\CortexM0\ARM_GCC_541\Debug\Xbee_Snifer_Teraterm.a(CAN.o)
                0x00000a74                CAN_SetTsegSample
 .text.CAN_SetRestartType
                0x00000b14       0x38 .\CortexM0\ARM_GCC_541\Debug\Xbee_Snifer_Teraterm.a(CAN.o)
                0x00000b14                CAN_SetRestartType
 .text.CAN_SetEdgeMode
                0x00000b4c       0x38 .\CortexM0\ARM_GCC_541\Debug\Xbee_Snifer_Teraterm.a(CAN.o)
                0x00000b4c                CAN_SetEdgeMode
 .text.CAN_SetIrqMask
                0x00000b84       0x1c .\CortexM0\ARM_GCC_541\Debug\Xbee_Snifer_Teraterm.a(CAN.o)
                0x00000b84                CAN_SetIrqMask
 .text.CAN_RxBufConfig
                0x00000ba0       0x98 .\CortexM0\ARM_GCC_541\Debug\Xbee_Snifer_Teraterm.a(CAN.o)
                0x00000ba0                CAN_RxBufConfig
 .text.CAN_TxBufConfig
                0x00000c38       0x58 .\CortexM0\ARM_GCC_541\Debug\Xbee_Snifer_Teraterm.a(CAN.o)
                0x00000c38                CAN_TxBufConfig
 .text.CAN_RxTxBuffersConfig
                0x00000c90       0x54 .\CortexM0\ARM_GCC_541\Debug\Xbee_Snifer_Teraterm.a(CAN.o)
                0x00000c90                CAN_RxTxBuffersConfig
 .text.CAN_SetSwapDataEndianness
                0x00000ce4       0x40 .\CortexM0\ARM_GCC_541\Debug\Xbee_Snifer_Teraterm.a(CAN.o)
                0x00000ce4                CAN_SetSwapDataEndianness
 .text.CAN_Init
                0x00000d24       0xe4 .\CortexM0\ARM_GCC_541\Debug\Xbee_Snifer_Teraterm.a(CAN.o)
                0x00000d24                CAN_Init
 .text.CAN_Start
                0x00000e08       0x28 .\CortexM0\ARM_GCC_541\Debug\Xbee_Snifer_Teraterm.a(CAN.o)
                0x00000e08                CAN_Start
 .text.CAN_BusOffIsr
                0x00000e30       0x14 .\CortexM0\ARM_GCC_541\Debug\Xbee_Snifer_Teraterm.a(CAN_INT.o)
                0x00000e30                CAN_BusOffIsr
 .text.CAN_MsgRXIsr
                0x00000e44       0x78 .\CortexM0\ARM_GCC_541\Debug\Xbee_Snifer_Teraterm.a(CAN_INT.o)
                0x00000e44                CAN_MsgRXIsr
 .text.CAN_ISR  0x00000ebc       0x20 .\CortexM0\ARM_GCC_541\Debug\Xbee_Snifer_Teraterm.a(CAN_INT.o)
                0x00000ebc                CAN_ISR
 .text.CAN_ReceiveMsg
                0x00000edc       0x1c .\CortexM0\ARM_GCC_541\Debug\Xbee_Snifer_Teraterm.a(CAN_TX_RX_func.o)
                0x00000edc                CAN_ReceiveMsg
 .text.CAN_ReceiveMsg0
                0x00000ef8       0x50 .\CortexM0\ARM_GCC_541\Debug\Xbee_Snifer_Teraterm.a(CAN_TX_RX_func.o)
                0x00000ef8                CAN_ReceiveMsg0
 .text.CAN_ReceiveMsg1
                0x00000f48       0x50 .\CortexM0\ARM_GCC_541\Debug\Xbee_Snifer_Teraterm.a(CAN_TX_RX_func.o)
                0x00000f48                CAN_ReceiveMsg1
 .text.CAN_ReceiveMsg2
                0x00000f98       0x50 .\CortexM0\ARM_GCC_541\Debug\Xbee_Snifer_Teraterm.a(CAN_TX_RX_func.o)
                0x00000f98                CAN_ReceiveMsg2
 .text.CAN_ReceiveMsg3
                0x00000fe8       0x50 .\CortexM0\ARM_GCC_541\Debug\Xbee_Snifer_Teraterm.a(CAN_TX_RX_func.o)
                0x00000fe8                CAN_ReceiveMsg3
 .text.CAN_ReceiveMsg4
                0x00001038       0x50 .\CortexM0\ARM_GCC_541\Debug\Xbee_Snifer_Teraterm.a(CAN_TX_RX_func.o)
                0x00001038                CAN_ReceiveMsg4
 .text.CAN_isr_SetVector
                0x00001088        0xc .\CortexM0\ARM_GCC_541\Debug\Xbee_Snifer_Teraterm.a(CAN_isr.o)
                0x00001088                CAN_isr_SetVector
 .text.CAN_isr_SetPriority
                0x00001094       0x20 .\CortexM0\ARM_GCC_541\Debug\Xbee_Snifer_Teraterm.a(CAN_isr.o)
                0x00001094                CAN_isr_SetPriority
 .text.CAN_isr_Enable
                0x000010b4       0x10 .\CortexM0\ARM_GCC_541\Debug\Xbee_Snifer_Teraterm.a(CAN_isr.o)
                0x000010b4                CAN_isr_Enable
 .text.CAN_isr_Disable
                0x000010c4       0x10 .\CortexM0\ARM_GCC_541\Debug\Xbee_Snifer_Teraterm.a(CAN_isr.o)
                0x000010c4                CAN_isr_Disable
 .text.CAN_isr_StartEx
                0x000010d4       0x1c .\CortexM0\ARM_GCC_541\Debug\Xbee_Snifer_Teraterm.a(CAN_isr.o)
                0x000010d4                CAN_isr_StartEx
 .text.XBEE_Init
                0x000010f0       0x34 .\CortexM0\ARM_GCC_541\Debug\Xbee_Snifer_Teraterm.a(XBEE.o)
                0x000010f0                XBEE_Init
 .text.XBEE_Enable
                0x00001124       0x44 .\CortexM0\ARM_GCC_541\Debug\Xbee_Snifer_Teraterm.a(XBEE.o)
                0x00001124                XBEE_Enable
 .text.XBEE_Start
                0x00001168       0x20 .\CortexM0\ARM_GCC_541\Debug\Xbee_Snifer_Teraterm.a(XBEE.o)
                0x00001168                XBEE_Start
 .text.XBEE_PutChar
                0x00001188       0x18 .\CortexM0\ARM_GCC_541\Debug\Xbee_Snifer_Teraterm.a(XBEE.o)
                0x00001188                XBEE_PutChar
 .text.XBEE_PutString
                0x000011a0       0x28 .\CortexM0\ARM_GCC_541\Debug\Xbee_Snifer_Teraterm.a(XBEE.o)
                0x000011a0                XBEE_PutString
 .text.XBEE_PutCRLF
                0x000011c8       0x20 .\CortexM0\ARM_GCC_541\Debug\Xbee_Snifer_Teraterm.a(XBEE.o)
                0x000011c8                XBEE_PutCRLF
 .text.XBEE_IntClock_StartEx
                0x000011e8       0x1c .\CortexM0\ARM_GCC_541\Debug\Xbee_Snifer_Teraterm.a(XBEE_IntClock.o)
                0x000011e8                XBEE_IntClock_StartEx
 .text.RESET_XBEE_Write
                0x00001204       0x18 .\CortexM0\ARM_GCC_541\Debug\Xbee_Snifer_Teraterm.a(RESET_XBEE.o)
                0x00001204                RESET_XBEE_Write
 *fill*         0x0000121c        0x4 
 .text          0x00001220       0x20 .\CortexM0\ARM_GCC_541\Debug\Xbee_Snifer_Teraterm.a(CyBootAsmGnu.o)
                0x00001220                CyDelayCycles
                0x00001232                CyEnterCriticalSection
                0x0000123a                CyExitCriticalSection
 .text.CySysFlashSetWaitCycles
                0x00001240       0x54 .\CortexM0\ARM_GCC_541\Debug\Xbee_Snifer_Teraterm.a(CyFlash.o)
                0x00001240                CySysFlashSetWaitCycles
 .text          0x00001294      0x114 c:/program files (x86)/cypress/psoc creator/4.1/psoc creator/import/gnu/arm/5.4.1/bin/../lib/gcc/arm-none-eabi/5.4.1/armv6-m\libgcc.a(_udivsi3.o)
                0x00001294                __aeabi_uidiv
                0x00001294                __udivsi3
                0x000013a0                __aeabi_uidivmod
 .text          0x000013a8      0x1d4 c:/program files (x86)/cypress/psoc creator/4.1/psoc creator/import/gnu/arm/5.4.1/bin/../lib/gcc/arm-none-eabi/5.4.1/armv6-m\libgcc.a(_divsi3.o)
                0x000013a8                __divsi3
                0x000013a8                __aeabi_idiv
                0x00001574                __aeabi_idivmod
 .text          0x0000157c        0x4 c:/program files (x86)/cypress/psoc creator/4.1/psoc creator/import/gnu/arm/5.4.1/bin/../lib/gcc/arm-none-eabi/5.4.1/armv6-m\libgcc.a(_dvmd_tls.o)
                0x0000157c                __aeabi_idiv0
                0x0000157c                __aeabi_ldiv0
 .text          0x00001580      0x62c c:/program files (x86)/cypress/psoc creator/4.1/psoc creator/import/gnu/arm/5.4.1/bin/../lib/gcc/arm-none-eabi/5.4.1/armv6-m\libgcc.a(divdf3.o)
                0x00001580                __aeabi_ddiv
 .text          0x00001bac       0x84 c:/program files (x86)/cypress/psoc creator/4.1/psoc creator/import/gnu/arm/5.4.1/bin/../lib/gcc/arm-none-eabi/5.4.1/armv6-m\libgcc.a(floatsidf.o)
                0x00001bac                __aeabi_i2d
 .text          0x00001c30       0x3c c:/program files (x86)/cypress/psoc creator/4.1/psoc creator/import/gnu/arm/5.4.1/bin/../lib/gcc/arm-none-eabi/5.4.1/armv6-m\libgcc.a(_clzsi2.o)
                0x00001c30                __clzsi2
 .text.__errno  0x00001c6c        0xc c:/program files (x86)/cypress/psoc creator/4.1/psoc creator/import/gnu/arm/5.4.1/bin/../lib/gcc/arm-none-eabi/5.4.1/../../../../arm-none-eabi/lib/armv6-m\libg_nano.a(lib_a-errno.o)
                0x00001c6c                __errno
 .text.__libc_init_array
                0x00001c78       0x4c c:/program files (x86)/cypress/psoc creator/4.1/psoc creator/import/gnu/arm/5.4.1/bin/../lib/gcc/arm-none-eabi/5.4.1/../../../../arm-none-eabi/lib/armv6-m\libg_nano.a(lib_a-init.o)
                0x00001c78                __libc_init_array
 .text.memcpy   0x00001cc4       0x12 c:/program files (x86)/cypress/psoc creator/4.1/psoc creator/import/gnu/arm/5.4.1/bin/../lib/gcc/arm-none-eabi/5.4.1/../../../../arm-none-eabi/lib/armv6-m\libg_nano.a(lib_a-memcpy-stub.o)
                0x00001cc4                memcpy
 .text.memset   0x00001cd6       0x10 c:/program files (x86)/cypress/psoc creator/4.1/psoc creator/import/gnu/arm/5.4.1/bin/../lib/gcc/arm-none-eabi/5.4.1/../../../../arm-none-eabi/lib/armv6-m\libg_nano.a(lib_a-memset.o)
                0x00001cd6                memset
 .text.__cvt    0x00001ce6       0xca c:/program files (x86)/cypress/psoc creator/4.1/psoc creator/import/gnu/arm/5.4.1/bin/../lib/gcc/arm-none-eabi/5.4.1/../../../../arm-none-eabi/lib/armv6-m\libg_nano.a(lib_a-nano-vfprintf_float.o)
                0x00001ce6                __cvt
 .text.__exponent
                0x00001db0       0x62 c:/program files (x86)/cypress/psoc creator/4.1/psoc creator/import/gnu/arm/5.4.1/bin/../lib/gcc/arm-none-eabi/5.4.1/../../../../arm-none-eabi/lib/armv6-m\libg_nano.a(lib_a-nano-vfprintf_float.o)
                0x00001db0                __exponent
 *fill*         0x00001e12        0x2 
 .text._printf_float
                0x00001e14      0x4a0 c:/program files (x86)/cypress/psoc creator/4.1/psoc creator/import/gnu/arm/5.4.1/bin/../lib/gcc/arm-none-eabi/5.4.1/../../../../arm-none-eabi/lib/armv6-m\libg_nano.a(lib_a-nano-vfprintf_float.o)
                0x00001e14                _printf_float
 .text._printf_common
                0x000022b4       0xdc c:/program files (x86)/cypress/psoc creator/4.1/psoc creator/import/gnu/arm/5.4.1/bin/../lib/gcc/arm-none-eabi/5.4.1/../../../../arm-none-eabi/lib/armv6-m\libg_nano.a(lib_a-nano-vfprintf_i.o)
                0x000022b4                _printf_common
 .text._printf_i
                0x00002390      0x244 c:/program files (x86)/cypress/psoc creator/4.1/psoc creator/import/gnu/arm/5.4.1/bin/../lib/gcc/arm-none-eabi/5.4.1/../../../../arm-none-eabi/lib/armv6-m\libg_nano.a(lib_a-nano-vfprintf_i.o)
                0x00002390                _printf_i
 .text.sprintf  0x000025d4       0x44 c:/program files (x86)/cypress/psoc creator/4.1/psoc creator/import/gnu/arm/5.4.1/bin/../lib/gcc/arm-none-eabi/5.4.1/../../../../arm-none-eabi/lib/armv6-m\libg_nano.a(lib_a-sprintf.o)
                0x000025d4                siprintf
                0x000025d4                sprintf
 .text          0x00002618        0xe c:/program files (x86)/cypress/psoc creator/4.1/psoc creator/import/gnu/arm/5.4.1/bin/../lib/gcc/arm-none-eabi/5.4.1/../../../../arm-none-eabi/lib/armv6-m\libg_nano.a(lib_a-strlen.o)
                0x00002618                strlen
 .text.quorem   0x00002626      0x10c c:/program files (x86)/cypress/psoc creator/4.1/psoc creator/import/gnu/arm/5.4.1/bin/../lib/gcc/arm-none-eabi/5.4.1/../../../../arm-none-eabi/lib/armv6-m\libg_nano.a(lib_a-dtoa.o)
 *fill*         0x00002732        0x2 
 .text._dtoa_r  0x00002734      0xb8c c:/program files (x86)/cypress/psoc creator/4.1/psoc creator/import/gnu/arm/5.4.1/bin/../lib/gcc/arm-none-eabi/5.4.1/../../../../arm-none-eabi/lib/armv6-m\libg_nano.a(lib_a-dtoa.o)
                0x00002734                _dtoa_r
 .text._localeconv_r
                0x000032c0        0x8 c:/program files (x86)/cypress/psoc creator/4.1/psoc creator/import/gnu/arm/5.4.1/bin/../lib/gcc/arm-none-eabi/5.4.1/../../../../arm-none-eabi/lib/armv6-m\libg_nano.a(lib_a-locale.o)
                0x000032c0                _localeconv_r
 .text.malloc   0x000032c8       0x14 c:/program files (x86)/cypress/psoc creator/4.1/psoc creator/import/gnu/arm/5.4.1/bin/../lib/gcc/arm-none-eabi/5.4.1/../../../../arm-none-eabi/lib/armv6-m\libg_nano.a(lib_a-malloc.o)
                0x000032c8                malloc
 .text.memchr   0x000032dc       0x16 c:/program files (x86)/cypress/psoc creator/4.1/psoc creator/import/gnu/arm/5.4.1/bin/../lib/gcc/arm-none-eabi/5.4.1/../../../../arm-none-eabi/lib/armv6-m\libg_nano.a(lib_a-memchr-stub.o)
                0x000032dc                memchr
 .text._Balloc  0x000032f2       0x70 c:/program files (x86)/cypress/psoc creator/4.1/psoc creator/import/gnu/arm/5.4.1/bin/../lib/gcc/arm-none-eabi/5.4.1/../../../../arm-none-eabi/lib/armv6-m\libg_nano.a(lib_a-mprec.o)
                0x000032f2                _Balloc
 .text._Bfree   0x00003362       0x32 c:/program files (x86)/cypress/psoc creator/4.1/psoc creator/import/gnu/arm/5.4.1/bin/../lib/gcc/arm-none-eabi/5.4.1/../../../../arm-none-eabi/lib/armv6-m\libg_nano.a(lib_a-mprec.o)
                0x00003362                _Bfree
 .text.__multadd
                0x00003394       0x7a c:/program files (x86)/cypress/psoc creator/4.1/psoc creator/import/gnu/arm/5.4.1/bin/../lib/gcc/arm-none-eabi/5.4.1/../../../../arm-none-eabi/lib/armv6-m\libg_nano.a(lib_a-mprec.o)
                0x00003394                __multadd
 .text.__hi0bits
                0x0000340e       0x36 c:/program files (x86)/cypress/psoc creator/4.1/psoc creator/import/gnu/arm/5.4.1/bin/../lib/gcc/arm-none-eabi/5.4.1/../../../../arm-none-eabi/lib/armv6-m\libg_nano.a(lib_a-mprec.o)
                0x0000340e                __hi0bits
 .text.__lo0bits
                0x00003444       0x5e c:/program files (x86)/cypress/psoc creator/4.1/psoc creator/import/gnu/arm/5.4.1/bin/../lib/gcc/arm-none-eabi/5.4.1/../../../../arm-none-eabi/lib/armv6-m\libg_nano.a(lib_a-mprec.o)
                0x00003444                __lo0bits
 .text.__i2b    0x000034a2       0x12 c:/program files (x86)/cypress/psoc creator/4.1/psoc creator/import/gnu/arm/5.4.1/bin/../lib/gcc/arm-none-eabi/5.4.1/../../../../arm-none-eabi/lib/armv6-m\libg_nano.a(lib_a-mprec.o)
                0x000034a2                __i2b
 .text.__multiply
                0x000034b4      0x112 c:/program files (x86)/cypress/psoc creator/4.1/psoc creator/import/gnu/arm/5.4.1/bin/../lib/gcc/arm-none-eabi/5.4.1/../../../../arm-none-eabi/lib/armv6-m\libg_nano.a(lib_a-mprec.o)
                0x000034b4                __multiply
 *fill*         0x000035c6        0x2 
 .text.__pow5mult
                0x000035c8       0xa8 c:/program files (x86)/cypress/psoc creator/4.1/psoc creator/import/gnu/arm/5.4.1/bin/../lib/gcc/arm-none-eabi/5.4.1/../../../../arm-none-eabi/lib/armv6-m\libg_nano.a(lib_a-mprec.o)
                0x000035c8                __pow5mult
 .text.__lshift
                0x00003670       0xa4 c:/program files (x86)/cypress/psoc creator/4.1/psoc creator/import/gnu/arm/5.4.1/bin/../lib/gcc/arm-none-eabi/5.4.1/../../../../arm-none-eabi/lib/armv6-m\libg_nano.a(lib_a-mprec.o)
                0x00003670                __lshift
 .text.__mcmp   0x00003714       0x36 c:/program files (x86)/cypress/psoc creator/4.1/psoc creator/import/gnu/arm/5.4.1/bin/../lib/gcc/arm-none-eabi/5.4.1/../../../../arm-none-eabi/lib/armv6-m\libg_nano.a(lib_a-mprec.o)
                0x00003714                __mcmp
 .text.__mdiff  0x0000374a       0xd6 c:/program files (x86)/cypress/psoc creator/4.1/psoc creator/import/gnu/arm/5.4.1/bin/../lib/gcc/arm-none-eabi/5.4.1/../../../../arm-none-eabi/lib/armv6-m\libg_nano.a(lib_a-mprec.o)
                0x0000374a                __mdiff
 .text.__d2b    0x00003820       0xa8 c:/program files (x86)/cypress/psoc creator/4.1/psoc creator/import/gnu/arm/5.4.1/bin/../lib/gcc/arm-none-eabi/5.4.1/../../../../arm-none-eabi/lib/armv6-m\libg_nano.a(lib_a-mprec.o)
                0x00003820                __d2b
 .text._calloc_r
                0x000038c8       0x1c c:/program files (x86)/cypress/psoc creator/4.1/psoc creator/import/gnu/arm/5.4.1/bin/../lib/gcc/arm-none-eabi/5.4.1/../../../../arm-none-eabi/lib/armv6-m\libg_nano.a(lib_a-nano-callocr.o)
                0x000038c8                _calloc_r
 .text._free_r  0x000038e4       0x98 c:/program files (x86)/cypress/psoc creator/4.1/psoc creator/import/gnu/arm/5.4.1/bin/../lib/gcc/arm-none-eabi/5.4.1/../../../../arm-none-eabi/lib/armv6-m\libg_nano.a(lib_a-nano-freer.o)
                0x000038e4                _free_r
 .text._malloc_r
                0x0000397c       0xc0 c:/program files (x86)/cypress/psoc creator/4.1/psoc creator/import/gnu/arm/5.4.1/bin/../lib/gcc/arm-none-eabi/5.4.1/../../../../arm-none-eabi/lib/armv6-m\libg_nano.a(lib_a-nano-mallocr.o)
                0x0000397c                _malloc_r
 .text.__ssputs_r
                0x00003a3c       0xc4 c:/program files (x86)/cypress/psoc creator/4.1/psoc creator/import/gnu/arm/5.4.1/bin/../lib/gcc/arm-none-eabi/5.4.1/../../../../arm-none-eabi/lib/armv6-m\libg_nano.a(lib_a-nano-svfprintf.o)
                0x00003a3c                __ssputs_r
 .text._svfprintf_r
                0x00003b00      0x1fc c:/program files (x86)/cypress/psoc creator/4.1/psoc creator/import/gnu/arm/5.4.1/bin/../lib/gcc/arm-none-eabi/5.4.1/../../../../arm-none-eabi/lib/armv6-m\libg_nano.a(lib_a-nano-svfprintf.o)
                0x00003b00                _svfiprintf_r
                0x00003b00                _svfprintf_r
 .text._sbrk_r  0x00003cfc       0x24 c:/program files (x86)/cypress/psoc creator/4.1/psoc creator/import/gnu/arm/5.4.1/bin/../lib/gcc/arm-none-eabi/5.4.1/../../../../arm-none-eabi/lib/armv6-m\libg_nano.a(lib_a-sbrkr.o)
                0x00003cfc                _sbrk_r
 .text.memmove  0x00003d20       0x2a c:/program files (x86)/cypress/psoc creator/4.1/psoc creator/import/gnu/arm/5.4.1/bin/../lib/gcc/arm-none-eabi/5.4.1/../../../../arm-none-eabi/lib/armv6-m\libg_nano.a(lib_a-memmove.o)
                0x00003d20                memmove
 .text.__malloc_lock
                0x00003d4a        0x2 c:/program files (x86)/cypress/psoc creator/4.1/psoc creator/import/gnu/arm/5.4.1/bin/../lib/gcc/arm-none-eabi/5.4.1/../../../../arm-none-eabi/lib/armv6-m\libg_nano.a(lib_a-mlock.o)
                0x00003d4a                __malloc_lock
 .text.__malloc_unlock
                0x00003d4c        0x2 c:/program files (x86)/cypress/psoc creator/4.1/psoc creator/import/gnu/arm/5.4.1/bin/../lib/gcc/arm-none-eabi/5.4.1/../../../../arm-none-eabi/lib/armv6-m\libg_nano.a(lib_a-mlock.o)
                0x00003d4c                __malloc_unlock
 .text._realloc_r
                0x00003d4e       0x4c c:/program files (x86)/cypress/psoc creator/4.1/psoc creator/import/gnu/arm/5.4.1/bin/../lib/gcc/arm-none-eabi/5.4.1/../../../../arm-none-eabi/lib/armv6-m\libg_nano.a(lib_a-nano-reallocr.o)
                0x00003d4e                _realloc_r
 .text._malloc_usable_size_r
                0x00003d9a       0x16 c:/program files (x86)/cypress/psoc creator/4.1/psoc creator/import/gnu/arm/5.4.1/bin/../lib/gcc/arm-none-eabi/5.4.1/../../../../arm-none-eabi/lib/armv6-m\libg_nano.a(lib_a-nano-msizer.o)
                0x00003d9a                _malloc_usable_size_r
 .text          0x00003db0       0x14 c:/program files (x86)/cypress/psoc creator/4.1/psoc creator/import/gnu/arm/5.4.1/bin/../lib/gcc/arm-none-eabi/5.4.1/armv6-m\libgcc.a(_thumb1_case_uqi.o)
                0x00003db0                __gnu_thumb1_case_uqi
 .text          0x00003dc4       0x7c c:/program files (x86)/cypress/psoc creator/4.1/psoc creator/import/gnu/arm/5.4.1/bin/../lib/gcc/arm-none-eabi/5.4.1/armv6-m\libgcc.a(_arm_cmpdf2.o)
                0x00003dc4                __aeabi_cdrcmple
                0x00003dd4                __aeabi_cdcmple
                0x00003dd4                __aeabi_cdcmpeq
                0x00003de4                __aeabi_dcmpeq
                0x00003df0                __aeabi_dcmplt
                0x00003e04                __aeabi_dcmple
                0x00003e18                __aeabi_dcmpgt
                0x00003e2c                __aeabi_dcmpge
 .text          0x00003e40      0x658 c:/program files (x86)/cypress/psoc creator/4.1/psoc creator/import/gnu/arm/5.4.1/bin/../lib/gcc/arm-none-eabi/5.4.1/armv6-m\libgcc.a(adddf3.o)
                0x00003e40                __aeabi_dadd
 .text          0x00004498       0x80 c:/program files (x86)/cypress/psoc creator/4.1/psoc creator/import/gnu/arm/5.4.1/bin/../lib/gcc/arm-none-eabi/5.4.1/armv6-m\libgcc.a(eqdf2.o)
                0x00004498                __nedf2
                0x00004498                __eqdf2
 .text          0x00004518       0xc8 c:/program files (x86)/cypress/psoc creator/4.1/psoc creator/import/gnu/arm/5.4.1/bin/../lib/gcc/arm-none-eabi/5.4.1/armv6-m\libgcc.a(gedf2.o)
                0x00004518                __gedf2
                0x00004518                __gtdf2
 .text          0x000045e0       0xd4 c:/program files (x86)/cypress/psoc creator/4.1/psoc creator/import/gnu/arm/5.4.1/bin/../lib/gcc/arm-none-eabi/5.4.1/armv6-m\libgcc.a(ledf2.o)
                0x000045e0                __ledf2
                0x000045e0                __ltdf2
 .text          0x000046b4      0x4f4 c:/program files (x86)/cypress/psoc creator/4.1/psoc creator/import/gnu/arm/5.4.1/bin/../lib/gcc/arm-none-eabi/5.4.1/armv6-m\libgcc.a(muldf3.o)
                0x000046b4                __aeabi_dmul
 .text          0x00004ba8      0x6a8 c:/program files (x86)/cypress/psoc creator/4.1/psoc creator/import/gnu/arm/5.4.1/bin/../lib/gcc/arm-none-eabi/5.4.1/armv6-m\libgcc.a(subdf3.o)
                0x00004ba8                __aeabi_dsub
 .text          0x00005250       0x40 c:/program files (x86)/cypress/psoc creator/4.1/psoc creator/import/gnu/arm/5.4.1/bin/../lib/gcc/arm-none-eabi/5.4.1/armv6-m\libgcc.a(unorddf2.o)
                0x00005250                __aeabi_dcmpun
 .text          0x00005290       0x6c c:/program files (x86)/cypress/psoc creator/4.1/psoc creator/import/gnu/arm/5.4.1/bin/../lib/gcc/arm-none-eabi/5.4.1/armv6-m\libgcc.a(fixdfsi.o)
                0x00005290                __aeabi_d2iz
 .text          0x000052fc       0x70 c:/program files (x86)/cypress/psoc creator/4.1/psoc creator/import/gnu/arm/5.4.1/bin/../lib/gcc/arm-none-eabi/5.4.1/armv6-m\libgcc.a(floatunsidf.o)
                0x000052fc                __aeabi_ui2d
 *(.plt)
 *(.gnu.warning)
 *(.glue_7t)
 .glue_7t       0x0000536c        0x0 linker stubs
 *(.glue_7)
 .glue_7        0x0000536c        0x0 linker stubs
 *(.vfp11_veneer)
 .vfp11_veneer  0x0000536c        0x0 linker stubs
 *(.bootloader)
 *(.ARM.extab* .gnu.linkonce.armextab.*)
 *(.gcc_except_table)

.v4_bx          0x0000536c        0x0
 .v4_bx         0x0000536c        0x0 linker stubs

.iplt           0x0000536c        0x0
 .iplt          0x0000536c        0x0 c:/program files (x86)/cypress/psoc creator/4.1/psoc creator/import/gnu/arm/5.4.1/bin/../lib/gcc/arm-none-eabi/5.4.1/armv6-m/crtbegin.o

.eh_frame_hdr
 *(.eh_frame_hdr)

.eh_frame       0x0000536c        0x4
 *(.eh_frame)
 .eh_frame      0x0000536c        0x0 c:/program files (x86)/cypress/psoc creator/4.1/psoc creator/import/gnu/arm/5.4.1/bin/../lib/gcc/arm-none-eabi/5.4.1/armv6-m/crtbegin.o
 .eh_frame      0x0000536c        0x4 c:/program files (x86)/cypress/psoc creator/4.1/psoc creator/import/gnu/arm/5.4.1/bin/../lib/gcc/arm-none-eabi/5.4.1/armv6-m/crtend.o
                [!provide]                PROVIDE (__exidx_start, .)

.ARM.exidx
 *(.ARM.exidx* .gnu.linkonce.armexidx.*)
                0x00005370                __exidx_end = .

.rodata         0x00005370      0x730
 *(.rodata .rodata.* .gnu.linkonce.r.*)
 .rodata.str1.4
                0x00005370       0x1c .\CortexM0\ARM_GCC_541\Debug\main.o
 .rodata        0x0000538c      0x340 .\CortexM0\ARM_GCC_541\Debug\cyfitter_cfg.o
 .rodata        0x000056cc       0x47 .\CortexM0\ARM_GCC_541\Debug\Xbee_Snifer_Teraterm.a(CyLib.o)
                0x000056cc                cyImoFreqMhz2Reg
                0x000056fc                cyImoFreqMhz2DpllOffset
 *fill*         0x00005713        0x1 
 .rodata        0x00005714      0x160 .\CortexM0\ARM_GCC_541\Debug\Xbee_Snifer_Teraterm.a(CAN.o)
 .rodata        0x00005874       0x14 .\CortexM0\ARM_GCC_541\Debug\Xbee_Snifer_Teraterm.a(CAN_INT.o)
 .rodata        0x00005888       0x40 c:/program files (x86)/cypress/psoc creator/4.1/psoc creator/import/gnu/arm/5.4.1/bin/../lib/gcc/arm-none-eabi/5.4.1/armv6-m\libgcc.a(divdf3.o)
 .rodata.str1.1
                0x000058c8        0x2 c:/program files (x86)/cypress/psoc creator/4.1/psoc creator/import/gnu/arm/5.4.1/bin/../lib/gcc/arm-none-eabi/5.4.1/../../../../arm-none-eabi/lib/armv6-m\libg_nano.a(lib_a-impure.o)
 .rodata.str1.1
                0x000058ca       0x12 c:/program files (x86)/cypress/psoc creator/4.1/psoc creator/import/gnu/arm/5.4.1/bin/../lib/gcc/arm-none-eabi/5.4.1/../../../../arm-none-eabi/lib/armv6-m\libg_nano.a(lib_a-nano-vfprintf_float.o)
 .rodata.str1.1
                0x000058dc       0x22 c:/program files (x86)/cypress/psoc creator/4.1/psoc creator/import/gnu/arm/5.4.1/bin/../lib/gcc/arm-none-eabi/5.4.1/../../../../arm-none-eabi/lib/armv6-m\libg_nano.a(lib_a-nano-vfprintf_i.o)
 .rodata.str1.1
                0x000058fe        0xd c:/program files (x86)/cypress/psoc creator/4.1/psoc creator/import/gnu/arm/5.4.1/bin/../lib/gcc/arm-none-eabi/5.4.1/../../../../arm-none-eabi/lib/armv6-m\libg_nano.a(lib_a-dtoa.o)
                                  0xf (size before relaxing)
 .rodata.str1.1
                0x0000590b        0x8 c:/program files (x86)/cypress/psoc creator/4.1/psoc creator/import/gnu/arm/5.4.1/bin/../lib/gcc/arm-none-eabi/5.4.1/../../../../arm-none-eabi/lib/armv6-m\libg_nano.a(lib_a-locale.o)
                                  0xb (size before relaxing)
 *fill*         0x00005913        0x5 
 .rodata.__mprec_tens
                0x00005918       0xc8 c:/program files (x86)/cypress/psoc creator/4.1/psoc creator/import/gnu/arm/5.4.1/bin/../lib/gcc/arm-none-eabi/5.4.1/../../../../arm-none-eabi/lib/armv6-m\libg_nano.a(lib_a-mprec.o)
                0x00005918                __mprec_tens
 .rodata.p05.5408
                0x000059e0        0xc c:/program files (x86)/cypress/psoc creator/4.1/psoc creator/import/gnu/arm/5.4.1/bin/../lib/gcc/arm-none-eabi/5.4.1/../../../../arm-none-eabi/lib/armv6-m\libg_nano.a(lib_a-mprec.o)
 *fill*         0x000059ec        0x4 
 .rodata.__mprec_bigtens
                0x000059f0       0x28 c:/program files (x86)/cypress/psoc creator/4.1/psoc creator/import/gnu/arm/5.4.1/bin/../lib/gcc/arm-none-eabi/5.4.1/../../../../arm-none-eabi/lib/armv6-m\libg_nano.a(lib_a-mprec.o)
                0x000059f0                __mprec_bigtens
 .rodata.str1.1
                0x00005a18       0x11 c:/program files (x86)/cypress/psoc creator/4.1/psoc creator/import/gnu/arm/5.4.1/bin/../lib/gcc/arm-none-eabi/5.4.1/../../../../arm-none-eabi/lib/armv6-m\libg_nano.a(lib_a-nano-svfprintf.o)
 *fill*         0x00005a29        0x3 
 .rodata        0x00005a2c       0x40 c:/program files (x86)/cypress/psoc creator/4.1/psoc creator/import/gnu/arm/5.4.1/bin/../lib/gcc/arm-none-eabi/5.4.1/armv6-m\libgcc.a(muldf3.o)
                0x00005a6c                . = ALIGN (0x4)
 *(.init)
 .init          0x00005a6c        0x4 c:/program files (x86)/cypress/psoc creator/4.1/psoc creator/import/gnu/arm/5.4.1/bin/../lib/gcc/arm-none-eabi/5.4.1/armv6-m/crti.o
                0x00005a6c                _init
 .init          0x00005a70        0x8 c:/program files (x86)/cypress/psoc creator/4.1/psoc creator/import/gnu/arm/5.4.1/bin/../lib/gcc/arm-none-eabi/5.4.1/armv6-m/crtn.o
                0x00005a78                . = ALIGN (0x4)
                0x00005a78                __preinit_array_start = .
 *(.preinit_array)
                0x00005a78                __preinit_array_end = .
                0x00005a78                . = ALIGN (0x4)
                0x00005a78                __init_array_start = .
 *(SORT(.init_array.*))
 *(.init_array)
 .init_array    0x00005a78        0x4 c:/program files (x86)/cypress/psoc creator/4.1/psoc creator/import/gnu/arm/5.4.1/bin/../lib/gcc/arm-none-eabi/5.4.1/armv6-m/crtbegin.o
 .init_array    0x00005a7c        0x4 .\CortexM0\ARM_GCC_541\Debug\Cm0Start.o
                0x00005a80                __init_array_end = .
                0x00005a80                . = ALIGN (0x4)
 *(.fini)
 .fini          0x00005a80        0x4 c:/program files (x86)/cypress/psoc creator/4.1/psoc creator/import/gnu/arm/5.4.1/bin/../lib/gcc/arm-none-eabi/5.4.1/armv6-m/crti.o
                0x00005a80                _fini
 .fini          0x00005a84        0x8 c:/program files (x86)/cypress/psoc creator/4.1/psoc creator/import/gnu/arm/5.4.1/bin/../lib/gcc/arm-none-eabi/5.4.1/armv6-m/crtn.o
                0x00005a8c                . = ALIGN (0x4)
                0x00005a8c                __fini_array_start = .
 *(.fini_array)
 .fini_array    0x00005a8c        0x4 c:/program files (x86)/cypress/psoc creator/4.1/psoc creator/import/gnu/arm/5.4.1/bin/../lib/gcc/arm-none-eabi/5.4.1/armv6-m/crtbegin.o
 *(SORT(.fini_array.*))
                0x00005a90                __fini_array_end = .
                0x00005a90                . = ALIGN (0x4)
 *crtbegin.o(.ctors)
 *(EXCLUDE_FILE(*crtend.o) .ctors)
 *(SORT(.ctors.*))
 *crtend.o(.ctors)
                0x00005a90                . = ALIGN (0x4)
 *crtbegin.o(.dtors)
 *(EXCLUDE_FILE(*crtend.o) .dtors)
 *(SORT(.dtors.*))
 *crtend.o(.dtors)
                0x00005a90                . = ALIGN (0x4)
                0x00005a90                __cy_regions = .
                0x00005a90        0x4 LONG 0x5aa0 __cy_region_init_ram
                0x00005a94        0x4 LONG 0x200000c0 __cy_region_start_data
                0x00005a98        0x4 LONG 0xc8 __cy_region_init_size_ram
                0x00005a9c        0x4 LONG 0x98 __cy_region_zero_size_ram
                0x00005aa0                __cy_regions_end = .
                0x00005aa0                . = ALIGN (0x8)
                0x00005aa0                _etext = .

.cy_checksum_exclude
                0x00005aa0        0x0
 *(.cy_checksum_exclude)

.ramvectors     0x20000000       0xc0
                0x20000000                __cy_region_start_ram = .
 *(.ramvectors)
 .ramvectors    0x20000000       0xc0 .\CortexM0\ARM_GCC_541\Debug\Cm0Start.o
                0x20000000                CyRamVectors

.noinit
 *(.noinit)

.data           0x200000c0       0xc8 load address 0x00005aa0
                0x200000c0                __cy_region_start_data = .
 *(.jcr)
 .jcr           0x200000c0        0x0 c:/program files (x86)/cypress/psoc creator/4.1/psoc creator/import/gnu/arm/5.4.1/bin/../lib/gcc/arm-none-eabi/5.4.1/armv6-m/crtbegin.o
 .jcr           0x200000c0        0x4 c:/program files (x86)/cypress/psoc creator/4.1/psoc creator/import/gnu/arm/5.4.1/bin/../lib/gcc/arm-none-eabi/5.4.1/armv6-m/crtend.o
 *(.got.plt)
 *(.got)
 *(.shdata)
 *(.data .data.* .gnu.linkonce.d.*)
 .data          0x200000c4        0xc .\CortexM0\ARM_GCC_541\Debug\main.o
                0x200000c4                formato
                0x200000c8                Orientacion_2
                0x200000cc                memoria
 .data          0x200000d0        0x4 .\CortexM0\ARM_GCC_541\Debug\Cm0Start.o
 .data          0x200000d4       0x10 .\CortexM0\ARM_GCC_541\Debug\Xbee_Snifer_Teraterm.a(CyLib.o)
                0x200000d4                cydelay32kMs
                0x200000d8                cydelayFreqKhz
                0x200000dc                cydelayFreqMhz
                0x200000e0                cydelayFreqHz
 .data          0x200000e4        0x8 .\CortexM0\ARM_GCC_541\Debug\Xbee_Snifer_Teraterm.a(CyLFClk.o)
 .data.impure_data
                0x200000ec       0x60 c:/program files (x86)/cypress/psoc creator/4.1/psoc creator/import/gnu/arm/5.4.1/bin/../lib/gcc/arm-none-eabi/5.4.1/../../../../arm-none-eabi/lib/armv6-m\libg_nano.a(lib_a-impure.o)
 .data._impure_ptr
                0x2000014c        0x4 c:/program files (x86)/cypress/psoc creator/4.1/psoc creator/import/gnu/arm/5.4.1/bin/../lib/gcc/arm-none-eabi/5.4.1/../../../../arm-none-eabi/lib/armv6-m\libg_nano.a(lib_a-impure.o)
                0x2000014c                _impure_ptr
 .data.lconv    0x20000150       0x38 c:/program files (x86)/cypress/psoc creator/4.1/psoc creator/import/gnu/arm/5.4.1/bin/../lib/gcc/arm-none-eabi/5.4.1/../../../../arm-none-eabi/lib/armv6-m\libg_nano.a(lib_a-locale.o)
                0x20000188                . = ALIGN (0x8)
 *(.ram)
                0x20000188                _edata = .

.igot.plt       0x20000188        0x0 load address 0x00005b68
 .igot.plt      0x20000188        0x0 c:/program files (x86)/cypress/psoc creator/4.1/psoc creator/import/gnu/arm/5.4.1/bin/../lib/gcc/arm-none-eabi/5.4.1/armv6-m/crtbegin.o

.bss            0x20000188       0x98 load address 0x00005b68
                0x20000188                PROVIDE (__bss_start__, .)
 *(.shbss)
 *(.bss .bss.* .gnu.linkonce.b.*)
 .bss           0x20000188       0x1c c:/program files (x86)/cypress/psoc creator/4.1/psoc creator/import/gnu/arm/5.4.1/bin/../lib/gcc/arm-none-eabi/5.4.1/armv6-m/crtbegin.o
 .bss           0x200001a4       0x28 .\CortexM0\ARM_GCC_541\Debug\Xbee_Snifer_Teraterm.a(CyLFClk.o)
 .bss           0x200001cc        0x1 .\CortexM0\ARM_GCC_541\Debug\Xbee_Snifer_Teraterm.a(CAN.o)
                0x200001cc                CAN_initVar
 .bss           0x200001cd        0x2 .\CortexM0\ARM_GCC_541\Debug\Xbee_Snifer_Teraterm.a(XBEE.o)
                0x200001cd                XBEE_initVar
 *fill*         0x200001cf        0x1 
 .bss.__malloc_sbrk_start
                0x200001d0        0x4 c:/program files (x86)/cypress/psoc creator/4.1/psoc creator/import/gnu/arm/5.4.1/bin/../lib/gcc/arm-none-eabi/5.4.1/../../../../arm-none-eabi/lib/armv6-m\libg_nano.a(lib_a-nano-mallocr.o)
                0x200001d0                __malloc_sbrk_start
 .bss.__malloc_free_list
                0x200001d4        0x4 c:/program files (x86)/cypress/psoc creator/4.1/psoc creator/import/gnu/arm/5.4.1/bin/../lib/gcc/arm-none-eabi/5.4.1/../../../../arm-none-eabi/lib/armv6-m\libg_nano.a(lib_a-nano-mallocr.o)
                0x200001d4                __malloc_free_list
 *(COMMON)
 COMMON         0x200001d8       0x44 .\CortexM0\ARM_GCC_541\Debug\main.o
                0x200001d8                publicar
                0x200001e0                dato_enviado_1
                0x200001e8                mailbox3
                0x200001f0                dato_recibido
                0x200001f4                mailbox1
                0x200001fc                dato_enviado
                0x20000204                mailbox2
                0x2000020c                mailbox0
                0x20000214                mailbox4
 COMMON         0x2000021c        0x4 c:/program files (x86)/cypress/psoc creator/4.1/psoc creator/import/gnu/arm/5.4.1/bin/../lib/gcc/arm-none-eabi/5.4.1/../../../../arm-none-eabi/lib/armv6-m\libg_nano.a(lib_a-reent.o)
                0x2000021c                errno
                0x20000220                . = ALIGN (0x8)
 *(.ram.b)
                0x20000220                _end = .
                0x20000220                __end = .
                0x20000220                PROVIDE (end, .)
                0x20000220                PROVIDE (__bss_end__, .)
                0x00005aa0                __cy_region_init_ram = LOADADDR (.data)
                0x000000c8                __cy_region_init_size_ram = (_edata - ADDR (.data))
                0x00000098                __cy_region_zero_size_ram = (_end - _edata)

.heap           0x20000220      0x400 load address 0x00005b68
                0x20000220                . = _end
                0x20000620                . = (. + 0x400)
 *fill*         0x20000220      0x400 
                0x20000620                __cy_heap_limit = .

.stack          0x20003000     0x1000
                0x20003000                __cy_stack_limit = .
                0x20004000                . = (. + 0x1000)
 *fill*         0x20003000     0x1000 
                0x00000001                ASSERT ((__cy_stack_limit >= __cy_heap_limit), region RAM overflowed with stack)
                0x00000000                cy_checksum_exclude_size = (CY_APPL_LOADABLE == 0x1)?SIZEOF (.cy_checksum_exclude):0x0
                0x00000001                ASSERT ((cy_checksum_exclude_size <= CY_CHECKSUM_EXCLUDE_SIZE), CY_BOOT: Section .cy_checksum_exclude size exceedes specified limit.)
                0x0001ffc0                cyloadermeta_start = (cy_project_type_bootloader || cy_project_type_app_for_stack_and_copier)?(LENGTH (rom) - CY_METADATA_SIZE):0xf0000000

.cyloadermeta
 *(.cyloadermeta)
                0x0001ffc0                cyloadablemeta_start = cy_project_type_app_for_stack_and_copier?((LENGTH (rom) - CY_FLASH_ROW_SIZE) - CY_METADATA_SIZE):((LENGTH (rom) - (CY_FLASH_ROW_SIZE * (CY_APPL_NUM - 0x1))) - CY_METADATA_SIZE)

.cyloadablemeta
 *(.cyloadablemeta)

.cyflashprotect
                0x90400000       0x80
 *(.cyflashprotect)
 .cyflashprotect
                0x90400000       0x80 .\CortexM0\ARM_GCC_541\Debug\cymetadata.o
                0x90400000                cy_meta_flashprotect

.cymeta         0x90500000        0xc
 *(.cymeta)
 .cymeta        0x90500000        0xc .\CortexM0\ARM_GCC_541\Debug\cymetadata.o
                0x90500000                cy_metadata

.cychipprotect  0x90600000        0x1
 *(.cychipprotect)
 .cychipprotect
                0x90600000        0x1 .\CortexM0\ARM_GCC_541\Debug\cymetadata.o
                0x90600000                cy_meta_chipprotect

.rel.dyn        0x00005b68        0x0 load address 0x90600004
 .rel.iplt      0x00005b68        0x0 c:/program files (x86)/cypress/psoc creator/4.1/psoc creator/import/gnu/arm/5.4.1/bin/../lib/gcc/arm-none-eabi/5.4.1/armv6-m/crtbegin.o

.stab
 *(.stab)

.stabstr
 *(.stabstr)

.debug
 *(.debug)

.line
 *(.line)

.debug_srcinfo
 *(.debug_srcinfo)

.debug_sfnames
 *(.debug_sfnames)

.debug_aranges  0x00000000      0x870
 *(.debug_aranges)
 .debug_aranges
                0x00000000       0x68 .\CortexM0\ARM_GCC_541\Debug\main.o
 .debug_aranges
                0x00000068       0x48 .\CortexM0\ARM_GCC_541\Debug\cyfitter_cfg.o
 .debug_aranges
                0x000000b0       0x18 .\CortexM0\ARM_GCC_541\Debug\cymetadata.o
 .debug_aranges
                0x000000c8       0x48 .\CortexM0\ARM_GCC_541\Debug\Cm0Start.o
 .debug_aranges
                0x00000110       0x48 .\CortexM0\ARM_GCC_541\Debug\Xbee_Snifer_Teraterm.a(LED_1.o)
 .debug_aranges
                0x00000158      0x1b8 .\CortexM0\ARM_GCC_541\Debug\Xbee_Snifer_Teraterm.a(CyLib.o)
 .debug_aranges
                0x00000310      0x188 .\CortexM0\ARM_GCC_541\Debug\Xbee_Snifer_Teraterm.a(CyLFClk.o)
 .debug_aranges
                0x00000498       0xe8 .\CortexM0\ARM_GCC_541\Debug\Xbee_Snifer_Teraterm.a(CAN.o)
 .debug_aranges
                0x00000580       0x30 .\CortexM0\ARM_GCC_541\Debug\Xbee_Snifer_Teraterm.a(CAN_INT.o)
 .debug_aranges
                0x000005b0       0x68 .\CortexM0\ARM_GCC_541\Debug\Xbee_Snifer_Teraterm.a(CAN_TX_RX_func.o)
 .debug_aranges
                0x00000618       0x80 .\CortexM0\ARM_GCC_541\Debug\Xbee_Snifer_Teraterm.a(CAN_isr.o)
 .debug_aranges
                0x00000698       0xf0 .\CortexM0\ARM_GCC_541\Debug\Xbee_Snifer_Teraterm.a(XBEE.o)
 .debug_aranges
                0x00000788       0x40 .\CortexM0\ARM_GCC_541\Debug\Xbee_Snifer_Teraterm.a(XBEE_IntClock.o)
 .debug_aranges
                0x000007c8       0x48 .\CortexM0\ARM_GCC_541\Debug\Xbee_Snifer_Teraterm.a(RESET_XBEE.o)
 .debug_aranges
                0x00000810       0x20 .\CortexM0\ARM_GCC_541\Debug\Xbee_Snifer_Teraterm.a(CyBootAsmGnu.o)
 .debug_aranges
                0x00000830       0x40 .\CortexM0\ARM_GCC_541\Debug\Xbee_Snifer_Teraterm.a(CyFlash.o)

.debug_pubnames
 *(.debug_pubnames)

.debug_info     0x00000000     0x5479
 *(.debug_info .gnu.linkonce.wi.*)
 .debug_info    0x00000000      0xa66 .\CortexM0\ARM_GCC_541\Debug\main.o
 .debug_info    0x00000a66      0x57f .\CortexM0\ARM_GCC_541\Debug\cyfitter_cfg.o
 .debug_info    0x00000fe5       0xf8 .\CortexM0\ARM_GCC_541\Debug\cymetadata.o
 .debug_info    0x000010dd      0x38e .\CortexM0\ARM_GCC_541\Debug\Cm0Start.o
 .debug_info    0x0000146b      0x19d .\CortexM0\ARM_GCC_541\Debug\Xbee_Snifer_Teraterm.a(LED_1.o)
 .debug_info    0x00001608      0xd00 .\CortexM0\ARM_GCC_541\Debug\Xbee_Snifer_Teraterm.a(CyLib.o)
 .debug_info    0x00002308     0x1058 .\CortexM0\ARM_GCC_541\Debug\Xbee_Snifer_Teraterm.a(CyLFClk.o)
 .debug_info    0x00003360      0x9c6 .\CortexM0\ARM_GCC_541\Debug\Xbee_Snifer_Teraterm.a(CAN.o)
 .debug_info    0x00003d26      0x2b7 .\CortexM0\ARM_GCC_541\Debug\Xbee_Snifer_Teraterm.a(CAN_INT.o)
 .debug_info    0x00003fdd      0x479 .\CortexM0\ARM_GCC_541\Debug\Xbee_Snifer_Teraterm.a(CAN_TX_RX_func.o)
 .debug_info    0x00004456      0x305 .\CortexM0\ARM_GCC_541\Debug\Xbee_Snifer_Teraterm.a(CAN_isr.o)
 .debug_info    0x0000475b      0x615 .\CortexM0\ARM_GCC_541\Debug\Xbee_Snifer_Teraterm.a(XBEE.o)
 .debug_info    0x00004d70      0x166 .\CortexM0\ARM_GCC_541\Debug\Xbee_Snifer_Teraterm.a(XBEE_IntClock.o)
 .debug_info    0x00004ed6      0x19d .\CortexM0\ARM_GCC_541\Debug\Xbee_Snifer_Teraterm.a(RESET_XBEE.o)
 .debug_info    0x00005073       0xb6 .\CortexM0\ARM_GCC_541\Debug\Xbee_Snifer_Teraterm.a(CyBootAsmGnu.o)
 .debug_info    0x00005129      0x350 .\CortexM0\ARM_GCC_541\Debug\Xbee_Snifer_Teraterm.a(CyFlash.o)

.debug_abbrev   0x00000000     0x14ec
 *(.debug_abbrev)
 .debug_abbrev  0x00000000      0x166 .\CortexM0\ARM_GCC_541\Debug\main.o
 .debug_abbrev  0x00000166      0x1ea .\CortexM0\ARM_GCC_541\Debug\cyfitter_cfg.o
 .debug_abbrev  0x00000350       0x5d .\CortexM0\ARM_GCC_541\Debug\cymetadata.o
 .debug_abbrev  0x000003ad      0x1f2 .\CortexM0\ARM_GCC_541\Debug\Cm0Start.o
 .debug_abbrev  0x0000059f       0xc8 .\CortexM0\ARM_GCC_541\Debug\Xbee_Snifer_Teraterm.a(LED_1.o)
 .debug_abbrev  0x00000667      0x200 .\CortexM0\ARM_GCC_541\Debug\Xbee_Snifer_Teraterm.a(CyLib.o)
 .debug_abbrev  0x00000867      0x248 .\CortexM0\ARM_GCC_541\Debug\Xbee_Snifer_Teraterm.a(CyLFClk.o)
 .debug_abbrev  0x00000aaf      0x186 .\CortexM0\ARM_GCC_541\Debug\Xbee_Snifer_Teraterm.a(CAN.o)
 .debug_abbrev  0x00000c35       0xe6 .\CortexM0\ARM_GCC_541\Debug\Xbee_Snifer_Teraterm.a(CAN_INT.o)
 .debug_abbrev  0x00000d1b      0x1ad .\CortexM0\ARM_GCC_541\Debug\Xbee_Snifer_Teraterm.a(CAN_TX_RX_func.o)
 .debug_abbrev  0x00000ec8      0x19a .\CortexM0\ARM_GCC_541\Debug\Xbee_Snifer_Teraterm.a(CAN_isr.o)
 .debug_abbrev  0x00001062      0x175 .\CortexM0\ARM_GCC_541\Debug\Xbee_Snifer_Teraterm.a(XBEE.o)
 .debug_abbrev  0x000011d7       0xb7 .\CortexM0\ARM_GCC_541\Debug\Xbee_Snifer_Teraterm.a(XBEE_IntClock.o)
 .debug_abbrev  0x0000128e       0xc8 .\CortexM0\ARM_GCC_541\Debug\Xbee_Snifer_Teraterm.a(RESET_XBEE.o)
 .debug_abbrev  0x00001356       0x14 .\CortexM0\ARM_GCC_541\Debug\Xbee_Snifer_Teraterm.a(CyBootAsmGnu.o)
 .debug_abbrev  0x0000136a      0x182 .\CortexM0\ARM_GCC_541\Debug\Xbee_Snifer_Teraterm.a(CyFlash.o)

.debug_line     0x00000000     0x210d
 *(.debug_line)
 .debug_line    0x00000000      0x22c .\CortexM0\ARM_GCC_541\Debug\main.o
 .debug_line    0x0000022c      0x1ca .\CortexM0\ARM_GCC_541\Debug\cyfitter_cfg.o
 .debug_line    0x000003f6      0x141 .\CortexM0\ARM_GCC_541\Debug\cymetadata.o
 .debug_line    0x00000537      0x236 .\CortexM0\ARM_GCC_541\Debug\Cm0Start.o
 .debug_line    0x0000076d       0xbd .\CortexM0\ARM_GCC_541\Debug\Xbee_Snifer_Teraterm.a(LED_1.o)
 .debug_line    0x0000082a      0x51a .\CortexM0\ARM_GCC_541\Debug\Xbee_Snifer_Teraterm.a(CyLib.o)
 .debug_line    0x00000d44      0x5d1 .\CortexM0\ARM_GCC_541\Debug\Xbee_Snifer_Teraterm.a(CyLFClk.o)
 .debug_line    0x00001315      0x3e7 .\CortexM0\ARM_GCC_541\Debug\Xbee_Snifer_Teraterm.a(CAN.o)
 .debug_line    0x000016fc       0xc2 .\CortexM0\ARM_GCC_541\Debug\Xbee_Snifer_Teraterm.a(CAN_INT.o)
 .debug_line    0x000017be      0x1c1 .\CortexM0\ARM_GCC_541\Debug\Xbee_Snifer_Teraterm.a(CAN_TX_RX_func.o)
 .debug_line    0x0000197f      0x153 .\CortexM0\ARM_GCC_541\Debug\Xbee_Snifer_Teraterm.a(CAN_isr.o)
 .debug_line    0x00001ad2      0x2de .\CortexM0\ARM_GCC_541\Debug\Xbee_Snifer_Teraterm.a(XBEE.o)
 .debug_line    0x00001db0       0xc0 .\CortexM0\ARM_GCC_541\Debug\Xbee_Snifer_Teraterm.a(XBEE_IntClock.o)
 .debug_line    0x00001e70       0xc2 .\CortexM0\ARM_GCC_541\Debug\Xbee_Snifer_Teraterm.a(RESET_XBEE.o)
 .debug_line    0x00001f32       0x68 .\CortexM0\ARM_GCC_541\Debug\Xbee_Snifer_Teraterm.a(CyBootAsmGnu.o)
 .debug_line    0x00001f9a      0x173 .\CortexM0\ARM_GCC_541\Debug\Xbee_Snifer_Teraterm.a(CyFlash.o)

.debug_frame    0x00000000     0x1fb8
 *(.debug_frame)
 .debug_frame   0x00000000      0x158 .\CortexM0\ARM_GCC_541\Debug\main.o
 .debug_frame   0x00000158       0xbc .\CortexM0\ARM_GCC_541\Debug\cyfitter_cfg.o
 .debug_frame   0x00000214       0xb0 .\CortexM0\ARM_GCC_541\Debug\Cm0Start.o
 .debug_frame   0x000002c4       0x70 .\CortexM0\ARM_GCC_541\Debug\Xbee_Snifer_Teraterm.a(LED_1.o)
 .debug_frame   0x00000334      0x474 .\CortexM0\ARM_GCC_541\Debug\Xbee_Snifer_Teraterm.a(CyLib.o)
 .debug_frame   0x000007a8      0x4a4 .\CortexM0\ARM_GCC_541\Debug\Xbee_Snifer_Teraterm.a(CyLFClk.o)
 .debug_frame   0x00000c4c      0x238 .\CortexM0\ARM_GCC_541\Debug\Xbee_Snifer_Teraterm.a(CAN.o)
 .debug_frame   0x00000e84       0x68 .\CortexM0\ARM_GCC_541\Debug\Xbee_Snifer_Teraterm.a(CAN_INT.o)
 .debug_frame   0x00000eec       0xf0 .\CortexM0\ARM_GCC_541\Debug\Xbee_Snifer_Teraterm.a(CAN_TX_RX_func.o)
 .debug_frame   0x00000fdc      0x110 .\CortexM0\ARM_GCC_541\Debug\Xbee_Snifer_Teraterm.a(CAN_isr.o)
 .debug_frame   0x000010ec      0x234 .\CortexM0\ARM_GCC_541\Debug\Xbee_Snifer_Teraterm.a(XBEE.o)
 .debug_frame   0x00001320       0x6c .\CortexM0\ARM_GCC_541\Debug\Xbee_Snifer_Teraterm.a(XBEE_IntClock.o)
 .debug_frame   0x0000138c       0x70 .\CortexM0\ARM_GCC_541\Debug\Xbee_Snifer_Teraterm.a(RESET_XBEE.o)
 .debug_frame   0x000013fc       0x90 .\CortexM0\ARM_GCC_541\Debug\Xbee_Snifer_Teraterm.a(CyFlash.o)
 .debug_frame   0x0000148c       0x20 c:/program files (x86)/cypress/psoc creator/4.1/psoc creator/import/gnu/arm/5.4.1/bin/../lib/gcc/arm-none-eabi/5.4.1/armv6-m\libgcc.a(_udivsi3.o)
 .debug_frame   0x000014ac       0x20 c:/program files (x86)/cypress/psoc creator/4.1/psoc creator/import/gnu/arm/5.4.1/bin/../lib/gcc/arm-none-eabi/5.4.1/armv6-m\libgcc.a(_divsi3.o)
 .debug_frame   0x000014cc       0x2c c:/program files (x86)/cypress/psoc creator/4.1/psoc creator/import/gnu/arm/5.4.1/bin/../lib/gcc/arm-none-eabi/5.4.1/armv6-m\libgcc.a(eqsf2.o)
 .debug_frame   0x000014f8       0x30 c:/program files (x86)/cypress/psoc creator/4.1/psoc creator/import/gnu/arm/5.4.1/bin/../lib/gcc/arm-none-eabi/5.4.1/armv6-m\libgcc.a(gesf2.o)
 .debug_frame   0x00001528       0x30 c:/program files (x86)/cypress/psoc creator/4.1/psoc creator/import/gnu/arm/5.4.1/bin/../lib/gcc/arm-none-eabi/5.4.1/armv6-m\libgcc.a(lesf2.o)
 .debug_frame   0x00001558       0x38 c:/program files (x86)/cypress/psoc creator/4.1/psoc creator/import/gnu/arm/5.4.1/bin/../lib/gcc/arm-none-eabi/5.4.1/armv6-m\libgcc.a(mulsf3.o)
 .debug_frame   0x00001590       0x20 c:/program files (x86)/cypress/psoc creator/4.1/psoc creator/import/gnu/arm/5.4.1/bin/../lib/gcc/arm-none-eabi/5.4.1/armv6-m\libgcc.a(fixsfsi.o)
 .debug_frame   0x000015b0       0x3c c:/program files (x86)/cypress/psoc creator/4.1/psoc creator/import/gnu/arm/5.4.1/bin/../lib/gcc/arm-none-eabi/5.4.1/armv6-m\libgcc.a(divdf3.o)
 .debug_frame   0x000015ec       0x2c c:/program files (x86)/cypress/psoc creator/4.1/psoc creator/import/gnu/arm/5.4.1/bin/../lib/gcc/arm-none-eabi/5.4.1/armv6-m\libgcc.a(floatsidf.o)
 .debug_frame   0x00001618       0x2c c:/program files (x86)/cypress/psoc creator/4.1/psoc creator/import/gnu/arm/5.4.1/bin/../lib/gcc/arm-none-eabi/5.4.1/armv6-m\libgcc.a(truncdfsf2.o)
 .debug_frame   0x00001644       0x20 c:/program files (x86)/cypress/psoc creator/4.1/psoc creator/import/gnu/arm/5.4.1/bin/../lib/gcc/arm-none-eabi/5.4.1/../../../../arm-none-eabi/lib/armv6-m\libg_nano.a(lib_a-errno.o)
 .debug_frame   0x00001664       0x28 c:/program files (x86)/cypress/psoc creator/4.1/psoc creator/import/gnu/arm/5.4.1/bin/../lib/gcc/arm-none-eabi/5.4.1/../../../../arm-none-eabi/lib/armv6-m\libg_nano.a(lib_a-exit.o)
 .debug_frame   0x0000168c       0x2c c:/program files (x86)/cypress/psoc creator/4.1/psoc creator/import/gnu/arm/5.4.1/bin/../lib/gcc/arm-none-eabi/5.4.1/../../../../arm-none-eabi/lib/armv6-m\libg_nano.a(lib_a-init.o)
 .debug_frame   0x000016b8       0x28 c:/program files (x86)/cypress/psoc creator/4.1/psoc creator/import/gnu/arm/5.4.1/bin/../lib/gcc/arm-none-eabi/5.4.1/../../../../arm-none-eabi/lib/armv6-m\libg_nano.a(lib_a-memcpy-stub.o)
 .debug_frame   0x000016e0       0x20 c:/program files (x86)/cypress/psoc creator/4.1/psoc creator/import/gnu/arm/5.4.1/bin/../lib/gcc/arm-none-eabi/5.4.1/../../../../arm-none-eabi/lib/armv6-m\libg_nano.a(lib_a-memset.o)
 .debug_frame   0x00001700       0x74 c:/program files (x86)/cypress/psoc creator/4.1/psoc creator/import/gnu/arm/5.4.1/bin/../lib/gcc/arm-none-eabi/5.4.1/../../../../arm-none-eabi/lib/armv6-m\libg_nano.a(lib_a-nano-vfprintf_float.o)
 .debug_frame   0x00001774       0x54 c:/program files (x86)/cypress/psoc creator/4.1/psoc creator/import/gnu/arm/5.4.1/bin/../lib/gcc/arm-none-eabi/5.4.1/../../../../arm-none-eabi/lib/armv6-m\libg_nano.a(lib_a-nano-vfprintf_i.o)
 .debug_frame   0x000017c8       0x50 c:/program files (x86)/cypress/psoc creator/4.1/psoc creator/import/gnu/arm/5.4.1/bin/../lib/gcc/arm-none-eabi/5.4.1/../../../../arm-none-eabi/lib/armv6-m\libg_nano.a(lib_a-sprintf.o)
 .debug_frame   0x00001818       0x54 c:/program files (x86)/cypress/psoc creator/4.1/psoc creator/import/gnu/arm/5.4.1/bin/../lib/gcc/arm-none-eabi/5.4.1/../../../../arm-none-eabi/lib/armv6-m\libg_nano.a(lib_a-dtoa.o)
 .debug_frame   0x0000186c       0xa4 c:/program files (x86)/cypress/psoc creator/4.1/psoc creator/import/gnu/arm/5.4.1/bin/../lib/gcc/arm-none-eabi/5.4.1/../../../../arm-none-eabi/lib/armv6-m\libg_nano.a(lib_a-locale.o)
 .debug_frame   0x00001910       0x40 c:/program files (x86)/cypress/psoc creator/4.1/psoc creator/import/gnu/arm/5.4.1/bin/../lib/gcc/arm-none-eabi/5.4.1/../../../../arm-none-eabi/lib/armv6-m\libg_nano.a(lib_a-malloc.o)
 .debug_frame   0x00001950       0x20 c:/program files (x86)/cypress/psoc creator/4.1/psoc creator/import/gnu/arm/5.4.1/bin/../lib/gcc/arm-none-eabi/5.4.1/../../../../arm-none-eabi/lib/armv6-m\libg_nano.a(lib_a-memchr-stub.o)
 .debug_frame   0x00001970      0x238 c:/program files (x86)/cypress/psoc creator/4.1/psoc creator/import/gnu/arm/5.4.1/bin/../lib/gcc/arm-none-eabi/5.4.1/../../../../arm-none-eabi/lib/armv6-m\libg_nano.a(lib_a-mprec.o)
 .debug_frame   0x00001ba8       0x2c c:/program files (x86)/cypress/psoc creator/4.1/psoc creator/import/gnu/arm/5.4.1/bin/../lib/gcc/arm-none-eabi/5.4.1/../../../../arm-none-eabi/lib/armv6-m\libg_nano.a(lib_a-nano-callocr.o)
 .debug_frame   0x00001bd4       0x2c c:/program files (x86)/cypress/psoc creator/4.1/psoc creator/import/gnu/arm/5.4.1/bin/../lib/gcc/arm-none-eabi/5.4.1/../../../../arm-none-eabi/lib/armv6-m\libg_nano.a(lib_a-nano-freer.o)
 .debug_frame   0x00001c00       0x2c c:/program files (x86)/cypress/psoc creator/4.1/psoc creator/import/gnu/arm/5.4.1/bin/../lib/gcc/arm-none-eabi/5.4.1/../../../../arm-none-eabi/lib/armv6-m\libg_nano.a(lib_a-nano-mallocr.o)
 .debug_frame   0x00001c2c       0x74 c:/program files (x86)/cypress/psoc creator/4.1/psoc creator/import/gnu/arm/5.4.1/bin/../lib/gcc/arm-none-eabi/5.4.1/../../../../arm-none-eabi/lib/armv6-m\libg_nano.a(lib_a-nano-svfprintf.o)
 .debug_frame   0x00001ca0       0x2c c:/program files (x86)/cypress/psoc creator/4.1/psoc creator/import/gnu/arm/5.4.1/bin/../lib/gcc/arm-none-eabi/5.4.1/../../../../arm-none-eabi/lib/armv6-m\libg_nano.a(lib_a-sbrkr.o)
 .debug_frame   0x00001ccc       0x20 c:/program files (x86)/cypress/psoc creator/4.1/psoc creator/import/gnu/arm/5.4.1/bin/../lib/gcc/arm-none-eabi/5.4.1/../../../../arm-none-eabi/lib/armv6-m\libg_nano.a(lib_a-strcmp.o)
 .debug_frame   0x00001cec       0x28 c:/program files (x86)/cypress/psoc creator/4.1/psoc creator/import/gnu/arm/5.4.1/bin/../lib/gcc/arm-none-eabi/5.4.1/../../../../arm-none-eabi/lib/armv6-m\libg_nano.a(lib_a-memmove.o)
 .debug_frame   0x00001d14       0x30 c:/program files (x86)/cypress/psoc creator/4.1/psoc creator/import/gnu/arm/5.4.1/bin/../lib/gcc/arm-none-eabi/5.4.1/../../../../arm-none-eabi/lib/armv6-m\libg_nano.a(lib_a-mlock.o)
 .debug_frame   0x00001d44       0x30 c:/program files (x86)/cypress/psoc creator/4.1/psoc creator/import/gnu/arm/5.4.1/bin/../lib/gcc/arm-none-eabi/5.4.1/../../../../arm-none-eabi/lib/armv6-m\libg_nano.a(lib_a-nano-reallocr.o)
 .debug_frame   0x00001d74       0x48 c:/program files (x86)/cypress/psoc creator/4.1/psoc creator/import/gnu/arm/5.4.1/bin/../lib/gcc/arm-none-eabi/5.4.1/../../../../arm-none-eabi/lib/armv6-m\libg_nano.a(lib_a-reent.o)
 .debug_frame   0x00001dbc       0x20 c:/program files (x86)/cypress/psoc creator/4.1/psoc creator/import/gnu/arm/5.4.1/bin/../lib/gcc/arm-none-eabi/5.4.1/../../../../arm-none-eabi/lib/armv6-m\libg_nano.a(lib_a-nano-msizer.o)
 .debug_frame   0x00001ddc       0x3c c:/program files (x86)/cypress/psoc creator/4.1/psoc creator/import/gnu/arm/5.4.1/bin/../lib/gcc/arm-none-eabi/5.4.1/armv6-m\libgcc.a(adddf3.o)
 .debug_frame   0x00001e18       0x38 c:/program files (x86)/cypress/psoc creator/4.1/psoc creator/import/gnu/arm/5.4.1/bin/../lib/gcc/arm-none-eabi/5.4.1/armv6-m\libgcc.a(eqdf2.o)
 .debug_frame   0x00001e50       0x38 c:/program files (x86)/cypress/psoc creator/4.1/psoc creator/import/gnu/arm/5.4.1/bin/../lib/gcc/arm-none-eabi/5.4.1/armv6-m\libgcc.a(gedf2.o)
 .debug_frame   0x00001e88       0x38 c:/program files (x86)/cypress/psoc creator/4.1/psoc creator/import/gnu/arm/5.4.1/bin/../lib/gcc/arm-none-eabi/5.4.1/armv6-m\libgcc.a(ledf2.o)
 .debug_frame   0x00001ec0       0x3c c:/program files (x86)/cypress/psoc creator/4.1/psoc creator/import/gnu/arm/5.4.1/bin/../lib/gcc/arm-none-eabi/5.4.1/armv6-m\libgcc.a(muldf3.o)
 .debug_frame   0x00001efc       0x38 c:/program files (x86)/cypress/psoc creator/4.1/psoc creator/import/gnu/arm/5.4.1/bin/../lib/gcc/arm-none-eabi/5.4.1/armv6-m\libgcc.a(subdf3.o)
 .debug_frame   0x00001f34       0x2c c:/program files (x86)/cypress/psoc creator/4.1/psoc creator/import/gnu/arm/5.4.1/bin/../lib/gcc/arm-none-eabi/5.4.1/armv6-m\libgcc.a(unorddf2.o)
 .debug_frame   0x00001f60       0x2c c:/program files (x86)/cypress/psoc creator/4.1/psoc creator/import/gnu/arm/5.4.1/bin/../lib/gcc/arm-none-eabi/5.4.1/armv6-m\libgcc.a(fixdfsi.o)
 .debug_frame   0x00001f8c       0x2c c:/program files (x86)/cypress/psoc creator/4.1/psoc creator/import/gnu/arm/5.4.1/bin/../lib/gcc/arm-none-eabi/5.4.1/armv6-m\libgcc.a(floatunsidf.o)

.debug_str      0x00000000     0x1e2e
 *(.debug_str)
 .debug_str     0x00000000      0x3b2 .\CortexM0\ARM_GCC_541\Debug\main.o
                                0x3f9 (size before relaxing)
 .debug_str     0x000003b2      0x1d9 .\CortexM0\ARM_GCC_541\Debug\cyfitter_cfg.o
                                0x3a3 (size before relaxing)
 .debug_str     0x0000058b       0x63 .\CortexM0\ARM_GCC_541\Debug\cymetadata.o
                                0x1ee (size before relaxing)
 .debug_str     0x000005ee      0x13a .\CortexM0\ARM_GCC_541\Debug\Cm0Start.o
                                0x327 (size before relaxing)
 .debug_str     0x00000728       0xa4 .\CortexM0\ARM_GCC_541\Debug\Xbee_Snifer_Teraterm.a(LED_1.o)
                                0x25c (size before relaxing)
 .debug_str     0x000007cc      0x5b3 .\CortexM0\ARM_GCC_541\Debug\Xbee_Snifer_Teraterm.a(CyLib.o)
                                0x7f4 (size before relaxing)
 .debug_str     0x00000d7f      0x6e1 .\CortexM0\ARM_GCC_541\Debug\Xbee_Snifer_Teraterm.a(CyLFClk.o)
                                0x943 (size before relaxing)
 .debug_str     0x00001460      0x32b .\CortexM0\ARM_GCC_541\Debug\Xbee_Snifer_Teraterm.a(CAN.o)
                                0x55c (size before relaxing)
 .debug_str     0x0000178b       0xa4 .\CortexM0\ARM_GCC_541\Debug\Xbee_Snifer_Teraterm.a(CAN_INT.o)
                                0x2d9 (size before relaxing)
 .debug_str     0x0000182f       0x7e .\CortexM0\ARM_GCC_541\Debug\Xbee_Snifer_Teraterm.a(CAN_TX_RX_func.o)
                                0x38b (size before relaxing)
 .debug_str     0x000018ad      0x101 .\CortexM0\ARM_GCC_541\Debug\Xbee_Snifer_Teraterm.a(CAN_isr.o)
                                0x32c (size before relaxing)
 .debug_str     0x000019ae      0x275 .\CortexM0\ARM_GCC_541\Debug\Xbee_Snifer_Teraterm.a(XBEE.o)
                                0x49d (size before relaxing)
 .debug_str     0x00001c23       0xd2 .\CortexM0\ARM_GCC_541\Debug\Xbee_Snifer_Teraterm.a(XBEE_IntClock.o)
                                0x2a1 (size before relaxing)
 .debug_str     0x00001cf5       0x99 .\CortexM0\ARM_GCC_541\Debug\Xbee_Snifer_Teraterm.a(RESET_XBEE.o)
                                0x27f (size before relaxing)
 .debug_str     0x00001d8e       0xa0 .\CortexM0\ARM_GCC_541\Debug\Xbee_Snifer_Teraterm.a(CyFlash.o)
                                0x2d6 (size before relaxing)

.debug_loc      0x00000000     0x2d7d
 *(.debug_loc)
 .debug_loc     0x00000000      0x263 .\CortexM0\ARM_GCC_541\Debug\main.o
 .debug_loc     0x00000263      0x1fe .\CortexM0\ARM_GCC_541\Debug\cyfitter_cfg.o
 .debug_loc     0x00000461      0x14f .\CortexM0\ARM_GCC_541\Debug\Cm0Start.o
 .debug_loc     0x000005b0       0xa2 .\CortexM0\ARM_GCC_541\Debug\Xbee_Snifer_Teraterm.a(LED_1.o)
 .debug_loc     0x00000652      0x7c0 .\CortexM0\ARM_GCC_541\Debug\Xbee_Snifer_Teraterm.a(CyLib.o)
 .debug_loc     0x00000e12      0xdb7 .\CortexM0\ARM_GCC_541\Debug\Xbee_Snifer_Teraterm.a(CyLFClk.o)
 .debug_loc     0x00001bc9      0xa5e .\CortexM0\ARM_GCC_541\Debug\Xbee_Snifer_Teraterm.a(CAN.o)
 .debug_loc     0x00002627       0x54 .\CortexM0\ARM_GCC_541\Debug\Xbee_Snifer_Teraterm.a(CAN_INT.o)
 .debug_loc     0x0000267b      0x1bd .\CortexM0\ARM_GCC_541\Debug\Xbee_Snifer_Teraterm.a(CAN_TX_RX_func.o)
 .debug_loc     0x00002838       0x82 .\CortexM0\ARM_GCC_541\Debug\Xbee_Snifer_Teraterm.a(CAN_isr.o)
 .debug_loc     0x000028ba      0x24b .\CortexM0\ARM_GCC_541\Debug\Xbee_Snifer_Teraterm.a(XBEE.o)
 .debug_loc     0x00002b05       0x76 .\CortexM0\ARM_GCC_541\Debug\Xbee_Snifer_Teraterm.a(XBEE_IntClock.o)
 .debug_loc     0x00002b7b       0xa2 .\CortexM0\ARM_GCC_541\Debug\Xbee_Snifer_Teraterm.a(RESET_XBEE.o)
 .debug_loc     0x00002c1d      0x160 .\CortexM0\ARM_GCC_541\Debug\Xbee_Snifer_Teraterm.a(CyFlash.o)

.debug_macinfo
 *(.debug_macinfo)

.debug_ranges   0x00000000      0x758
 *(.debug_ranges)
 .debug_ranges  0x00000000       0x58 .\CortexM0\ARM_GCC_541\Debug\main.o
 .debug_ranges  0x00000058       0x38 .\CortexM0\ARM_GCC_541\Debug\cyfitter_cfg.o
 .debug_ranges  0x00000090       0x38 .\CortexM0\ARM_GCC_541\Debug\Cm0Start.o
 .debug_ranges  0x000000c8       0x38 .\CortexM0\ARM_GCC_541\Debug\Xbee_Snifer_Teraterm.a(LED_1.o)
 .debug_ranges  0x00000100      0x1a8 .\CortexM0\ARM_GCC_541\Debug\Xbee_Snifer_Teraterm.a(CyLib.o)
 .debug_ranges  0x000002a8      0x178 .\CortexM0\ARM_GCC_541\Debug\Xbee_Snifer_Teraterm.a(CyLFClk.o)
 .debug_ranges  0x00000420       0xd8 .\CortexM0\ARM_GCC_541\Debug\Xbee_Snifer_Teraterm.a(CAN.o)
 .debug_ranges  0x000004f8       0x20 .\CortexM0\ARM_GCC_541\Debug\Xbee_Snifer_Teraterm.a(CAN_INT.o)
 .debug_ranges  0x00000518       0x58 .\CortexM0\ARM_GCC_541\Debug\Xbee_Snifer_Teraterm.a(CAN_TX_RX_func.o)
 .debug_ranges  0x00000570       0x70 .\CortexM0\ARM_GCC_541\Debug\Xbee_Snifer_Teraterm.a(CAN_isr.o)
 .debug_ranges  0x000005e0       0xe0 .\CortexM0\ARM_GCC_541\Debug\Xbee_Snifer_Teraterm.a(XBEE.o)
 .debug_ranges  0x000006c0       0x30 .\CortexM0\ARM_GCC_541\Debug\Xbee_Snifer_Teraterm.a(XBEE_IntClock.o)
 .debug_ranges  0x000006f0       0x38 .\CortexM0\ARM_GCC_541\Debug\Xbee_Snifer_Teraterm.a(RESET_XBEE.o)
 .debug_ranges  0x00000728       0x30 .\CortexM0\ARM_GCC_541\Debug\Xbee_Snifer_Teraterm.a(CyFlash.o)

.comment        0x00000000       0x6e
 .comment       0x00000000       0x6e .\CortexM0\ARM_GCC_541\Debug\main.o
                                 0x6f (size before relaxing)
 .comment       0x0000006e       0x6f .\CortexM0\ARM_GCC_541\Debug\cyfitter_cfg.o
 .comment       0x0000006e       0x6f .\CortexM0\ARM_GCC_541\Debug\cymetadata.o
 .comment       0x0000006e       0x6f .\CortexM0\ARM_GCC_541\Debug\Cm0Start.o
 .comment       0x0000006e       0x6f .\CortexM0\ARM_GCC_541\Debug\Xbee_Snifer_Teraterm.a(LED_1.o)
 .comment       0x0000006e       0x6f .\CortexM0\ARM_GCC_541\Debug\Xbee_Snifer_Teraterm.a(CyLib.o)
 .comment       0x0000006e       0x6f .\CortexM0\ARM_GCC_541\Debug\Xbee_Snifer_Teraterm.a(CyLFClk.o)
 .comment       0x0000006e       0x6f .\CortexM0\ARM_GCC_541\Debug\Xbee_Snifer_Teraterm.a(CAN.o)
 .comment       0x0000006e       0x6f .\CortexM0\ARM_GCC_541\Debug\Xbee_Snifer_Teraterm.a(CAN_INT.o)
 .comment       0x0000006e       0x6f .\CortexM0\ARM_GCC_541\Debug\Xbee_Snifer_Teraterm.a(CAN_TX_RX_func.o)
 .comment       0x0000006e       0x6f .\CortexM0\ARM_GCC_541\Debug\Xbee_Snifer_Teraterm.a(CAN_isr.o)
 .comment       0x0000006e       0x6f .\CortexM0\ARM_GCC_541\Debug\Xbee_Snifer_Teraterm.a(XBEE.o)
 .comment       0x0000006e       0x6f .\CortexM0\ARM_GCC_541\Debug\Xbee_Snifer_Teraterm.a(XBEE_IntClock.o)
 .comment       0x0000006e       0x6f .\CortexM0\ARM_GCC_541\Debug\Xbee_Snifer_Teraterm.a(RESET_XBEE.o)
 .comment       0x0000006e       0x6f .\CortexM0\ARM_GCC_541\Debug\Xbee_Snifer_Teraterm.a(CyFlash.o)

.debug_weaknames
 *(.debug_weaknames)

.debug_funcnames
 *(.debug_funcnames)

.debug_typenames
 *(.debug_typenames)

.debug_varnames
 *(.debug_varnames)

.note.gnu.arm.ident
 *(.note.gnu.arm.ident)

.ARM.attributes
                0x00000000       0x28
 *(.ARM.attributes)
 .ARM.attributes
                0x00000000       0x1e c:/program files (x86)/cypress/psoc creator/4.1/psoc creator/import/gnu/arm/5.4.1/bin/../lib/gcc/arm-none-eabi/5.4.1/armv6-m/crti.o
 .ARM.attributes
                0x0000001e       0x2c c:/program files (x86)/cypress/psoc creator/4.1/psoc creator/import/gnu/arm/5.4.1/bin/../lib/gcc/arm-none-eabi/5.4.1/armv6-m/crtbegin.o
 .ARM.attributes
                0x0000004a       0x1b c:/program files (x86)/cypress/psoc creator/4.1/psoc creator/import/gnu/arm/5.4.1/bin/../lib/gcc/arm-none-eabi/5.4.1/../../../../arm-none-eabi/lib/armv6-m/crt0.o
 .ARM.attributes
                0x00000065       0x31 .\CortexM0\ARM_GCC_541\Debug\main.o
 .ARM.attributes
                0x00000096       0x31 .\CortexM0\ARM_GCC_541\Debug\cyfitter_cfg.o
 .ARM.attributes
                0x000000c7       0x31 .\CortexM0\ARM_GCC_541\Debug\cymetadata.o
 .ARM.attributes
                0x000000f8       0x31 .\CortexM0\ARM_GCC_541\Debug\Cm0Start.o
 .ARM.attributes
                0x00000129       0x31 .\CortexM0\ARM_GCC_541\Debug\Xbee_Snifer_Teraterm.a(LED_1.o)
 .ARM.attributes
                0x0000015a       0x31 .\CortexM0\ARM_GCC_541\Debug\Xbee_Snifer_Teraterm.a(CyLib.o)
 .ARM.attributes
                0x0000018b       0x31 .\CortexM0\ARM_GCC_541\Debug\Xbee_Snifer_Teraterm.a(CyLFClk.o)
 .ARM.attributes
                0x000001bc       0x31 .\CortexM0\ARM_GCC_541\Debug\Xbee_Snifer_Teraterm.a(CAN.o)
 .ARM.attributes
                0x000001ed       0x31 .\CortexM0\ARM_GCC_541\Debug\Xbee_Snifer_Teraterm.a(CAN_INT.o)
 .ARM.attributes
                0x0000021e       0x31 .\CortexM0\ARM_GCC_541\Debug\Xbee_Snifer_Teraterm.a(CAN_TX_RX_func.o)
 .ARM.attributes
                0x0000024f       0x31 .\CortexM0\ARM_GCC_541\Debug\Xbee_Snifer_Teraterm.a(CAN_isr.o)
 .ARM.attributes
                0x00000280       0x31 .\CortexM0\ARM_GCC_541\Debug\Xbee_Snifer_Teraterm.a(XBEE.o)
 .ARM.attributes
                0x000002b1       0x31 .\CortexM0\ARM_GCC_541\Debug\Xbee_Snifer_Teraterm.a(XBEE_IntClock.o)
 .ARM.attributes
                0x000002e2       0x31 .\CortexM0\ARM_GCC_541\Debug\Xbee_Snifer_Teraterm.a(RESET_XBEE.o)
 .ARM.attributes
                0x00000313       0x21 .\CortexM0\ARM_GCC_541\Debug\Xbee_Snifer_Teraterm.a(CyBootAsmGnu.o)
 .ARM.attributes
                0x00000334       0x31 .\CortexM0\ARM_GCC_541\Debug\Xbee_Snifer_Teraterm.a(CyFlash.o)
 .ARM.attributes
                0x00000365       0x1e c:/program files (x86)/cypress/psoc creator/4.1/psoc creator/import/gnu/arm/5.4.1/bin/../lib/gcc/arm-none-eabi/5.4.1/armv6-m\libgcc.a(_udivsi3.o)
 .ARM.attributes
                0x00000383       0x1e c:/program files (x86)/cypress/psoc creator/4.1/psoc creator/import/gnu/arm/5.4.1/bin/../lib/gcc/arm-none-eabi/5.4.1/armv6-m\libgcc.a(_divsi3.o)
 .ARM.attributes
                0x000003a1       0x1e c:/program files (x86)/cypress/psoc creator/4.1/psoc creator/import/gnu/arm/5.4.1/bin/../lib/gcc/arm-none-eabi/5.4.1/armv6-m\libgcc.a(_dvmd_tls.o)
 .ARM.attributes
                0x000003bf       0x1e c:/program files (x86)/cypress/psoc creator/4.1/psoc creator/import/gnu/arm/5.4.1/bin/../lib/gcc/arm-none-eabi/5.4.1/armv6-m\libgcc.a(_arm_cmpsf2.o)
 .ARM.attributes
                0x000003dd       0x2c c:/program files (x86)/cypress/psoc creator/4.1/psoc creator/import/gnu/arm/5.4.1/bin/../lib/gcc/arm-none-eabi/5.4.1/armv6-m\libgcc.a(eqsf2.o)
 .ARM.attributes
                0x00000409       0x2c c:/program files (x86)/cypress/psoc creator/4.1/psoc creator/import/gnu/arm/5.4.1/bin/../lib/gcc/arm-none-eabi/5.4.1/armv6-m\libgcc.a(gesf2.o)
 .ARM.attributes
                0x00000435       0x2c c:/program files (x86)/cypress/psoc creator/4.1/psoc creator/import/gnu/arm/5.4.1/bin/../lib/gcc/arm-none-eabi/5.4.1/armv6-m\libgcc.a(lesf2.o)
 .ARM.attributes
                0x00000461       0x2c c:/program files (x86)/cypress/psoc creator/4.1/psoc creator/import/gnu/arm/5.4.1/bin/../lib/gcc/arm-none-eabi/5.4.1/armv6-m\libgcc.a(mulsf3.o)
 .ARM.attributes
                0x0000048d       0x2c c:/program files (x86)/cypress/psoc creator/4.1/psoc creator/import/gnu/arm/5.4.1/bin/../lib/gcc/arm-none-eabi/5.4.1/armv6-m\libgcc.a(fixsfsi.o)
 .ARM.attributes
                0x000004b9       0x2c c:/program files (x86)/cypress/psoc creator/4.1/psoc creator/import/gnu/arm/5.4.1/bin/../lib/gcc/arm-none-eabi/5.4.1/armv6-m\libgcc.a(divdf3.o)
 .ARM.attributes
                0x000004e5       0x2c c:/program files (x86)/cypress/psoc creator/4.1/psoc creator/import/gnu/arm/5.4.1/bin/../lib/gcc/arm-none-eabi/5.4.1/armv6-m\libgcc.a(floatsidf.o)
 .ARM.attributes
                0x00000511       0x2c c:/program files (x86)/cypress/psoc creator/4.1/psoc creator/import/gnu/arm/5.4.1/bin/../lib/gcc/arm-none-eabi/5.4.1/armv6-m\libgcc.a(truncdfsf2.o)
 .ARM.attributes
                0x0000053d       0x1e c:/program files (x86)/cypress/psoc creator/4.1/psoc creator/import/gnu/arm/5.4.1/bin/../lib/gcc/arm-none-eabi/5.4.1/armv6-m\libgcc.a(_clzsi2.o)
 .ARM.attributes
                0x0000055b       0x2c c:/program files (x86)/cypress/psoc creator/4.1/psoc creator/import/gnu/arm/5.4.1/bin/../lib/gcc/arm-none-eabi/5.4.1/../../../../arm-none-eabi/lib/armv6-m\libg_nano.a(lib_a-errno.o)
 .ARM.attributes
                0x00000587       0x2c c:/program files (x86)/cypress/psoc creator/4.1/psoc creator/import/gnu/arm/5.4.1/bin/../lib/gcc/arm-none-eabi/5.4.1/../../../../arm-none-eabi/lib/armv6-m\libg_nano.a(lib_a-exit.o)
 .ARM.attributes
                0x000005b3       0x2c c:/program files (x86)/cypress/psoc creator/4.1/psoc creator/import/gnu/arm/5.4.1/bin/../lib/gcc/arm-none-eabi/5.4.1/../../../../arm-none-eabi/lib/armv6-m\libg_nano.a(lib_a-impure.o)
 .ARM.attributes
                0x000005df       0x2c c:/program files (x86)/cypress/psoc creator/4.1/psoc creator/import/gnu/arm/5.4.1/bin/../lib/gcc/arm-none-eabi/5.4.1/../../../../arm-none-eabi/lib/armv6-m\libg_nano.a(lib_a-init.o)
 .ARM.attributes
                0x0000060b       0x2c c:/program files (x86)/cypress/psoc creator/4.1/psoc creator/import/gnu/arm/5.4.1/bin/../lib/gcc/arm-none-eabi/5.4.1/../../../../arm-none-eabi/lib/armv6-m\libg_nano.a(lib_a-memcpy-stub.o)
 .ARM.attributes
                0x00000637       0x2c c:/program files (x86)/cypress/psoc creator/4.1/psoc creator/import/gnu/arm/5.4.1/bin/../lib/gcc/arm-none-eabi/5.4.1/../../../../arm-none-eabi/lib/armv6-m\libg_nano.a(lib_a-memset.o)
 .ARM.attributes
                0x00000663       0x2c c:/program files (x86)/cypress/psoc creator/4.1/psoc creator/import/gnu/arm/5.4.1/bin/../lib/gcc/arm-none-eabi/5.4.1/../../../../arm-none-eabi/lib/armv6-m\libg_nano.a(lib_a-nano-vfprintf_float.o)
 .ARM.attributes
                0x0000068f       0x2c c:/program files (x86)/cypress/psoc creator/4.1/psoc creator/import/gnu/arm/5.4.1/bin/../lib/gcc/arm-none-eabi/5.4.1/../../../../arm-none-eabi/lib/armv6-m\libg_nano.a(lib_a-nano-vfprintf_i.o)
 .ARM.attributes
                0x000006bb       0x2c c:/program files (x86)/cypress/psoc creator/4.1/psoc creator/import/gnu/arm/5.4.1/bin/../lib/gcc/arm-none-eabi/5.4.1/../../../../arm-none-eabi/lib/armv6-m\libg_nano.a(lib_a-sprintf.o)
 .ARM.attributes
                0x000006e7       0x1c c:/program files (x86)/cypress/psoc creator/4.1/psoc creator/import/gnu/arm/5.4.1/bin/../lib/gcc/arm-none-eabi/5.4.1/../../../../arm-none-eabi/lib/armv6-m\libg_nano.a(lib_a-strlen.o)
 .ARM.attributes
                0x00000703       0x2c c:/program files (x86)/cypress/psoc creator/4.1/psoc creator/import/gnu/arm/5.4.1/bin/../lib/gcc/arm-none-eabi/5.4.1/../../../../arm-none-eabi/lib/armv6-m\libg_nano.a(lib_a-dtoa.o)
 .ARM.attributes
                0x0000072f       0x2c c:/program files (x86)/cypress/psoc creator/4.1/psoc creator/import/gnu/arm/5.4.1/bin/../lib/gcc/arm-none-eabi/5.4.1/../../../../arm-none-eabi/lib/armv6-m\libg_nano.a(lib_a-locale.o)
 .ARM.attributes
                0x0000075b       0x2c c:/program files (x86)/cypress/psoc creator/4.1/psoc creator/import/gnu/arm/5.4.1/bin/../lib/gcc/arm-none-eabi/5.4.1/../../../../arm-none-eabi/lib/armv6-m\libg_nano.a(lib_a-malloc.o)
 .ARM.attributes
                0x00000787       0x2c c:/program files (x86)/cypress/psoc creator/4.1/psoc creator/import/gnu/arm/5.4.1/bin/../lib/gcc/arm-none-eabi/5.4.1/../../../../arm-none-eabi/lib/armv6-m\libg_nano.a(lib_a-memchr-stub.o)
 .ARM.attributes
                0x000007b3       0x2c c:/program files (x86)/cypress/psoc creator/4.1/psoc creator/import/gnu/arm/5.4.1/bin/../lib/gcc/arm-none-eabi/5.4.1/../../../../arm-none-eabi/lib/armv6-m\libg_nano.a(lib_a-mprec.o)
 .ARM.attributes
                0x000007df       0x2c c:/program files (x86)/cypress/psoc creator/4.1/psoc creator/import/gnu/arm/5.4.1/bin/../lib/gcc/arm-none-eabi/5.4.1/../../../../arm-none-eabi/lib/armv6-m\libg_nano.a(lib_a-nano-callocr.o)
 .ARM.attributes
                0x0000080b       0x2c c:/program files (x86)/cypress/psoc creator/4.1/psoc creator/import/gnu/arm/5.4.1/bin/../lib/gcc/arm-none-eabi/5.4.1/../../../../arm-none-eabi/lib/armv6-m\libg_nano.a(lib_a-nano-freer.o)
 .ARM.attributes
                0x00000837       0x2c c:/program files (x86)/cypress/psoc creator/4.1/psoc creator/import/gnu/arm/5.4.1/bin/../lib/gcc/arm-none-eabi/5.4.1/../../../../arm-none-eabi/lib/armv6-m\libg_nano.a(lib_a-nano-mallocr.o)
 .ARM.attributes
                0x00000863       0x2c c:/program files (x86)/cypress/psoc creator/4.1/psoc creator/import/gnu/arm/5.4.1/bin/../lib/gcc/arm-none-eabi/5.4.1/../../../../arm-none-eabi/lib/armv6-m\libg_nano.a(lib_a-nano-svfprintf.o)
 .ARM.attributes
                0x0000088f       0x2c c:/program files (x86)/cypress/psoc creator/4.1/psoc creator/import/gnu/arm/5.4.1/bin/../lib/gcc/arm-none-eabi/5.4.1/../../../../arm-none-eabi/lib/armv6-m\libg_nano.a(lib_a-sbrkr.o)
 .ARM.attributes
                0x000008bb       0x1c c:/program files (x86)/cypress/psoc creator/4.1/psoc creator/import/gnu/arm/5.4.1/bin/../lib/gcc/arm-none-eabi/5.4.1/../../../../arm-none-eabi/lib/armv6-m\libg_nano.a(lib_a-strcmp.o)
 .ARM.attributes
                0x000008d7       0x2c c:/program files (x86)/cypress/psoc creator/4.1/psoc creator/import/gnu/arm/5.4.1/bin/../lib/gcc/arm-none-eabi/5.4.1/../../../../arm-none-eabi/lib/armv6-m\libg_nano.a(lib_a-memmove.o)
 .ARM.attributes
                0x00000903       0x2c c:/program files (x86)/cypress/psoc creator/4.1/psoc creator/import/gnu/arm/5.4.1/bin/../lib/gcc/arm-none-eabi/5.4.1/../../../../arm-none-eabi/lib/armv6-m\libg_nano.a(lib_a-mlock.o)
 .ARM.attributes
                0x0000092f       0x2c c:/program files (x86)/cypress/psoc creator/4.1/psoc creator/import/gnu/arm/5.4.1/bin/../lib/gcc/arm-none-eabi/5.4.1/../../../../arm-none-eabi/lib/armv6-m\libg_nano.a(lib_a-nano-reallocr.o)
 .ARM.attributes
                0x0000095b       0x2c c:/program files (x86)/cypress/psoc creator/4.1/psoc creator/import/gnu/arm/5.4.1/bin/../lib/gcc/arm-none-eabi/5.4.1/../../../../arm-none-eabi/lib/armv6-m\libg_nano.a(lib_a-reent.o)
 .ARM.attributes
                0x00000987       0x2c c:/program files (x86)/cypress/psoc creator/4.1/psoc creator/import/gnu/arm/5.4.1/bin/../lib/gcc/arm-none-eabi/5.4.1/../../../../arm-none-eabi/lib/armv6-m\libg_nano.a(lib_a-nano-msizer.o)
 .ARM.attributes
                0x000009b3       0x1e c:/program files (x86)/cypress/psoc creator/4.1/psoc creator/import/gnu/arm/5.4.1/bin/../lib/gcc/arm-none-eabi/5.4.1/armv6-m\libgcc.a(_thumb1_case_uqi.o)
 .ARM.attributes
                0x000009d1       0x1e c:/program files (x86)/cypress/psoc creator/4.1/psoc creator/import/gnu/arm/5.4.1/bin/../lib/gcc/arm-none-eabi/5.4.1/armv6-m\libgcc.a(_arm_cmpdf2.o)
 .ARM.attributes
                0x000009ef       0x2c c:/program files (x86)/cypress/psoc creator/4.1/psoc creator/import/gnu/arm/5.4.1/bin/../lib/gcc/arm-none-eabi/5.4.1/armv6-m\libgcc.a(adddf3.o)
 .ARM.attributes
                0x00000a1b       0x2c c:/program files (x86)/cypress/psoc creator/4.1/psoc creator/import/gnu/arm/5.4.1/bin/../lib/gcc/arm-none-eabi/5.4.1/armv6-m\libgcc.a(eqdf2.o)
 .ARM.attributes
                0x00000a47       0x2c c:/program files (x86)/cypress/psoc creator/4.1/psoc creator/import/gnu/arm/5.4.1/bin/../lib/gcc/arm-none-eabi/5.4.1/armv6-m\libgcc.a(gedf2.o)
 .ARM.attributes
                0x00000a73       0x2c c:/program files (x86)/cypress/psoc creator/4.1/psoc creator/import/gnu/arm/5.4.1/bin/../lib/gcc/arm-none-eabi/5.4.1/armv6-m\libgcc.a(ledf2.o)
 .ARM.attributes
                0x00000a9f       0x2c c:/program files (x86)/cypress/psoc creator/4.1/psoc creator/import/gnu/arm/5.4.1/bin/../lib/gcc/arm-none-eabi/5.4.1/armv6-m\libgcc.a(muldf3.o)
 .ARM.attributes
                0x00000acb       0x2c c:/program files (x86)/cypress/psoc creator/4.1/psoc creator/import/gnu/arm/5.4.1/bin/../lib/gcc/arm-none-eabi/5.4.1/armv6-m\libgcc.a(subdf3.o)
 .ARM.attributes
                0x00000af7       0x2c c:/program files (x86)/cypress/psoc creator/4.1/psoc creator/import/gnu/arm/5.4.1/bin/../lib/gcc/arm-none-eabi/5.4.1/armv6-m\libgcc.a(unorddf2.o)
 .ARM.attributes
                0x00000b23       0x2c c:/program files (x86)/cypress/psoc creator/4.1/psoc creator/import/gnu/arm/5.4.1/bin/../lib/gcc/arm-none-eabi/5.4.1/armv6-m\libgcc.a(fixdfsi.o)
 .ARM.attributes
                0x00000b4f       0x2c c:/program files (x86)/cypress/psoc creator/4.1/psoc creator/import/gnu/arm/5.4.1/bin/../lib/gcc/arm-none-eabi/5.4.1/armv6-m\libgcc.a(floatunsidf.o)
 .ARM.attributes
                0x00000b7b       0x2c c:/program files (x86)/cypress/psoc creator/4.1/psoc creator/import/gnu/arm/5.4.1/bin/../lib/gcc/arm-none-eabi/5.4.1/armv6-m/crtend.o
 .ARM.attributes
                0x00000ba7       0x1e c:/program files (x86)/cypress/psoc creator/4.1/psoc creator/import/gnu/arm/5.4.1/bin/../lib/gcc/arm-none-eabi/5.4.1/armv6-m/crtn.o

/DISCARD/
 *(.note.GNU-stack)
OUTPUT(C:\Users\Henry Alberto\Documents\GitHub\Psoc_Modular\Optimization_Algorithms\Xbee_Snifer_Teraterm.cydsn\CortexM0\ARM_GCC_541\Debug\Xbee_Snifer_Teraterm.elf elf32-littlearm)
