Archive member included because of file (symbol)

.\CortexM0\ARM_GCC_493\Debug\Blink.a(cyfitter_cfg.o)
                              .\CortexM0\ARM_GCC_493\Debug\main.o (MUX_Next)
.\CortexM0\ARM_GCC_493\Debug\Blink.a(LED_1.o)
                              .\CortexM0\ARM_GCC_493\Debug\main.o (LED_1_Write)
.\CortexM0\ARM_GCC_493\Debug\Blink.a(LED_2.o)
                              .\CortexM0\ARM_GCC_493\Debug\main.o (LED_2_Write)
.\CortexM0\ARM_GCC_493\Debug\Blink.a(LED_3.o)
                              .\CortexM0\ARM_GCC_493\Debug\main.o (LED_3_Write)
.\CortexM0\ARM_GCC_493\Debug\Blink.a(LED_4.o)
                              .\CortexM0\ARM_GCC_493\Debug\main.o (LED_4_Write)
.\CortexM0\ARM_GCC_493\Debug\Blink.a(CyLib.o)
                              .\CortexM0\ARM_GCC_493\Debug\Blink.a(cyfitter_cfg.o) (CyIntEnable)
.\CortexM0\ARM_GCC_493\Debug\Blink.a(CyLFClk.o)
                              .\CortexM0\ARM_GCC_493\Debug\Blink.a(CyLib.o) (CySysClkWcoEnabled)
.\CortexM0\ARM_GCC_493\Debug\Blink.a(SENSORES.o)
                              .\CortexM0\ARM_GCC_493\Debug\main.o (SENSORES_Start)
.\CortexM0\ARM_GCC_493\Debug\Blink.a(SENSORES_INT.o)
                              .\CortexM0\ARM_GCC_493\Debug\Blink.a(SENSORES.o) (SENSORES_ISR)
.\CortexM0\ARM_GCC_493\Debug\Blink.a(MUX.o)
                              .\CortexM0\ARM_GCC_493\Debug\main.o (MUX_Start)
.\CortexM0\ARM_GCC_493\Debug\Blink.a(CyBootAsmGnu.o)
                              .\CortexM0\ARM_GCC_493\Debug\Blink.a(CyLib.o) (CyDelayCycles)
.\CortexM0\ARM_GCC_493\Debug\Blink.a(CyFlash.o)
                              .\CortexM0\ARM_GCC_493\Debug\Blink.a(CyLib.o) (CySysFlashSetWaitCycles)
c:/program files (x86)/cypress/psoc creator/3.3/psoc creator/import/gnu/arm/4.9.3/bin/../lib/gcc/arm-none-eabi/4.9.3/armv6-m\libgcc.a(_udivsi3.o)
                              .\CortexM0\ARM_GCC_493\Debug\Blink.a(CyLib.o) (__aeabi_uidiv)
c:/program files (x86)/cypress/psoc creator/3.3/psoc creator/import/gnu/arm/4.9.3/bin/../lib/gcc/arm-none-eabi/4.9.3/armv6-m\libgcc.a(_divsi3.o)
                              .\CortexM0\ARM_GCC_493\Debug\Blink.a(CyLFClk.o) (__aeabi_idiv)
c:/program files (x86)/cypress/psoc creator/3.3/psoc creator/import/gnu/arm/4.9.3/bin/../lib/gcc/arm-none-eabi/4.9.3/armv6-m\libgcc.a(_dvmd_tls.o)
                              c:/program files (x86)/cypress/psoc creator/3.3/psoc creator/import/gnu/arm/4.9.3/bin/../lib/gcc/arm-none-eabi/4.9.3/armv6-m\libgcc.a(_udivsi3.o) (__aeabi_idiv0)
c:/program files (x86)/cypress/psoc creator/3.3/psoc creator/import/gnu/arm/4.9.3/bin/../lib/gcc/arm-none-eabi/4.9.3/armv6-m\libgcc.a(_aeabi_ldivmod.o)
                              .\CortexM0\ARM_GCC_493\Debug\Blink.a(SENSORES.o) (__aeabi_ldivmod)
c:/program files (x86)/cypress/psoc creator/3.3/psoc creator/import/gnu/arm/4.9.3/bin/../lib/gcc/arm-none-eabi/4.9.3/armv6-m\libgcc.a(_muldi3.o)
                              .\CortexM0\ARM_GCC_493\Debug\Blink.a(SENSORES.o) (__aeabi_lmul)
c:/program files (x86)/cypress/psoc creator/3.3/psoc creator/import/gnu/arm/4.9.3/bin/../lib/gcc/arm-none-eabi/4.9.3/armv6-m\libgcc.a(bpabi.o)
                              c:/program files (x86)/cypress/psoc creator/3.3/psoc creator/import/gnu/arm/4.9.3/bin/../lib/gcc/arm-none-eabi/4.9.3/armv6-m\libgcc.a(_aeabi_ldivmod.o) (__gnu_ldivmod_helper)
c:/program files (x86)/cypress/psoc creator/3.3/psoc creator/import/gnu/arm/4.9.3/bin/../lib/gcc/arm-none-eabi/4.9.3/armv6-m\libgcc.a(divsf3.o)
                              .\CortexM0\ARM_GCC_493\Debug\Blink.a(SENSORES.o) (__aeabi_fdiv)
c:/program files (x86)/cypress/psoc creator/3.3/psoc creator/import/gnu/arm/4.9.3/bin/../lib/gcc/arm-none-eabi/4.9.3/armv6-m\libgcc.a(mulsf3.o)
                              .\CortexM0\ARM_GCC_493\Debug\Blink.a(SENSORES.o) (__aeabi_fmul)
c:/program files (x86)/cypress/psoc creator/3.3/psoc creator/import/gnu/arm/4.9.3/bin/../lib/gcc/arm-none-eabi/4.9.3/armv6-m\libgcc.a(floatsisf.o)
                              .\CortexM0\ARM_GCC_493\Debug\Blink.a(SENSORES.o) (__aeabi_i2f)
c:/program files (x86)/cypress/psoc creator/3.3/psoc creator/import/gnu/arm/4.9.3/bin/../lib/gcc/arm-none-eabi/4.9.3/armv6-m\libgcc.a(_clzsi2.o)
                              c:/program files (x86)/cypress/psoc creator/3.3/psoc creator/import/gnu/arm/4.9.3/bin/../lib/gcc/arm-none-eabi/4.9.3/armv6-m\libgcc.a(divsf3.o) (__clzsi2)
c:/program files (x86)/cypress/psoc creator/3.3/psoc creator/import/gnu/arm/4.9.3/bin/../lib/gcc/arm-none-eabi/4.9.3/armv6-m\libgcc.a(_divdi3.o)
                              c:/program files (x86)/cypress/psoc creator/3.3/psoc creator/import/gnu/arm/4.9.3/bin/../lib/gcc/arm-none-eabi/4.9.3/armv6-m\libgcc.a(bpabi.o) (__divdi3)
c:/program files (x86)/cypress/psoc creator/3.3/psoc creator/import/gnu/arm/4.9.3/bin/../lib/gcc/arm-none-eabi/4.9.3/armv6-m\libgcc.a(_udivdi3.o)
                              c:/program files (x86)/cypress/psoc creator/3.3/psoc creator/import/gnu/arm/4.9.3/bin/../lib/gcc/arm-none-eabi/4.9.3/armv6-m\libgcc.a(bpabi.o) (__udivdi3)
c:/program files (x86)/cypress/psoc creator/3.3/psoc creator/import/gnu/arm/4.9.3/bin/../lib/gcc/arm-none-eabi/4.9.3/armv6-m\libgcc.a(_clzdi2.o)
                              c:/program files (x86)/cypress/psoc creator/3.3/psoc creator/import/gnu/arm/4.9.3/bin/../lib/gcc/arm-none-eabi/4.9.3/armv6-m\libgcc.a(_divdi3.o) (__clzdi2)
c:/program files (x86)/cypress/psoc creator/3.3/psoc creator/import/gnu/arm/4.9.3/bin/../lib/gcc/arm-none-eabi/4.9.3/../../../../arm-none-eabi/lib/armv6-m\libg_nano.a(lib_a-errno.o)
                              .\CortexM0\ARM_GCC_493\Debug\Cm0Start.o (__errno)
c:/program files (x86)/cypress/psoc creator/3.3/psoc creator/import/gnu/arm/4.9.3/bin/../lib/gcc/arm-none-eabi/4.9.3/../../../../arm-none-eabi/lib/armv6-m\libg_nano.a(lib_a-exit.o)
                              c:/program files (x86)/cypress/psoc creator/3.3/psoc creator/import/gnu/arm/4.9.3/bin/../lib/gcc/arm-none-eabi/4.9.3/../../../../arm-none-eabi/lib/armv6-m/crt0.o (exit)
c:/program files (x86)/cypress/psoc creator/3.3/psoc creator/import/gnu/arm/4.9.3/bin/../lib/gcc/arm-none-eabi/4.9.3/../../../../arm-none-eabi/lib/armv6-m\libg_nano.a(lib_a-impure.o)
                              c:/program files (x86)/cypress/psoc creator/3.3/psoc creator/import/gnu/arm/4.9.3/bin/../lib/gcc/arm-none-eabi/4.9.3/../../../../arm-none-eabi/lib/armv6-m\libg_nano.a(lib_a-exit.o) (_global_impure_ptr)
c:/program files (x86)/cypress/psoc creator/3.3/psoc creator/import/gnu/arm/4.9.3/bin/../lib/gcc/arm-none-eabi/4.9.3/../../../../arm-none-eabi/lib/armv6-m\libg_nano.a(lib_a-init.o)
                              c:/program files (x86)/cypress/psoc creator/3.3/psoc creator/import/gnu/arm/4.9.3/bin/../lib/gcc/arm-none-eabi/4.9.3/../../../../arm-none-eabi/lib/armv6-m/crt0.o (__libc_init_array)
c:/program files (x86)/cypress/psoc creator/3.3/psoc creator/import/gnu/arm/4.9.3/bin/../lib/gcc/arm-none-eabi/4.9.3/../../../../arm-none-eabi/lib/armv6-m\libg_nano.a(lib_a-memcpy.o)
                              .\CortexM0\ARM_GCC_493\Debug\Blink.a(CyFlash.o) (memcpy)
c:/program files (x86)/cypress/psoc creator/3.3/psoc creator/import/gnu/arm/4.9.3/bin/../lib/gcc/arm-none-eabi/4.9.3/../../../../arm-none-eabi/lib/armv6-m\libg_nano.a(lib_a-memset.o)
                              c:/program files (x86)/cypress/psoc creator/3.3/psoc creator/import/gnu/arm/4.9.3/bin/../lib/gcc/arm-none-eabi/4.9.3/../../../../arm-none-eabi/lib/armv6-m/crt0.o (memset)

Allocating common symbols
Common symbol       size              file

SENSORES_offset     0x2               .\CortexM0\ARM_GCC_493\Debug\Blink.a(SENSORES.o)
SENSORES_countsPer10Volt
                    0x4               .\CortexM0\ARM_GCC_493\Debug\Blink.a(SENSORES.o)
RESULT              0x10              .\CortexM0\ARM_GCC_493\Debug\main.o

Discarded input sections

 .text          0x00000000        0x0 c:/program files (x86)/cypress/psoc creator/3.3/psoc creator/import/gnu/arm/4.9.3/bin/../lib/gcc/arm-none-eabi/4.9.3/armv6-m/crti.o
 .data          0x00000000        0x0 c:/program files (x86)/cypress/psoc creator/3.3/psoc creator/import/gnu/arm/4.9.3/bin/../lib/gcc/arm-none-eabi/4.9.3/armv6-m/crti.o
 .bss           0x00000000        0x0 c:/program files (x86)/cypress/psoc creator/3.3/psoc creator/import/gnu/arm/4.9.3/bin/../lib/gcc/arm-none-eabi/4.9.3/armv6-m/crti.o
 .data          0x00000000        0x4 c:/program files (x86)/cypress/psoc creator/3.3/psoc creator/import/gnu/arm/4.9.3/bin/../lib/gcc/arm-none-eabi/4.9.3/armv6-m/crtbegin.o
 .text          0x00000000       0x78 c:/program files (x86)/cypress/psoc creator/3.3/psoc creator/import/gnu/arm/4.9.3/bin/../lib/gcc/arm-none-eabi/4.9.3/../../../../arm-none-eabi/lib/armv6-m/crt0.o
 .data          0x00000000        0x0 c:/program files (x86)/cypress/psoc creator/3.3/psoc creator/import/gnu/arm/4.9.3/bin/../lib/gcc/arm-none-eabi/4.9.3/../../../../arm-none-eabi/lib/armv6-m/crt0.o
 .bss           0x00000000        0x0 c:/program files (x86)/cypress/psoc creator/3.3/psoc creator/import/gnu/arm/4.9.3/bin/../lib/gcc/arm-none-eabi/4.9.3/../../../../arm-none-eabi/lib/armv6-m/crt0.o
 .ARM.extab     0x00000000        0x0 c:/program files (x86)/cypress/psoc creator/3.3/psoc creator/import/gnu/arm/4.9.3/bin/../lib/gcc/arm-none-eabi/4.9.3/../../../../arm-none-eabi/lib/armv6-m/crt0.o
 .ARM.exidx     0x00000000        0x8 c:/program files (x86)/cypress/psoc creator/3.3/psoc creator/import/gnu/arm/4.9.3/bin/../lib/gcc/arm-none-eabi/4.9.3/../../../../arm-none-eabi/lib/armv6-m/crt0.o
 .text          0x00000000        0x0 .\CortexM0\ARM_GCC_493\Debug\main.o
 .data          0x00000000        0x0 .\CortexM0\ARM_GCC_493\Debug\main.o
 .bss           0x00000000        0x0 .\CortexM0\ARM_GCC_493\Debug\main.o
 .text          0x00000000        0x0 .\CortexM0\ARM_GCC_493\Debug\cymetadata.o
 .data          0x00000000        0x0 .\CortexM0\ARM_GCC_493\Debug\cymetadata.o
 .bss           0x00000000        0x0 .\CortexM0\ARM_GCC_493\Debug\cymetadata.o
 .text          0x00000000        0x0 .\CortexM0\ARM_GCC_493\Debug\Cm0Start.o
 .data          0x00000000        0x4 .\CortexM0\ARM_GCC_493\Debug\Cm0Start.o
 .bss           0x00000000        0x0 .\CortexM0\ARM_GCC_493\Debug\Cm0Start.o
 .text._exit    0x00000000        0xc .\CortexM0\ARM_GCC_493\Debug\Cm0Start.o
 .text._sbrk    0x00000000       0x30 .\CortexM0\ARM_GCC_493\Debug\Cm0Start.o
 .text          0x00000000        0x0 .\CortexM0\ARM_GCC_493\Debug\Blink.a(cyfitter_cfg.o)
 .bss           0x00000000        0x0 .\CortexM0\ARM_GCC_493\Debug\Blink.a(cyfitter_cfg.o)
 .text.SetAnalogRoutingPumps
                0x00000000       0x20 .\CortexM0\ARM_GCC_493\Debug\Blink.a(cyfitter_cfg.o)
 .text          0x00000000        0x0 .\CortexM0\ARM_GCC_493\Debug\Blink.a(LED_1.o)
 .data          0x00000000        0x0 .\CortexM0\ARM_GCC_493\Debug\Blink.a(LED_1.o)
 .bss           0x00000000        0x0 .\CortexM0\ARM_GCC_493\Debug\Blink.a(LED_1.o)
 .text.LED_1_SetDriveMode
                0x00000000       0x14 .\CortexM0\ARM_GCC_493\Debug\Blink.a(LED_1.o)
 .text.LED_1_Read
                0x00000000       0x10 .\CortexM0\ARM_GCC_493\Debug\Blink.a(LED_1.o)
 .text.LED_1_ReadDataReg
                0x00000000       0x10 .\CortexM0\ARM_GCC_493\Debug\Blink.a(LED_1.o)
 .text.LED_1_SetInterruptMode
                0x00000000       0x14 .\CortexM0\ARM_GCC_493\Debug\Blink.a(LED_1.o)
 .text.LED_1_ClearInterrupt
                0x00000000       0x10 .\CortexM0\ARM_GCC_493\Debug\Blink.a(LED_1.o)
 .text          0x00000000        0x0 .\CortexM0\ARM_GCC_493\Debug\Blink.a(LED_2.o)
 .data          0x00000000        0x0 .\CortexM0\ARM_GCC_493\Debug\Blink.a(LED_2.o)
 .bss           0x00000000        0x0 .\CortexM0\ARM_GCC_493\Debug\Blink.a(LED_2.o)
 .text.LED_2_SetDriveMode
                0x00000000       0x14 .\CortexM0\ARM_GCC_493\Debug\Blink.a(LED_2.o)
 .text.LED_2_Read
                0x00000000       0x10 .\CortexM0\ARM_GCC_493\Debug\Blink.a(LED_2.o)
 .text.LED_2_ReadDataReg
                0x00000000       0x10 .\CortexM0\ARM_GCC_493\Debug\Blink.a(LED_2.o)
 .text.LED_2_SetInterruptMode
                0x00000000       0x14 .\CortexM0\ARM_GCC_493\Debug\Blink.a(LED_2.o)
 .text.LED_2_ClearInterrupt
                0x00000000       0x14 .\CortexM0\ARM_GCC_493\Debug\Blink.a(LED_2.o)
 .text          0x00000000        0x0 .\CortexM0\ARM_GCC_493\Debug\Blink.a(LED_3.o)
 .data          0x00000000        0x0 .\CortexM0\ARM_GCC_493\Debug\Blink.a(LED_3.o)
 .bss           0x00000000        0x0 .\CortexM0\ARM_GCC_493\Debug\Blink.a(LED_3.o)
 .text.LED_3_SetDriveMode
                0x00000000       0x18 .\CortexM0\ARM_GCC_493\Debug\Blink.a(LED_3.o)
 .text.LED_3_Read
                0x00000000       0x10 .\CortexM0\ARM_GCC_493\Debug\Blink.a(LED_3.o)
 .text.LED_3_ReadDataReg
                0x00000000       0x10 .\CortexM0\ARM_GCC_493\Debug\Blink.a(LED_3.o)
 .text.LED_3_SetInterruptMode
                0x00000000       0x14 .\CortexM0\ARM_GCC_493\Debug\Blink.a(LED_3.o)
 .text.LED_3_ClearInterrupt
                0x00000000       0x14 .\CortexM0\ARM_GCC_493\Debug\Blink.a(LED_3.o)
 .text          0x00000000        0x0 .\CortexM0\ARM_GCC_493\Debug\Blink.a(LED_4.o)
 .data          0x00000000        0x0 .\CortexM0\ARM_GCC_493\Debug\Blink.a(LED_4.o)
 .bss           0x00000000        0x0 .\CortexM0\ARM_GCC_493\Debug\Blink.a(LED_4.o)
 .text.LED_4_SetDriveMode
                0x00000000       0x18 .\CortexM0\ARM_GCC_493\Debug\Blink.a(LED_4.o)
 .text.LED_4_Read
                0x00000000       0x10 .\CortexM0\ARM_GCC_493\Debug\Blink.a(LED_4.o)
 .text.LED_4_ReadDataReg
                0x00000000       0x10 .\CortexM0\ARM_GCC_493\Debug\Blink.a(LED_4.o)
 .text.LED_4_SetInterruptMode
                0x00000000       0x14 .\CortexM0\ARM_GCC_493\Debug\Blink.a(LED_4.o)
 .text.LED_4_ClearInterrupt
                0x00000000       0x14 .\CortexM0\ARM_GCC_493\Debug\Blink.a(LED_4.o)
 .text          0x00000000        0x0 .\CortexM0\ARM_GCC_493\Debug\Blink.a(CyLib.o)
 .bss           0x00000000       0x18 .\CortexM0\ARM_GCC_493\Debug\Blink.a(CyLib.o)
 .text.CySysClkImoStart
                0x00000000       0x14 .\CortexM0\ARM_GCC_493\Debug\Blink.a(CyLib.o)
 .text.CySysClkImoStop
                0x00000000       0x18 .\CortexM0\ARM_GCC_493\Debug\Blink.a(CyLib.o)
 .text.CySysClkWriteHfclkDirect
                0x00000000       0x20 .\CortexM0\ARM_GCC_493\Debug\Blink.a(CyLib.o)
 .text.CySysClkGetSysclkSource
                0x00000000       0x1c .\CortexM0\ARM_GCC_493\Debug\Blink.a(CyLib.o)
 .text.CySysClkWriteSysclkDiv
                0x00000000       0x28 .\CortexM0\ARM_GCC_493\Debug\Blink.a(CyLib.o)
 .text.CySysLvdDisable
                0x00000000       0x20 .\CortexM0\ARM_GCC_493\Debug\Blink.a(CyLib.o)
 .text.CySysLvdGetInterruptSource
                0x00000000       0x10 .\CortexM0\ARM_GCC_493\Debug\Blink.a(CyLib.o)
 .text.CySysLvdClearInterrupt
                0x00000000        0xc .\CortexM0\ARM_GCC_493\Debug\Blink.a(CyLib.o)
 .text.CySysGetResetReason
                0x00000000       0x14 .\CortexM0\ARM_GCC_493\Debug\Blink.a(CyLib.o)
 .text.CyDisableInts
                0x00000000       0x10 .\CortexM0\ARM_GCC_493\Debug\Blink.a(CyLib.o)
 .text.CyEnableInts
                0x00000000        0xc .\CortexM0\ARM_GCC_493\Debug\Blink.a(CyLib.o)
 .text.CyIntGetState
                0x00000000       0x18 .\CortexM0\ARM_GCC_493\Debug\Blink.a(CyLib.o)
 .text.CyIntDisable
                0x00000000       0x14 .\CortexM0\ARM_GCC_493\Debug\Blink.a(CyLib.o)
 .text.CyIntSetPending
                0x00000000       0x14 .\CortexM0\ARM_GCC_493\Debug\Blink.a(CyLib.o)
 .text.CyIntClearPending
                0x00000000       0x14 .\CortexM0\ARM_GCC_493\Debug\Blink.a(CyLib.o)
 .text.CyIntSetSysVector
                0x00000000       0x20 .\CortexM0\ARM_GCC_493\Debug\Blink.a(CyLib.o)
 .text.CyIntGetSysVector
                0x00000000       0x1c .\CortexM0\ARM_GCC_493\Debug\Blink.a(CyLib.o)
 .text.CyIntGetVector
                0x00000000       0x20 .\CortexM0\ARM_GCC_493\Debug\Blink.a(CyLib.o)
 .text.CyIntGetPriority
                0x00000000       0x2c .\CortexM0\ARM_GCC_493\Debug\Blink.a(CyLib.o)
 .text.CySoftwareReset
                0x00000000       0x18 .\CortexM0\ARM_GCC_493\Debug\Blink.a(CyLib.o)
 .text.CySysLvdEnable
                0x00000000       0x44 .\CortexM0\ARM_GCC_493\Debug\Blink.a(CyLib.o)
 .text.CyDelayFreq
                0x00000000       0x4c .\CortexM0\ARM_GCC_493\Debug\Blink.a(CyLib.o)
 .text.CySysTickStop
                0x00000000       0x10 .\CortexM0\ARM_GCC_493\Debug\Blink.a(CyLib.o)
 .text.CySysTickEnableInterrupt
                0x00000000       0x10 .\CortexM0\ARM_GCC_493\Debug\Blink.a(CyLib.o)
 .text.CySysTickEnable
                0x00000000       0x18 .\CortexM0\ARM_GCC_493\Debug\Blink.a(CyLib.o)
 .text.CySysTickDisableInterrupt
                0x00000000       0x10 .\CortexM0\ARM_GCC_493\Debug\Blink.a(CyLib.o)
 .text.CySysTickSetReload
                0x00000000       0x10 .\CortexM0\ARM_GCC_493\Debug\Blink.a(CyLib.o)
 .text.CySysTickGetReload
                0x00000000       0x10 .\CortexM0\ARM_GCC_493\Debug\Blink.a(CyLib.o)
 .text.CySysTickGetValue
                0x00000000       0x10 .\CortexM0\ARM_GCC_493\Debug\Blink.a(CyLib.o)
 .text.CySysTickSetClockSource
                0x00000000       0x20 .\CortexM0\ARM_GCC_493\Debug\Blink.a(CyLib.o)
 .text.CySysTickGetCountFlag
                0x00000000       0x10 .\CortexM0\ARM_GCC_493\Debug\Blink.a(CyLib.o)
 .text.CySysTickServiceCallbacks
                0x00000000       0x28 .\CortexM0\ARM_GCC_493\Debug\Blink.a(CyLib.o)
 .text.CySysTickClear
                0x00000000        0xc .\CortexM0\ARM_GCC_493\Debug\Blink.a(CyLib.o)
 .text.CySysTickInit
                0x00000000       0x4c .\CortexM0\ARM_GCC_493\Debug\Blink.a(CyLib.o)
 .text.CySysTickStart
                0x00000000       0x20 .\CortexM0\ARM_GCC_493\Debug\Blink.a(CyLib.o)
 .text.CySysTickSetCallback
                0x00000000       0x10 .\CortexM0\ARM_GCC_493\Debug\Blink.a(CyLib.o)
 .text.CySysTickGetCallback
                0x00000000        0xc .\CortexM0\ARM_GCC_493\Debug\Blink.a(CyLib.o)
 .text.CyGetUniqueId
                0x00000000       0x70 .\CortexM0\ARM_GCC_493\Debug\Blink.a(CyLib.o)
 .text.CySysSetRamAccessArbPriority
                0x00000000       0x20 .\CortexM0\ARM_GCC_493\Debug\Blink.a(CyLib.o)
 .text.CySysSetFlashAccessArbPriority
                0x00000000       0x20 .\CortexM0\ARM_GCC_493\Debug\Blink.a(CyLib.o)
 .text.CySysSetDmacAccessArbPriority
                0x00000000       0x20 .\CortexM0\ARM_GCC_493\Debug\Blink.a(CyLib.o)
 .text.CySysSetPeripheralAccessArbPriority
                0x00000000       0x68 .\CortexM0\ARM_GCC_493\Debug\Blink.a(CyLib.o)
 .text          0x00000000        0x0 .\CortexM0\ARM_GCC_493\Debug\Blink.a(CyLFClk.o)
 .text.CySysClkIloEnabled
                0x00000000       0x14 .\CortexM0\ARM_GCC_493\Debug\Blink.a(CyLFClk.o)
 .text.CySysClkGetLfclkSource
                0x00000000       0x10 .\CortexM0\ARM_GCC_493\Debug\Blink.a(CyLFClk.o)
 .text.CySysClkIloStart
                0x00000000       0x14 .\CortexM0\ARM_GCC_493\Debug\Blink.a(CyLFClk.o)
 .text.CySysClkIloStartMeasurement
                0x00000000       0x5c .\CortexM0\ARM_GCC_493\Debug\Blink.a(CyLFClk.o)
 .text.CySysClkIloStopMeasurement
                0x00000000       0x14 .\CortexM0\ARM_GCC_493\Debug\Blink.a(CyLFClk.o)
 .text.CySysClkIloCompensate
                0x00000000      0x108 .\CortexM0\ARM_GCC_493\Debug\Blink.a(CyLFClk.o)
 .text.CySysClkIloUpdateTrimReg
                0x00000000       0xa4 .\CortexM0\ARM_GCC_493\Debug\Blink.a(CyLFClk.o)
 .text.CySysClkIloTrim
                0x00000000       0xd8 .\CortexM0\ARM_GCC_493\Debug\Blink.a(CyLFClk.o)
 .text.CySysClkIloRestoreFactoryTrim
                0x00000000       0x30 .\CortexM0\ARM_GCC_493\Debug\Blink.a(CyLFClk.o)
 .text.CySysClkWcoStart
                0x00000000       0x40 .\CortexM0\ARM_GCC_493\Debug\Blink.a(CyLFClk.o)
 .text.CySysClkWcoSetPowerMode
                0x00000000       0x4c .\CortexM0\ARM_GCC_493\Debug\Blink.a(CyLFClk.o)
 .text.CySysClkWcoClockOutSelect
                0x00000000       0x2c .\CortexM0\ARM_GCC_493\Debug\Blink.a(CyLFClk.o)
 .text.CySysWdtGetEnabledStatus
                0x00000000       0x24 .\CortexM0\ARM_GCC_493\Debug\Blink.a(CyLFClk.o)
 .text.CySysWdtSetMode
                0x00000000       0x38 .\CortexM0\ARM_GCC_493\Debug\Blink.a(CyLFClk.o)
 .text.CySysClkLfclkPosedgeRestore
                0x00000000       0x2c .\CortexM0\ARM_GCC_493\Debug\Blink.a(CyLFClk.o)
 .text.CySysWdtGetMode
                0x00000000       0x14 .\CortexM0\ARM_GCC_493\Debug\Blink.a(CyLFClk.o)
 .text.CySysWdtSetClearOnMatch
                0x00000000       0x38 .\CortexM0\ARM_GCC_493\Debug\Blink.a(CyLFClk.o)
 .text.CySysWdtGetClearOnMatch
                0x00000000       0x24 .\CortexM0\ARM_GCC_493\Debug\Blink.a(CyLFClk.o)
 .text.CySysWdtEnable
                0x00000000       0x3c .\CortexM0\ARM_GCC_493\Debug\Blink.a(CyLFClk.o)
 .text.CySysWdtDisable
                0x00000000       0x44 .\CortexM0\ARM_GCC_493\Debug\Blink.a(CyLFClk.o)
 .text.CySysWdtSetCascade
                0x00000000       0x34 .\CortexM0\ARM_GCC_493\Debug\Blink.a(CyLFClk.o)
 .text.CySysWdtGetCascade
                0x00000000       0x14 .\CortexM0\ARM_GCC_493\Debug\Blink.a(CyLFClk.o)
 .text.CySysWdtSetMatch
                0x00000000       0x58 .\CortexM0\ARM_GCC_493\Debug\Blink.a(CyLFClk.o)
 .text.CySysWdtSetToggleBit
                0x00000000       0x2c .\CortexM0\ARM_GCC_493\Debug\Blink.a(CyLFClk.o)
 .text.CySysWdtGetToggleBit
                0x00000000       0x10 .\CortexM0\ARM_GCC_493\Debug\Blink.a(CyLFClk.o)
 .text.CySysWdtGetMatch
                0x00000000       0x20 .\CortexM0\ARM_GCC_493\Debug\Blink.a(CyLFClk.o)
 .text.CySysWdtGetCount
                0x00000000       0x3c .\CortexM0\ARM_GCC_493\Debug\Blink.a(CyLFClk.o)
 .text.CySysClkLfclkPosedgeCatch
                0x00000000       0x74 .\CortexM0\ARM_GCC_493\Debug\Blink.a(CyLFClk.o)
 .text.CySysClkIloStop
                0x00000000       0x4c .\CortexM0\ARM_GCC_493\Debug\Blink.a(CyLFClk.o)
 .text.CySysClkSetLfclkSource
                0x00000000       0x38 .\CortexM0\ARM_GCC_493\Debug\Blink.a(CyLFClk.o)
 .text.CySysClkWcoStop
                0x00000000       0x48 .\CortexM0\ARM_GCC_493\Debug\Blink.a(CyLFClk.o)
 .text.CySysWdtGetInterruptSource
                0x00000000       0x14 .\CortexM0\ARM_GCC_493\Debug\Blink.a(CyLFClk.o)
 .text.CySysWdtResetCounters
                0x00000000       0x20 .\CortexM0\ARM_GCC_493\Debug\Blink.a(CyLFClk.o)
 .text.CySysWdtSetInterruptCallback
                0x00000000       0x20 .\CortexM0\ARM_GCC_493\Debug\Blink.a(CyLFClk.o)
 .text.CySysWdtGetInterruptCallback
                0x00000000       0x20 .\CortexM0\ARM_GCC_493\Debug\Blink.a(CyLFClk.o)
 .text.CySysWdtEnableCounterIsr
                0x00000000       0x34 .\CortexM0\ARM_GCC_493\Debug\Blink.a(CyLFClk.o)
 .text.CySysWdtDisableCounterIsr
                0x00000000       0x28 .\CortexM0\ARM_GCC_493\Debug\Blink.a(CyLFClk.o)
 .text.CySysWatchdogFeed
                0x00000000       0x60 .\CortexM0\ARM_GCC_493\Debug\Blink.a(CyLFClk.o)
 .text.CySysTimerDelayUntilMatch
                0x00000000       0x6c .\CortexM0\ARM_GCC_493\Debug\Blink.a(CyLFClk.o)
 .text.CySysTimerDelay
                0x00000000       0x3c .\CortexM0\ARM_GCC_493\Debug\Blink.a(CyLFClk.o)
 .rodata        0x00000000        0xc .\CortexM0\ARM_GCC_493\Debug\Blink.a(CyLFClk.o)
 .text          0x00000000        0x0 .\CortexM0\ARM_GCC_493\Debug\Blink.a(SENSORES.o)
 .data          0x00000000        0x0 .\CortexM0\ARM_GCC_493\Debug\Blink.a(SENSORES.o)
 .text.SENSORES_Stop
                0x00000000       0x10 .\CortexM0\ARM_GCC_493\Debug\Blink.a(SENSORES.o)
 .text.SENSORES_SetChanMask
                0x00000000       0x10 .\CortexM0\ARM_GCC_493\Debug\Blink.a(SENSORES.o)
 .text.SENSORES_SetLowLimit
                0x00000000       0x1c .\CortexM0\ARM_GCC_493\Debug\Blink.a(SENSORES.o)
 .text.SENSORES_SetHighLimit
                0x00000000       0x18 .\CortexM0\ARM_GCC_493\Debug\Blink.a(SENSORES.o)
 .text.SENSORES_SetLimitMask
                0x00000000       0x10 .\CortexM0\ARM_GCC_493\Debug\Blink.a(SENSORES.o)
 .text.SENSORES_SetSatMask
                0x00000000       0x10 .\CortexM0\ARM_GCC_493\Debug\Blink.a(SENSORES.o)
 .text.SENSORES_SetOffset
                0x00000000       0x1c .\CortexM0\ARM_GCC_493\Debug\Blink.a(SENSORES.o)
 .text.SENSORES_SetGain
                0x00000000       0x1c .\CortexM0\ARM_GCC_493\Debug\Blink.a(SENSORES.o)
 .text.SENSORES_CountsTo_mVolts
                0x00000000       0x5c .\CortexM0\ARM_GCC_493\Debug\Blink.a(SENSORES.o)
 .text.SENSORES_CountsTo_uVolts
                0x00000000       0x40 .\CortexM0\ARM_GCC_493\Debug\Blink.a(SENSORES.o)
 .text.SENSORES_CountsTo_Volts
                0x00000000       0x48 .\CortexM0\ARM_GCC_493\Debug\Blink.a(SENSORES.o)
 .text          0x00000000        0x0 .\CortexM0\ARM_GCC_493\Debug\Blink.a(SENSORES_INT.o)
 .data          0x00000000        0x0 .\CortexM0\ARM_GCC_493\Debug\Blink.a(SENSORES_INT.o)
 .bss           0x00000000        0x0 .\CortexM0\ARM_GCC_493\Debug\Blink.a(SENSORES_INT.o)
 .text          0x00000000        0x0 .\CortexM0\ARM_GCC_493\Debug\Blink.a(MUX.o)
 .data          0x00000000        0x0 .\CortexM0\ARM_GCC_493\Debug\Blink.a(MUX.o)
 .text.MUX_Init
                0x00000000        0x8 .\CortexM0\ARM_GCC_493\Debug\Blink.a(MUX.o)
 .text.MUX_Stop
                0x00000000        0x8 .\CortexM0\ARM_GCC_493\Debug\Blink.a(MUX.o)
 .data          0x00000000        0x0 .\CortexM0\ARM_GCC_493\Debug\Blink.a(CyBootAsmGnu.o)
 .bss           0x00000000        0x0 .\CortexM0\ARM_GCC_493\Debug\Blink.a(CyBootAsmGnu.o)
 .text          0x00000000        0x0 .\CortexM0\ARM_GCC_493\Debug\Blink.a(CyFlash.o)
 .data          0x00000000        0x0 .\CortexM0\ARM_GCC_493\Debug\Blink.a(CyFlash.o)
 .bss           0x00000000        0x0 .\CortexM0\ARM_GCC_493\Debug\Blink.a(CyFlash.o)
 .text.CySysFlashClockBackup
                0x00000000        0x4 .\CortexM0\ARM_GCC_493\Debug\Blink.a(CyFlash.o)
 .text.CySysFlashClockRestore
                0x00000000        0x4 .\CortexM0\ARM_GCC_493\Debug\Blink.a(CyFlash.o)
 .text.CySysFlashWriteRow
                0x00000000      0x100 .\CortexM0\ARM_GCC_493\Debug\Blink.a(CyFlash.o)
 .text.CySysSFlashWriteUserRow
                0x00000000       0xf4 .\CortexM0\ARM_GCC_493\Debug\Blink.a(CyFlash.o)
 .text          0x00000000      0x120 c:/program files (x86)/cypress/psoc creator/3.3/psoc creator/import/gnu/arm/4.9.3/bin/../lib/gcc/arm-none-eabi/4.9.3/armv6-m\libgcc.a(_udivsi3.o)
 .data          0x00000000        0x0 c:/program files (x86)/cypress/psoc creator/3.3/psoc creator/import/gnu/arm/4.9.3/bin/../lib/gcc/arm-none-eabi/4.9.3/armv6-m\libgcc.a(_udivsi3.o)
 .bss           0x00000000        0x0 c:/program files (x86)/cypress/psoc creator/3.3/psoc creator/import/gnu/arm/4.9.3/bin/../lib/gcc/arm-none-eabi/4.9.3/armv6-m\libgcc.a(_udivsi3.o)
 .text          0x00000000      0x1e0 c:/program files (x86)/cypress/psoc creator/3.3/psoc creator/import/gnu/arm/4.9.3/bin/../lib/gcc/arm-none-eabi/4.9.3/armv6-m\libgcc.a(_divsi3.o)
 .data          0x00000000        0x0 c:/program files (x86)/cypress/psoc creator/3.3/psoc creator/import/gnu/arm/4.9.3/bin/../lib/gcc/arm-none-eabi/4.9.3/armv6-m\libgcc.a(_divsi3.o)
 .bss           0x00000000        0x0 c:/program files (x86)/cypress/psoc creator/3.3/psoc creator/import/gnu/arm/4.9.3/bin/../lib/gcc/arm-none-eabi/4.9.3/armv6-m\libgcc.a(_divsi3.o)
 .text          0x00000000        0x4 c:/program files (x86)/cypress/psoc creator/3.3/psoc creator/import/gnu/arm/4.9.3/bin/../lib/gcc/arm-none-eabi/4.9.3/armv6-m\libgcc.a(_dvmd_tls.o)
 .data          0x00000000        0x0 c:/program files (x86)/cypress/psoc creator/3.3/psoc creator/import/gnu/arm/4.9.3/bin/../lib/gcc/arm-none-eabi/4.9.3/armv6-m\libgcc.a(_dvmd_tls.o)
 .bss           0x00000000        0x0 c:/program files (x86)/cypress/psoc creator/3.3/psoc creator/import/gnu/arm/4.9.3/bin/../lib/gcc/arm-none-eabi/4.9.3/armv6-m\libgcc.a(_dvmd_tls.o)
 .text          0x00000000       0x48 c:/program files (x86)/cypress/psoc creator/3.3/psoc creator/import/gnu/arm/4.9.3/bin/../lib/gcc/arm-none-eabi/4.9.3/armv6-m\libgcc.a(_aeabi_ldivmod.o)
 .data          0x00000000        0x0 c:/program files (x86)/cypress/psoc creator/3.3/psoc creator/import/gnu/arm/4.9.3/bin/../lib/gcc/arm-none-eabi/4.9.3/armv6-m\libgcc.a(_aeabi_ldivmod.o)
 .bss           0x00000000        0x0 c:/program files (x86)/cypress/psoc creator/3.3/psoc creator/import/gnu/arm/4.9.3/bin/../lib/gcc/arm-none-eabi/4.9.3/armv6-m\libgcc.a(_aeabi_ldivmod.o)
 .text          0x00000000       0x54 c:/program files (x86)/cypress/psoc creator/3.3/psoc creator/import/gnu/arm/4.9.3/bin/../lib/gcc/arm-none-eabi/4.9.3/armv6-m\libgcc.a(_muldi3.o)
 .data          0x00000000        0x0 c:/program files (x86)/cypress/psoc creator/3.3/psoc creator/import/gnu/arm/4.9.3/bin/../lib/gcc/arm-none-eabi/4.9.3/armv6-m\libgcc.a(_muldi3.o)
 .bss           0x00000000        0x0 c:/program files (x86)/cypress/psoc creator/3.3/psoc creator/import/gnu/arm/4.9.3/bin/../lib/gcc/arm-none-eabi/4.9.3/armv6-m\libgcc.a(_muldi3.o)
 .text          0x00000000       0x6c c:/program files (x86)/cypress/psoc creator/3.3/psoc creator/import/gnu/arm/4.9.3/bin/../lib/gcc/arm-none-eabi/4.9.3/armv6-m\libgcc.a(bpabi.o)
 .data          0x00000000        0x0 c:/program files (x86)/cypress/psoc creator/3.3/psoc creator/import/gnu/arm/4.9.3/bin/../lib/gcc/arm-none-eabi/4.9.3/armv6-m\libgcc.a(bpabi.o)
 .bss           0x00000000        0x0 c:/program files (x86)/cypress/psoc creator/3.3/psoc creator/import/gnu/arm/4.9.3/bin/../lib/gcc/arm-none-eabi/4.9.3/armv6-m\libgcc.a(bpabi.o)
 .text          0x00000000      0x270 c:/program files (x86)/cypress/psoc creator/3.3/psoc creator/import/gnu/arm/4.9.3/bin/../lib/gcc/arm-none-eabi/4.9.3/armv6-m\libgcc.a(divsf3.o)
 .data          0x00000000        0x0 c:/program files (x86)/cypress/psoc creator/3.3/psoc creator/import/gnu/arm/4.9.3/bin/../lib/gcc/arm-none-eabi/4.9.3/armv6-m\libgcc.a(divsf3.o)
 .bss           0x00000000        0x0 c:/program files (x86)/cypress/psoc creator/3.3/psoc creator/import/gnu/arm/4.9.3/bin/../lib/gcc/arm-none-eabi/4.9.3/armv6-m\libgcc.a(divsf3.o)
 .rodata        0x00000000       0x80 c:/program files (x86)/cypress/psoc creator/3.3/psoc creator/import/gnu/arm/4.9.3/bin/../lib/gcc/arm-none-eabi/4.9.3/armv6-m\libgcc.a(divsf3.o)
 .text          0x00000000      0x264 c:/program files (x86)/cypress/psoc creator/3.3/psoc creator/import/gnu/arm/4.9.3/bin/../lib/gcc/arm-none-eabi/4.9.3/armv6-m\libgcc.a(mulsf3.o)
 .data          0x00000000        0x0 c:/program files (x86)/cypress/psoc creator/3.3/psoc creator/import/gnu/arm/4.9.3/bin/../lib/gcc/arm-none-eabi/4.9.3/armv6-m\libgcc.a(mulsf3.o)
 .bss           0x00000000        0x0 c:/program files (x86)/cypress/psoc creator/3.3/psoc creator/import/gnu/arm/4.9.3/bin/../lib/gcc/arm-none-eabi/4.9.3/armv6-m\libgcc.a(mulsf3.o)
 .rodata        0x00000000       0x40 c:/program files (x86)/cypress/psoc creator/3.3/psoc creator/import/gnu/arm/4.9.3/bin/../lib/gcc/arm-none-eabi/4.9.3/armv6-m\libgcc.a(mulsf3.o)
 .text          0x00000000       0x90 c:/program files (x86)/cypress/psoc creator/3.3/psoc creator/import/gnu/arm/4.9.3/bin/../lib/gcc/arm-none-eabi/4.9.3/armv6-m\libgcc.a(floatsisf.o)
 .data          0x00000000        0x0 c:/program files (x86)/cypress/psoc creator/3.3/psoc creator/import/gnu/arm/4.9.3/bin/../lib/gcc/arm-none-eabi/4.9.3/armv6-m\libgcc.a(floatsisf.o)
 .bss           0x00000000        0x0 c:/program files (x86)/cypress/psoc creator/3.3/psoc creator/import/gnu/arm/4.9.3/bin/../lib/gcc/arm-none-eabi/4.9.3/armv6-m\libgcc.a(floatsisf.o)
 .text          0x00000000       0x3c c:/program files (x86)/cypress/psoc creator/3.3/psoc creator/import/gnu/arm/4.9.3/bin/../lib/gcc/arm-none-eabi/4.9.3/armv6-m\libgcc.a(_clzsi2.o)
 .data          0x00000000        0x0 c:/program files (x86)/cypress/psoc creator/3.3/psoc creator/import/gnu/arm/4.9.3/bin/../lib/gcc/arm-none-eabi/4.9.3/armv6-m\libgcc.a(_clzsi2.o)
 .bss           0x00000000        0x0 c:/program files (x86)/cypress/psoc creator/3.3/psoc creator/import/gnu/arm/4.9.3/bin/../lib/gcc/arm-none-eabi/4.9.3/armv6-m\libgcc.a(_clzsi2.o)
 .text          0x00000000      0x1f0 c:/program files (x86)/cypress/psoc creator/3.3/psoc creator/import/gnu/arm/4.9.3/bin/../lib/gcc/arm-none-eabi/4.9.3/armv6-m\libgcc.a(_divdi3.o)
 .data          0x00000000        0x0 c:/program files (x86)/cypress/psoc creator/3.3/psoc creator/import/gnu/arm/4.9.3/bin/../lib/gcc/arm-none-eabi/4.9.3/armv6-m\libgcc.a(_divdi3.o)
 .bss           0x00000000        0x0 c:/program files (x86)/cypress/psoc creator/3.3/psoc creator/import/gnu/arm/4.9.3/bin/../lib/gcc/arm-none-eabi/4.9.3/armv6-m\libgcc.a(_divdi3.o)
 .ARM.extab     0x00000000        0x0 c:/program files (x86)/cypress/psoc creator/3.3/psoc creator/import/gnu/arm/4.9.3/bin/../lib/gcc/arm-none-eabi/4.9.3/armv6-m\libgcc.a(_divdi3.o)
 .ARM.exidx     0x00000000        0x8 c:/program files (x86)/cypress/psoc creator/3.3/psoc creator/import/gnu/arm/4.9.3/bin/../lib/gcc/arm-none-eabi/4.9.3/armv6-m\libgcc.a(_divdi3.o)
 .text          0x00000000      0x158 c:/program files (x86)/cypress/psoc creator/3.3/psoc creator/import/gnu/arm/4.9.3/bin/../lib/gcc/arm-none-eabi/4.9.3/armv6-m\libgcc.a(_udivdi3.o)
 .data          0x00000000        0x0 c:/program files (x86)/cypress/psoc creator/3.3/psoc creator/import/gnu/arm/4.9.3/bin/../lib/gcc/arm-none-eabi/4.9.3/armv6-m\libgcc.a(_udivdi3.o)
 .bss           0x00000000        0x0 c:/program files (x86)/cypress/psoc creator/3.3/psoc creator/import/gnu/arm/4.9.3/bin/../lib/gcc/arm-none-eabi/4.9.3/armv6-m\libgcc.a(_udivdi3.o)
 .ARM.extab     0x00000000        0x0 c:/program files (x86)/cypress/psoc creator/3.3/psoc creator/import/gnu/arm/4.9.3/bin/../lib/gcc/arm-none-eabi/4.9.3/armv6-m\libgcc.a(_udivdi3.o)
 .ARM.exidx     0x00000000        0x8 c:/program files (x86)/cypress/psoc creator/3.3/psoc creator/import/gnu/arm/4.9.3/bin/../lib/gcc/arm-none-eabi/4.9.3/armv6-m\libgcc.a(_udivdi3.o)
 .text          0x00000000       0x18 c:/program files (x86)/cypress/psoc creator/3.3/psoc creator/import/gnu/arm/4.9.3/bin/../lib/gcc/arm-none-eabi/4.9.3/armv6-m\libgcc.a(_clzdi2.o)
 .data          0x00000000        0x0 c:/program files (x86)/cypress/psoc creator/3.3/psoc creator/import/gnu/arm/4.9.3/bin/../lib/gcc/arm-none-eabi/4.9.3/armv6-m\libgcc.a(_clzdi2.o)
 .bss           0x00000000        0x0 c:/program files (x86)/cypress/psoc creator/3.3/psoc creator/import/gnu/arm/4.9.3/bin/../lib/gcc/arm-none-eabi/4.9.3/armv6-m\libgcc.a(_clzdi2.o)
 .text          0x00000000        0x0 c:/program files (x86)/cypress/psoc creator/3.3/psoc creator/import/gnu/arm/4.9.3/bin/../lib/gcc/arm-none-eabi/4.9.3/../../../../arm-none-eabi/lib/armv6-m\libg_nano.a(lib_a-errno.o)
 .data          0x00000000        0x0 c:/program files (x86)/cypress/psoc creator/3.3/psoc creator/import/gnu/arm/4.9.3/bin/../lib/gcc/arm-none-eabi/4.9.3/../../../../arm-none-eabi/lib/armv6-m\libg_nano.a(lib_a-errno.o)
 .bss           0x00000000        0x0 c:/program files (x86)/cypress/psoc creator/3.3/psoc creator/import/gnu/arm/4.9.3/bin/../lib/gcc/arm-none-eabi/4.9.3/../../../../arm-none-eabi/lib/armv6-m\libg_nano.a(lib_a-errno.o)
 .text.__errno  0x00000000        0xc c:/program files (x86)/cypress/psoc creator/3.3/psoc creator/import/gnu/arm/4.9.3/bin/../lib/gcc/arm-none-eabi/4.9.3/../../../../arm-none-eabi/lib/armv6-m\libg_nano.a(lib_a-errno.o)
 .text          0x00000000        0x0 c:/program files (x86)/cypress/psoc creator/3.3/psoc creator/import/gnu/arm/4.9.3/bin/../lib/gcc/arm-none-eabi/4.9.3/../../../../arm-none-eabi/lib/armv6-m\libg_nano.a(lib_a-exit.o)
 .data          0x00000000        0x0 c:/program files (x86)/cypress/psoc creator/3.3/psoc creator/import/gnu/arm/4.9.3/bin/../lib/gcc/arm-none-eabi/4.9.3/../../../../arm-none-eabi/lib/armv6-m\libg_nano.a(lib_a-exit.o)
 .bss           0x00000000        0x0 c:/program files (x86)/cypress/psoc creator/3.3/psoc creator/import/gnu/arm/4.9.3/bin/../lib/gcc/arm-none-eabi/4.9.3/../../../../arm-none-eabi/lib/armv6-m\libg_nano.a(lib_a-exit.o)
 .text.exit     0x00000000       0x2c c:/program files (x86)/cypress/psoc creator/3.3/psoc creator/import/gnu/arm/4.9.3/bin/../lib/gcc/arm-none-eabi/4.9.3/../../../../arm-none-eabi/lib/armv6-m\libg_nano.a(lib_a-exit.o)
 .text          0x00000000        0x0 c:/program files (x86)/cypress/psoc creator/3.3/psoc creator/import/gnu/arm/4.9.3/bin/../lib/gcc/arm-none-eabi/4.9.3/../../../../arm-none-eabi/lib/armv6-m\libg_nano.a(lib_a-impure.o)
 .data          0x00000000        0x0 c:/program files (x86)/cypress/psoc creator/3.3/psoc creator/import/gnu/arm/4.9.3/bin/../lib/gcc/arm-none-eabi/4.9.3/../../../../arm-none-eabi/lib/armv6-m\libg_nano.a(lib_a-impure.o)
 .bss           0x00000000        0x0 c:/program files (x86)/cypress/psoc creator/3.3/psoc creator/import/gnu/arm/4.9.3/bin/../lib/gcc/arm-none-eabi/4.9.3/../../../../arm-none-eabi/lib/armv6-m\libg_nano.a(lib_a-impure.o)
 .data.impure_data
                0x00000000       0x60 c:/program files (x86)/cypress/psoc creator/3.3/psoc creator/import/gnu/arm/4.9.3/bin/../lib/gcc/arm-none-eabi/4.9.3/../../../../arm-none-eabi/lib/armv6-m\libg_nano.a(lib_a-impure.o)
 .data._impure_ptr
                0x00000000        0x4 c:/program files (x86)/cypress/psoc creator/3.3/psoc creator/import/gnu/arm/4.9.3/bin/../lib/gcc/arm-none-eabi/4.9.3/../../../../arm-none-eabi/lib/armv6-m\libg_nano.a(lib_a-impure.o)
 .rodata.str1.1
                0x00000000        0x2 c:/program files (x86)/cypress/psoc creator/3.3/psoc creator/import/gnu/arm/4.9.3/bin/../lib/gcc/arm-none-eabi/4.9.3/../../../../arm-none-eabi/lib/armv6-m\libg_nano.a(lib_a-impure.o)
 .rodata._global_impure_ptr
                0x00000000        0x4 c:/program files (x86)/cypress/psoc creator/3.3/psoc creator/import/gnu/arm/4.9.3/bin/../lib/gcc/arm-none-eabi/4.9.3/../../../../arm-none-eabi/lib/armv6-m\libg_nano.a(lib_a-impure.o)
 .text          0x00000000        0x0 c:/program files (x86)/cypress/psoc creator/3.3/psoc creator/import/gnu/arm/4.9.3/bin/../lib/gcc/arm-none-eabi/4.9.3/../../../../arm-none-eabi/lib/armv6-m\libg_nano.a(lib_a-init.o)
 .data          0x00000000        0x0 c:/program files (x86)/cypress/psoc creator/3.3/psoc creator/import/gnu/arm/4.9.3/bin/../lib/gcc/arm-none-eabi/4.9.3/../../../../arm-none-eabi/lib/armv6-m\libg_nano.a(lib_a-init.o)
 .bss           0x00000000        0x0 c:/program files (x86)/cypress/psoc creator/3.3/psoc creator/import/gnu/arm/4.9.3/bin/../lib/gcc/arm-none-eabi/4.9.3/../../../../arm-none-eabi/lib/armv6-m\libg_nano.a(lib_a-init.o)
 .text          0x00000000        0x0 c:/program files (x86)/cypress/psoc creator/3.3/psoc creator/import/gnu/arm/4.9.3/bin/../lib/gcc/arm-none-eabi/4.9.3/../../../../arm-none-eabi/lib/armv6-m\libg_nano.a(lib_a-memcpy.o)
 .data          0x00000000        0x0 c:/program files (x86)/cypress/psoc creator/3.3/psoc creator/import/gnu/arm/4.9.3/bin/../lib/gcc/arm-none-eabi/4.9.3/../../../../arm-none-eabi/lib/armv6-m\libg_nano.a(lib_a-memcpy.o)
 .bss           0x00000000        0x0 c:/program files (x86)/cypress/psoc creator/3.3/psoc creator/import/gnu/arm/4.9.3/bin/../lib/gcc/arm-none-eabi/4.9.3/../../../../arm-none-eabi/lib/armv6-m\libg_nano.a(lib_a-memcpy.o)
 .text.memcpy   0x00000000       0x12 c:/program files (x86)/cypress/psoc creator/3.3/psoc creator/import/gnu/arm/4.9.3/bin/../lib/gcc/arm-none-eabi/4.9.3/../../../../arm-none-eabi/lib/armv6-m\libg_nano.a(lib_a-memcpy.o)
 .text          0x00000000        0x0 c:/program files (x86)/cypress/psoc creator/3.3/psoc creator/import/gnu/arm/4.9.3/bin/../lib/gcc/arm-none-eabi/4.9.3/../../../../arm-none-eabi/lib/armv6-m\libg_nano.a(lib_a-memset.o)
 .data          0x00000000        0x0 c:/program files (x86)/cypress/psoc creator/3.3/psoc creator/import/gnu/arm/4.9.3/bin/../lib/gcc/arm-none-eabi/4.9.3/../../../../arm-none-eabi/lib/armv6-m\libg_nano.a(lib_a-memset.o)
 .bss           0x00000000        0x0 c:/program files (x86)/cypress/psoc creator/3.3/psoc creator/import/gnu/arm/4.9.3/bin/../lib/gcc/arm-none-eabi/4.9.3/../../../../arm-none-eabi/lib/armv6-m\libg_nano.a(lib_a-memset.o)
 .text          0x00000000        0x0 c:/program files (x86)/cypress/psoc creator/3.3/psoc creator/import/gnu/arm/4.9.3/bin/../lib/gcc/arm-none-eabi/4.9.3/armv6-m/crtend.o
 .data          0x00000000        0x0 c:/program files (x86)/cypress/psoc creator/3.3/psoc creator/import/gnu/arm/4.9.3/bin/../lib/gcc/arm-none-eabi/4.9.3/armv6-m/crtend.o
 .bss           0x00000000        0x0 c:/program files (x86)/cypress/psoc creator/3.3/psoc creator/import/gnu/arm/4.9.3/bin/../lib/gcc/arm-none-eabi/4.9.3/armv6-m/crtend.o
 .text          0x00000000        0x0 c:/program files (x86)/cypress/psoc creator/3.3/psoc creator/import/gnu/arm/4.9.3/bin/../lib/gcc/arm-none-eabi/4.9.3/armv6-m/crtn.o
 .data          0x00000000        0x0 c:/program files (x86)/cypress/psoc creator/3.3/psoc creator/import/gnu/arm/4.9.3/bin/../lib/gcc/arm-none-eabi/4.9.3/armv6-m/crtn.o
 .bss           0x00000000        0x0 c:/program files (x86)/cypress/psoc creator/3.3/psoc creator/import/gnu/arm/4.9.3/bin/../lib/gcc/arm-none-eabi/4.9.3/armv6-m/crtn.o

Memory Configuration

Name             Origin             Length             Attributes
rom              0x00000000         0x00020000         xr
ram              0x20000000         0x00004000         xrw
*default*        0x00000000         0xffffffff

Linker script and memory map

LOAD c:/program files (x86)/cypress/psoc creator/3.3/psoc creator/import/gnu/arm/4.9.3/bin/../lib/gcc/arm-none-eabi/4.9.3/armv6-m/crti.o
LOAD c:/program files (x86)/cypress/psoc creator/3.3/psoc creator/import/gnu/arm/4.9.3/bin/../lib/gcc/arm-none-eabi/4.9.3/armv6-m/crtbegin.o
LOAD c:/program files (x86)/cypress/psoc creator/3.3/psoc creator/import/gnu/arm/4.9.3/bin/../lib/gcc/arm-none-eabi/4.9.3/../../../../arm-none-eabi/lib/armv6-m/crt0.o
START GROUP
LOAD .\CortexM0\ARM_GCC_493\Debug\main.o
LOAD .\CortexM0\ARM_GCC_493\Debug\cymetadata.o
LOAD .\CortexM0\ARM_GCC_493\Debug\Cm0Start.o
LOAD .\CortexM0\ARM_GCC_493\Debug\Blink.a
LOAD C:\Program Files (x86)\Cypress\PSoC Creator\3.3\PSoC Creator\psoc\content\cycomponentlibrary\CyComponentLibrary.cylib\CortexM0\ARM_GCC_493\Debug\CyComponentLibrary.a
END GROUP
START GROUP
LOAD c:/program files (x86)/cypress/psoc creator/3.3/psoc creator/import/gnu/arm/4.9.3/bin/../lib/gcc/arm-none-eabi/4.9.3/armv6-m\libgcc.a
LOAD c:/program files (x86)/cypress/psoc creator/3.3/psoc creator/import/gnu/arm/4.9.3/bin/../lib/gcc/arm-none-eabi/4.9.3/../../../../arm-none-eabi/lib/armv6-m\libg_nano.a
LOAD c:/program files (x86)/cypress/psoc creator/3.3/psoc creator/import/gnu/arm/4.9.3/bin/../lib/gcc/arm-none-eabi/4.9.3/../../../../arm-none-eabi/lib/armv6-m\libc_nano.a
END GROUP
START GROUP
LOAD c:/program files (x86)/cypress/psoc creator/3.3/psoc creator/import/gnu/arm/4.9.3/bin/../lib/gcc/arm-none-eabi/4.9.3/armv6-m\libgcc.a
LOAD c:/program files (x86)/cypress/psoc creator/3.3/psoc creator/import/gnu/arm/4.9.3/bin/../lib/gcc/arm-none-eabi/4.9.3/../../../../arm-none-eabi/lib/armv6-m\libc_nano.a
END GROUP
LOAD c:/program files (x86)/cypress/psoc creator/3.3/psoc creator/import/gnu/arm/4.9.3/bin/../lib/gcc/arm-none-eabi/4.9.3/armv6-m/crtend.o
LOAD c:/program files (x86)/cypress/psoc creator/3.3/psoc creator/import/gnu/arm/4.9.3/bin/../lib/gcc/arm-none-eabi/4.9.3/armv6-m/crtn.o
START GROUP
LOAD c:/program files (x86)/cypress/psoc creator/3.3/psoc creator/import/gnu/arm/4.9.3/bin/../lib/gcc/arm-none-eabi/4.9.3/armv6-m\libgcc.a
LOAD c:/program files (x86)/cypress/psoc creator/3.3/psoc creator/import/gnu/arm/4.9.3/bin/../lib/gcc/arm-none-eabi/4.9.3/../../../../arm-none-eabi/lib/armv6-m\libc.a
LOAD c:/program files (x86)/cypress/psoc creator/3.3/psoc creator/import/gnu/arm/4.9.3/bin/../lib/gcc/arm-none-eabi/4.9.3/../../../../arm-none-eabi/lib/armv6-m\libnosys.a
END GROUP
                0x00000000                CY_APPL_ORIGIN = 0x0
                0x00000080                CY_FLASH_ROW_SIZE = 0x80
                0x00000001                CY_APPL_NUM = 0x1
                0x00000001                CY_APPL_MAX = 0x1
                0x00000040                CY_METADATA_SIZE = 0x40
                0x00000000                CY_APPL_LOADABLE = 0x0
                0x00000000                CY_CHECKSUM_EXCLUDE_SIZE = ALIGN (0x0, CY_FLASH_ROW_SIZE)
                0x00000000                CY_APP_FOR_STACK_AND_COPIER = 0x0
                0x20000148                PROVIDE (__cy_heap_start, _end)
                0x00000001                PROVIDE (__cy_region_num, ((__cy_regions_end - __cy_regions) / 0x10))
                0x20004000                PROVIDE (__cy_stack, (ORIGIN (ram) + 0x4000))
                0x20003800                PROVIDE (__cy_heap_end, (__cy_stack - 0x800))

.cybootloader   0x00000000        0x0
 *(.cybootloader)
                0x00000000                appl1_start = CY_APPL_ORIGIN?CY_APPL_ORIGIN:ALIGN (CY_FLASH_ROW_SIZE)
                0x0000ff80                appl2_start = (appl1_start + ALIGN ((((0x20000 - appl1_start) - (0x2 * CY_FLASH_ROW_SIZE)) / 0x2), CY_FLASH_ROW_SIZE))
                0x00000000                appl_start = (CY_APPL_NUM == 0x1)?appl1_start:appl2_start
                0x00000001                cy_project_type_bootloader = (appl_start == 0x0)?0x1:0x0
                0x00000000                cy_project_type_app_for_stack_and_copier = (CY_APP_FOR_STACK_AND_COPIER == 0x1)?0x1:0x0

.text           0x00000000      0xa90
 CREATE_OBJECT_SYMBOLS
                0x00000000                PROVIDE (__cy_interrupt_vector, RomVectors)
 *(.romvectors)
 .romvectors    0x00000000       0x10 .\CortexM0\ARM_GCC_493\Debug\Cm0Start.o
                0x00000000                RomVectors
                0x00000001                ASSERT ((. != __cy_interrupt_vector), No interrupt vector)
                0x00000001                ASSERT (CY_APPL_ORIGIN?(SIZEOF (.cybootloader) <= CY_APPL_ORIGIN):0x1, Wrong image location)
                0x00000010                PROVIDE (__cy_reset, Reset)
 *(.text.Reset)
 .text.Reset    0x00000010        0x8 .\CortexM0\ARM_GCC_493\Debug\Cm0Start.o
                0x00000010                Reset
                0x00000001                ASSERT ((. != __cy_reset), No reset code)
 *(.psocinit)
 .psocinit      0x00000018      0x12c .\CortexM0\ARM_GCC_493\Debug\Blink.a(cyfitter_cfg.o)
                0x00000094                cyfitter_cfg
                0x00000144                . = MAX (., 0x100)
 *(.text .text.* .gnu.linkonce.t.*)
 .text          0x00000144       0x60 c:/program files (x86)/cypress/psoc creator/3.3/psoc creator/import/gnu/arm/4.9.3/bin/../lib/gcc/arm-none-eabi/4.9.3/armv6-m/crtbegin.o
 .text.main     0x000001a4       0xac .\CortexM0\ARM_GCC_493\Debug\main.o
                0x000001a4                main
 .text.IntDefaultHandler
                0x00000250        0x4 .\CortexM0\ARM_GCC_493\Debug\Cm0Start.o
                0x00000250                IntDefaultHandler
 .text.Start_c  0x00000254       0x48 .\CortexM0\ARM_GCC_493\Debug\Cm0Start.o
                0x00000254                Start_c
 .text.initialize_psoc
                0x0000029c       0x54 .\CortexM0\ARM_GCC_493\Debug\Cm0Start.o
                0x0000029c                initialize_psoc
 .text.AnalogSetDefault
                0x000002f0       0x2c .\CortexM0\ARM_GCC_493\Debug\Blink.a(cyfitter_cfg.o)
 .text.CYMEMZERO
                0x0000031c        0xc .\CortexM0\ARM_GCC_493\Debug\Blink.a(cyfitter_cfg.o)
 .text.MUX_DisconnectAll
                0x00000328       0x24 .\CortexM0\ARM_GCC_493\Debug\Blink.a(cyfitter_cfg.o)
                0x00000328                MUX_DisconnectAll
 .text.MUX_Next
                0x0000034c       0x64 .\CortexM0\ARM_GCC_493\Debug\Blink.a(cyfitter_cfg.o)
                0x0000034c                MUX_Next
 .text.LED_1_Write
                0x000003b0       0x18 .\CortexM0\ARM_GCC_493\Debug\Blink.a(LED_1.o)
                0x000003b0                LED_1_Write
 .text.LED_2_Write
                0x000003c8       0x18 .\CortexM0\ARM_GCC_493\Debug\Blink.a(LED_2.o)
                0x000003c8                LED_2_Write
 .text.LED_3_Write
                0x000003e0       0x18 .\CortexM0\ARM_GCC_493\Debug\Blink.a(LED_3.o)
                0x000003e0                LED_3_Write
 .text.LED_4_Write
                0x000003f8       0x18 .\CortexM0\ARM_GCC_493\Debug\Blink.a(LED_4.o)
                0x000003f8                LED_4_Write
 .text.CySysClkImoDisableWcoLock
                0x00000410       0x14 .\CortexM0\ARM_GCC_493\Debug\Blink.a(CyLib.o)
                0x00000410                CySysClkImoDisableWcoLock
 .text.CySysClkImoGetWcoLock
                0x00000424       0x14 .\CortexM0\ARM_GCC_493\Debug\Blink.a(CyLib.o)
                0x00000424                CySysClkImoGetWcoLock
 .text.CyIntEnable
                0x00000438       0x14 .\CortexM0\ARM_GCC_493\Debug\Blink.a(CyLib.o)
                0x00000438                CyIntEnable
 .text.CyHalt   0x0000044c        0x4 .\CortexM0\ARM_GCC_493\Debug\Blink.a(CyLib.o)
                0x0000044c                CyHalt
 .text.CyIntSetVector
                0x00000450       0x24 .\CortexM0\ARM_GCC_493\Debug\Blink.a(CyLib.o)
                0x00000450                CyIntSetVector
 .text.CyIntSetPriority
                0x00000474       0x4c .\CortexM0\ARM_GCC_493\Debug\Blink.a(CyLib.o)
                0x00000474                CyIntSetPriority
 .text.CyDelay  0x000004c0       0x30 .\CortexM0\ARM_GCC_493\Debug\Blink.a(CyLib.o)
                0x000004c0                CyDelay
 .text.CySysClkImoEnableWcoLock
                0x000004f0       0xe8 .\CortexM0\ARM_GCC_493\Debug\Blink.a(CyLib.o)
                0x000004f0                CySysClkImoEnableWcoLock
 .text.CySysClkWriteImoFreq
                0x000005d8       0x80 .\CortexM0\ARM_GCC_493\Debug\Blink.a(CyLib.o)
                0x000005d8                CySysClkWriteImoFreq
 .text.CyDelayUs
                0x00000658       0x14 .\CortexM0\ARM_GCC_493\Debug\Blink.a(CyLib.o)
                0x00000658                CyDelayUs
 .text.CySysWdtLocked
                0x0000066c       0x14 .\CortexM0\ARM_GCC_493\Debug\Blink.a(CyLFClk.o)
 .text.CySysClkWcoEnabled
                0x00000680       0x14 .\CortexM0\ARM_GCC_493\Debug\Blink.a(CyLFClk.o)
                0x00000680                CySysClkWcoEnabled
 .text.CySysWdtLock
                0x00000694       0x1c .\CortexM0\ARM_GCC_493\Debug\Blink.a(CyLFClk.o)
                0x00000694                CySysWdtLock
 .text.CySysWdtUnlock
                0x000006b0       0x30 .\CortexM0\ARM_GCC_493\Debug\Blink.a(CyLFClk.o)
                0x000006b0                CySysWdtUnlock
 .text.CySysWdtClearInterrupt
                0x000006e0       0x4c .\CortexM0\ARM_GCC_493\Debug\Blink.a(CyLFClk.o)
                0x000006e0                CySysWdtClearInterrupt
 .text.CySysWdtIsr
                0x0000072c       0xa4 .\CortexM0\ARM_GCC_493\Debug\Blink.a(CyLFClk.o)
                0x0000072c                CySysWdtIsr
 .text.SENSORES_Init
                0x000007d0       0xf8 .\CortexM0\ARM_GCC_493\Debug\Blink.a(SENSORES.o)
                0x000007d0                SENSORES_Init
 .text.SENSORES_Enable
                0x000008c8       0x30 .\CortexM0\ARM_GCC_493\Debug\Blink.a(SENSORES.o)
                0x000008c8                SENSORES_Enable
 .text.SENSORES_Start
                0x000008f8       0x20 .\CortexM0\ARM_GCC_493\Debug\Blink.a(SENSORES.o)
                0x000008f8                SENSORES_Start
 .text.SENSORES_StartConvert
                0x00000918       0x14 .\CortexM0\ARM_GCC_493\Debug\Blink.a(SENSORES.o)
                0x00000918                SENSORES_StartConvert
 .text.SENSORES_StopConvert
                0x0000092c       0x14 .\CortexM0\ARM_GCC_493\Debug\Blink.a(SENSORES.o)
                0x0000092c                SENSORES_StopConvert
 .text.SENSORES_IsEndConversion
                0x00000940       0x28 .\CortexM0\ARM_GCC_493\Debug\Blink.a(SENSORES.o)
                0x00000940                SENSORES_IsEndConversion
 .text.SENSORES_GetResult16
                0x00000968       0x2c .\CortexM0\ARM_GCC_493\Debug\Blink.a(SENSORES.o)
                0x00000968                SENSORES_GetResult16
 .text.SENSORES_ISR
                0x00000994        0xc .\CortexM0\ARM_GCC_493\Debug\Blink.a(SENSORES_INT.o)
                0x00000994                SENSORES_ISR
 .text.MUX_Start
                0x000009a0       0x14 .\CortexM0\ARM_GCC_493\Debug\Blink.a(MUX.o)
                0x000009a0                MUX_Start
 .text.MUX_GetChannel
                0x000009b4        0xc .\CortexM0\ARM_GCC_493\Debug\Blink.a(MUX.o)
                0x000009b4                MUX_GetChannel
 .text          0x000009c0       0x20 .\CortexM0\ARM_GCC_493\Debug\Blink.a(CyBootAsmGnu.o)
                0x000009c0                CyDelayCycles
                0x000009d2                CyEnterCriticalSection
                0x000009da                CyExitCriticalSection
 .text.CySysFlashSetWaitCycles
                0x000009e0       0x54 .\CortexM0\ARM_GCC_493\Debug\Blink.a(CyFlash.o)
                0x000009e0                CySysFlashSetWaitCycles
 .text.__libc_init_array
                0x00000a34       0x4c c:/program files (x86)/cypress/psoc creator/3.3/psoc creator/import/gnu/arm/4.9.3/bin/../lib/gcc/arm-none-eabi/4.9.3/../../../../arm-none-eabi/lib/armv6-m\libg_nano.a(lib_a-init.o)
                0x00000a34                __libc_init_array
 .text.memset   0x00000a80       0x10 c:/program files (x86)/cypress/psoc creator/3.3/psoc creator/import/gnu/arm/4.9.3/bin/../lib/gcc/arm-none-eabi/4.9.3/../../../../arm-none-eabi/lib/armv6-m\libg_nano.a(lib_a-memset.o)
                0x00000a80                memset
 *(.plt)
 *(.gnu.warning)
 *(.glue_7t)
 .glue_7t       0x00000000        0x0 linker stubs
 *(.glue_7)
 .glue_7        0x00000000        0x0 linker stubs
 *(.vfp11_veneer)
 .vfp11_veneer  0x00000000        0x0 linker stubs
 *(.bootloader)
 *(.ARM.extab* .gnu.linkonce.armextab.*)
 *(.gcc_except_table)

.v4_bx          0x00000a90        0x0
 .v4_bx         0x00000000        0x0 linker stubs

.iplt           0x00000a90        0x0
 .iplt          0x00000000        0x0 c:/program files (x86)/cypress/psoc creator/3.3/psoc creator/import/gnu/arm/4.9.3/bin/../lib/gcc/arm-none-eabi/4.9.3/armv6-m/crtbegin.o

.eh_frame_hdr
 *(.eh_frame_hdr)

.eh_frame       0x00000a90        0x4
 *(.eh_frame)
 .eh_frame      0x00000a90        0x0 c:/program files (x86)/cypress/psoc creator/3.3/psoc creator/import/gnu/arm/4.9.3/bin/../lib/gcc/arm-none-eabi/4.9.3/armv6-m/crtbegin.o
 .eh_frame      0x00000a90        0x4 c:/program files (x86)/cypress/psoc creator/3.3/psoc creator/import/gnu/arm/4.9.3/bin/../lib/gcc/arm-none-eabi/4.9.3/armv6-m/crtend.o
                0x00000a94                PROVIDE (__exidx_start, .)

.ARM.exidx
 *(.ARM.exidx* .gnu.linkonce.armexidx.*)
                0x00000a94                __exidx_end = .

.rodata         0x00000a94       0xac
 *(.rodata .rodata.* .gnu.linkonce.r.*)
 .rodata        0x00000a94       0x2c .\CortexM0\ARM_GCC_493\Debug\Blink.a(cyfitter_cfg.o)
 .rodata        0x00000ac0       0x48 .\CortexM0\ARM_GCC_493\Debug\Blink.a(CyLib.o)
                0x00000ac0                cyImoFreqMhz2Reg
                0x00000af0                cyImoFreqMhz2DpllOffset
                0x00000b08                . = ALIGN (0x4)
 *(.init)
 .init          0x00000b08        0x4 c:/program files (x86)/cypress/psoc creator/3.3/psoc creator/import/gnu/arm/4.9.3/bin/../lib/gcc/arm-none-eabi/4.9.3/armv6-m/crti.o
                0x00000b08                _init
 .init          0x00000b0c        0x8 c:/program files (x86)/cypress/psoc creator/3.3/psoc creator/import/gnu/arm/4.9.3/bin/../lib/gcc/arm-none-eabi/4.9.3/armv6-m/crtn.o
                0x00000b14                . = ALIGN (0x4)
                0x00000b14                __preinit_array_start = .
 *(.preinit_array)
                0x00000b14                __preinit_array_end = .
                0x00000b14                . = ALIGN (0x4)
                0x00000b14                __init_array_start = .
 *(SORT(.init_array.*))
 *(.init_array)
 .init_array    0x00000b14        0x4 c:/program files (x86)/cypress/psoc creator/3.3/psoc creator/import/gnu/arm/4.9.3/bin/../lib/gcc/arm-none-eabi/4.9.3/armv6-m/crtbegin.o
 .init_array    0x00000b18        0x4 .\CortexM0\ARM_GCC_493\Debug\Cm0Start.o
                0x00000b1c                __init_array_end = .
                0x00000b1c                . = ALIGN (0x4)
 *(.fini)
 .fini          0x00000b1c        0x4 c:/program files (x86)/cypress/psoc creator/3.3/psoc creator/import/gnu/arm/4.9.3/bin/../lib/gcc/arm-none-eabi/4.9.3/armv6-m/crti.o
                0x00000b1c                _fini
 .fini          0x00000b20        0x8 c:/program files (x86)/cypress/psoc creator/3.3/psoc creator/import/gnu/arm/4.9.3/bin/../lib/gcc/arm-none-eabi/4.9.3/armv6-m/crtn.o
                0x00000b28                . = ALIGN (0x4)
                0x00000b28                __fini_array_start = .
 *(.fini_array)
 .fini_array    0x00000b28        0x4 c:/program files (x86)/cypress/psoc creator/3.3/psoc creator/import/gnu/arm/4.9.3/bin/../lib/gcc/arm-none-eabi/4.9.3/armv6-m/crtbegin.o
 *(SORT(.fini_array.*))
                0x00000b2c                __fini_array_end = .
                0x00000b2c                . = ALIGN (0x4)
 *crtbegin.o(.ctors)
 *(EXCLUDE_FILE(*crtend.o) .ctors)
 *(SORT(.ctors.*))
 *crtend.o(.ctors)
                0x00000b2c                . = ALIGN (0x4)
 *crtbegin.o(.dtors)
 *(EXCLUDE_FILE(*crtend.o) .dtors)
 *(SORT(.dtors.*))
 *crtend.o(.dtors)
                0x00000b2c                . = ALIGN (0x4)
                0x00000b2c                __cy_regions = .
                0x00000b2c        0x4 LONG 0xb40 __cy_region_init_ram
                0x00000b30        0x4 LONG 0x200000c8 __cy_region_start_data
                0x00000b34        0x4 LONG 0x20 __cy_region_init_size_ram
                0x00000b38        0x4 LONG 0x60 __cy_region_zero_size_ram
                0x00000b3c                __cy_regions_end = .
                0x00000b40                . = ALIGN (0x8)
 *fill*         0x00000b3c        0x4 
                0x00000b40                _etext = .

.cy_checksum_exclude
                0x00000b40        0x0
 *(.cy_checksum_exclude)

.ramvectors     0x20000000       0xc0
                0x20000000                __cy_region_start_ram = .
 *(.ramvectors)
 .ramvectors    0x20000000       0xc0 .\CortexM0\ARM_GCC_493\Debug\Cm0Start.o
                0x20000000                CyRamVectors

.noinit         0x200000c0        0x4
 *(.noinit)
 .noinit        0x200000c0        0x4 .\CortexM0\ARM_GCC_493\Debug\Cm0Start.o

.data           0x200000c8       0x20 load address 0x00000b40
                0x200000c8                __cy_region_start_data = .
 *(.jcr)
 .jcr           0x200000c8        0x0 c:/program files (x86)/cypress/psoc creator/3.3/psoc creator/import/gnu/arm/4.9.3/bin/../lib/gcc/arm-none-eabi/4.9.3/armv6-m/crtbegin.o
 .jcr           0x200000c8        0x4 c:/program files (x86)/cypress/psoc creator/3.3/psoc creator/import/gnu/arm/4.9.3/bin/../lib/gcc/arm-none-eabi/4.9.3/armv6-m/crtend.o
 *(.got.plt)
 *(.got)
 *(.shdata)
 *(.data .data.* .gnu.linkonce.d.*)
 .data          0x200000cc        0x1 .\CortexM0\ARM_GCC_493\Debug\Blink.a(cyfitter_cfg.o)
                0x200000cc                MUX_curChannel
 *fill*         0x200000cd        0x3 
 .data          0x200000d0       0x10 .\CortexM0\ARM_GCC_493\Debug\Blink.a(CyLib.o)
                0x200000d0                cydelay32kMs
                0x200000d4                cydelayFreqKhz
                0x200000d8                cydelayFreqMhz
                0x200000dc                cydelayFreqHz
 .data          0x200000e0        0x8 .\CortexM0\ARM_GCC_493\Debug\Blink.a(CyLFClk.o)
                0x200000e8                . = ALIGN (0x8)
 *(.ram)
                0x200000e8                _edata = .

.igot.plt       0x200000e8        0x0 load address 0x00000b60
 .igot.plt      0x00000000        0x0 c:/program files (x86)/cypress/psoc creator/3.3/psoc creator/import/gnu/arm/4.9.3/bin/../lib/gcc/arm-none-eabi/4.9.3/armv6-m/crtbegin.o

.bss            0x200000e8       0x60 load address 0x00000b60
                0x200000e8                PROVIDE (__bss_start__, .)
 *(.shbss)
 *(.bss .bss.* .gnu.linkonce.b.*)
 .bss           0x200000e8       0x1c c:/program files (x86)/cypress/psoc creator/3.3/psoc creator/import/gnu/arm/4.9.3/bin/../lib/gcc/arm-none-eabi/4.9.3/armv6-m/crtbegin.o
 .bss           0x20000104       0x28 .\CortexM0\ARM_GCC_493\Debug\Blink.a(CyLFClk.o)
 .bss           0x2000012c        0x1 .\CortexM0\ARM_GCC_493\Debug\Blink.a(SENSORES.o)
                0x2000012c                SENSORES_initVar
 .bss           0x2000012d        0x1 .\CortexM0\ARM_GCC_493\Debug\Blink.a(MUX.o)
                0x2000012d                MUX_initVar
 *(COMMON)
 *fill*         0x2000012e        0x2 
 COMMON         0x20000130       0x10 .\CortexM0\ARM_GCC_493\Debug\main.o
                0x20000130                RESULT
 COMMON         0x20000140        0x8 .\CortexM0\ARM_GCC_493\Debug\Blink.a(SENSORES.o)
                0x20000140                SENSORES_offset
                0x20000144                SENSORES_countsPer10Volt
                0x20000148                . = ALIGN (0x8)
 *(.ram.b)
                0x20000148                _end = .
                0x20000148                __end = .
                0x20000148                PROVIDE (end, .)
                0x20000148                PROVIDE (__bss_end__, .)
                0x00000b40                __cy_region_init_ram = LOADADDR (.data)
                0x00000020                __cy_region_init_size_ram = (_edata - ADDR (.data))
                0x00000060                __cy_region_zero_size_ram = (_end - _edata)

.heap           0x20000148       0x80 load address 0x00000b60
                0x20000148                . = _end
                0x200001c8                . = (. + 0x80)
 *fill*         0x20000148       0x80 
                0x200001c8                __cy_heap_limit = .

.stack          0x20003800      0x800
                0x20003800                __cy_stack_limit = .
                0x20004000                . = (. + 0x800)
 *fill*         0x20003800      0x800 
                0x00000001                ASSERT ((__cy_stack_limit >= __cy_heap_limit), region RAM overflowed with stack)
                0x00000000                cy_checksum_exclude_size = (CY_APPL_LOADABLE == 0x1)?SIZEOF (.cy_checksum_exclude):0x0
                0x00000001                ASSERT ((cy_checksum_exclude_size <= CY_CHECKSUM_EXCLUDE_SIZE), CY_BOOT: Section .cy_checksum_exclude size exceedes specified limit.)
                0x0001ffc0                cyloadermeta_start = (cy_project_type_bootloader || cy_project_type_app_for_stack_and_copier)?(0x20000 - CY_METADATA_SIZE):0xf0000000

.cyloadermeta
 *(.cyloadermeta)
                0x0001ffc0                cyloadablemeta_start = cy_project_type_app_for_stack_and_copier?((0x20000 - CY_FLASH_ROW_SIZE) - CY_METADATA_SIZE):((0x20000 - (CY_FLASH_ROW_SIZE * (CY_APPL_NUM - 0x1))) - CY_METADATA_SIZE)

.cyloadablemeta
 *(.cyloadablemeta)

.cyflashprotect
                0x90400000       0x80
 *(.cyflashprotect)
 .cyflashprotect
                0x90400000       0x80 .\CortexM0\ARM_GCC_493\Debug\cymetadata.o
                0x90400000                cy_meta_flashprotect

.cymeta         0x90500000        0xc
 *(.cymeta)
 .cymeta        0x90500000        0xc .\CortexM0\ARM_GCC_493\Debug\cymetadata.o
                0x90500000                cy_metadata

.cychipprotect  0x90600000        0x4
 *(.cychipprotect)
 .cychipprotect
                0x90600000        0x4 .\CortexM0\ARM_GCC_493\Debug\cymetadata.o
                0x90600000                cy_meta_chipprotect

.rel.dyn        0x00000b60        0x0 load address 0x90600004
 .rel.iplt      0x00000000        0x0 c:/program files (x86)/cypress/psoc creator/3.3/psoc creator/import/gnu/arm/4.9.3/bin/../lib/gcc/arm-none-eabi/4.9.3/armv6-m/crtbegin.o

.stab
 *(.stab)

.stabstr
 *(.stabstr)

.debug
 *(.debug)

.line
 *(.line)

.debug_srcinfo
 *(.debug_srcinfo)

.debug_sfnames
 *(.debug_sfnames)

.debug_aranges  0x00000000      0x690
 *(.debug_aranges)
 .debug_aranges
                0x00000000       0x20 .\CortexM0\ARM_GCC_493\Debug\main.o
 .debug_aranges
                0x00000020       0x18 .\CortexM0\ARM_GCC_493\Debug\cymetadata.o
 .debug_aranges
                0x00000038       0x48 .\CortexM0\ARM_GCC_493\Debug\Cm0Start.o
 .debug_aranges
                0x00000080       0x50 .\CortexM0\ARM_GCC_493\Debug\Blink.a(cyfitter_cfg.o)
 .debug_aranges
                0x000000d0       0x48 .\CortexM0\ARM_GCC_493\Debug\Blink.a(LED_1.o)
 .debug_aranges
                0x00000118       0x48 .\CortexM0\ARM_GCC_493\Debug\Blink.a(LED_2.o)
 .debug_aranges
                0x00000160       0x48 .\CortexM0\ARM_GCC_493\Debug\Blink.a(LED_3.o)
 .debug_aranges
                0x000001a8       0x48 .\CortexM0\ARM_GCC_493\Debug\Blink.a(LED_4.o)
 .debug_aranges
                0x000001f0      0x1b8 .\CortexM0\ARM_GCC_493\Debug\Blink.a(CyLib.o)
 .debug_aranges
                0x000003a8      0x188 .\CortexM0\ARM_GCC_493\Debug\Blink.a(CyLFClk.o)
 .debug_aranges
                0x00000530       0xa8 .\CortexM0\ARM_GCC_493\Debug\Blink.a(SENSORES.o)
 .debug_aranges
                0x000005d8       0x20 .\CortexM0\ARM_GCC_493\Debug\Blink.a(SENSORES_INT.o)
 .debug_aranges
                0x000005f8       0x38 .\CortexM0\ARM_GCC_493\Debug\Blink.a(MUX.o)
 .debug_aranges
                0x00000630       0x20 .\CortexM0\ARM_GCC_493\Debug\Blink.a(CyBootAsmGnu.o)
 .debug_aranges
                0x00000650       0x40 .\CortexM0\ARM_GCC_493\Debug\Blink.a(CyFlash.o)

.debug_pubnames
 *(.debug_pubnames)

.debug_info     0x00000000     0x39b1
 *(.debug_info .gnu.linkonce.wi.*)
 .debug_info    0x00000000      0x29d .\CortexM0\ARM_GCC_493\Debug\main.o
 .debug_info    0x0000029d       0xfe .\CortexM0\ARM_GCC_493\Debug\cymetadata.o
 .debug_info    0x0000039b      0x38c .\CortexM0\ARM_GCC_493\Debug\Cm0Start.o
 .debug_info    0x00000727      0x327 .\CortexM0\ARM_GCC_493\Debug\Blink.a(cyfitter_cfg.o)
 .debug_info    0x00000a4e      0x19b .\CortexM0\ARM_GCC_493\Debug\Blink.a(LED_1.o)
 .debug_info    0x00000be9      0x19d .\CortexM0\ARM_GCC_493\Debug\Blink.a(LED_2.o)
 .debug_info    0x00000d86      0x19d .\CortexM0\ARM_GCC_493\Debug\Blink.a(LED_3.o)
 .debug_info    0x00000f23      0x19d .\CortexM0\ARM_GCC_493\Debug\Blink.a(LED_4.o)
 .debug_info    0x000010c0      0xcf4 .\CortexM0\ARM_GCC_493\Debug\Blink.a(CyLib.o)
 .debug_info    0x00001db4     0x1056 .\CortexM0\ARM_GCC_493\Debug\Blink.a(CyLFClk.o)
 .debug_info    0x00002e0a      0x598 .\CortexM0\ARM_GCC_493\Debug\Blink.a(SENSORES.o)
 .debug_info    0x000033a2       0xc4 .\CortexM0\ARM_GCC_493\Debug\Blink.a(SENSORES_INT.o)
 .debug_info    0x00003466      0x12e .\CortexM0\ARM_GCC_493\Debug\Blink.a(MUX.o)
 .debug_info    0x00003594       0xaf .\CortexM0\ARM_GCC_493\Debug\Blink.a(CyBootAsmGnu.o)
 .debug_info    0x00003643      0x36e .\CortexM0\ARM_GCC_493\Debug\Blink.a(CyFlash.o)

.debug_abbrev   0x00000000     0x11d8
 *(.debug_abbrev)
 .debug_abbrev  0x00000000       0xfc .\CortexM0\ARM_GCC_493\Debug\main.o
 .debug_abbrev  0x000000fc       0x5d .\CortexM0\ARM_GCC_493\Debug\cymetadata.o
 .debug_abbrev  0x00000159      0x1fe .\CortexM0\ARM_GCC_493\Debug\Cm0Start.o
 .debug_abbrev  0x00000357      0x203 .\CortexM0\ARM_GCC_493\Debug\Blink.a(cyfitter_cfg.o)
 .debug_abbrev  0x0000055a       0xc8 .\CortexM0\ARM_GCC_493\Debug\Blink.a(LED_1.o)
 .debug_abbrev  0x00000622       0xc8 .\CortexM0\ARM_GCC_493\Debug\Blink.a(LED_2.o)
 .debug_abbrev  0x000006ea       0xc8 .\CortexM0\ARM_GCC_493\Debug\Blink.a(LED_3.o)
 .debug_abbrev  0x000007b2       0xc8 .\CortexM0\ARM_GCC_493\Debug\Blink.a(LED_4.o)
 .debug_abbrev  0x0000087a      0x245 .\CortexM0\ARM_GCC_493\Debug\Blink.a(CyLib.o)
 .debug_abbrev  0x00000abf      0x273 .\CortexM0\ARM_GCC_493\Debug\Blink.a(CyLFClk.o)
 .debug_abbrev  0x00000d32      0x1c3 .\CortexM0\ARM_GCC_493\Debug\Blink.a(SENSORES.o)
 .debug_abbrev  0x00000ef5       0x65 .\CortexM0\ARM_GCC_493\Debug\Blink.a(SENSORES_INT.o)
 .debug_abbrev  0x00000f5a       0xa9 .\CortexM0\ARM_GCC_493\Debug\Blink.a(MUX.o)
 .debug_abbrev  0x00001003       0x14 .\CortexM0\ARM_GCC_493\Debug\Blink.a(CyBootAsmGnu.o)
 .debug_abbrev  0x00001017      0x1c1 .\CortexM0\ARM_GCC_493\Debug\Blink.a(CyFlash.o)

.debug_line     0x00000000     0x1862
 *(.debug_line)
 .debug_line    0x00000000       0xe0 .\CortexM0\ARM_GCC_493\Debug\main.o
 .debug_line    0x000000e0       0x53 .\CortexM0\ARM_GCC_493\Debug\cymetadata.o
 .debug_line    0x00000133      0x249 .\CortexM0\ARM_GCC_493\Debug\Cm0Start.o
 .debug_line    0x0000037c      0x198 .\CortexM0\ARM_GCC_493\Debug\Blink.a(cyfitter_cfg.o)
 .debug_line    0x00000514       0xbe .\CortexM0\ARM_GCC_493\Debug\Blink.a(LED_1.o)
 .debug_line    0x000005d2       0xbf .\CortexM0\ARM_GCC_493\Debug\Blink.a(LED_2.o)
 .debug_line    0x00000691       0xbf .\CortexM0\ARM_GCC_493\Debug\Blink.a(LED_3.o)
 .debug_line    0x00000750       0xbf .\CortexM0\ARM_GCC_493\Debug\Blink.a(LED_4.o)
 .debug_line    0x0000080f      0x51b .\CortexM0\ARM_GCC_493\Debug\Blink.a(CyLib.o)
 .debug_line    0x00000d2a      0x5d4 .\CortexM0\ARM_GCC_493\Debug\Blink.a(CyLFClk.o)
 .debug_line    0x000012fe      0x277 .\CortexM0\ARM_GCC_493\Debug\Blink.a(SENSORES.o)
 .debug_line    0x00001575       0x69 .\CortexM0\ARM_GCC_493\Debug\Blink.a(SENSORES_INT.o)
 .debug_line    0x000015de       0xa5 .\CortexM0\ARM_GCC_493\Debug\Blink.a(MUX.o)
 .debug_line    0x00001683       0x6a .\CortexM0\ARM_GCC_493\Debug\Blink.a(CyBootAsmGnu.o)
 .debug_line    0x000016ed      0x175 .\CortexM0\ARM_GCC_493\Debug\Blink.a(CyFlash.o)

.debug_frame    0x00000000     0x11bc
 *(.debug_frame)
 .debug_frame   0x00000000       0x2c .\CortexM0\ARM_GCC_493\Debug\main.o
 .debug_frame   0x0000002c       0xb0 .\CortexM0\ARM_GCC_493\Debug\Cm0Start.o
 .debug_frame   0x000000dc       0xa4 .\CortexM0\ARM_GCC_493\Debug\Blink.a(cyfitter_cfg.o)
 .debug_frame   0x00000180       0x70 .\CortexM0\ARM_GCC_493\Debug\Blink.a(LED_1.o)
 .debug_frame   0x000001f0       0x70 .\CortexM0\ARM_GCC_493\Debug\Blink.a(LED_2.o)
 .debug_frame   0x00000260       0x70 .\CortexM0\ARM_GCC_493\Debug\Blink.a(LED_3.o)
 .debug_frame   0x000002d0       0x70 .\CortexM0\ARM_GCC_493\Debug\Blink.a(LED_4.o)
 .debug_frame   0x00000340      0x468 .\CortexM0\ARM_GCC_493\Debug\Blink.a(CyLib.o)
 .debug_frame   0x000007a8      0x4a4 .\CortexM0\ARM_GCC_493\Debug\Blink.a(CyLFClk.o)
 .debug_frame   0x00000c4c      0x1b0 .\CortexM0\ARM_GCC_493\Debug\Blink.a(SENSORES.o)
 .debug_frame   0x00000dfc       0x20 .\CortexM0\ARM_GCC_493\Debug\Blink.a(SENSORES_INT.o)
 .debug_frame   0x00000e1c       0x74 .\CortexM0\ARM_GCC_493\Debug\Blink.a(MUX.o)
 .debug_frame   0x00000e90       0x90 .\CortexM0\ARM_GCC_493\Debug\Blink.a(CyFlash.o)
 .debug_frame   0x00000f20       0x20 c:/program files (x86)/cypress/psoc creator/3.3/psoc creator/import/gnu/arm/4.9.3/bin/../lib/gcc/arm-none-eabi/4.9.3/armv6-m\libgcc.a(_udivsi3.o)
 .debug_frame   0x00000f40       0x20 c:/program files (x86)/cypress/psoc creator/3.3/psoc creator/import/gnu/arm/4.9.3/bin/../lib/gcc/arm-none-eabi/4.9.3/armv6-m\libgcc.a(_divsi3.o)
 .debug_frame   0x00000f60       0x34 c:/program files (x86)/cypress/psoc creator/3.3/psoc creator/import/gnu/arm/4.9.3/bin/../lib/gcc/arm-none-eabi/4.9.3/armv6-m\libgcc.a(_muldi3.o)
 .debug_frame   0x00000f94       0x50 c:/program files (x86)/cypress/psoc creator/3.3/psoc creator/import/gnu/arm/4.9.3/bin/../lib/gcc/arm-none-eabi/4.9.3/armv6-m\libgcc.a(bpabi.o)
 .debug_frame   0x00000fe4       0x3c c:/program files (x86)/cypress/psoc creator/3.3/psoc creator/import/gnu/arm/4.9.3/bin/../lib/gcc/arm-none-eabi/4.9.3/armv6-m\libgcc.a(divsf3.o)
 .debug_frame   0x00001020       0x3c c:/program files (x86)/cypress/psoc creator/3.3/psoc creator/import/gnu/arm/4.9.3/bin/../lib/gcc/arm-none-eabi/4.9.3/armv6-m\libgcc.a(mulsf3.o)
 .debug_frame   0x0000105c       0x2c c:/program files (x86)/cypress/psoc creator/3.3/psoc creator/import/gnu/arm/4.9.3/bin/../lib/gcc/arm-none-eabi/4.9.3/armv6-m\libgcc.a(floatsisf.o)
 .debug_frame   0x00001088       0x3c c:/program files (x86)/cypress/psoc creator/3.3/psoc creator/import/gnu/arm/4.9.3/bin/../lib/gcc/arm-none-eabi/4.9.3/armv6-m\libgcc.a(_divdi3.o)
 .debug_frame   0x000010c4       0x3c c:/program files (x86)/cypress/psoc creator/3.3/psoc creator/import/gnu/arm/4.9.3/bin/../lib/gcc/arm-none-eabi/4.9.3/armv6-m\libgcc.a(_udivdi3.o)
 .debug_frame   0x00001100       0x20 c:/program files (x86)/cypress/psoc creator/3.3/psoc creator/import/gnu/arm/4.9.3/bin/../lib/gcc/arm-none-eabi/4.9.3/../../../../arm-none-eabi/lib/armv6-m\libg_nano.a(lib_a-errno.o)
 .debug_frame   0x00001120       0x28 c:/program files (x86)/cypress/psoc creator/3.3/psoc creator/import/gnu/arm/4.9.3/bin/../lib/gcc/arm-none-eabi/4.9.3/../../../../arm-none-eabi/lib/armv6-m\libg_nano.a(lib_a-exit.o)
 .debug_frame   0x00001148       0x2c c:/program files (x86)/cypress/psoc creator/3.3/psoc creator/import/gnu/arm/4.9.3/bin/../lib/gcc/arm-none-eabi/4.9.3/../../../../arm-none-eabi/lib/armv6-m\libg_nano.a(lib_a-init.o)
 .debug_frame   0x00001174       0x28 c:/program files (x86)/cypress/psoc creator/3.3/psoc creator/import/gnu/arm/4.9.3/bin/../lib/gcc/arm-none-eabi/4.9.3/../../../../arm-none-eabi/lib/armv6-m\libg_nano.a(lib_a-memcpy.o)
 .debug_frame   0x0000119c       0x20 c:/program files (x86)/cypress/psoc creator/3.3/psoc creator/import/gnu/arm/4.9.3/bin/../lib/gcc/arm-none-eabi/4.9.3/../../../../arm-none-eabi/lib/armv6-m\libg_nano.a(lib_a-memset.o)

.debug_str      0x00000000     0x16d3
 *(.debug_str)
 .debug_str     0x00000000      0x22f .\CortexM0\ARM_GCC_493\Debug\main.o
                                0x279 (size before relaxing)
 .debug_str     0x0000022f       0x5b .\CortexM0\ARM_GCC_493\Debug\cymetadata.o
                                0x1ed (size before relaxing)
 .debug_str     0x0000028a      0x15c .\CortexM0\ARM_GCC_493\Debug\Cm0Start.o
                                0x314 (size before relaxing)
 .debug_str     0x000003e6       0xf6 .\CortexM0\ARM_GCC_493\Debug\Blink.a(cyfitter_cfg.o)
                                0x2d1 (size before relaxing)
 .debug_str     0x000004dc       0xac .\CortexM0\ARM_GCC_493\Debug\Blink.a(LED_1.o)
                                0x255 (size before relaxing)
 .debug_str     0x00000588       0x7d .\CortexM0\ARM_GCC_493\Debug\Blink.a(LED_2.o)
                                0x255 (size before relaxing)
 .debug_str     0x00000605       0x7d .\CortexM0\ARM_GCC_493\Debug\Blink.a(LED_3.o)
                                0x255 (size before relaxing)
 .debug_str     0x00000682       0x7d .\CortexM0\ARM_GCC_493\Debug\Blink.a(LED_4.o)
                                0x255 (size before relaxing)
 .debug_str     0x000006ff      0x5e4 .\CortexM0\ARM_GCC_493\Debug\Blink.a(CyLib.o)
                                0x7e1 (size before relaxing)
 .debug_str     0x00000ce3      0x6eb .\CortexM0\ARM_GCC_493\Debug\Blink.a(CyLFClk.o)
                                0x930 (size before relaxing)
 .debug_str     0x000013ce      0x1de .\CortexM0\ARM_GCC_493\Debug\Blink.a(SENSORES.o)
                                0x457 (size before relaxing)
 .debug_str     0x000015ac       0x41 .\CortexM0\ARM_GCC_493\Debug\Blink.a(SENSORES_INT.o)
                                0x1da (size before relaxing)
 .debug_str     0x000015ed       0x3d .\CortexM0\ARM_GCC_493\Debug\Blink.a(MUX.o)
                                0x205 (size before relaxing)
 .debug_str     0x0000162a       0xa9 .\CortexM0\ARM_GCC_493\Debug\Blink.a(CyFlash.o)
                                0x2c3 (size before relaxing)

.debug_loc      0x00000000     0x1ee3
 *(.debug_loc)
 .debug_loc     0x00000000      0x14f .\CortexM0\ARM_GCC_493\Debug\Cm0Start.o
 .debug_loc     0x0000014f       0xc7 .\CortexM0\ARM_GCC_493\Debug\Blink.a(cyfitter_cfg.o)
 .debug_loc     0x00000216       0x81 .\CortexM0\ARM_GCC_493\Debug\Blink.a(LED_1.o)
 .debug_loc     0x00000297       0xa2 .\CortexM0\ARM_GCC_493\Debug\Blink.a(LED_2.o)
 .debug_loc     0x00000339       0xa2 .\CortexM0\ARM_GCC_493\Debug\Blink.a(LED_3.o)
 .debug_loc     0x000003db       0xa2 .\CortexM0\ARM_GCC_493\Debug\Blink.a(LED_4.o)
 .debug_loc     0x0000047d      0x7ae .\CortexM0\ARM_GCC_493\Debug\Blink.a(CyLib.o)
 .debug_loc     0x00000c2b      0xdc1 .\CortexM0\ARM_GCC_493\Debug\Blink.a(CyLFClk.o)
 .debug_loc     0x000019ec      0x3b0 .\CortexM0\ARM_GCC_493\Debug\Blink.a(SENSORES.o)
 .debug_loc     0x00001d9c      0x147 .\CortexM0\ARM_GCC_493\Debug\Blink.a(CyFlash.o)

.debug_macinfo
 *(.debug_macinfo)

.debug_ranges   0x00000000      0x588
 *(.debug_ranges)
 .debug_ranges  0x00000000       0x10 .\CortexM0\ARM_GCC_493\Debug\main.o
 .debug_ranges  0x00000010       0x38 .\CortexM0\ARM_GCC_493\Debug\Cm0Start.o
 .debug_ranges  0x00000048       0x40 .\CortexM0\ARM_GCC_493\Debug\Blink.a(cyfitter_cfg.o)
 .debug_ranges  0x00000088       0x38 .\CortexM0\ARM_GCC_493\Debug\Blink.a(LED_1.o)
 .debug_ranges  0x000000c0       0x38 .\CortexM0\ARM_GCC_493\Debug\Blink.a(LED_2.o)
 .debug_ranges  0x000000f8       0x38 .\CortexM0\ARM_GCC_493\Debug\Blink.a(LED_3.o)
 .debug_ranges  0x00000130       0x38 .\CortexM0\ARM_GCC_493\Debug\Blink.a(LED_4.o)
 .debug_ranges  0x00000168      0x1a8 .\CortexM0\ARM_GCC_493\Debug\Blink.a(CyLib.o)
 .debug_ranges  0x00000310      0x178 .\CortexM0\ARM_GCC_493\Debug\Blink.a(CyLFClk.o)
 .debug_ranges  0x00000488       0x98 .\CortexM0\ARM_GCC_493\Debug\Blink.a(SENSORES.o)
 .debug_ranges  0x00000520       0x10 .\CortexM0\ARM_GCC_493\Debug\Blink.a(SENSORES_INT.o)
 .debug_ranges  0x00000530       0x28 .\CortexM0\ARM_GCC_493\Debug\Blink.a(MUX.o)
 .debug_ranges  0x00000558       0x30 .\CortexM0\ARM_GCC_493\Debug\Blink.a(CyFlash.o)

.comment        0x00000000       0x70
 .comment       0x00000000       0x70 .\CortexM0\ARM_GCC_493\Debug\main.o
                                 0x71 (size before relaxing)
 .comment       0x00000000       0x71 .\CortexM0\ARM_GCC_493\Debug\cymetadata.o
 .comment       0x00000000       0x71 .\CortexM0\ARM_GCC_493\Debug\Cm0Start.o
 .comment       0x00000000       0x71 .\CortexM0\ARM_GCC_493\Debug\Blink.a(cyfitter_cfg.o)
 .comment       0x00000000       0x71 .\CortexM0\ARM_GCC_493\Debug\Blink.a(LED_1.o)
 .comment       0x00000000       0x71 .\CortexM0\ARM_GCC_493\Debug\Blink.a(LED_2.o)
 .comment       0x00000000       0x71 .\CortexM0\ARM_GCC_493\Debug\Blink.a(LED_3.o)
 .comment       0x00000000       0x71 .\CortexM0\ARM_GCC_493\Debug\Blink.a(LED_4.o)
 .comment       0x00000000       0x71 .\CortexM0\ARM_GCC_493\Debug\Blink.a(CyLib.o)
 .comment       0x00000000       0x71 .\CortexM0\ARM_GCC_493\Debug\Blink.a(CyLFClk.o)
 .comment       0x00000000       0x71 .\CortexM0\ARM_GCC_493\Debug\Blink.a(SENSORES.o)
 .comment       0x00000000       0x71 .\CortexM0\ARM_GCC_493\Debug\Blink.a(SENSORES_INT.o)
 .comment       0x00000000       0x71 .\CortexM0\ARM_GCC_493\Debug\Blink.a(MUX.o)
 .comment       0x00000000       0x71 .\CortexM0\ARM_GCC_493\Debug\Blink.a(CyFlash.o)

.debug_weaknames
 *(.debug_weaknames)

.debug_funcnames
 *(.debug_funcnames)

.debug_typenames
 *(.debug_typenames)

.debug_varnames
 *(.debug_varnames)

.note.gnu.arm.ident
 *(.note.gnu.arm.ident)

.ARM.attributes
                0x00000000       0x28
 *(.ARM.attributes)
 .ARM.attributes
                0x00000000       0x1e c:/program files (x86)/cypress/psoc creator/3.3/psoc creator/import/gnu/arm/4.9.3/bin/../lib/gcc/arm-none-eabi/4.9.3/armv6-m/crti.o
 .ARM.attributes
                0x0000001e       0x2c c:/program files (x86)/cypress/psoc creator/3.3/psoc creator/import/gnu/arm/4.9.3/bin/../lib/gcc/arm-none-eabi/4.9.3/armv6-m/crtbegin.o
 .ARM.attributes
                0x0000004a       0x1b c:/program files (x86)/cypress/psoc creator/3.3/psoc creator/import/gnu/arm/4.9.3/bin/../lib/gcc/arm-none-eabi/4.9.3/../../../../arm-none-eabi/lib/armv6-m/crt0.o
 .ARM.attributes
                0x00000065       0x31 .\CortexM0\ARM_GCC_493\Debug\main.o
 .ARM.attributes
                0x00000096       0x31 .\CortexM0\ARM_GCC_493\Debug\cymetadata.o
 .ARM.attributes
                0x000000c7       0x31 .\CortexM0\ARM_GCC_493\Debug\Cm0Start.o
 .ARM.attributes
                0x000000f8       0x31 .\CortexM0\ARM_GCC_493\Debug\Blink.a(cyfitter_cfg.o)
 .ARM.attributes
                0x00000129       0x31 .\CortexM0\ARM_GCC_493\Debug\Blink.a(LED_1.o)
 .ARM.attributes
                0x0000015a       0x31 .\CortexM0\ARM_GCC_493\Debug\Blink.a(LED_2.o)
 .ARM.attributes
                0x0000018b       0x31 .\CortexM0\ARM_GCC_493\Debug\Blink.a(LED_3.o)
 .ARM.attributes
                0x000001bc       0x31 .\CortexM0\ARM_GCC_493\Debug\Blink.a(LED_4.o)
 .ARM.attributes
                0x000001ed       0x31 .\CortexM0\ARM_GCC_493\Debug\Blink.a(CyLib.o)
 .ARM.attributes
                0x0000021e       0x31 .\CortexM0\ARM_GCC_493\Debug\Blink.a(CyLFClk.o)
 .ARM.attributes
                0x0000024f       0x31 .\CortexM0\ARM_GCC_493\Debug\Blink.a(SENSORES.o)
 .ARM.attributes
                0x00000280       0x31 .\CortexM0\ARM_GCC_493\Debug\Blink.a(SENSORES_INT.o)
 .ARM.attributes
                0x000002b1       0x31 .\CortexM0\ARM_GCC_493\Debug\Blink.a(MUX.o)
 .ARM.attributes
                0x000002e2       0x21 .\CortexM0\ARM_GCC_493\Debug\Blink.a(CyBootAsmGnu.o)
 .ARM.attributes
                0x00000303       0x31 .\CortexM0\ARM_GCC_493\Debug\Blink.a(CyFlash.o)
 .ARM.attributes
                0x00000334       0x1e c:/program files (x86)/cypress/psoc creator/3.3/psoc creator/import/gnu/arm/4.9.3/bin/../lib/gcc/arm-none-eabi/4.9.3/armv6-m\libgcc.a(_udivsi3.o)
 .ARM.attributes
                0x00000352       0x1e c:/program files (x86)/cypress/psoc creator/3.3/psoc creator/import/gnu/arm/4.9.3/bin/../lib/gcc/arm-none-eabi/4.9.3/armv6-m\libgcc.a(_divsi3.o)
 .ARM.attributes
                0x00000370       0x1e c:/program files (x86)/cypress/psoc creator/3.3/psoc creator/import/gnu/arm/4.9.3/bin/../lib/gcc/arm-none-eabi/4.9.3/armv6-m\libgcc.a(_dvmd_tls.o)
 .ARM.attributes
                0x0000038e       0x1e c:/program files (x86)/cypress/psoc creator/3.3/psoc creator/import/gnu/arm/4.9.3/bin/../lib/gcc/arm-none-eabi/4.9.3/armv6-m\libgcc.a(_aeabi_ldivmod.o)
 .ARM.attributes
                0x000003ac       0x2c c:/program files (x86)/cypress/psoc creator/3.3/psoc creator/import/gnu/arm/4.9.3/bin/../lib/gcc/arm-none-eabi/4.9.3/armv6-m\libgcc.a(_muldi3.o)
 .ARM.attributes
                0x000003d8       0x2c c:/program files (x86)/cypress/psoc creator/3.3/psoc creator/import/gnu/arm/4.9.3/bin/../lib/gcc/arm-none-eabi/4.9.3/armv6-m\libgcc.a(bpabi.o)
 .ARM.attributes
                0x00000404       0x2c c:/program files (x86)/cypress/psoc creator/3.3/psoc creator/import/gnu/arm/4.9.3/bin/../lib/gcc/arm-none-eabi/4.9.3/armv6-m\libgcc.a(divsf3.o)
 .ARM.attributes
                0x00000430       0x2c c:/program files (x86)/cypress/psoc creator/3.3/psoc creator/import/gnu/arm/4.9.3/bin/../lib/gcc/arm-none-eabi/4.9.3/armv6-m\libgcc.a(mulsf3.o)
 .ARM.attributes
                0x0000045c       0x2c c:/program files (x86)/cypress/psoc creator/3.3/psoc creator/import/gnu/arm/4.9.3/bin/../lib/gcc/arm-none-eabi/4.9.3/armv6-m\libgcc.a(floatsisf.o)
 .ARM.attributes
                0x00000488       0x1e c:/program files (x86)/cypress/psoc creator/3.3/psoc creator/import/gnu/arm/4.9.3/bin/../lib/gcc/arm-none-eabi/4.9.3/armv6-m\libgcc.a(_clzsi2.o)
 .ARM.attributes
                0x000004a6       0x2c c:/program files (x86)/cypress/psoc creator/3.3/psoc creator/import/gnu/arm/4.9.3/bin/../lib/gcc/arm-none-eabi/4.9.3/armv6-m\libgcc.a(_divdi3.o)
 .ARM.attributes
                0x000004d2       0x2c c:/program files (x86)/cypress/psoc creator/3.3/psoc creator/import/gnu/arm/4.9.3/bin/../lib/gcc/arm-none-eabi/4.9.3/armv6-m\libgcc.a(_udivdi3.o)
 .ARM.attributes
                0x000004fe       0x1e c:/program files (x86)/cypress/psoc creator/3.3/psoc creator/import/gnu/arm/4.9.3/bin/../lib/gcc/arm-none-eabi/4.9.3/armv6-m\libgcc.a(_clzdi2.o)
 .ARM.attributes
                0x0000051c       0x2c c:/program files (x86)/cypress/psoc creator/3.3/psoc creator/import/gnu/arm/4.9.3/bin/../lib/gcc/arm-none-eabi/4.9.3/../../../../arm-none-eabi/lib/armv6-m\libg_nano.a(lib_a-errno.o)
 .ARM.attributes
                0x00000548       0x2c c:/program files (x86)/cypress/psoc creator/3.3/psoc creator/import/gnu/arm/4.9.3/bin/../lib/gcc/arm-none-eabi/4.9.3/../../../../arm-none-eabi/lib/armv6-m\libg_nano.a(lib_a-exit.o)
 .ARM.attributes
                0x00000574       0x2c c:/program files (x86)/cypress/psoc creator/3.3/psoc creator/import/gnu/arm/4.9.3/bin/../lib/gcc/arm-none-eabi/4.9.3/../../../../arm-none-eabi/lib/armv6-m\libg_nano.a(lib_a-impure.o)
 .ARM.attributes
                0x000005a0       0x2c c:/program files (x86)/cypress/psoc creator/3.3/psoc creator/import/gnu/arm/4.9.3/bin/../lib/gcc/arm-none-eabi/4.9.3/../../../../arm-none-eabi/lib/armv6-m\libg_nano.a(lib_a-init.o)
 .ARM.attributes
                0x000005cc       0x2c c:/program files (x86)/cypress/psoc creator/3.3/psoc creator/import/gnu/arm/4.9.3/bin/../lib/gcc/arm-none-eabi/4.9.3/../../../../arm-none-eabi/lib/armv6-m\libg_nano.a(lib_a-memcpy.o)
 .ARM.attributes
                0x000005f8       0x2c c:/program files (x86)/cypress/psoc creator/3.3/psoc creator/import/gnu/arm/4.9.3/bin/../lib/gcc/arm-none-eabi/4.9.3/../../../../arm-none-eabi/lib/armv6-m\libg_nano.a(lib_a-memset.o)
 .ARM.attributes
                0x00000624       0x2c c:/program files (x86)/cypress/psoc creator/3.3/psoc creator/import/gnu/arm/4.9.3/bin/../lib/gcc/arm-none-eabi/4.9.3/armv6-m/crtend.o
 .ARM.attributes
                0x00000650       0x1e c:/program files (x86)/cypress/psoc creator/3.3/psoc creator/import/gnu/arm/4.9.3/bin/../lib/gcc/arm-none-eabi/4.9.3/armv6-m/crtn.o

/DISCARD/
 *(.note.GNU-stack)
OUTPUT(.\CortexM0\ARM_GCC_493\Debug\Blink.elf elf32-littlearm)
