ARM GAS  C:\Users\HENRYA~1\AppData\Local\Temp\ccBmJGmk.s 			page 1


   1              		.cpu cortex-m0
   2              		.fpu softvfp
   3              		.eabi_attribute 20, 1
   4              		.eabi_attribute 21, 1
   5              		.eabi_attribute 23, 3
   6              		.eabi_attribute 24, 1
   7              		.eabi_attribute 25, 1
   8              		.eabi_attribute 26, 1
   9              		.eabi_attribute 30, 1
  10              		.eabi_attribute 34, 0
  11              		.eabi_attribute 18, 4
  12              		.code	16
  13              		.file	"cyfitter_cfg.c"
  14              		.text
  15              	.Ltext0:
  16              		.cfi_sections	.debug_frame
  17              		.section	.text.AnalogSetDefault,"ax",%progbits
  18              		.align	2
  19              		.code	16
  20              		.thumb_func
  21              		.type	AnalogSetDefault, %function
  22              	AnalogSetDefault:
  23              	.LFB5:
  24              		.file 1 ".\\Generated_Source\\PSoC4\\cyfitter_cfg.c"
   1:.\Generated_Source\PSoC4/cyfitter_cfg.c **** /*******************************************************************************
   2:.\Generated_Source\PSoC4/cyfitter_cfg.c **** * File Name: cyfitter_cfg.c
   3:.\Generated_Source\PSoC4/cyfitter_cfg.c **** * 
   4:.\Generated_Source\PSoC4/cyfitter_cfg.c **** * PSoC Creator  3.3 CP3
   5:.\Generated_Source\PSoC4/cyfitter_cfg.c **** *
   6:.\Generated_Source\PSoC4/cyfitter_cfg.c **** * Description:
   7:.\Generated_Source\PSoC4/cyfitter_cfg.c **** * This file contains device initialization code.
   8:.\Generated_Source\PSoC4/cyfitter_cfg.c **** * Except for the user defined sections in CyClockStartupError(), this file should not be modified.
   9:.\Generated_Source\PSoC4/cyfitter_cfg.c **** * This file is automatically generated by PSoC Creator.
  10:.\Generated_Source\PSoC4/cyfitter_cfg.c **** *
  11:.\Generated_Source\PSoC4/cyfitter_cfg.c **** ********************************************************************************
  12:.\Generated_Source\PSoC4/cyfitter_cfg.c **** * Copyright (c) 2007-2016 Cypress Semiconductor.  All rights reserved.
  13:.\Generated_Source\PSoC4/cyfitter_cfg.c **** * You may use this file only in accordance with the license, terms, conditions, 
  14:.\Generated_Source\PSoC4/cyfitter_cfg.c **** * disclaimers, and limitations in the end user license agreement accompanying 
  15:.\Generated_Source\PSoC4/cyfitter_cfg.c **** * the software package with which this file was provided.
  16:.\Generated_Source\PSoC4/cyfitter_cfg.c **** ********************************************************************************/
  17:.\Generated_Source\PSoC4/cyfitter_cfg.c **** 
  18:.\Generated_Source\PSoC4/cyfitter_cfg.c **** #include <string.h>
  19:.\Generated_Source\PSoC4/cyfitter_cfg.c **** #include "cytypes.h"
  20:.\Generated_Source\PSoC4/cyfitter_cfg.c **** #include "cydevice_trm.h"
  21:.\Generated_Source\PSoC4/cyfitter_cfg.c **** #include "cyfitter.h"
  22:.\Generated_Source\PSoC4/cyfitter_cfg.c **** #include "CyLib.h"
  23:.\Generated_Source\PSoC4/cyfitter_cfg.c **** #include "CyLFClk.h"
  24:.\Generated_Source\PSoC4/cyfitter_cfg.c **** #include "cyfitter_cfg.h"
  25:.\Generated_Source\PSoC4/cyfitter_cfg.c **** 
  26:.\Generated_Source\PSoC4/cyfitter_cfg.c **** 
  27:.\Generated_Source\PSoC4/cyfitter_cfg.c **** #if defined(__GNUC__) || defined(__ARMCC_VERSION)
  28:.\Generated_Source\PSoC4/cyfitter_cfg.c ****     #define CYPACKED 
  29:.\Generated_Source\PSoC4/cyfitter_cfg.c ****     #define CYPACKED_ATTR __attribute__ ((packed))
  30:.\Generated_Source\PSoC4/cyfitter_cfg.c ****     #define CYALIGNED __attribute__ ((aligned))
  31:.\Generated_Source\PSoC4/cyfitter_cfg.c ****     #define CY_CFG_UNUSED __attribute__ ((unused))
  32:.\Generated_Source\PSoC4/cyfitter_cfg.c ****     #ifndef CY_CFG_SECTION
  33:.\Generated_Source\PSoC4/cyfitter_cfg.c ****         #define CY_CFG_SECTION __attribute__ ((section(".psocinit")))
ARM GAS  C:\Users\HENRYA~1\AppData\Local\Temp\ccBmJGmk.s 			page 2


  34:.\Generated_Source\PSoC4/cyfitter_cfg.c ****     #endif
  35:.\Generated_Source\PSoC4/cyfitter_cfg.c ****     
  36:.\Generated_Source\PSoC4/cyfitter_cfg.c ****     #if defined(__ARMCC_VERSION)
  37:.\Generated_Source\PSoC4/cyfitter_cfg.c ****         #define CY_CFG_MEMORY_BARRIER() __memory_changed()
  38:.\Generated_Source\PSoC4/cyfitter_cfg.c ****     #else
  39:.\Generated_Source\PSoC4/cyfitter_cfg.c ****         #define CY_CFG_MEMORY_BARRIER() __sync_synchronize()
  40:.\Generated_Source\PSoC4/cyfitter_cfg.c ****     #endif
  41:.\Generated_Source\PSoC4/cyfitter_cfg.c ****     
  42:.\Generated_Source\PSoC4/cyfitter_cfg.c **** #elif defined(__ICCARM__)
  43:.\Generated_Source\PSoC4/cyfitter_cfg.c ****     #include <intrinsics.h>
  44:.\Generated_Source\PSoC4/cyfitter_cfg.c **** 
  45:.\Generated_Source\PSoC4/cyfitter_cfg.c ****     #define CYPACKED __packed
  46:.\Generated_Source\PSoC4/cyfitter_cfg.c ****     #define CYPACKED_ATTR 
  47:.\Generated_Source\PSoC4/cyfitter_cfg.c ****     #define CYALIGNED _Pragma("data_alignment=4")
  48:.\Generated_Source\PSoC4/cyfitter_cfg.c ****     #define CY_CFG_UNUSED _Pragma("diag_suppress=Pe177")
  49:.\Generated_Source\PSoC4/cyfitter_cfg.c ****     #define CY_CFG_SECTION _Pragma("location=\".psocinit\"")
  50:.\Generated_Source\PSoC4/cyfitter_cfg.c ****     
  51:.\Generated_Source\PSoC4/cyfitter_cfg.c ****     #define CY_CFG_MEMORY_BARRIER() __DMB()
  52:.\Generated_Source\PSoC4/cyfitter_cfg.c ****     
  53:.\Generated_Source\PSoC4/cyfitter_cfg.c **** #else
  54:.\Generated_Source\PSoC4/cyfitter_cfg.c ****     #error Unsupported toolchain
  55:.\Generated_Source\PSoC4/cyfitter_cfg.c **** #endif
  56:.\Generated_Source\PSoC4/cyfitter_cfg.c **** 
  57:.\Generated_Source\PSoC4/cyfitter_cfg.c **** 
  58:.\Generated_Source\PSoC4/cyfitter_cfg.c **** CY_CFG_UNUSED
  59:.\Generated_Source\PSoC4/cyfitter_cfg.c **** static void CYMEMZERO(void *s, size_t n);
  60:.\Generated_Source\PSoC4/cyfitter_cfg.c **** CY_CFG_UNUSED
  61:.\Generated_Source\PSoC4/cyfitter_cfg.c **** static void CYMEMZERO(void *s, size_t n)
  62:.\Generated_Source\PSoC4/cyfitter_cfg.c **** {
  63:.\Generated_Source\PSoC4/cyfitter_cfg.c **** 	(void)memset(s, 0, n);
  64:.\Generated_Source\PSoC4/cyfitter_cfg.c **** }
  65:.\Generated_Source\PSoC4/cyfitter_cfg.c **** CY_CFG_UNUSED
  66:.\Generated_Source\PSoC4/cyfitter_cfg.c **** static void CYCONFIGCPY(void *dest, const void *src, size_t n);
  67:.\Generated_Source\PSoC4/cyfitter_cfg.c **** CY_CFG_UNUSED
  68:.\Generated_Source\PSoC4/cyfitter_cfg.c **** static void CYCONFIGCPY(void *dest, const void *src, size_t n)
  69:.\Generated_Source\PSoC4/cyfitter_cfg.c **** {
  70:.\Generated_Source\PSoC4/cyfitter_cfg.c **** 	(void)memcpy(dest, src, n);
  71:.\Generated_Source\PSoC4/cyfitter_cfg.c **** }
  72:.\Generated_Source\PSoC4/cyfitter_cfg.c **** CY_CFG_UNUSED
  73:.\Generated_Source\PSoC4/cyfitter_cfg.c **** static void CYCONFIGCPYCODE(void *dest, const void *src, size_t n);
  74:.\Generated_Source\PSoC4/cyfitter_cfg.c **** CY_CFG_UNUSED
  75:.\Generated_Source\PSoC4/cyfitter_cfg.c **** static void CYCONFIGCPYCODE(void *dest, const void *src, size_t n)
  76:.\Generated_Source\PSoC4/cyfitter_cfg.c **** {
  77:.\Generated_Source\PSoC4/cyfitter_cfg.c **** 	(void)memcpy(dest, src, n);
  78:.\Generated_Source\PSoC4/cyfitter_cfg.c **** }
  79:.\Generated_Source\PSoC4/cyfitter_cfg.c **** 
  80:.\Generated_Source\PSoC4/cyfitter_cfg.c **** 
  81:.\Generated_Source\PSoC4/cyfitter_cfg.c **** 
  82:.\Generated_Source\PSoC4/cyfitter_cfg.c **** /* Clock startup error codes                                                   */
  83:.\Generated_Source\PSoC4/cyfitter_cfg.c **** #define CYCLOCKSTART_NO_ERROR    0u
  84:.\Generated_Source\PSoC4/cyfitter_cfg.c **** #define CYCLOCKSTART_XTAL_ERROR  1u
  85:.\Generated_Source\PSoC4/cyfitter_cfg.c **** #define CYCLOCKSTART_32KHZ_ERROR 2u
  86:.\Generated_Source\PSoC4/cyfitter_cfg.c **** #define CYCLOCKSTART_PLL_ERROR   3u
  87:.\Generated_Source\PSoC4/cyfitter_cfg.c **** 
  88:.\Generated_Source\PSoC4/cyfitter_cfg.c **** #ifdef CY_NEED_CYCLOCKSTARTUPERROR
  89:.\Generated_Source\PSoC4/cyfitter_cfg.c **** /*******************************************************************************
  90:.\Generated_Source\PSoC4/cyfitter_cfg.c **** * Function Name: CyClockStartupError
ARM GAS  C:\Users\HENRYA~1\AppData\Local\Temp\ccBmJGmk.s 			page 3


  91:.\Generated_Source\PSoC4/cyfitter_cfg.c **** ********************************************************************************
  92:.\Generated_Source\PSoC4/cyfitter_cfg.c **** * Summary:
  93:.\Generated_Source\PSoC4/cyfitter_cfg.c **** *  If an error is encountered during clock configuration (crystal startup error,
  94:.\Generated_Source\PSoC4/cyfitter_cfg.c **** *  PLL lock error, etc.), the system will end up here.  Unless reimplemented by
  95:.\Generated_Source\PSoC4/cyfitter_cfg.c **** *  the customer, this function will stop in an infinite loop.
  96:.\Generated_Source\PSoC4/cyfitter_cfg.c **** *
  97:.\Generated_Source\PSoC4/cyfitter_cfg.c **** * Parameters:
  98:.\Generated_Source\PSoC4/cyfitter_cfg.c **** *   void
  99:.\Generated_Source\PSoC4/cyfitter_cfg.c **** *
 100:.\Generated_Source\PSoC4/cyfitter_cfg.c **** * Return:
 101:.\Generated_Source\PSoC4/cyfitter_cfg.c **** *   void
 102:.\Generated_Source\PSoC4/cyfitter_cfg.c **** *
 103:.\Generated_Source\PSoC4/cyfitter_cfg.c **** *******************************************************************************/
 104:.\Generated_Source\PSoC4/cyfitter_cfg.c **** CY_CFG_UNUSED
 105:.\Generated_Source\PSoC4/cyfitter_cfg.c **** static void CyClockStartupError(uint8 errorCode);
 106:.\Generated_Source\PSoC4/cyfitter_cfg.c **** CY_CFG_UNUSED
 107:.\Generated_Source\PSoC4/cyfitter_cfg.c **** static void CyClockStartupError(uint8 errorCode)
 108:.\Generated_Source\PSoC4/cyfitter_cfg.c **** {
 109:.\Generated_Source\PSoC4/cyfitter_cfg.c ****     /* To remove the compiler warning if errorCode not used.                */
 110:.\Generated_Source\PSoC4/cyfitter_cfg.c ****     errorCode = errorCode;
 111:.\Generated_Source\PSoC4/cyfitter_cfg.c **** 
 112:.\Generated_Source\PSoC4/cyfitter_cfg.c ****     /* `#START CyClockStartupError` */
 113:.\Generated_Source\PSoC4/cyfitter_cfg.c **** 
 114:.\Generated_Source\PSoC4/cyfitter_cfg.c ****     /* If we have a clock startup error (bad MHz crystal, PLL lock, etc.),  */
 115:.\Generated_Source\PSoC4/cyfitter_cfg.c ****     /* we will end up here to allow the customer to implement something to  */
 116:.\Generated_Source\PSoC4/cyfitter_cfg.c ****     /* deal with the clock condition.                                       */
 117:.\Generated_Source\PSoC4/cyfitter_cfg.c **** 
 118:.\Generated_Source\PSoC4/cyfitter_cfg.c ****     /* `#END` */
 119:.\Generated_Source\PSoC4/cyfitter_cfg.c **** 
 120:.\Generated_Source\PSoC4/cyfitter_cfg.c ****     /* If nothing else, stop here since the clocks have not started         */
 121:.\Generated_Source\PSoC4/cyfitter_cfg.c ****     /* correctly.                                                           */
 122:.\Generated_Source\PSoC4/cyfitter_cfg.c ****     while(1) {}
 123:.\Generated_Source\PSoC4/cyfitter_cfg.c **** }
 124:.\Generated_Source\PSoC4/cyfitter_cfg.c **** #endif
 125:.\Generated_Source\PSoC4/cyfitter_cfg.c **** 
 126:.\Generated_Source\PSoC4/cyfitter_cfg.c **** 
 127:.\Generated_Source\PSoC4/cyfitter_cfg.c **** 
 128:.\Generated_Source\PSoC4/cyfitter_cfg.c **** /*******************************************************************************
 129:.\Generated_Source\PSoC4/cyfitter_cfg.c **** * Function Name: ClockSetup
 130:.\Generated_Source\PSoC4/cyfitter_cfg.c **** ********************************************************************************
 131:.\Generated_Source\PSoC4/cyfitter_cfg.c **** *
 132:.\Generated_Source\PSoC4/cyfitter_cfg.c **** * Summary:
 133:.\Generated_Source\PSoC4/cyfitter_cfg.c **** *   Performs the initialization of all of the clocks in the device based on the
 134:.\Generated_Source\PSoC4/cyfitter_cfg.c **** *   settings in the Clock tab of the DWR.  This includes enabling the requested
 135:.\Generated_Source\PSoC4/cyfitter_cfg.c **** *   clocks and setting the necessary dividers to produce the desired frequency. 
 136:.\Generated_Source\PSoC4/cyfitter_cfg.c **** *
 137:.\Generated_Source\PSoC4/cyfitter_cfg.c **** * Parameters:
 138:.\Generated_Source\PSoC4/cyfitter_cfg.c **** *   void
 139:.\Generated_Source\PSoC4/cyfitter_cfg.c **** *
 140:.\Generated_Source\PSoC4/cyfitter_cfg.c **** * Return:
 141:.\Generated_Source\PSoC4/cyfitter_cfg.c **** *   void
 142:.\Generated_Source\PSoC4/cyfitter_cfg.c **** *
 143:.\Generated_Source\PSoC4/cyfitter_cfg.c **** *******************************************************************************/
 144:.\Generated_Source\PSoC4/cyfitter_cfg.c **** static void ClockSetup(void);
 145:.\Generated_Source\PSoC4/cyfitter_cfg.c **** CY_CFG_SECTION
 146:.\Generated_Source\PSoC4/cyfitter_cfg.c **** static void ClockSetup(void)
 147:.\Generated_Source\PSoC4/cyfitter_cfg.c **** {
ARM GAS  C:\Users\HENRYA~1\AppData\Local\Temp\ccBmJGmk.s 			page 4


 148:.\Generated_Source\PSoC4/cyfitter_cfg.c **** 
 149:.\Generated_Source\PSoC4/cyfitter_cfg.c **** 	/* Set Flash Cycles based on max possible frequency in case a glitch occurs during ClockSetup(). *
 150:.\Generated_Source\PSoC4/cyfitter_cfg.c **** 	CY_SET_REG32((void CYXDATA *)(CYREG_CPUSS_FLASH_CTL), (0x0012u));
 151:.\Generated_Source\PSoC4/cyfitter_cfg.c **** 	/* Setup and trim IMO based on desired frequency. */
 152:.\Generated_Source\PSoC4/cyfitter_cfg.c **** 	CySysClkWriteImoFreq(48u);
 153:.\Generated_Source\PSoC4/cyfitter_cfg.c **** 	/* CYDEV_CLK_ILO_CONFIG Starting address: CYDEV_CLK_ILO_CONFIG */
 154:.\Generated_Source\PSoC4/cyfitter_cfg.c **** 	CY_SET_XTND_REG32((void CYFAR *)(CYREG_CLK_ILO_CONFIG), 0x80000006u);
 155:.\Generated_Source\PSoC4/cyfitter_cfg.c **** 
 156:.\Generated_Source\PSoC4/cyfitter_cfg.c **** 
 157:.\Generated_Source\PSoC4/cyfitter_cfg.c **** 	/* Setup phase aligned clocks */
 158:.\Generated_Source\PSoC4/cyfitter_cfg.c **** 	CY_SET_REG32((void *)CYREG_PERI_DIV_16_CTL3, 0x00001D00u);
 159:.\Generated_Source\PSoC4/cyfitter_cfg.c **** 	CY_SET_REG32((void *)CYREG_PERI_DIV_CMD, 0x8000FF43u);
 160:.\Generated_Source\PSoC4/cyfitter_cfg.c **** 	CY_SET_REG32((void *)CYREG_PERI_DIV_16_CTL0, 0x00001D00u);
 161:.\Generated_Source\PSoC4/cyfitter_cfg.c **** 	CY_SET_REG32((void *)CYREG_PERI_DIV_CMD, 0x8000FF40u);
 162:.\Generated_Source\PSoC4/cyfitter_cfg.c **** 	CY_SET_REG32((void *)CYREG_PERI_DIV_16_CTL2, 0x00001D00u);
 163:.\Generated_Source\PSoC4/cyfitter_cfg.c **** 	CY_SET_REG32((void *)CYREG_PERI_DIV_CMD, 0x8000FF42u);
 164:.\Generated_Source\PSoC4/cyfitter_cfg.c **** 	CY_SET_REG32((void *)CYREG_PERI_DIV_16_CTL1, 0x00001D00u);
 165:.\Generated_Source\PSoC4/cyfitter_cfg.c **** 	CY_SET_REG32((void *)CYREG_PERI_DIV_CMD, 0x8000FF41u);
 166:.\Generated_Source\PSoC4/cyfitter_cfg.c **** 
 167:.\Generated_Source\PSoC4/cyfitter_cfg.c **** 	/* CYDEV_CLK_IMO_CONFIG Starting address: CYDEV_CLK_IMO_CONFIG */
 168:.\Generated_Source\PSoC4/cyfitter_cfg.c **** 	CY_SET_XTND_REG32((void CYFAR *)(CYREG_CLK_IMO_CONFIG), 0x80000000u);
 169:.\Generated_Source\PSoC4/cyfitter_cfg.c **** 
 170:.\Generated_Source\PSoC4/cyfitter_cfg.c **** 	/* CYDEV_CLK_SELECT Starting address: CYDEV_CLK_SELECT */
 171:.\Generated_Source\PSoC4/cyfitter_cfg.c **** 	CY_SET_XTND_REG32((void CYFAR *)(CYREG_CLK_SELECT), 0x00040000u);
 172:.\Generated_Source\PSoC4/cyfitter_cfg.c **** 
 173:.\Generated_Source\PSoC4/cyfitter_cfg.c **** 	/* CYDEV_PERI_PCLK_CTL5 Starting address: CYDEV_PERI_PCLK_CTL5 */
 174:.\Generated_Source\PSoC4/cyfitter_cfg.c **** 	CY_SET_XTND_REG32((void CYFAR *)(CYREG_PERI_PCLK_CTL5), 0x00000043u);
 175:.\Generated_Source\PSoC4/cyfitter_cfg.c **** 
 176:.\Generated_Source\PSoC4/cyfitter_cfg.c **** 	/* CYDEV_PERI_PCLK_CTL4 Starting address: CYDEV_PERI_PCLK_CTL4 */
 177:.\Generated_Source\PSoC4/cyfitter_cfg.c **** 	CY_SET_XTND_REG32((void CYFAR *)(CYREG_PERI_PCLK_CTL4), 0x00000040u);
 178:.\Generated_Source\PSoC4/cyfitter_cfg.c **** 
 179:.\Generated_Source\PSoC4/cyfitter_cfg.c **** 	/* CYDEV_PERI_PCLK_CTL3 Starting address: CYDEV_PERI_PCLK_CTL3 */
 180:.\Generated_Source\PSoC4/cyfitter_cfg.c **** 	CY_SET_XTND_REG32((void CYFAR *)(CYREG_PERI_PCLK_CTL3), 0x00000042u);
 181:.\Generated_Source\PSoC4/cyfitter_cfg.c **** 
 182:.\Generated_Source\PSoC4/cyfitter_cfg.c **** 	/* CYDEV_PERI_PCLK_CTL2 Starting address: CYDEV_PERI_PCLK_CTL2 */
 183:.\Generated_Source\PSoC4/cyfitter_cfg.c **** 	CY_SET_XTND_REG32((void CYFAR *)(CYREG_PERI_PCLK_CTL2), 0x00000041u);
 184:.\Generated_Source\PSoC4/cyfitter_cfg.c **** 
 185:.\Generated_Source\PSoC4/cyfitter_cfg.c **** 	(void)CyIntSetVector(7u, &CySysWdtIsr);
 186:.\Generated_Source\PSoC4/cyfitter_cfg.c **** 	CyIntEnable(7u);
 187:.\Generated_Source\PSoC4/cyfitter_cfg.c **** 	CY_SET_XTND_REG32((void CYFAR *)(CYREG_WDT_CONFIG), 0x00000000u);
 188:.\Generated_Source\PSoC4/cyfitter_cfg.c **** }
 189:.\Generated_Source\PSoC4/cyfitter_cfg.c **** 
 190:.\Generated_Source\PSoC4/cyfitter_cfg.c **** 
 191:.\Generated_Source\PSoC4/cyfitter_cfg.c **** /* Analog API Functions */
 192:.\Generated_Source\PSoC4/cyfitter_cfg.c **** 
 193:.\Generated_Source\PSoC4/cyfitter_cfg.c **** 
 194:.\Generated_Source\PSoC4/cyfitter_cfg.c **** /*******************************************************************************
 195:.\Generated_Source\PSoC4/cyfitter_cfg.c **** * Function Name: AnalogSetDefault
 196:.\Generated_Source\PSoC4/cyfitter_cfg.c **** ********************************************************************************
 197:.\Generated_Source\PSoC4/cyfitter_cfg.c **** *
 198:.\Generated_Source\PSoC4/cyfitter_cfg.c **** * Summary:
 199:.\Generated_Source\PSoC4/cyfitter_cfg.c **** *  Sets up the analog portions of the chip to default values based on chip
 200:.\Generated_Source\PSoC4/cyfitter_cfg.c **** *  configuration options from the project.
 201:.\Generated_Source\PSoC4/cyfitter_cfg.c **** *
 202:.\Generated_Source\PSoC4/cyfitter_cfg.c **** * Parameters:
 203:.\Generated_Source\PSoC4/cyfitter_cfg.c **** *  void
 204:.\Generated_Source\PSoC4/cyfitter_cfg.c **** *
ARM GAS  C:\Users\HENRYA~1\AppData\Local\Temp\ccBmJGmk.s 			page 5


 205:.\Generated_Source\PSoC4/cyfitter_cfg.c **** * Return:
 206:.\Generated_Source\PSoC4/cyfitter_cfg.c **** *  void
 207:.\Generated_Source\PSoC4/cyfitter_cfg.c **** *
 208:.\Generated_Source\PSoC4/cyfitter_cfg.c **** *******************************************************************************/
 209:.\Generated_Source\PSoC4/cyfitter_cfg.c **** static void AnalogSetDefault(void);
 210:.\Generated_Source\PSoC4/cyfitter_cfg.c **** static void AnalogSetDefault(void)
 211:.\Generated_Source\PSoC4/cyfitter_cfg.c **** {
  25              		.loc 1 211 0
  26              		.cfi_startproc
 212:.\Generated_Source\PSoC4/cyfitter_cfg.c **** 	CY_SET_XTND_REG32((void CYFAR *)CYREG_CTBM0_DFT_CTRL, 0x00000003u);
  27              		.loc 1 212 0
  28 0000 0323     		mov	r3, #3
  29 0002 044A     		ldr	r2, .L2
  30 0004 1360     		str	r3, [r2]
 213:.\Generated_Source\PSoC4/cyfitter_cfg.c **** 	CY_SET_XTND_REG32((void CYFAR *)CYREG_CTBM1_DFT_CTRL, 0x00000003u);
  31              		.loc 1 213 0
  32 0006 044A     		ldr	r2, .L2+4
  33 0008 1360     		str	r3, [r2]
 214:.\Generated_Source\PSoC4/cyfitter_cfg.c **** 	CY_SET_XTND_REG32((void CYFAR *)CYREG_PASS_DSAB_DSAB_CTRL, 0x00000000u);
  34              		.loc 1 214 0
  35 000a 0022     		mov	r2, #0
  36 000c 034B     		ldr	r3, .L2+8
  37 000e 1A60     		str	r2, [r3]
 215:.\Generated_Source\PSoC4/cyfitter_cfg.c **** }
  38              		.loc 1 215 0
  39              		@ sp needed
  40 0010 7047     		bx	lr
  41              	.L3:
  42 0012 C046     		.align	2
  43              	.L2:
  44 0014 30003040 		.word	1076887600
  45 0018 30003140 		.word	1076953136
  46 001c 000E3F40 		.word	1077874176
  47              		.cfi_endproc
  48              	.LFE5:
  49              		.size	AnalogSetDefault, .-AnalogSetDefault
  50              		.section	.text.CYMEMZERO,"ax",%progbits
  51              		.align	2
  52              		.code	16
  53              		.thumb_func
  54              		.type	CYMEMZERO, %function
  55              	CYMEMZERO:
  56              	.LFB1:
  62:.\Generated_Source\PSoC4/cyfitter_cfg.c **** 	(void)memset(s, 0, n);
  57              		.loc 1 62 0
  58              		.cfi_startproc
  59              	.LVL0:
  60 0000 08B5     		push	{r3, lr}
  61              		.cfi_def_cfa_offset 8
  62              		.cfi_offset 3, -8
  63              		.cfi_offset 14, -4
  64 0002 0A1C     		mov	r2, r1
  63:.\Generated_Source\PSoC4/cyfitter_cfg.c **** }
  65              		.loc 1 63 0
  66 0004 0021     		mov	r1, #0
  67              	.LVL1:
  68 0006 FFF7FEFF 		bl	memset
ARM GAS  C:\Users\HENRYA~1\AppData\Local\Temp\ccBmJGmk.s 			page 6


  69              	.LVL2:
  64:.\Generated_Source\PSoC4/cyfitter_cfg.c **** CY_CFG_UNUSED
  70              		.loc 1 64 0
  71              		@ sp needed
  72 000a 08BD     		pop	{r3, pc}
  73              		.cfi_endproc
  74              	.LFE1:
  75              		.size	CYMEMZERO, .-CYMEMZERO
  76              		.section	.psocinit,"ax",%progbits
  77              		.align	2
  78              		.code	16
  79              		.thumb_func
  80              		.type	ClockSetup, %function
  81              	ClockSetup:
  82              	.LFB4:
 147:.\Generated_Source\PSoC4/cyfitter_cfg.c **** 
  83              		.loc 1 147 0
  84              		.cfi_startproc
  85 0000 08B5     		push	{r3, lr}
  86              		.cfi_def_cfa_offset 8
  87              		.cfi_offset 3, -8
  88              		.cfi_offset 14, -4
 150:.\Generated_Source\PSoC4/cyfitter_cfg.c **** 	/* Setup and trim IMO based on desired frequency. */
  89              		.loc 1 150 0
  90 0002 1222     		mov	r2, #18
  91 0004 1C4B     		ldr	r3, .L6
  92 0006 1A60     		str	r2, [r3]
 152:.\Generated_Source\PSoC4/cyfitter_cfg.c **** 	/* CYDEV_CLK_ILO_CONFIG Starting address: CYDEV_CLK_ILO_CONFIG */
  93              		.loc 1 152 0
  94 0008 3020     		mov	r0, #48
  95 000a FFF7FEFF 		bl	CySysClkWriteImoFreq
  96              	.LVL3:
 154:.\Generated_Source\PSoC4/cyfitter_cfg.c **** 
  97              		.loc 1 154 0
  98 000e 1B4A     		ldr	r2, .L6+4
  99 0010 1B4B     		ldr	r3, .L6+8
 100 0012 1A60     		str	r2, [r3]
 158:.\Generated_Source\PSoC4/cyfitter_cfg.c **** 	CY_SET_REG32((void *)CYREG_PERI_DIV_CMD, 0x8000FF43u);
 101              		.loc 1 158 0
 102 0014 E822     		mov	r2, #232
 103 0016 5201     		lsl	r2, r2, #5
 104 0018 1A4B     		ldr	r3, .L6+12
 105 001a 1A60     		str	r2, [r3]
 159:.\Generated_Source\PSoC4/cyfitter_cfg.c **** 	CY_SET_REG32((void *)CYREG_PERI_DIV_16_CTL0, 0x00001D00u);
 106              		.loc 1 159 0
 107 001c 1A4B     		ldr	r3, .L6+16
 108 001e 1B49     		ldr	r1, .L6+20
 109 0020 1960     		str	r1, [r3]
 160:.\Generated_Source\PSoC4/cyfitter_cfg.c **** 	CY_SET_REG32((void *)CYREG_PERI_DIV_CMD, 0x8000FF40u);
 110              		.loc 1 160 0
 111 0022 1B49     		ldr	r1, .L6+24
 112 0024 0A60     		str	r2, [r1]
 161:.\Generated_Source\PSoC4/cyfitter_cfg.c **** 	CY_SET_REG32((void *)CYREG_PERI_DIV_16_CTL2, 0x00001D00u);
 113              		.loc 1 161 0
 114 0026 1B49     		ldr	r1, .L6+28
 115 0028 1960     		str	r1, [r3]
 162:.\Generated_Source\PSoC4/cyfitter_cfg.c **** 	CY_SET_REG32((void *)CYREG_PERI_DIV_CMD, 0x8000FF42u);
ARM GAS  C:\Users\HENRYA~1\AppData\Local\Temp\ccBmJGmk.s 			page 7


 116              		.loc 1 162 0
 117 002a 1B49     		ldr	r1, .L6+32
 118 002c 0A60     		str	r2, [r1]
 163:.\Generated_Source\PSoC4/cyfitter_cfg.c **** 	CY_SET_REG32((void *)CYREG_PERI_DIV_16_CTL1, 0x00001D00u);
 119              		.loc 1 163 0
 120 002e 1B49     		ldr	r1, .L6+36
 121 0030 1960     		str	r1, [r3]
 164:.\Generated_Source\PSoC4/cyfitter_cfg.c **** 	CY_SET_REG32((void *)CYREG_PERI_DIV_CMD, 0x8000FF41u);
 122              		.loc 1 164 0
 123 0032 1B49     		ldr	r1, .L6+40
 124 0034 0A60     		str	r2, [r1]
 165:.\Generated_Source\PSoC4/cyfitter_cfg.c **** 
 125              		.loc 1 165 0
 126 0036 1B4A     		ldr	r2, .L6+44
 127 0038 1A60     		str	r2, [r3]
 168:.\Generated_Source\PSoC4/cyfitter_cfg.c **** 
 128              		.loc 1 168 0
 129 003a 8022     		mov	r2, #128
 130 003c 1206     		lsl	r2, r2, #24
 131 003e 1A4B     		ldr	r3, .L6+48
 132 0040 1A60     		str	r2, [r3]
 171:.\Generated_Source\PSoC4/cyfitter_cfg.c **** 
 133              		.loc 1 171 0
 134 0042 8022     		mov	r2, #128
 135 0044 D202     		lsl	r2, r2, #11
 136 0046 194B     		ldr	r3, .L6+52
 137 0048 1A60     		str	r2, [r3]
 174:.\Generated_Source\PSoC4/cyfitter_cfg.c **** 
 138              		.loc 1 174 0
 139 004a 4322     		mov	r2, #67
 140 004c 184B     		ldr	r3, .L6+56
 141 004e 1A60     		str	r2, [r3]
 177:.\Generated_Source\PSoC4/cyfitter_cfg.c **** 
 142              		.loc 1 177 0
 143 0050 033A     		sub	r2, r2, #3
 144 0052 184B     		ldr	r3, .L6+60
 145 0054 1A60     		str	r2, [r3]
 180:.\Generated_Source\PSoC4/cyfitter_cfg.c **** 
 146              		.loc 1 180 0
 147 0056 0232     		add	r2, r2, #2
 148 0058 174B     		ldr	r3, .L6+64
 149 005a 1A60     		str	r2, [r3]
 183:.\Generated_Source\PSoC4/cyfitter_cfg.c **** 
 150              		.loc 1 183 0
 151 005c 013A     		sub	r2, r2, #1
 152 005e 174B     		ldr	r3, .L6+68
 153 0060 1A60     		str	r2, [r3]
 185:.\Generated_Source\PSoC4/cyfitter_cfg.c **** 	CyIntEnable(7u);
 154              		.loc 1 185 0
 155 0062 0720     		mov	r0, #7
 156 0064 1649     		ldr	r1, .L6+72
 157 0066 FFF7FEFF 		bl	CyIntSetVector
 158              	.LVL4:
 186:.\Generated_Source\PSoC4/cyfitter_cfg.c **** 	CY_SET_XTND_REG32((void CYFAR *)(CYREG_WDT_CONFIG), 0x00000000u);
 159              		.loc 1 186 0
 160 006a 0720     		mov	r0, #7
 161 006c FFF7FEFF 		bl	CyIntEnable
ARM GAS  C:\Users\HENRYA~1\AppData\Local\Temp\ccBmJGmk.s 			page 8


 162              	.LVL5:
 187:.\Generated_Source\PSoC4/cyfitter_cfg.c **** }
 163              		.loc 1 187 0
 164 0070 0022     		mov	r2, #0
 165 0072 144B     		ldr	r3, .L6+76
 166 0074 1A60     		str	r2, [r3]
 188:.\Generated_Source\PSoC4/cyfitter_cfg.c **** 
 167              		.loc 1 188 0
 168              		@ sp needed
 169 0076 08BD     		pop	{r3, pc}
 170              	.L7:
 171              		.align	2
 172              	.L6:
 173 0078 30001040 		.word	1074790448
 174 007c 06000080 		.word	-2147483642
 175 0080 04010B40 		.word	1074462980
 176 0084 0C030140 		.word	1073808140
 177 0088 00000140 		.word	1073807360
 178 008c 43FF0080 		.word	-2147418301
 179 0090 00030140 		.word	1073808128
 180 0094 40FF0080 		.word	-2147418304
 181 0098 08030140 		.word	1073808136
 182 009c 42FF0080 		.word	-2147418302
 183 00a0 04030140 		.word	1073808132
 184 00a4 41FF0080 		.word	-2147418303
 185 00a8 08010B40 		.word	1074462984
 186 00ac 00010B40 		.word	1074462976
 187 00b0 14010140 		.word	1073807636
 188 00b4 10010140 		.word	1073807632
 189 00b8 0C010140 		.word	1073807628
 190 00bc 08010140 		.word	1073807624
 191 00c0 00000000 		.word	CySysWdtIsr
 192 00c4 0C020B40 		.word	1074463244
 193              		.cfi_endproc
 194              	.LFE4:
 195              		.size	ClockSetup, .-ClockSetup
 196              		.align	2
 197              		.global	cyfitter_cfg
 198              		.code	16
 199              		.thumb_func
 200              		.type	cyfitter_cfg, %function
 201              	cyfitter_cfg:
 202              	.LFB6:
 216:.\Generated_Source\PSoC4/cyfitter_cfg.c **** 
 217:.\Generated_Source\PSoC4/cyfitter_cfg.c **** #define CY_AMUX_UNUSED CYREG_CM0_ROM_DWT
 218:.\Generated_Source\PSoC4/cyfitter_cfg.c **** 
 219:.\Generated_Source\PSoC4/cyfitter_cfg.c **** 
 220:.\Generated_Source\PSoC4/cyfitter_cfg.c **** /*******************************************************************************
 221:.\Generated_Source\PSoC4/cyfitter_cfg.c **** * Function Name: cyfitter_cfg
 222:.\Generated_Source\PSoC4/cyfitter_cfg.c **** ********************************************************************************
 223:.\Generated_Source\PSoC4/cyfitter_cfg.c **** * Summary:
 224:.\Generated_Source\PSoC4/cyfitter_cfg.c **** *  This function is called by the start-up code for the selected device. It
 225:.\Generated_Source\PSoC4/cyfitter_cfg.c **** *  performs all of the necessary device configuration based on the design
 226:.\Generated_Source\PSoC4/cyfitter_cfg.c **** *  settings.  This includes settings from the Design Wide Resources (DWR) such
 227:.\Generated_Source\PSoC4/cyfitter_cfg.c **** *  as Clocks and Pins as well as any component configuration that is necessary.
 228:.\Generated_Source\PSoC4/cyfitter_cfg.c **** *
 229:.\Generated_Source\PSoC4/cyfitter_cfg.c **** * Parameters:  
ARM GAS  C:\Users\HENRYA~1\AppData\Local\Temp\ccBmJGmk.s 			page 9


 230:.\Generated_Source\PSoC4/cyfitter_cfg.c **** *   void
 231:.\Generated_Source\PSoC4/cyfitter_cfg.c **** *
 232:.\Generated_Source\PSoC4/cyfitter_cfg.c **** * Return:
 233:.\Generated_Source\PSoC4/cyfitter_cfg.c **** *   void
 234:.\Generated_Source\PSoC4/cyfitter_cfg.c **** *
 235:.\Generated_Source\PSoC4/cyfitter_cfg.c **** *******************************************************************************/
 236:.\Generated_Source\PSoC4/cyfitter_cfg.c **** CY_CFG_SECTION
 237:.\Generated_Source\PSoC4/cyfitter_cfg.c **** void cyfitter_cfg(void)
 238:.\Generated_Source\PSoC4/cyfitter_cfg.c **** {
 203              		.loc 1 238 0
 204              		.cfi_startproc
 205 00c8 10B5     		push	{r4, lr}
 206              		.cfi_def_cfa_offset 8
 207              		.cfi_offset 4, -8
 208              		.cfi_offset 14, -4
 239:.\Generated_Source\PSoC4/cyfitter_cfg.c **** 	/* Disable interrupts by default. Let user enable if/when they want. */
 240:.\Generated_Source\PSoC4/cyfitter_cfg.c **** 	CyGlobalIntDisable;
 209              		.loc 1 240 0
 210              	@ 240 ".\Generated_Source\PSoC4\cyfitter_cfg.c" 1
 211 00ca 72B6     		CPSID   i
 212              	@ 0 "" 2
 213              	.LVL6:
 214              		.code	16
 215              	.LBB2:
 241:.\Generated_Source\PSoC4/cyfitter_cfg.c **** 
 242:.\Generated_Source\PSoC4/cyfitter_cfg.c **** 	{
 243:.\Generated_Source\PSoC4/cyfitter_cfg.c **** 
 244:.\Generated_Source\PSoC4/cyfitter_cfg.c **** 		CYPACKED typedef struct {
 245:.\Generated_Source\PSoC4/cyfitter_cfg.c **** 			void CYFAR *address;
 246:.\Generated_Source\PSoC4/cyfitter_cfg.c **** 			uint16 size;
 247:.\Generated_Source\PSoC4/cyfitter_cfg.c **** 		} CYPACKED_ATTR cfg_memset_t;
 248:.\Generated_Source\PSoC4/cyfitter_cfg.c **** 
 249:.\Generated_Source\PSoC4/cyfitter_cfg.c **** 		static const cfg_memset_t CYCODE cfg_memset_list [] = {
 250:.\Generated_Source\PSoC4/cyfitter_cfg.c **** 			/* address, size */
 251:.\Generated_Source\PSoC4/cyfitter_cfg.c **** 			{(void CYFAR *)(CYDEV_UDB_P0_U0_BASE), 1024u},
 252:.\Generated_Source\PSoC4/cyfitter_cfg.c **** 			{(void CYFAR *)(CYDEV_UDB_DSI0_BASE), 1024u},
 253:.\Generated_Source\PSoC4/cyfitter_cfg.c **** 		};
 254:.\Generated_Source\PSoC4/cyfitter_cfg.c **** 
 255:.\Generated_Source\PSoC4/cyfitter_cfg.c **** 		uint8 CYDATA i;
 256:.\Generated_Source\PSoC4/cyfitter_cfg.c **** 
 257:.\Generated_Source\PSoC4/cyfitter_cfg.c **** 		/* Zero out critical memory blocks before beginning configuration */
 258:.\Generated_Source\PSoC4/cyfitter_cfg.c **** 		for (i = 0u; i < (sizeof(cfg_memset_list)/sizeof(cfg_memset_list[0])); i++)
 216              		.loc 1 258 0
 217 00cc 0024     		mov	r4, #0
 218 00ce 10E0     		b	.L9
 219              	.LVL7:
 220              	.L10:
 221              	.LBB3:
 259:.\Generated_Source\PSoC4/cyfitter_cfg.c **** 		{
 260:.\Generated_Source\PSoC4/cyfitter_cfg.c **** 			const cfg_memset_t CYCODE * CYDATA ms = &cfg_memset_list[i];
 261:.\Generated_Source\PSoC4/cyfitter_cfg.c **** 			CYMEMZERO(ms->address, (size_t)(uint32)(ms->size));
 222              		.loc 1 261 0 discriminator 3
 223 00d0 2948     		ldr	r0, .L11
 224 00d2 6300     		lsl	r3, r4, #1
 225 00d4 1A19     		add	r2, r3, r4
 226 00d6 5200     		lsl	r2, r2, #1
 227 00d8 8218     		add	r2, r0, r2
ARM GAS  C:\Users\HENRYA~1\AppData\Local\Temp\ccBmJGmk.s 			page 10


 228 00da 9188     		ldrh	r1, [r2, #4]
 229 00dc 1B19     		add	r3, r3, r4
 230 00de 5B00     		lsl	r3, r3, #1
 231 00e0 1A5A     		ldrh	r2, [r3, r0]
 232 00e2 C318     		add	r3, r0, r3
 233 00e4 5888     		ldrh	r0, [r3, #2]
 234 00e6 0004     		lsl	r0, r0, #16
 235 00e8 1043     		orr	r0, r2
 236 00ea FFF7FEFF 		bl	CYMEMZERO
 237              	.LVL8:
 238              	.LBE3:
 258:.\Generated_Source\PSoC4/cyfitter_cfg.c **** 		{
 239              		.loc 1 258 0 discriminator 3
 240 00ee 0134     		add	r4, r4, #1
 241              	.LVL9:
 242 00f0 E4B2     		uxtb	r4, r4
 243              	.LVL10:
 244              	.L9:
 258:.\Generated_Source\PSoC4/cyfitter_cfg.c **** 		{
 245              		.loc 1 258 0 is_stmt 0 discriminator 1
 246 00f2 012C     		cmp	r4, #1
 247 00f4 ECD9     		bls	.L10
 262:.\Generated_Source\PSoC4/cyfitter_cfg.c **** 		}
 263:.\Generated_Source\PSoC4/cyfitter_cfg.c **** 
 264:.\Generated_Source\PSoC4/cyfitter_cfg.c **** 		/* HSIOM Starting address: CYDEV_HSIOM_BASE */
 265:.\Generated_Source\PSoC4/cyfitter_cfg.c **** 		CY_SET_XTND_REG32((void CYFAR *)(CYREG_HSIOM_PORT_SEL1), 0x000000EEu);
 248              		.loc 1 265 0 is_stmt 1
 249 00f6 EE23     		mov	r3, #238
 250 00f8 204A     		ldr	r2, .L11+4
 251 00fa 1360     		str	r3, [r2]
 266:.\Generated_Source\PSoC4/cyfitter_cfg.c **** 		CY_SET_XTND_REG32((void CYFAR *)(CYREG_HSIOM_PORT_SEL2), 0x000000EEu);
 252              		.loc 1 266 0
 253 00fc 204A     		ldr	r2, .L11+8
 254 00fe 1360     		str	r3, [r2]
 267:.\Generated_Source\PSoC4/cyfitter_cfg.c **** 		CY_SET_XTND_REG32((void CYFAR *)(CYREG_HSIOM_PORT_SEL3), 0x0000EE00u);
 255              		.loc 1 267 0
 256 0100 EE21     		mov	r1, #238
 257 0102 0902     		lsl	r1, r1, #8
 258 0104 1F4A     		ldr	r2, .L11+12
 259 0106 1160     		str	r1, [r2]
 268:.\Generated_Source\PSoC4/cyfitter_cfg.c **** 		CY_SET_XTND_REG32((void CYFAR *)(CYREG_HSIOM_PORT_SEL5), 0x000000EEu);
 260              		.loc 1 268 0
 261 0108 1F4A     		ldr	r2, .L11+16
 262 010a 1360     		str	r3, [r2]
 269:.\Generated_Source\PSoC4/cyfitter_cfg.c **** 		CY_SET_XTND_REG32((void CYFAR *)(CYREG_HSIOM_PORT_SEL6), 0x000000EEu);
 263              		.loc 1 269 0
 264 010c 1F4A     		ldr	r2, .L11+20
 265 010e 1360     		str	r3, [r2]
 270:.\Generated_Source\PSoC4/cyfitter_cfg.c **** 
 271:.\Generated_Source\PSoC4/cyfitter_cfg.c **** 		/* UDB_PA_1 Starting address: CYDEV_UDB_PA1_BASE */
 272:.\Generated_Source\PSoC4/cyfitter_cfg.c **** 		CY_SET_XTND_REG32((void CYFAR *)(CYDEV_UDB_PA1_BASE), 0x00990000u);
 266              		.loc 1 272 0
 267 0110 9923     		mov	r3, #153
 268 0112 1B04     		lsl	r3, r3, #16
 269 0114 1E4A     		ldr	r2, .L11+24
 270 0116 1360     		str	r3, [r2]
 273:.\Generated_Source\PSoC4/cyfitter_cfg.c **** 
ARM GAS  C:\Users\HENRYA~1\AppData\Local\Temp\ccBmJGmk.s 			page 11


 274:.\Generated_Source\PSoC4/cyfitter_cfg.c **** 		/* UDB_PA_2 Starting address: CYDEV_UDB_PA2_BASE */
 275:.\Generated_Source\PSoC4/cyfitter_cfg.c **** 		CY_SET_XTND_REG32((void CYFAR *)(CYDEV_UDB_PA2_BASE), 0x00990000u);
 271              		.loc 1 275 0
 272 0118 1E4A     		ldr	r2, .L11+28
 273 011a 1360     		str	r3, [r2]
 276:.\Generated_Source\PSoC4/cyfitter_cfg.c **** 
 277:.\Generated_Source\PSoC4/cyfitter_cfg.c **** 		/* UDB_PA_3 Starting address: CYDEV_UDB_PA3_BASE */
 278:.\Generated_Source\PSoC4/cyfitter_cfg.c **** 		CY_SET_XTND_REG32((void CYFAR *)(CYDEV_UDB_PA3_BASE), 0x00990000u);
 274              		.loc 1 278 0
 275 011c 1E4A     		ldr	r2, .L11+32
 276 011e 1360     		str	r3, [r2]
 279:.\Generated_Source\PSoC4/cyfitter_cfg.c **** 
 280:.\Generated_Source\PSoC4/cyfitter_cfg.c **** 		/* Enable digital routing */
 281:.\Generated_Source\PSoC4/cyfitter_cfg.c **** 		CY_SET_XTND_REG8((void *)CYREG_UDB_UDBIF_BANK_CTL, CY_GET_XTND_REG8((void *)CYREG_UDB_UDBIF_BANK_
 277              		.loc 1 281 0
 278 0120 1E4B     		ldr	r3, .L11+36
 279 0122 1978     		ldrb	r1, [r3]
 280 0124 0222     		mov	r2, #2
 281 0126 0A43     		orr	r2, r1
 282 0128 1A70     		strb	r2, [r3]
 282:.\Generated_Source\PSoC4/cyfitter_cfg.c **** 
 283:.\Generated_Source\PSoC4/cyfitter_cfg.c **** 		/* Enable UDB array */
 284:.\Generated_Source\PSoC4/cyfitter_cfg.c **** 		CY_SET_XTND_REG8((void *)CYREG_UDB_UDBIF_WAIT_CFG, (uint8)((CY_GET_XTND_REG8((void *)CYREG_UDB_UD
 283              		.loc 1 284 0
 284 012a 1D48     		ldr	r0, .L11+40
 285 012c 0278     		ldrb	r2, [r0]
 286 012e 3C21     		mov	r1, #60
 287 0130 8A43     		bic	r2, r1
 288 0132 2839     		sub	r1, r1, #40
 289 0134 0A43     		orr	r2, r1
 290 0136 0270     		strb	r2, [r0]
 285:.\Generated_Source\PSoC4/cyfitter_cfg.c **** 		CY_SET_XTND_REG8((void *)CYREG_UDB_UDBIF_BANK_CTL, (uint8)(CY_GET_XTND_REG8((void *)CYREG_UDB_UDB
 291              		.loc 1 285 0
 292 0138 1978     		ldrb	r1, [r3]
 293 013a 1622     		mov	r2, #22
 294 013c 0A43     		orr	r2, r1
 295 013e 1A70     		strb	r2, [r3]
 296              	.LBE2:
 286:.\Generated_Source\PSoC4/cyfitter_cfg.c **** 	}
 287:.\Generated_Source\PSoC4/cyfitter_cfg.c **** 
 288:.\Generated_Source\PSoC4/cyfitter_cfg.c **** 	/* Perform second pass device configuration. These items must be configured in specific order afte
 289:.\Generated_Source\PSoC4/cyfitter_cfg.c **** 	/* IOPINS0_1 Starting address: CYDEV_GPIO_PRT1_BASE */
 290:.\Generated_Source\PSoC4/cyfitter_cfg.c **** 	CY_SET_XTND_REG32((void CYFAR *)(CYDEV_GPIO_PRT1_BASE), 0x00000003u);
 297              		.loc 1 290 0
 298 0140 0323     		mov	r3, #3
 299 0142 184A     		ldr	r2, .L11+44
 300 0144 1360     		str	r3, [r2]
 291:.\Generated_Source\PSoC4/cyfitter_cfg.c **** 	CY_SET_XTND_REG32((void CYFAR *)(CYREG_GPIO_PRT1_PC), 0x00000024u);
 301              		.loc 1 291 0
 302 0146 2422     		mov	r2, #36
 303 0148 1749     		ldr	r1, .L11+48
 304 014a 0A60     		str	r2, [r1]
 292:.\Generated_Source\PSoC4/cyfitter_cfg.c **** 
 293:.\Generated_Source\PSoC4/cyfitter_cfg.c **** 	/* IOPINS0_2 Starting address: CYDEV_GPIO_PRT2_BASE */
 294:.\Generated_Source\PSoC4/cyfitter_cfg.c **** 	CY_SET_XTND_REG32((void CYFAR *)(CYDEV_GPIO_PRT2_BASE), 0x00000003u);
 305              		.loc 1 294 0
 306 014c 1749     		ldr	r1, .L11+52
ARM GAS  C:\Users\HENRYA~1\AppData\Local\Temp\ccBmJGmk.s 			page 12


 307 014e 0B60     		str	r3, [r1]
 295:.\Generated_Source\PSoC4/cyfitter_cfg.c **** 	CY_SET_XTND_REG32((void CYFAR *)(CYREG_GPIO_PRT2_PC), 0x00036DA4u);
 308              		.loc 1 295 0
 309 0150 1748     		ldr	r0, .L11+56
 310 0152 1849     		ldr	r1, .L11+60
 311 0154 0860     		str	r0, [r1]
 296:.\Generated_Source\PSoC4/cyfitter_cfg.c **** 
 297:.\Generated_Source\PSoC4/cyfitter_cfg.c **** 	/* IOPINS0_3 Starting address: CYDEV_GPIO_PRT3_BASE */
 298:.\Generated_Source\PSoC4/cyfitter_cfg.c **** 	CY_SET_XTND_REG32((void CYFAR *)(CYREG_GPIO_PRT3_PC), 0x00000D80u);
 312              		.loc 1 298 0
 313 0156 D820     		mov	r0, #216
 314 0158 0001     		lsl	r0, r0, #4
 315 015a 1749     		ldr	r1, .L11+64
 316 015c 0860     		str	r0, [r1]
 299:.\Generated_Source\PSoC4/cyfitter_cfg.c **** 
 300:.\Generated_Source\PSoC4/cyfitter_cfg.c **** 	/* IOPINS0_5 Starting address: CYDEV_GPIO_PRT5_BASE */
 301:.\Generated_Source\PSoC4/cyfitter_cfg.c **** 	CY_SET_XTND_REG32((void CYFAR *)(CYDEV_GPIO_PRT5_BASE), 0x00000003u);
 317              		.loc 1 301 0
 318 015e 1749     		ldr	r1, .L11+68
 319 0160 0B60     		str	r3, [r1]
 302:.\Generated_Source\PSoC4/cyfitter_cfg.c **** 	CY_SET_XTND_REG32((void CYFAR *)(CYREG_GPIO_PRT5_PC), 0x00000024u);
 320              		.loc 1 302 0
 321 0162 1749     		ldr	r1, .L11+72
 322 0164 0A60     		str	r2, [r1]
 303:.\Generated_Source\PSoC4/cyfitter_cfg.c **** 
 304:.\Generated_Source\PSoC4/cyfitter_cfg.c **** 	/* IOPINS0_6 Starting address: CYDEV_GPIO_PRT6_BASE */
 305:.\Generated_Source\PSoC4/cyfitter_cfg.c **** 	CY_SET_XTND_REG32((void CYFAR *)(CYDEV_GPIO_PRT6_BASE), 0x00000003u);
 323              		.loc 1 305 0
 324 0166 1749     		ldr	r1, .L11+76
 325 0168 0B60     		str	r3, [r1]
 306:.\Generated_Source\PSoC4/cyfitter_cfg.c **** 	CY_SET_XTND_REG32((void CYFAR *)(CYREG_GPIO_PRT6_PC), 0x00000024u);
 326              		.loc 1 306 0
 327 016a 174B     		ldr	r3, .L11+80
 328 016c 1A60     		str	r2, [r3]
 307:.\Generated_Source\PSoC4/cyfitter_cfg.c **** 
 308:.\Generated_Source\PSoC4/cyfitter_cfg.c **** 
 309:.\Generated_Source\PSoC4/cyfitter_cfg.c **** 	/* Setup clocks based on selections from Clock DWR */
 310:.\Generated_Source\PSoC4/cyfitter_cfg.c **** 	ClockSetup();
 329              		.loc 1 310 0
 330 016e FFF747FF 		bl	ClockSetup
 331              	.LVL11:
 311:.\Generated_Source\PSoC4/cyfitter_cfg.c **** 
 312:.\Generated_Source\PSoC4/cyfitter_cfg.c **** 	/* Perform basic analog initialization to defaults */
 313:.\Generated_Source\PSoC4/cyfitter_cfg.c **** 	AnalogSetDefault();
 332              		.loc 1 313 0
 333 0172 FFF7FEFF 		bl	AnalogSetDefault
 334              	.LVL12:
 314:.\Generated_Source\PSoC4/cyfitter_cfg.c **** 
 315:.\Generated_Source\PSoC4/cyfitter_cfg.c **** }
 335              		.loc 1 315 0
 336              		@ sp needed
 337              	.LVL13:
 338 0176 10BD     		pop	{r4, pc}
 339              	.L12:
 340              		.align	2
 341              	.L11:
 342 0178 00000000 		.word	.LANCHOR0
ARM GAS  C:\Users\HENRYA~1\AppData\Local\Temp\ccBmJGmk.s 			page 13


 343 017c 00010240 		.word	1073873152
 344 0180 00020240 		.word	1073873408
 345 0184 00030240 		.word	1073873664
 346 0188 00050240 		.word	1073874176
 347 018c 00060240 		.word	1073874432
 348 0190 10500F40 		.word	1074745360
 349 0194 20500F40 		.word	1074745376
 350 0198 30500F40 		.word	1074745392
 351 019c 00700F40 		.word	1074753536
 352 01a0 01700F40 		.word	1074753537
 353 01a4 00010440 		.word	1074004224
 354 01a8 08010440 		.word	1074004232
 355 01ac 00020440 		.word	1074004480
 356 01b0 A46D0300 		.word	224676
 357 01b4 08020440 		.word	1074004488
 358 01b8 08030440 		.word	1074004744
 359 01bc 00050440 		.word	1074005248
 360 01c0 08050440 		.word	1074005256
 361 01c4 00060440 		.word	1074005504
 362 01c8 08060440 		.word	1074005512
 363              		.cfi_endproc
 364              	.LFE6:
 365              		.size	cyfitter_cfg, .-cyfitter_cfg
 366              		.section	.rodata
 367              		.align	2
 368              		.set	.LANCHOR0,. + 0
 369              		.type	cfg_memset_list.4762, %object
 370              		.size	cfg_memset_list.4762, 12
 371              	cfg_memset_list.4762:
 372 0000 00300F40 		.word	1074737152
 373 0004 0004     		.short	1024
 374 0006 00400F40 		.4byte	1074741248
 375 000a 0004     		.short	1024
 376              		.text
 377              	.Letext0:
 378              		.file 2 "c:\\program files (x86)\\cypress\\psoc creator\\3.3\\psoc creator\\import\\gnu\\arm\\4.9.
 379              		.file 3 ".\\Generated_Source\\PSoC4\\cytypes.h"
 380              		.file 4 ".\\Generated_Source\\PSoC4\\CyLib.h"
 381              		.section	.debug_info,"",%progbits
 382              	.Ldebug_info0:
 383 0000 AB020000 		.4byte	0x2ab
 384 0004 0400     		.2byte	0x4
 385 0006 00000000 		.4byte	.Ldebug_abbrev0
 386 000a 04       		.byte	0x4
 387 000b 01       		.uleb128 0x1
 388 000c 9A010000 		.4byte	.LASF28
 389 0010 01       		.byte	0x1
 390 0011 56010000 		.4byte	.LASF29
 391 0015 A9000000 		.4byte	.LASF30
 392 0019 00000000 		.4byte	.Ldebug_ranges0+0
 393 001d 00000000 		.4byte	0
 394 0021 00000000 		.4byte	.Ldebug_line0
 395 0025 02       		.uleb128 0x2
 396 0026 04       		.byte	0x4
 397 0027 05       		.byte	0x5
 398 0028 696E7400 		.ascii	"int\000"
 399 002c 03       		.uleb128 0x3
ARM GAS  C:\Users\HENRYA~1\AppData\Local\Temp\ccBmJGmk.s 			page 14


 400 002d 06000000 		.4byte	.LASF11
 401 0031 02       		.byte	0x2
 402 0032 D4       		.byte	0xd4
 403 0033 37000000 		.4byte	0x37
 404 0037 04       		.uleb128 0x4
 405 0038 04       		.byte	0x4
 406 0039 07       		.byte	0x7
 407 003a 03010000 		.4byte	.LASF0
 408 003e 04       		.uleb128 0x4
 409 003f 01       		.byte	0x1
 410 0040 06       		.byte	0x6
 411 0041 50020000 		.4byte	.LASF1
 412 0045 04       		.uleb128 0x4
 413 0046 01       		.byte	0x1
 414 0047 08       		.byte	0x8
 415 0048 8D000000 		.4byte	.LASF2
 416 004c 04       		.uleb128 0x4
 417 004d 02       		.byte	0x2
 418 004e 05       		.byte	0x5
 419 004f 28020000 		.4byte	.LASF3
 420 0053 04       		.uleb128 0x4
 421 0054 02       		.byte	0x2
 422 0055 07       		.byte	0x7
 423 0056 48000000 		.4byte	.LASF4
 424 005a 04       		.uleb128 0x4
 425 005b 04       		.byte	0x4
 426 005c 05       		.byte	0x5
 427 005d 47020000 		.4byte	.LASF5
 428 0061 04       		.uleb128 0x4
 429 0062 04       		.byte	0x4
 430 0063 07       		.byte	0x7
 431 0064 6B000000 		.4byte	.LASF6
 432 0068 04       		.uleb128 0x4
 433 0069 08       		.byte	0x8
 434 006a 05       		.byte	0x5
 435 006b 87010000 		.4byte	.LASF7
 436 006f 04       		.uleb128 0x4
 437 0070 08       		.byte	0x8
 438 0071 07       		.byte	0x7
 439 0072 25010000 		.4byte	.LASF8
 440 0076 04       		.uleb128 0x4
 441 0077 04       		.byte	0x4
 442 0078 07       		.byte	0x7
 443 0079 7E010000 		.4byte	.LASF9
 444 007d 05       		.uleb128 0x5
 445 007e 04       		.byte	0x4
 446 007f 06       		.uleb128 0x6
 447 0080 04       		.byte	0x4
 448 0081 85000000 		.4byte	0x85
 449 0085 07       		.uleb128 0x7
 450 0086 04       		.uleb128 0x4
 451 0087 01       		.byte	0x1
 452 0088 08       		.byte	0x8
 453 0089 95010000 		.4byte	.LASF10
 454 008d 08       		.uleb128 0x8
 455 008e 7D000000 		.4byte	.LASF12
 456 0092 03       		.byte	0x3
ARM GAS  C:\Users\HENRYA~1\AppData\Local\Temp\ccBmJGmk.s 			page 15


 457 0093 9801     		.2byte	0x198
 458 0095 45000000 		.4byte	0x45
 459 0099 08       		.uleb128 0x8
 460 009a F5000000 		.4byte	.LASF13
 461 009e 03       		.byte	0x3
 462 009f 9901     		.2byte	0x199
 463 00a1 53000000 		.4byte	0x53
 464 00a5 08       		.uleb128 0x8
 465 00a6 FC000000 		.4byte	.LASF14
 466 00aa 03       		.byte	0x3
 467 00ab 9A01     		.2byte	0x19a
 468 00ad 61000000 		.4byte	0x61
 469 00b1 04       		.uleb128 0x4
 470 00b2 04       		.byte	0x4
 471 00b3 04       		.byte	0x4
 472 00b4 5B000000 		.4byte	.LASF15
 473 00b8 04       		.uleb128 0x4
 474 00b9 08       		.byte	0x8
 475 00ba 04       		.byte	0x4
 476 00bb A2000000 		.4byte	.LASF16
 477 00bf 08       		.uleb128 0x8
 478 00c0 66000000 		.4byte	.LASF17
 479 00c4 03       		.byte	0x3
 480 00c5 4202     		.2byte	0x242
 481 00c7 CB000000 		.4byte	0xcb
 482 00cb 09       		.uleb128 0x9
 483 00cc 8D000000 		.4byte	0x8d
 484 00d0 08       		.uleb128 0x8
 485 00d1 00000000 		.4byte	.LASF18
 486 00d5 03       		.byte	0x3
 487 00d6 4402     		.2byte	0x244
 488 00d8 DC000000 		.4byte	0xdc
 489 00dc 09       		.uleb128 0x9
 490 00dd A5000000 		.4byte	0xa5
 491 00e1 08       		.uleb128 0x8
 492 00e2 3C010000 		.4byte	.LASF19
 493 00e6 03       		.byte	0x3
 494 00e7 5402     		.2byte	0x254
 495 00e9 7F000000 		.4byte	0x7f
 496 00ed 0A       		.uleb128 0xa
 497 00ee 0D000000 		.4byte	.LASF31
 498 00f2 01       		.byte	0x1
 499 00f3 D2       		.byte	0xd2
 500 00f4 00000000 		.4byte	.LFB5
 501 00f8 20000000 		.4byte	.LFE5-.LFB5
 502 00fc 01       		.uleb128 0x1
 503 00fd 9C       		.byte	0x9c
 504 00fe 0B       		.uleb128 0xb
 505 00ff 83000000 		.4byte	.LASF20
 506 0103 01       		.byte	0x1
 507 0104 3D       		.byte	0x3d
 508 0105 00000000 		.4byte	.LFB1
 509 0109 0C000000 		.4byte	.LFE1-.LFB1
 510 010d 01       		.uleb128 0x1
 511 010e 9C       		.byte	0x9c
 512 010f 4B010000 		.4byte	0x14b
 513 0113 0C       		.uleb128 0xc
ARM GAS  C:\Users\HENRYA~1\AppData\Local\Temp\ccBmJGmk.s 			page 16


 514 0114 7300     		.ascii	"s\000"
 515 0116 01       		.byte	0x1
 516 0117 3D       		.byte	0x3d
 517 0118 7D000000 		.4byte	0x7d
 518 011c 00000000 		.4byte	.LLST0
 519 0120 0C       		.uleb128 0xc
 520 0121 6E00     		.ascii	"n\000"
 521 0123 01       		.byte	0x1
 522 0124 3D       		.byte	0x3d
 523 0125 2C000000 		.4byte	0x2c
 524 0129 21000000 		.4byte	.LLST1
 525 012d 0D       		.uleb128 0xd
 526 012e 0A000000 		.4byte	.LVL2
 527 0132 59020000 		.4byte	0x259
 528 0136 0E       		.uleb128 0xe
 529 0137 01       		.uleb128 0x1
 530 0138 52       		.byte	0x52
 531 0139 03       		.uleb128 0x3
 532 013a F3       		.byte	0xf3
 533 013b 01       		.uleb128 0x1
 534 013c 51       		.byte	0x51
 535 013d 0E       		.uleb128 0xe
 536 013e 01       		.uleb128 0x1
 537 013f 51       		.byte	0x51
 538 0140 01       		.uleb128 0x1
 539 0141 30       		.byte	0x30
 540 0142 0E       		.uleb128 0xe
 541 0143 01       		.uleb128 0x1
 542 0144 50       		.byte	0x50
 543 0145 03       		.uleb128 0x3
 544 0146 F3       		.byte	0xf3
 545 0147 01       		.uleb128 0x1
 546 0148 50       		.byte	0x50
 547 0149 00       		.byte	0
 548 014a 00       		.byte	0
 549 014b 0B       		.uleb128 0xb
 550 014c 3D000000 		.4byte	.LASF21
 551 0150 01       		.byte	0x1
 552 0151 92       		.byte	0x92
 553 0152 00000000 		.4byte	.LFB4
 554 0156 C8000000 		.4byte	.LFE4-.LFB4
 555 015a 01       		.uleb128 0x1
 556 015b 9C       		.byte	0x9c
 557 015c 97010000 		.4byte	0x197
 558 0160 0F       		.uleb128 0xf
 559 0161 0E000000 		.4byte	.LVL3
 560 0165 76020000 		.4byte	0x276
 561 0169 74010000 		.4byte	0x174
 562 016d 0E       		.uleb128 0xe
 563 016e 01       		.uleb128 0x1
 564 016f 50       		.byte	0x50
 565 0170 02       		.uleb128 0x2
 566 0171 08       		.byte	0x8
 567 0172 30       		.byte	0x30
 568 0173 00       		.byte	0
 569 0174 0F       		.uleb128 0xf
 570 0175 6A000000 		.4byte	.LVL4
ARM GAS  C:\Users\HENRYA~1\AppData\Local\Temp\ccBmJGmk.s 			page 17


 571 0179 87020000 		.4byte	0x287
 572 017d 87010000 		.4byte	0x187
 573 0181 0E       		.uleb128 0xe
 574 0182 01       		.uleb128 0x1
 575 0183 50       		.byte	0x50
 576 0184 01       		.uleb128 0x1
 577 0185 37       		.byte	0x37
 578 0186 00       		.byte	0
 579 0187 0D       		.uleb128 0xd
 580 0188 70000000 		.4byte	.LVL5
 581 018c A1020000 		.4byte	0x2a1
 582 0190 0E       		.uleb128 0xe
 583 0191 01       		.uleb128 0x1
 584 0192 50       		.byte	0x50
 585 0193 01       		.uleb128 0x1
 586 0194 37       		.byte	0x37
 587 0195 00       		.byte	0
 588 0196 00       		.byte	0
 589 0197 10       		.uleb128 0x10
 590 0198 10010000 		.4byte	.LASF32
 591 019c 01       		.byte	0x1
 592 019d ED       		.byte	0xed
 593 019e C8000000 		.4byte	.LFB6
 594 01a2 04010000 		.4byte	.LFE6-.LFB6
 595 01a6 01       		.uleb128 0x1
 596 01a7 9C       		.byte	0x9c
 597 01a8 59020000 		.4byte	0x259
 598 01ac 11       		.uleb128 0x11
 599 01ad CC000000 		.4byte	.LBB2
 600 01b1 74000000 		.4byte	.LBE2-.LBB2
 601 01b5 46020000 		.4byte	0x246
 602 01b9 12       		.uleb128 0x12
 603 01ba 06       		.byte	0x6
 604 01bb 01       		.byte	0x1
 605 01bc F4       		.byte	0xf4
 606 01bd DA010000 		.4byte	0x1da
 607 01c1 13       		.uleb128 0x13
 608 01c2 1D010000 		.4byte	.LASF22
 609 01c6 01       		.byte	0x1
 610 01c7 F5       		.byte	0xf5
 611 01c8 7D000000 		.4byte	0x7d
 612 01cc 00       		.byte	0
 613 01cd 13       		.uleb128 0x13
 614 01ce 61000000 		.4byte	.LASF23
 615 01d2 01       		.byte	0x1
 616 01d3 F6       		.byte	0xf6
 617 01d4 99000000 		.4byte	0x99
 618 01d8 04       		.byte	0x4
 619 01d9 00       		.byte	0
 620 01da 03       		.uleb128 0x3
 621 01db 49010000 		.4byte	.LASF24
 622 01df 01       		.byte	0x1
 623 01e0 F7       		.byte	0xf7
 624 01e1 B9010000 		.4byte	0x1b9
 625 01e5 14       		.uleb128 0x14
 626 01e6 DA010000 		.4byte	0x1da
 627 01ea F5010000 		.4byte	0x1f5
ARM GAS  C:\Users\HENRYA~1\AppData\Local\Temp\ccBmJGmk.s 			page 18


 628 01ee 15       		.uleb128 0x15
 629 01ef 76000000 		.4byte	0x76
 630 01f3 01       		.byte	0x1
 631 01f4 00       		.byte	0
 632 01f5 16       		.uleb128 0x16
 633 01f6 2D000000 		.4byte	.LASF25
 634 01fa 01       		.byte	0x1
 635 01fb F9       		.byte	0xf9
 636 01fc 06020000 		.4byte	0x206
 637 0200 05       		.uleb128 0x5
 638 0201 03       		.byte	0x3
 639 0202 00000000 		.4byte	cfg_memset_list.4762
 640 0206 17       		.uleb128 0x17
 641 0207 E5010000 		.4byte	0x1e5
 642 020b 18       		.uleb128 0x18
 643 020c 6900     		.ascii	"i\000"
 644 020e 01       		.byte	0x1
 645 020f FF       		.byte	0xff
 646 0210 8D000000 		.4byte	0x8d
 647 0214 4D000000 		.4byte	.LLST2
 648 0218 19       		.uleb128 0x19
 649 0219 D0000000 		.4byte	.LBB3
 650 021d 1E000000 		.4byte	.LBE3-.LBB3
 651 0221 1A       		.uleb128 0x1a
 652 0222 6D7300   		.ascii	"ms\000"
 653 0225 01       		.byte	0x1
 654 0226 0401     		.2byte	0x104
 655 0228 30020000 		.4byte	0x230
 656 022c 77000000 		.4byte	.LLST3
 657 0230 06       		.uleb128 0x6
 658 0231 04       		.byte	0x4
 659 0232 36020000 		.4byte	0x236
 660 0236 17       		.uleb128 0x17
 661 0237 DA010000 		.4byte	0x1da
 662 023b 1B       		.uleb128 0x1b
 663 023c EE000000 		.4byte	.LVL8
 664 0240 FE000000 		.4byte	0xfe
 665 0244 00       		.byte	0
 666 0245 00       		.byte	0
 667 0246 1B       		.uleb128 0x1b
 668 0247 72010000 		.4byte	.LVL11
 669 024b 4B010000 		.4byte	0x14b
 670 024f 1B       		.uleb128 0x1b
 671 0250 76010000 		.4byte	.LVL12
 672 0254 ED000000 		.4byte	0xed
 673 0258 00       		.byte	0
 674 0259 1C       		.uleb128 0x1c
 675 025a 9B000000 		.4byte	.LASF26
 676 025e 7D000000 		.4byte	0x7d
 677 0262 76020000 		.4byte	0x276
 678 0266 1D       		.uleb128 0x1d
 679 0267 7D000000 		.4byte	0x7d
 680 026b 1D       		.uleb128 0x1d
 681 026c 25000000 		.4byte	0x25
 682 0270 1D       		.uleb128 0x1d
 683 0271 76000000 		.4byte	0x76
 684 0275 00       		.byte	0
ARM GAS  C:\Users\HENRYA~1\AppData\Local\Temp\ccBmJGmk.s 			page 19


 685 0276 1E       		.uleb128 0x1e
 686 0277 32020000 		.4byte	.LASF27
 687 027b 04       		.byte	0x4
 688 027c 6C       		.byte	0x6c
 689 027d 87020000 		.4byte	0x287
 690 0281 1D       		.uleb128 0x1d
 691 0282 A5000000 		.4byte	0xa5
 692 0286 00       		.byte	0
 693 0287 1F       		.uleb128 0x1f
 694 0288 1E000000 		.4byte	.LASF33
 695 028c 04       		.byte	0x4
 696 028d BB       		.byte	0xbb
 697 028e E1000000 		.4byte	0xe1
 698 0292 A1020000 		.4byte	0x2a1
 699 0296 1D       		.uleb128 0x1d
 700 0297 8D000000 		.4byte	0x8d
 701 029b 1D       		.uleb128 0x1d
 702 029c E1000000 		.4byte	0xe1
 703 02a0 00       		.byte	0
 704 02a1 20       		.uleb128 0x20
 705 02a2 E9000000 		.4byte	.LASF34
 706 02a6 04       		.byte	0x4
 707 02a7 C1       		.byte	0xc1
 708 02a8 1D       		.uleb128 0x1d
 709 02a9 8D000000 		.4byte	0x8d
 710 02ad 00       		.byte	0
 711 02ae 00       		.byte	0
 712              		.section	.debug_abbrev,"",%progbits
 713              	.Ldebug_abbrev0:
 714 0000 01       		.uleb128 0x1
 715 0001 11       		.uleb128 0x11
 716 0002 01       		.byte	0x1
 717 0003 25       		.uleb128 0x25
 718 0004 0E       		.uleb128 0xe
 719 0005 13       		.uleb128 0x13
 720 0006 0B       		.uleb128 0xb
 721 0007 03       		.uleb128 0x3
 722 0008 0E       		.uleb128 0xe
 723 0009 1B       		.uleb128 0x1b
 724 000a 0E       		.uleb128 0xe
 725 000b 55       		.uleb128 0x55
 726 000c 17       		.uleb128 0x17
 727 000d 11       		.uleb128 0x11
 728 000e 01       		.uleb128 0x1
 729 000f 10       		.uleb128 0x10
 730 0010 17       		.uleb128 0x17
 731 0011 00       		.byte	0
 732 0012 00       		.byte	0
 733 0013 02       		.uleb128 0x2
 734 0014 24       		.uleb128 0x24
 735 0015 00       		.byte	0
 736 0016 0B       		.uleb128 0xb
 737 0017 0B       		.uleb128 0xb
 738 0018 3E       		.uleb128 0x3e
 739 0019 0B       		.uleb128 0xb
 740 001a 03       		.uleb128 0x3
 741 001b 08       		.uleb128 0x8
ARM GAS  C:\Users\HENRYA~1\AppData\Local\Temp\ccBmJGmk.s 			page 20


 742 001c 00       		.byte	0
 743 001d 00       		.byte	0
 744 001e 03       		.uleb128 0x3
 745 001f 16       		.uleb128 0x16
 746 0020 00       		.byte	0
 747 0021 03       		.uleb128 0x3
 748 0022 0E       		.uleb128 0xe
 749 0023 3A       		.uleb128 0x3a
 750 0024 0B       		.uleb128 0xb
 751 0025 3B       		.uleb128 0x3b
 752 0026 0B       		.uleb128 0xb
 753 0027 49       		.uleb128 0x49
 754 0028 13       		.uleb128 0x13
 755 0029 00       		.byte	0
 756 002a 00       		.byte	0
 757 002b 04       		.uleb128 0x4
 758 002c 24       		.uleb128 0x24
 759 002d 00       		.byte	0
 760 002e 0B       		.uleb128 0xb
 761 002f 0B       		.uleb128 0xb
 762 0030 3E       		.uleb128 0x3e
 763 0031 0B       		.uleb128 0xb
 764 0032 03       		.uleb128 0x3
 765 0033 0E       		.uleb128 0xe
 766 0034 00       		.byte	0
 767 0035 00       		.byte	0
 768 0036 05       		.uleb128 0x5
 769 0037 0F       		.uleb128 0xf
 770 0038 00       		.byte	0
 771 0039 0B       		.uleb128 0xb
 772 003a 0B       		.uleb128 0xb
 773 003b 00       		.byte	0
 774 003c 00       		.byte	0
 775 003d 06       		.uleb128 0x6
 776 003e 0F       		.uleb128 0xf
 777 003f 00       		.byte	0
 778 0040 0B       		.uleb128 0xb
 779 0041 0B       		.uleb128 0xb
 780 0042 49       		.uleb128 0x49
 781 0043 13       		.uleb128 0x13
 782 0044 00       		.byte	0
 783 0045 00       		.byte	0
 784 0046 07       		.uleb128 0x7
 785 0047 15       		.uleb128 0x15
 786 0048 00       		.byte	0
 787 0049 27       		.uleb128 0x27
 788 004a 19       		.uleb128 0x19
 789 004b 00       		.byte	0
 790 004c 00       		.byte	0
 791 004d 08       		.uleb128 0x8
 792 004e 16       		.uleb128 0x16
 793 004f 00       		.byte	0
 794 0050 03       		.uleb128 0x3
 795 0051 0E       		.uleb128 0xe
 796 0052 3A       		.uleb128 0x3a
 797 0053 0B       		.uleb128 0xb
 798 0054 3B       		.uleb128 0x3b
ARM GAS  C:\Users\HENRYA~1\AppData\Local\Temp\ccBmJGmk.s 			page 21


 799 0055 05       		.uleb128 0x5
 800 0056 49       		.uleb128 0x49
 801 0057 13       		.uleb128 0x13
 802 0058 00       		.byte	0
 803 0059 00       		.byte	0
 804 005a 09       		.uleb128 0x9
 805 005b 35       		.uleb128 0x35
 806 005c 00       		.byte	0
 807 005d 49       		.uleb128 0x49
 808 005e 13       		.uleb128 0x13
 809 005f 00       		.byte	0
 810 0060 00       		.byte	0
 811 0061 0A       		.uleb128 0xa
 812 0062 2E       		.uleb128 0x2e
 813 0063 00       		.byte	0
 814 0064 03       		.uleb128 0x3
 815 0065 0E       		.uleb128 0xe
 816 0066 3A       		.uleb128 0x3a
 817 0067 0B       		.uleb128 0xb
 818 0068 3B       		.uleb128 0x3b
 819 0069 0B       		.uleb128 0xb
 820 006a 27       		.uleb128 0x27
 821 006b 19       		.uleb128 0x19
 822 006c 11       		.uleb128 0x11
 823 006d 01       		.uleb128 0x1
 824 006e 12       		.uleb128 0x12
 825 006f 06       		.uleb128 0x6
 826 0070 40       		.uleb128 0x40
 827 0071 18       		.uleb128 0x18
 828 0072 9742     		.uleb128 0x2117
 829 0074 19       		.uleb128 0x19
 830 0075 00       		.byte	0
 831 0076 00       		.byte	0
 832 0077 0B       		.uleb128 0xb
 833 0078 2E       		.uleb128 0x2e
 834 0079 01       		.byte	0x1
 835 007a 03       		.uleb128 0x3
 836 007b 0E       		.uleb128 0xe
 837 007c 3A       		.uleb128 0x3a
 838 007d 0B       		.uleb128 0xb
 839 007e 3B       		.uleb128 0x3b
 840 007f 0B       		.uleb128 0xb
 841 0080 27       		.uleb128 0x27
 842 0081 19       		.uleb128 0x19
 843 0082 11       		.uleb128 0x11
 844 0083 01       		.uleb128 0x1
 845 0084 12       		.uleb128 0x12
 846 0085 06       		.uleb128 0x6
 847 0086 40       		.uleb128 0x40
 848 0087 18       		.uleb128 0x18
 849 0088 9742     		.uleb128 0x2117
 850 008a 19       		.uleb128 0x19
 851 008b 01       		.uleb128 0x1
 852 008c 13       		.uleb128 0x13
 853 008d 00       		.byte	0
 854 008e 00       		.byte	0
 855 008f 0C       		.uleb128 0xc
ARM GAS  C:\Users\HENRYA~1\AppData\Local\Temp\ccBmJGmk.s 			page 22


 856 0090 05       		.uleb128 0x5
 857 0091 00       		.byte	0
 858 0092 03       		.uleb128 0x3
 859 0093 08       		.uleb128 0x8
 860 0094 3A       		.uleb128 0x3a
 861 0095 0B       		.uleb128 0xb
 862 0096 3B       		.uleb128 0x3b
 863 0097 0B       		.uleb128 0xb
 864 0098 49       		.uleb128 0x49
 865 0099 13       		.uleb128 0x13
 866 009a 02       		.uleb128 0x2
 867 009b 17       		.uleb128 0x17
 868 009c 00       		.byte	0
 869 009d 00       		.byte	0
 870 009e 0D       		.uleb128 0xd
 871 009f 898201   		.uleb128 0x4109
 872 00a2 01       		.byte	0x1
 873 00a3 11       		.uleb128 0x11
 874 00a4 01       		.uleb128 0x1
 875 00a5 31       		.uleb128 0x31
 876 00a6 13       		.uleb128 0x13
 877 00a7 00       		.byte	0
 878 00a8 00       		.byte	0
 879 00a9 0E       		.uleb128 0xe
 880 00aa 8A8201   		.uleb128 0x410a
 881 00ad 00       		.byte	0
 882 00ae 02       		.uleb128 0x2
 883 00af 18       		.uleb128 0x18
 884 00b0 9142     		.uleb128 0x2111
 885 00b2 18       		.uleb128 0x18
 886 00b3 00       		.byte	0
 887 00b4 00       		.byte	0
 888 00b5 0F       		.uleb128 0xf
 889 00b6 898201   		.uleb128 0x4109
 890 00b9 01       		.byte	0x1
 891 00ba 11       		.uleb128 0x11
 892 00bb 01       		.uleb128 0x1
 893 00bc 31       		.uleb128 0x31
 894 00bd 13       		.uleb128 0x13
 895 00be 01       		.uleb128 0x1
 896 00bf 13       		.uleb128 0x13
 897 00c0 00       		.byte	0
 898 00c1 00       		.byte	0
 899 00c2 10       		.uleb128 0x10
 900 00c3 2E       		.uleb128 0x2e
 901 00c4 01       		.byte	0x1
 902 00c5 3F       		.uleb128 0x3f
 903 00c6 19       		.uleb128 0x19
 904 00c7 03       		.uleb128 0x3
 905 00c8 0E       		.uleb128 0xe
 906 00c9 3A       		.uleb128 0x3a
 907 00ca 0B       		.uleb128 0xb
 908 00cb 3B       		.uleb128 0x3b
 909 00cc 0B       		.uleb128 0xb
 910 00cd 27       		.uleb128 0x27
 911 00ce 19       		.uleb128 0x19
 912 00cf 11       		.uleb128 0x11
ARM GAS  C:\Users\HENRYA~1\AppData\Local\Temp\ccBmJGmk.s 			page 23


 913 00d0 01       		.uleb128 0x1
 914 00d1 12       		.uleb128 0x12
 915 00d2 06       		.uleb128 0x6
 916 00d3 40       		.uleb128 0x40
 917 00d4 18       		.uleb128 0x18
 918 00d5 9742     		.uleb128 0x2117
 919 00d7 19       		.uleb128 0x19
 920 00d8 01       		.uleb128 0x1
 921 00d9 13       		.uleb128 0x13
 922 00da 00       		.byte	0
 923 00db 00       		.byte	0
 924 00dc 11       		.uleb128 0x11
 925 00dd 0B       		.uleb128 0xb
 926 00de 01       		.byte	0x1
 927 00df 11       		.uleb128 0x11
 928 00e0 01       		.uleb128 0x1
 929 00e1 12       		.uleb128 0x12
 930 00e2 06       		.uleb128 0x6
 931 00e3 01       		.uleb128 0x1
 932 00e4 13       		.uleb128 0x13
 933 00e5 00       		.byte	0
 934 00e6 00       		.byte	0
 935 00e7 12       		.uleb128 0x12
 936 00e8 13       		.uleb128 0x13
 937 00e9 01       		.byte	0x1
 938 00ea 0B       		.uleb128 0xb
 939 00eb 0B       		.uleb128 0xb
 940 00ec 3A       		.uleb128 0x3a
 941 00ed 0B       		.uleb128 0xb
 942 00ee 3B       		.uleb128 0x3b
 943 00ef 0B       		.uleb128 0xb
 944 00f0 01       		.uleb128 0x1
 945 00f1 13       		.uleb128 0x13
 946 00f2 00       		.byte	0
 947 00f3 00       		.byte	0
 948 00f4 13       		.uleb128 0x13
 949 00f5 0D       		.uleb128 0xd
 950 00f6 00       		.byte	0
 951 00f7 03       		.uleb128 0x3
 952 00f8 0E       		.uleb128 0xe
 953 00f9 3A       		.uleb128 0x3a
 954 00fa 0B       		.uleb128 0xb
 955 00fb 3B       		.uleb128 0x3b
 956 00fc 0B       		.uleb128 0xb
 957 00fd 49       		.uleb128 0x49
 958 00fe 13       		.uleb128 0x13
 959 00ff 38       		.uleb128 0x38
 960 0100 0B       		.uleb128 0xb
 961 0101 00       		.byte	0
 962 0102 00       		.byte	0
 963 0103 14       		.uleb128 0x14
 964 0104 01       		.uleb128 0x1
 965 0105 01       		.byte	0x1
 966 0106 49       		.uleb128 0x49
 967 0107 13       		.uleb128 0x13
 968 0108 01       		.uleb128 0x1
 969 0109 13       		.uleb128 0x13
ARM GAS  C:\Users\HENRYA~1\AppData\Local\Temp\ccBmJGmk.s 			page 24


 970 010a 00       		.byte	0
 971 010b 00       		.byte	0
 972 010c 15       		.uleb128 0x15
 973 010d 21       		.uleb128 0x21
 974 010e 00       		.byte	0
 975 010f 49       		.uleb128 0x49
 976 0110 13       		.uleb128 0x13
 977 0111 2F       		.uleb128 0x2f
 978 0112 0B       		.uleb128 0xb
 979 0113 00       		.byte	0
 980 0114 00       		.byte	0
 981 0115 16       		.uleb128 0x16
 982 0116 34       		.uleb128 0x34
 983 0117 00       		.byte	0
 984 0118 03       		.uleb128 0x3
 985 0119 0E       		.uleb128 0xe
 986 011a 3A       		.uleb128 0x3a
 987 011b 0B       		.uleb128 0xb
 988 011c 3B       		.uleb128 0x3b
 989 011d 0B       		.uleb128 0xb
 990 011e 49       		.uleb128 0x49
 991 011f 13       		.uleb128 0x13
 992 0120 02       		.uleb128 0x2
 993 0121 18       		.uleb128 0x18
 994 0122 00       		.byte	0
 995 0123 00       		.byte	0
 996 0124 17       		.uleb128 0x17
 997 0125 26       		.uleb128 0x26
 998 0126 00       		.byte	0
 999 0127 49       		.uleb128 0x49
 1000 0128 13       		.uleb128 0x13
 1001 0129 00       		.byte	0
 1002 012a 00       		.byte	0
 1003 012b 18       		.uleb128 0x18
 1004 012c 34       		.uleb128 0x34
 1005 012d 00       		.byte	0
 1006 012e 03       		.uleb128 0x3
 1007 012f 08       		.uleb128 0x8
 1008 0130 3A       		.uleb128 0x3a
 1009 0131 0B       		.uleb128 0xb
 1010 0132 3B       		.uleb128 0x3b
 1011 0133 0B       		.uleb128 0xb
 1012 0134 49       		.uleb128 0x49
 1013 0135 13       		.uleb128 0x13
 1014 0136 02       		.uleb128 0x2
 1015 0137 17       		.uleb128 0x17
 1016 0138 00       		.byte	0
 1017 0139 00       		.byte	0
 1018 013a 19       		.uleb128 0x19
 1019 013b 0B       		.uleb128 0xb
 1020 013c 01       		.byte	0x1
 1021 013d 11       		.uleb128 0x11
 1022 013e 01       		.uleb128 0x1
 1023 013f 12       		.uleb128 0x12
 1024 0140 06       		.uleb128 0x6
 1025 0141 00       		.byte	0
 1026 0142 00       		.byte	0
ARM GAS  C:\Users\HENRYA~1\AppData\Local\Temp\ccBmJGmk.s 			page 25


 1027 0143 1A       		.uleb128 0x1a
 1028 0144 34       		.uleb128 0x34
 1029 0145 00       		.byte	0
 1030 0146 03       		.uleb128 0x3
 1031 0147 08       		.uleb128 0x8
 1032 0148 3A       		.uleb128 0x3a
 1033 0149 0B       		.uleb128 0xb
 1034 014a 3B       		.uleb128 0x3b
 1035 014b 05       		.uleb128 0x5
 1036 014c 49       		.uleb128 0x49
 1037 014d 13       		.uleb128 0x13
 1038 014e 02       		.uleb128 0x2
 1039 014f 17       		.uleb128 0x17
 1040 0150 00       		.byte	0
 1041 0151 00       		.byte	0
 1042 0152 1B       		.uleb128 0x1b
 1043 0153 898201   		.uleb128 0x4109
 1044 0156 00       		.byte	0
 1045 0157 11       		.uleb128 0x11
 1046 0158 01       		.uleb128 0x1
 1047 0159 31       		.uleb128 0x31
 1048 015a 13       		.uleb128 0x13
 1049 015b 00       		.byte	0
 1050 015c 00       		.byte	0
 1051 015d 1C       		.uleb128 0x1c
 1052 015e 2E       		.uleb128 0x2e
 1053 015f 01       		.byte	0x1
 1054 0160 3F       		.uleb128 0x3f
 1055 0161 19       		.uleb128 0x19
 1056 0162 03       		.uleb128 0x3
 1057 0163 0E       		.uleb128 0xe
 1058 0164 27       		.uleb128 0x27
 1059 0165 19       		.uleb128 0x19
 1060 0166 49       		.uleb128 0x49
 1061 0167 13       		.uleb128 0x13
 1062 0168 34       		.uleb128 0x34
 1063 0169 19       		.uleb128 0x19
 1064 016a 3C       		.uleb128 0x3c
 1065 016b 19       		.uleb128 0x19
 1066 016c 01       		.uleb128 0x1
 1067 016d 13       		.uleb128 0x13
 1068 016e 00       		.byte	0
 1069 016f 00       		.byte	0
 1070 0170 1D       		.uleb128 0x1d
 1071 0171 05       		.uleb128 0x5
 1072 0172 00       		.byte	0
 1073 0173 49       		.uleb128 0x49
 1074 0174 13       		.uleb128 0x13
 1075 0175 00       		.byte	0
 1076 0176 00       		.byte	0
 1077 0177 1E       		.uleb128 0x1e
 1078 0178 2E       		.uleb128 0x2e
 1079 0179 01       		.byte	0x1
 1080 017a 3F       		.uleb128 0x3f
 1081 017b 19       		.uleb128 0x19
 1082 017c 03       		.uleb128 0x3
 1083 017d 0E       		.uleb128 0xe
ARM GAS  C:\Users\HENRYA~1\AppData\Local\Temp\ccBmJGmk.s 			page 26


 1084 017e 3A       		.uleb128 0x3a
 1085 017f 0B       		.uleb128 0xb
 1086 0180 3B       		.uleb128 0x3b
 1087 0181 0B       		.uleb128 0xb
 1088 0182 27       		.uleb128 0x27
 1089 0183 19       		.uleb128 0x19
 1090 0184 3C       		.uleb128 0x3c
 1091 0185 19       		.uleb128 0x19
 1092 0186 01       		.uleb128 0x1
 1093 0187 13       		.uleb128 0x13
 1094 0188 00       		.byte	0
 1095 0189 00       		.byte	0
 1096 018a 1F       		.uleb128 0x1f
 1097 018b 2E       		.uleb128 0x2e
 1098 018c 01       		.byte	0x1
 1099 018d 3F       		.uleb128 0x3f
 1100 018e 19       		.uleb128 0x19
 1101 018f 03       		.uleb128 0x3
 1102 0190 0E       		.uleb128 0xe
 1103 0191 3A       		.uleb128 0x3a
 1104 0192 0B       		.uleb128 0xb
 1105 0193 3B       		.uleb128 0x3b
 1106 0194 0B       		.uleb128 0xb
 1107 0195 27       		.uleb128 0x27
 1108 0196 19       		.uleb128 0x19
 1109 0197 49       		.uleb128 0x49
 1110 0198 13       		.uleb128 0x13
 1111 0199 3C       		.uleb128 0x3c
 1112 019a 19       		.uleb128 0x19
 1113 019b 01       		.uleb128 0x1
 1114 019c 13       		.uleb128 0x13
 1115 019d 00       		.byte	0
 1116 019e 00       		.byte	0
 1117 019f 20       		.uleb128 0x20
 1118 01a0 2E       		.uleb128 0x2e
 1119 01a1 01       		.byte	0x1
 1120 01a2 3F       		.uleb128 0x3f
 1121 01a3 19       		.uleb128 0x19
 1122 01a4 03       		.uleb128 0x3
 1123 01a5 0E       		.uleb128 0xe
 1124 01a6 3A       		.uleb128 0x3a
 1125 01a7 0B       		.uleb128 0xb
 1126 01a8 3B       		.uleb128 0x3b
 1127 01a9 0B       		.uleb128 0xb
 1128 01aa 27       		.uleb128 0x27
 1129 01ab 19       		.uleb128 0x19
 1130 01ac 3C       		.uleb128 0x3c
 1131 01ad 19       		.uleb128 0x19
 1132 01ae 00       		.byte	0
 1133 01af 00       		.byte	0
 1134 01b0 00       		.byte	0
 1135              		.section	.debug_loc,"",%progbits
 1136              	.Ldebug_loc0:
 1137              	.LLST0:
 1138 0000 00000000 		.4byte	.LVL0
 1139 0004 09000000 		.4byte	.LVL2-1
 1140 0008 0100     		.2byte	0x1
ARM GAS  C:\Users\HENRYA~1\AppData\Local\Temp\ccBmJGmk.s 			page 27


 1141 000a 50       		.byte	0x50
 1142 000b 09000000 		.4byte	.LVL2-1
 1143 000f 0C000000 		.4byte	.LFE1
 1144 0013 0400     		.2byte	0x4
 1145 0015 F3       		.byte	0xf3
 1146 0016 01       		.uleb128 0x1
 1147 0017 50       		.byte	0x50
 1148 0018 9F       		.byte	0x9f
 1149 0019 00000000 		.4byte	0
 1150 001d 00000000 		.4byte	0
 1151              	.LLST1:
 1152 0021 00000000 		.4byte	.LVL0
 1153 0025 06000000 		.4byte	.LVL1
 1154 0029 0100     		.2byte	0x1
 1155 002b 51       		.byte	0x51
 1156 002c 06000000 		.4byte	.LVL1
 1157 0030 09000000 		.4byte	.LVL2-1
 1158 0034 0100     		.2byte	0x1
 1159 0036 52       		.byte	0x52
 1160 0037 09000000 		.4byte	.LVL2-1
 1161 003b 0C000000 		.4byte	.LFE1
 1162 003f 0400     		.2byte	0x4
 1163 0041 F3       		.byte	0xf3
 1164 0042 01       		.uleb128 0x1
 1165 0043 51       		.byte	0x51
 1166 0044 9F       		.byte	0x9f
 1167 0045 00000000 		.4byte	0
 1168 0049 00000000 		.4byte	0
 1169              	.LLST2:
 1170 004d CC000000 		.4byte	.LVL6
 1171 0051 D0000000 		.4byte	.LVL7
 1172 0055 0200     		.2byte	0x2
 1173 0057 30       		.byte	0x30
 1174 0058 9F       		.byte	0x9f
 1175 0059 D0000000 		.4byte	.LVL7
 1176 005d F0000000 		.4byte	.LVL9
 1177 0061 0100     		.2byte	0x1
 1178 0063 54       		.byte	0x54
 1179 0064 F2000000 		.4byte	.LVL10
 1180 0068 76010000 		.4byte	.LVL13
 1181 006c 0100     		.2byte	0x1
 1182 006e 54       		.byte	0x54
 1183 006f 00000000 		.4byte	0
 1184 0073 00000000 		.4byte	0
 1185              	.LLST3:
 1186 0077 D0000000 		.4byte	.LVL7
 1187 007b F0000000 		.4byte	.LVL9
 1188 007f 0B00     		.2byte	0xb
 1189 0081 74       		.byte	0x74
 1190 0082 00       		.sleb128 0
 1191 0083 36       		.byte	0x36
 1192 0084 1E       		.byte	0x1e
 1193 0085 03       		.byte	0x3
 1194 0086 00000000 		.4byte	cfg_memset_list.4762
 1195 008a 22       		.byte	0x22
 1196 008b 9F       		.byte	0x9f
 1197 008c F0000000 		.4byte	.LVL9
ARM GAS  C:\Users\HENRYA~1\AppData\Local\Temp\ccBmJGmk.s 			page 28


 1198 0090 F2000000 		.4byte	.LVL10
 1199 0094 0B00     		.2byte	0xb
 1200 0096 74       		.byte	0x74
 1201 0097 7F       		.sleb128 -1
 1202 0098 36       		.byte	0x36
 1203 0099 1E       		.byte	0x1e
 1204 009a 03       		.byte	0x3
 1205 009b 00000000 		.4byte	cfg_memset_list.4762
 1206 009f 22       		.byte	0x22
 1207 00a0 9F       		.byte	0x9f
 1208 00a1 00000000 		.4byte	0
 1209 00a5 00000000 		.4byte	0
 1210              		.section	.debug_aranges,"",%progbits
 1211 0000 34000000 		.4byte	0x34
 1212 0004 0200     		.2byte	0x2
 1213 0006 00000000 		.4byte	.Ldebug_info0
 1214 000a 04       		.byte	0x4
 1215 000b 00       		.byte	0
 1216 000c 0000     		.2byte	0
 1217 000e 0000     		.2byte	0
 1218 0010 00000000 		.4byte	.LFB5
 1219 0014 20000000 		.4byte	.LFE5-.LFB5
 1220 0018 00000000 		.4byte	.LFB1
 1221 001c 0C000000 		.4byte	.LFE1-.LFB1
 1222 0020 00000000 		.4byte	.LFB4
 1223 0024 C8000000 		.4byte	.LFE4-.LFB4
 1224 0028 C8000000 		.4byte	.LFB6
 1225 002c 04010000 		.4byte	.LFE6-.LFB6
 1226 0030 00000000 		.4byte	0
 1227 0034 00000000 		.4byte	0
 1228              		.section	.debug_ranges,"",%progbits
 1229              	.Ldebug_ranges0:
 1230 0000 00000000 		.4byte	.LFB5
 1231 0004 20000000 		.4byte	.LFE5
 1232 0008 00000000 		.4byte	.LFB1
 1233 000c 0C000000 		.4byte	.LFE1
 1234 0010 00000000 		.4byte	.LFB4
 1235 0014 C8000000 		.4byte	.LFE4
 1236 0018 C8000000 		.4byte	.LFB6
 1237 001c CC010000 		.4byte	.LFE6
 1238 0020 00000000 		.4byte	0
 1239 0024 00000000 		.4byte	0
 1240              		.section	.debug_line,"",%progbits
 1241              	.Ldebug_line0:
 1242 0000 59010000 		.section	.debug_str,"MS",%progbits,1
 1242      0200D800 
 1242      00000201 
 1242      FB0E0D00 
 1242      01010101 
 1243              	.LASF18:
 1244 0000 72656733 		.ascii	"reg32\000"
 1244      3200
 1245              	.LASF11:
 1246 0006 73697A65 		.ascii	"size_t\000"
 1246      5F7400
 1247              	.LASF31:
 1248 000d 416E616C 		.ascii	"AnalogSetDefault\000"
ARM GAS  C:\Users\HENRYA~1\AppData\Local\Temp\ccBmJGmk.s 			page 29


 1248      6F675365 
 1248      74446566 
 1248      61756C74 
 1248      00
 1249              	.LASF33:
 1250 001e 4379496E 		.ascii	"CyIntSetVector\000"
 1250      74536574 
 1250      56656374 
 1250      6F7200
 1251              	.LASF25:
 1252 002d 6366675F 		.ascii	"cfg_memset_list\000"
 1252      6D656D73 
 1252      65745F6C 
 1252      69737400 
 1253              	.LASF21:
 1254 003d 436C6F63 		.ascii	"ClockSetup\000"
 1254      6B536574 
 1254      757000
 1255              	.LASF4:
 1256 0048 73686F72 		.ascii	"short unsigned int\000"
 1256      7420756E 
 1256      7369676E 
 1256      65642069 
 1256      6E7400
 1257              	.LASF15:
 1258 005b 666C6F61 		.ascii	"float\000"
 1258      7400
 1259              	.LASF23:
 1260 0061 73697A65 		.ascii	"size\000"
 1260      00
 1261              	.LASF17:
 1262 0066 72656738 		.ascii	"reg8\000"
 1262      00
 1263              	.LASF6:
 1264 006b 6C6F6E67 		.ascii	"long unsigned int\000"
 1264      20756E73 
 1264      69676E65 
 1264      6420696E 
 1264      7400
 1265              	.LASF12:
 1266 007d 75696E74 		.ascii	"uint8\000"
 1266      3800
 1267              	.LASF20:
 1268 0083 43594D45 		.ascii	"CYMEMZERO\000"
 1268      4D5A4552 
 1268      4F00
 1269              	.LASF2:
 1270 008d 756E7369 		.ascii	"unsigned char\000"
 1270      676E6564 
 1270      20636861 
 1270      7200
 1271              	.LASF26:
 1272 009b 6D656D73 		.ascii	"memset\000"
 1272      657400
 1273              	.LASF16:
 1274 00a2 646F7562 		.ascii	"double\000"
 1274      6C6500
ARM GAS  C:\Users\HENRYA~1\AppData\Local\Temp\ccBmJGmk.s 			page 30


 1275              	.LASF30:
 1276 00a9 433A5C55 		.ascii	"C:\\Users\\Henry Alberto\\Desktop\\Test_Robot\\Test"
 1276      73657273 
 1276      5C48656E 
 1276      72792041 
 1276      6C626572 
 1277 00d7 5F416C6C 		.ascii	"_All_Sensor.cydsn\000"
 1277      5F53656E 
 1277      736F722E 
 1277      63796473 
 1277      6E00
 1278              	.LASF34:
 1279 00e9 4379496E 		.ascii	"CyIntEnable\000"
 1279      74456E61 
 1279      626C6500 
 1280              	.LASF13:
 1281 00f5 75696E74 		.ascii	"uint16\000"
 1281      313600
 1282              	.LASF14:
 1283 00fc 75696E74 		.ascii	"uint32\000"
 1283      333200
 1284              	.LASF0:
 1285 0103 756E7369 		.ascii	"unsigned int\000"
 1285      676E6564 
 1285      20696E74 
 1285      00
 1286              	.LASF32:
 1287 0110 63796669 		.ascii	"cyfitter_cfg\000"
 1287      74746572 
 1287      5F636667 
 1287      00
 1288              	.LASF22:
 1289 011d 61646472 		.ascii	"address\000"
 1289      65737300 
 1290              	.LASF8:
 1291 0125 6C6F6E67 		.ascii	"long long unsigned int\000"
 1291      206C6F6E 
 1291      6720756E 
 1291      7369676E 
 1291      65642069 
 1292              	.LASF19:
 1293 013c 63796973 		.ascii	"cyisraddress\000"
 1293      72616464 
 1293      72657373 
 1293      00
 1294              	.LASF24:
 1295 0149 6366675F 		.ascii	"cfg_memset_t\000"
 1295      6D656D73 
 1295      65745F74 
 1295      00
 1296              	.LASF29:
 1297 0156 2E5C4765 		.ascii	".\\Generated_Source\\PSoC4\\cyfitter_cfg.c\000"
 1297      6E657261 
 1297      7465645F 
 1297      536F7572 
 1297      63655C50 
 1298              	.LASF9:
ARM GAS  C:\Users\HENRYA~1\AppData\Local\Temp\ccBmJGmk.s 			page 31


 1299 017e 73697A65 		.ascii	"sizetype\000"
 1299      74797065 
 1299      00
 1300              	.LASF7:
 1301 0187 6C6F6E67 		.ascii	"long long int\000"
 1301      206C6F6E 
 1301      6720696E 
 1301      7400
 1302              	.LASF10:
 1303 0195 63686172 		.ascii	"char\000"
 1303      00
 1304              	.LASF28:
 1305 019a 474E5520 		.ascii	"GNU C 4.9.3 20150303 (release) [ARM/embedded-4_9-br"
 1305      4320342E 
 1305      392E3320 
 1305      32303135 
 1305      30333033 
 1306 01cd 616E6368 		.ascii	"anch revision 221220] -mcpu=cortex-m0 -mthumb -g -O"
 1306      20726576 
 1306      6973696F 
 1306      6E203232 
 1306      31323230 
 1307 0200 67202D66 		.ascii	"g -ffunction-sections -ffat-lto-objects\000"
 1307      66756E63 
 1307      74696F6E 
 1307      2D736563 
 1307      74696F6E 
 1308              	.LASF3:
 1309 0228 73686F72 		.ascii	"short int\000"
 1309      7420696E 
 1309      7400
 1310              	.LASF27:
 1311 0232 43795379 		.ascii	"CySysClkWriteImoFreq\000"
 1311      73436C6B 
 1311      57726974 
 1311      65496D6F 
 1311      46726571 
 1312              	.LASF5:
 1313 0247 6C6F6E67 		.ascii	"long int\000"
 1313      20696E74 
 1313      00
 1314              	.LASF1:
 1315 0250 7369676E 		.ascii	"signed char\000"
 1315      65642063 
 1315      68617200 
 1316              		.ident	"GCC: (GNU Tools for ARM Embedded Processors) 4.9.3 20150303 (release) [ARM/embedded-4_9-br
