Archive member included to satisfy reference by file (symbol)

.\CortexM0\ARM_GCC_541\Debug\Ultrasonido.a(LED_1.o)
                              .\CortexM0\ARM_GCC_541\Debug\main.o (LED_1_Write)
.\CortexM0\ARM_GCC_541\Debug\Ultrasonido.a(CyLib.o)
                              .\CortexM0\ARM_GCC_541\Debug\cyfitter_cfg.o (CyIntEnable)
.\CortexM0\ARM_GCC_541\Debug\Ultrasonido.a(CyLFClk.o)
                              .\CortexM0\ARM_GCC_541\Debug\cyfitter_cfg.o (CySysClkWcoStart)
.\CortexM0\ARM_GCC_541\Debug\Ultrasonido.a(CAN.o)
                              .\CortexM0\ARM_GCC_541\Debug\main.o (CAN_GlobalIntEnable)
.\CortexM0\ARM_GCC_541\Debug\Ultrasonido.a(CAN_INT.o)
                              .\CortexM0\ARM_GCC_541\Debug\main.o (CAN_MsgRXIsr)
.\CortexM0\ARM_GCC_541\Debug\Ultrasonido.a(CAN_TX_RX_func.o)
                              .\CortexM0\ARM_GCC_541\Debug\main.o (CAN_SendMsg0)
.\CortexM0\ARM_GCC_541\Debug\Ultrasonido.a(CAN_isr.o)
                              .\CortexM0\ARM_GCC_541\Debug\main.o (CAN_isr_StartEx)
.\CortexM0\ARM_GCC_541\Debug\Ultrasonido.a(Timer_1.o)
                              .\CortexM0\ARM_GCC_541\Debug\main.o (Timer_1_Start)
.\CortexM0\ARM_GCC_541\Debug\Ultrasonido.a(Timer.o)
                              .\CortexM0\ARM_GCC_541\Debug\main.o (Timer_Start)
.\CortexM0\ARM_GCC_541\Debug\Ultrasonido.a(SENSOR_U.o)
                              .\CortexM0\ARM_GCC_541\Debug\main.o (SENSOR_U_Start)
.\CortexM0\ARM_GCC_541\Debug\Ultrasonido.a(SENSOR_U_INT.o)
                              .\CortexM0\ARM_GCC_541\Debug\Ultrasonido.a(SENSOR_U.o) (SENSOR_U_RXISR)
.\CortexM0\ARM_GCC_541\Debug\Ultrasonido.a(SENSOR_U_IntClock.o)
                              .\CortexM0\ARM_GCC_541\Debug\Ultrasonido.a(SENSOR_U.o) (SENSOR_U_IntClock_StartEx)
.\CortexM0\ARM_GCC_541\Debug\Ultrasonido.a(Int_Serial.o)
                              .\CortexM0\ARM_GCC_541\Debug\main.o (Int_Serial_StartEx)
.\CortexM0\ARM_GCC_541\Debug\Ultrasonido.a(CyBootAsmGnu.o)
                              .\CortexM0\ARM_GCC_541\Debug\cyfitter_cfg.o (CyDelayCycles)
.\CortexM0\ARM_GCC_541\Debug\Ultrasonido.a(CyFlash.o)
                              .\CortexM0\ARM_GCC_541\Debug\Ultrasonido.a(CyLib.o) (CySysFlashSetWaitCycles)
c:/program files (x86)/cypress/psoc creator/4.1/psoc creator/import/gnu/arm/5.4.1/bin/../lib/gcc/arm-none-eabi/5.4.1/armv6-m\libgcc.a(_udivsi3.o)
                              .\CortexM0\ARM_GCC_541\Debug\Ultrasonido.a(CyLib.o) (__aeabi_uidiv)
c:/program files (x86)/cypress/psoc creator/4.1/psoc creator/import/gnu/arm/5.4.1/bin/../lib/gcc/arm-none-eabi/5.4.1/armv6-m\libgcc.a(_divsi3.o)
                              .\CortexM0\ARM_GCC_541\Debug\Ultrasonido.a(CyLFClk.o) (__aeabi_idiv)
c:/program files (x86)/cypress/psoc creator/4.1/psoc creator/import/gnu/arm/5.4.1/bin/../lib/gcc/arm-none-eabi/5.4.1/armv6-m\libgcc.a(_dvmd_tls.o)
                              c:/program files (x86)/cypress/psoc creator/4.1/psoc creator/import/gnu/arm/5.4.1/bin/../lib/gcc/arm-none-eabi/5.4.1/armv6-m\libgcc.a(_udivsi3.o) (__aeabi_idiv0)
c:/program files (x86)/cypress/psoc creator/4.1/psoc creator/import/gnu/arm/5.4.1/bin/../lib/gcc/arm-none-eabi/5.4.1/armv6-m\libgcc.a(_arm_cmpdf2.o)
                              .\CortexM0\ARM_GCC_541\Debug\main.o (__aeabi_dcmplt)
c:/program files (x86)/cypress/psoc creator/4.1/psoc creator/import/gnu/arm/5.4.1/bin/../lib/gcc/arm-none-eabi/5.4.1/armv6-m\libgcc.a(_arm_cmpsf2.o)
                              .\CortexM0\ARM_GCC_541\Debug\main.o (__aeabi_fcmplt)
c:/program files (x86)/cypress/psoc creator/4.1/psoc creator/import/gnu/arm/5.4.1/bin/../lib/gcc/arm-none-eabi/5.4.1/armv6-m\libgcc.a(addsf3.o)
                              .\CortexM0\ARM_GCC_541\Debug\main.o (__aeabi_fadd)
c:/program files (x86)/cypress/psoc creator/4.1/psoc creator/import/gnu/arm/5.4.1/bin/../lib/gcc/arm-none-eabi/5.4.1/armv6-m\libgcc.a(divsf3.o)
                              .\CortexM0\ARM_GCC_541\Debug\main.o (__aeabi_fdiv)
c:/program files (x86)/cypress/psoc creator/4.1/psoc creator/import/gnu/arm/5.4.1/bin/../lib/gcc/arm-none-eabi/5.4.1/armv6-m\libgcc.a(eqsf2.o)
                              c:/program files (x86)/cypress/psoc creator/4.1/psoc creator/import/gnu/arm/5.4.1/bin/../lib/gcc/arm-none-eabi/5.4.1/armv6-m\libgcc.a(_arm_cmpsf2.o) (__eqsf2)
c:/program files (x86)/cypress/psoc creator/4.1/psoc creator/import/gnu/arm/5.4.1/bin/../lib/gcc/arm-none-eabi/5.4.1/armv6-m\libgcc.a(gesf2.o)
                              c:/program files (x86)/cypress/psoc creator/4.1/psoc creator/import/gnu/arm/5.4.1/bin/../lib/gcc/arm-none-eabi/5.4.1/armv6-m\libgcc.a(_arm_cmpsf2.o) (__gesf2)
c:/program files (x86)/cypress/psoc creator/4.1/psoc creator/import/gnu/arm/5.4.1/bin/../lib/gcc/arm-none-eabi/5.4.1/armv6-m\libgcc.a(lesf2.o)
                              c:/program files (x86)/cypress/psoc creator/4.1/psoc creator/import/gnu/arm/5.4.1/bin/../lib/gcc/arm-none-eabi/5.4.1/armv6-m\libgcc.a(_arm_cmpsf2.o) (__lesf2)
[...]
Memory Configuration

Name             Origin             Length             Attributes
rom              0x00000000         0x00020000         xr
ram              0x20000000         0x00004000         xrw
*default*        0x00000000         0xffffffff

Linker script and memory map

LOAD c:/program files (x86)/cypress/psoc creator/4.1/psoc creator/import/gnu/arm/5.4.1/bin/../lib/gcc/arm-none-eabi/5.4.1/armv6-m/crti.o
LOAD c:/program files (x86)/cypress/psoc creator/4.1/psoc creator/import/gnu/arm/5.4.1/bin/../lib/gcc/arm-none-eabi/5.4.1/armv6-m/crtbegin.o
LOAD c:/program files (x86)/cypress/psoc creator/4.1/psoc creator/import/gnu/arm/5.4.1/bin/../lib/gcc/arm-none-eabi/5.4.1/../../../../arm-none-eabi/lib/armv6-m/crt0.o
START GROUP
LOAD .\CortexM0\ARM_GCC_541\Debug\main.o
LOAD .\CortexM0\ARM_GCC_541\Debug\cyfitter_cfg.o
LOAD .\CortexM0\ARM_GCC_541\Debug\cymetadata.o
LOAD .\CortexM0\ARM_GCC_541\Debug\Cm0Start.o
LOAD .\CortexM0\ARM_GCC_541\Debug\Ultrasonido.a
LOAD C:\Program Files (x86)\Cypress\PSoC Creator\4.1\PSoC Creator\psoc\content\cycomponentlibrary\CyComponentLibrary.cylib\CortexM0\ARM_GCC_541\Debug\CyComponentLibrary.a
END GROUP
START GROUP
LOAD c:/program files (x86)/cypress/psoc creator/4.1/psoc creator/import/gnu/arm/5.4.1/bin/../lib/gcc/arm-none-eabi/5.4.1/armv6-m\libgcc.a
LOAD c:/program files (x86)/cypress/psoc creator/4.1/psoc creator/import/gnu/arm/5.4.1/bin/../lib/gcc/arm-none-eabi/5.4.1/../../../../arm-none-eabi/lib/armv6-m\libg_nano.a
LOAD c:/program files (x86)/cypress/psoc creator/4.1/psoc creator/import/gnu/arm/5.4.1/bin/../lib/gcc/arm-none-eabi/5.4.1/../../../../arm-none-eabi/lib/armv6-m\libc_nano.a
END GROUP
START GROUP
LOAD c:/program files (x86)/cypress/psoc creator/4.1/psoc creator/import/gnu/arm/5.4.1/bin/../lib/gcc/arm-none-eabi/5.4.1/armv6-m\libgcc.a
LOAD c:/program files (x86)/cypress/psoc creator/4.1/psoc creator/import/gnu/arm/5.4.1/bin/../lib/gcc/arm-none-eabi/5.4.1/../../../../arm-none-eabi/lib/armv6-m\libc_nano.a
END GROUP
LOAD c:/program files (x86)/cypress/psoc creator/4.1/psoc creator/import/gnu/arm/5.4.1/bin/../lib/gcc/arm-none-eabi/5.4.1/armv6-m/crtend.o
LOAD c:/program files (x86)/cypress/psoc creator/4.1/psoc creator/import/gnu/arm/5.4.1/bin/../lib/gcc/arm-none-eabi/5.4.1/armv6-m/crtn.o
START GROUP
LOAD c:/program files (x86)/cypress/psoc creator/4.1/psoc creator/import/gnu/arm/5.4.1/bin/../lib/gcc/arm-none-eabi/5.4.1/armv6-m\libgcc.a
LOAD c:/program files (x86)/cypress/psoc creator/4.1/psoc creator/import/gnu/arm/5.4.1/bin/../lib/gcc/arm-none-eabi/5.4.1/../../../../arm-none-eabi/lib/armv6-m\libc.a
LOAD c:/program files (x86)/cypress/psoc creator/4.1/psoc creator/import/gnu/arm/5.4.1/bin/../lib/gcc/arm-none-eabi/5.4.1/../../../../arm-none-eabi/lib/armv6-m\libnosys.a
END GROUP
                0x00000000                CY_APPL_ORIGIN = 0x0
                0x00000080                CY_FLASH_ROW_SIZE = 0x80
                0x00000001                CY_APPL_NUM = 0x1
                0x00000001                CY_APPL_MAX = 0x1
                0x00000040                CY_METADATA_SIZE = 0x40
                0x00000000                CY_APPL_LOADABLE = 0x0
                0x00000000                CY_CHECKSUM_EXCLUDE_SIZE = ALIGN (0x0, CY_FLASH_ROW_SIZE)
                0x00000000                CY_APP_FOR_STACK_AND_COPIER = 0x0
                [!provide]                PROVIDE (__cy_heap_start, _end)
                0x00000001                PROVIDE (__cy_region_num, ((__cy_regions_end - __cy_regions) / 0x10))
                0x20004000                PROVIDE (__cy_stack, (ORIGIN (ram) + LENGTH (ram)))
                [!provide]                PROVIDE (__cy_heap_end, (__cy_stack - 0x800))

.cybootloader   0x00000000        0x0
 *(.cybootloader)
                0x00000000                appl1_start = CY_APPL_ORIGIN?CY_APPL_ORIGIN:ALIGN (CY_FLASH_ROW_SIZE)
                0x0000ff80                appl2_start = (appl1_start + ALIGN ((((LENGTH (rom) - appl1_start) - (0x2 * CY_FLASH_ROW_SIZE)) / 0x2), CY_FLASH_ROW_SIZE))
                0x00000000                appl_start = (CY_APPL_NUM == 0x1)?appl1_start:appl2_start
                0x00000001                cy_project_type_bootloader = (appl_start == 0x0)?0x1:0x0
                0x00000000                cy_project_type_app_for_stack_and_copier = (CY_APP_FOR_STACK_AND_COPIER == 0x1)?0x1:0x0

.text           0x00000000     0x277e
 CREATE_OBJECT_SYMBOLS
                0x00000000                PROVIDE (__cy_interrupt_vector, RomVectors)
 *(.romvectors)
 .romvectors    0x00000000       0x10 .\CortexM0\ARM_GCC_541\Debug\Cm0Start.o
                0x00000000                RomVectors
                0x00000001                ASSERT ((. != __cy_interrupt_vector), No interrupt vector)
                0x00000001                ASSERT (CY_APPL_ORIGIN?(SIZEOF (.cybootloader) <= CY_APPL_ORIGIN):0x1, Wrong image location)
                0x00000010                PROVIDE (__cy_reset, Reset)
 *(.text.Reset)
 .text.Reset    0x00000010        0x8 .\CortexM0\ARM_GCC_541\Debug\Cm0Start.o
                0x00000010                Reset
                0x00000001                ASSERT ((. != __cy_reset), No reset code)
 *(.psocinit)
 .psocinit      0x00000018      0x200 .\CortexM0\ARM_GCC_541\Debug\cyfitter_cfg.o
                0x000000dc                cyfitter_cfg
                0x00000218                . = MAX (., 0x100)
 *(.text .text.* .gnu.linkonce.t.*)
 .text          0x00000218       0x60 c:/program files (x86)/cypress/psoc creator/4.1/psoc creator/import/gnu/arm/5.4.1/bin/../lib/gcc/arm-none-eabi/5.4.1/armv6-m/crtbegin.o
 .text.Serial_Interrupt
                0x00000278       0x10 .\CortexM0\ARM_GCC_541\Debug\main.o
                0x00000278                Serial_Interrupt
 .text.movimiento
                0x00000288       0x28 .\CortexM0\ARM_GCC_541\Debug\main.o
                0x00000288                movimiento
 .text.Send_Angle
                0x000002b0       0x2c .\CortexM0\ARM_GCC_541\Debug\main.o
                0x000002b0                Send_Angle
 .text.Enviar_Parametros
                0x000002dc       0xb4 .\CortexM0\ARM_GCC_541\Debug\main.o
                0x000002dc                Enviar_Parametros
 .text.Medir_dist
                0x00000390       0x3c .\CortexM0\ARM_GCC_541\Debug\main.o
                0x00000390                Medir_dist
 .text.Recibe_mail_0
                0x000003cc       0x2c .\CortexM0\ARM_GCC_541\Debug\main.o
                0x000003cc                Recibe_mail_0
 .text.Recibe_Mail_2
                0x000003f8       0xf8 .\CortexM0\ARM_GCC_541\Debug\main.o
                0x000003f8                Recibe_Mail_2
 .text.interrutcan
                0x000004f0       0x18 .\CortexM0\ARM_GCC_541\Debug\main.o
                0x000004f0                interrutcan
 .text.Left_Move
                0x00000508       0xec .\CortexM0\ARM_GCC_541\Debug\main.o
                0x00000508                Left_Move
 .text.Right_Move
                0x000005f4       0xe8 .\CortexM0\ARM_GCC_541\Debug\main.o
                0x000005f4                Right_Move
 .text.Select_Move
                0x000006dc       0x84 .\CortexM0\ARM_GCC_541\Debug\main.o
                0x000006dc                Select_Move
 .text.Temporizador
                0x00000760       0xcc .\CortexM0\ARM_GCC_541\Debug\main.o
                0x00000760                Temporizador
 .text.main     0x0000082c       0x40 .\CortexM0\ARM_GCC_541\Debug\main.o
                0x0000082c                main
 .text.cfg_write_bytes32
                0x0000086c       0x34 .\CortexM0\ARM_GCC_541\Debug\cyfitter_cfg.o
 .text.AnalogSetDefault
                0x000008a0       0x20 .\CortexM0\ARM_GCC_541\Debug\cyfitter_cfg.o
 .text.CYMEMZERO
                0x000008c0        0xc .\CortexM0\ARM_GCC_541\Debug\cyfitter_cfg.o
 .text.CYCONFIGCPYCODE
                0x000008cc        0x8 .\CortexM0\ARM_GCC_541\Debug\cyfitter_cfg.o
 .text.IntDefaultHandler
                0x000008d4        0x4 .\CortexM0\ARM_GCC_541\Debug\Cm0Start.o
                0x000008d4                IntDefaultHandler
 .text.Start_c  0x000008d8       0x48 .\CortexM0\ARM_GCC_541\Debug\Cm0Start.o
                0x000008d8                Start_c
 .text.initialize_psoc
                0x00000920       0x4c .\CortexM0\ARM_GCC_541\Debug\Cm0Start.o
                0x00000920                initialize_psoc
 .text.LED_1_Write
                0x0000096c       0x18 .\CortexM0\ARM_GCC_541\Debug\Ultrasonido.a(LED_1.o)
                0x0000096c                LED_1_Write
 .text.CySysClkImoDisableWcoLock
                0x00000984       0x14 .\CortexM0\ARM_GCC_541\Debug\Ultrasonido.a(CyLib.o)
                0x00000984                CySysClkImoDisableWcoLock
 .text.CySysClkImoGetWcoLock
                0x00000998       0x14 .\CortexM0\ARM_GCC_541\Debug\Ultrasonido.a(CyLib.o)
                0x00000998                CySysClkImoGetWcoLock
 .text.CyIntEnable
                0x000009ac       0x14 .\CortexM0\ARM_GCC_541\Debug\Ultrasonido.a(CyLib.o)
                0x000009ac                CyIntEnable
 .text.CyIntDisable
                0x000009c0       0x14 .\CortexM0\ARM_GCC_541\Debug\Ultrasonido.a(CyLib.o)
                0x000009c0                CyIntDisable
 .text.CyHalt   0x000009d4        0x4 .\CortexM0\ARM_GCC_541\Debug\Ultrasonido.a(CyLib.o)
                0x000009d4                CyHalt
 .text.CyIntSetVector
                0x000009d8       0x24 .\CortexM0\ARM_GCC_541\Debug\Ultrasonido.a(CyLib.o)
                0x000009d8                CyIntSetVector
 .text.CyIntSetPriority
                0x000009fc       0x4c .\CortexM0\ARM_GCC_541\Debug\Ultrasonido.a(CyLib.o)
                0x000009fc                CyIntSetPriority
 .text.CyDelay  0x00000a48       0x30 .\CortexM0\ARM_GCC_541\Debug\Ultrasonido.a(CyLib.o)
                0x00000a48                CyDelay
 .text.CySysClkImoEnableWcoLock
                0x00000a78       0xf0 .\CortexM0\ARM_GCC_541\Debug\Ultrasonido.a(CyLib.o)
                0x00000a78                CySysClkImoEnableWcoLock
 .text.CySysClkWriteImoFreq
                0x00000b68       0x80 .\CortexM0\ARM_GCC_541\Debug\Ultrasonido.a(CyLib.o)
                0x00000b68                CySysClkWriteImoFreq
 .text.CySysWdtLocked
                0x00000be8       0x14 .\CortexM0\ARM_GCC_541\Debug\Ultrasonido.a(CyLFClk.o)
 .text.CySysClkWcoStart
                0x00000bfc       0x40 .\CortexM0\ARM_GCC_541\Debug\Ultrasonido.a(CyLFClk.o)
                0x00000bfc                CySysClkWcoStart
 .text.CySysClkWcoEnabled
                0x00000c3c       0x14 .\CortexM0\ARM_GCC_541\Debug\Ultrasonido.a(CyLFClk.o)
                0x00000c3c                CySysClkWcoEnabled
 .text.CySysWdtLock
                0x00000c50       0x1c .\CortexM0\ARM_GCC_541\Debug\Ultrasonido.a(CyLFClk.o)
                0x00000c50                CySysWdtLock
 .text.CySysWdtUnlock
                0x00000c6c       0x30 .\CortexM0\ARM_GCC_541\Debug\Ultrasonido.a(CyLFClk.o)
                0x00000c6c                CySysWdtUnlock
 .text.CySysWdtClearInterrupt
                0x00000c9c       0x4c .\CortexM0\ARM_GCC_541\Debug\Ultrasonido.a(CyLFClk.o)
                0x00000c9c                CySysWdtClearInterrupt
 .text.CySysWdtIsr
                0x00000ce8       0xa4 .\CortexM0\ARM_GCC_541\Debug\Ultrasonido.a(CyLFClk.o)
                0x00000ce8                CySysWdtIsr
 .text.CAN_Stop
                0x00000d8c       0x38 .\CortexM0\ARM_GCC_541\Debug\Ultrasonido.a(CAN.o)
                0x00000d8c                CAN_Stop
 .text.CAN_GlobalIntEnable
                0x00000dc4       0x1c .\CortexM0\ARM_GCC_541\Debug\Ultrasonido.a(CAN.o)
                0x00000dc4                CAN_GlobalIntEnable
 .text.CAN_Enable
                0x00000de0       0x48 .\CortexM0\ARM_GCC_541\Debug\Ultrasonido.a(CAN.o)
                0x00000de0                CAN_Enable
 .text.CAN_GlobalIntDisable
                0x00000e28       0x1c .\CortexM0\ARM_GCC_541\Debug\Ultrasonido.a(CAN.o)
                0x00000e28                CAN_GlobalIntDisable
 .text.CAN_SetPreScaler
                0x00000e44       0x38 .\CortexM0\ARM_GCC_541\Debug\Ultrasonido.a(CAN.o)
                0x00000e44                CAN_SetPreScaler
 .text.CAN_SetArbiter
                0x00000e7c       0x40 .\CortexM0\ARM_GCC_541\Debug\Ultrasonido.a(CAN.o)
                0x00000e7c                CAN_SetArbiter
 .text.CAN_SetTsegSample
                0x00000ebc       0xa0 .\CortexM0\ARM_GCC_541\Debug\Ultrasonido.a(CAN.o)
                0x00000ebc                CAN_SetTsegSample
 .text.CAN_SetRestartType
                0x00000f5c       0x38 .\CortexM0\ARM_GCC_541\Debug\Ultrasonido.a(CAN.o)
                0x00000f5c                CAN_SetRestartType
 .text.CAN_SetEdgeMode
                0x00000f94       0x38 .\CortexM0\ARM_GCC_541\Debug\Ultrasonido.a(CAN.o)
                0x00000f94                CAN_SetEdgeMode
 .text.CAN_SetIrqMask
                0x00000fcc       0x1c .\CortexM0\ARM_GCC_541\Debug\Ultrasonido.a(CAN.o)
                0x00000fcc                CAN_SetIrqMask
 .text.CAN_RxBufConfig
                0x00000fe8       0x98 .\CortexM0\ARM_GCC_541\Debug\Ultrasonido.a(CAN.o)
                0x00000fe8                CAN_RxBufConfig
 .text.CAN_TxBufConfig
                0x00001080       0x58 .\CortexM0\ARM_GCC_541\Debug\Ultrasonido.a(CAN.o)
                0x00001080                CAN_TxBufConfig
 .text.CAN_RxTxBuffersConfig
                0x000010d8       0x54 .\CortexM0\ARM_GCC_541\Debug\Ultrasonido.a(CAN.o)
                0x000010d8                CAN_RxTxBuffersConfig
 .text.CAN_SetSwapDataEndianness
                0x0000112c       0x40 .\CortexM0\ARM_GCC_541\Debug\Ultrasonido.a(CAN.o)
                0x0000112c                CAN_SetSwapDataEndianness
 .text.CAN_Init
                0x0000116c       0xe4 .\CortexM0\ARM_GCC_541\Debug\Ultrasonido.a(CAN.o)
                0x0000116c                CAN_Init
 .text.CAN_Start
                0x00001250       0x28 .\CortexM0\ARM_GCC_541\Debug\Ultrasonido.a(CAN.o)
                0x00001250                CAN_Start
 .text.CAN_BusOffIsr
                0x00001278       0x14 .\CortexM0\ARM_GCC_541\Debug\Ultrasonido.a(CAN_INT.o)
                0x00001278                CAN_BusOffIsr
 .text.CAN_MsgRXIsr
                0x0000128c       0x6c .\CortexM0\ARM_GCC_541\Debug\Ultrasonido.a(CAN_INT.o)
                0x0000128c                CAN_MsgRXIsr
 .text.CAN_ISR  0x000012f8       0x20 .\CortexM0\ARM_GCC_541\Debug\Ultrasonido.a(CAN_INT.o)
                0x000012f8                CAN_ISR
 .text.CAN_SendMsg0
                0x00001318       0xa8 .\CortexM0\ARM_GCC_541\Debug\Ultrasonido.a(CAN_TX_RX_func.o)
                0x00001318                CAN_SendMsg0
 .text.CAN_SendMsg1
                0x000013c0       0xa8 .\CortexM0\ARM_GCC_541\Debug\Ultrasonido.a(CAN_TX_RX_func.o)
                0x000013c0                CAN_SendMsg1
 .text.CAN_ReceiveMsg
                0x00001468       0x1c .\CortexM0\ARM_GCC_541\Debug\Ultrasonido.a(CAN_TX_RX_func.o)
                0x00001468                CAN_ReceiveMsg
 .text.CAN_ReceiveMsg0
                0x00001484       0x50 .\CortexM0\ARM_GCC_541\Debug\Ultrasonido.a(CAN_TX_RX_func.o)
                0x00001484                CAN_ReceiveMsg0
 .text.CAN_ReceiveMsg1
                0x000014d4       0x50 .\CortexM0\ARM_GCC_541\Debug\Ultrasonido.a(CAN_TX_RX_func.o)
                0x000014d4                CAN_ReceiveMsg1
 .text.CAN_ReceiveMsg2
                0x00001524       0x50 .\CortexM0\ARM_GCC_541\Debug\Ultrasonido.a(CAN_TX_RX_func.o)
                0x00001524                CAN_ReceiveMsg2
 .text.CAN_isr_SetVector
                0x00001574        0xc .\CortexM0\ARM_GCC_541\Debug\Ultrasonido.a(CAN_isr.o)
                0x00001574                CAN_isr_SetVector
 .text.CAN_isr_SetPriority
                0x00001580       0x20 .\CortexM0\ARM_GCC_541\Debug\Ultrasonido.a(CAN_isr.o)
                0x00001580                CAN_isr_SetPriority
 .text.CAN_isr_Enable
                0x000015a0       0x10 .\CortexM0\ARM_GCC_541\Debug\Ultrasonido.a(CAN_isr.o)
                0x000015a0                CAN_isr_Enable
 .text.CAN_isr_Disable
                0x000015b0       0x10 .\CortexM0\ARM_GCC_541\Debug\Ultrasonido.a(CAN_isr.o)
                0x000015b0                CAN_isr_Disable
 .text.CAN_isr_StartEx
                0x000015c0       0x1c .\CortexM0\ARM_GCC_541\Debug\Ultrasonido.a(CAN_isr.o)
                0x000015c0                CAN_isr_StartEx
 .text.Timer_1_Enable
                0x000015dc       0x14 .\CortexM0\ARM_GCC_541\Debug\Ultrasonido.a(Timer_1.o)
                0x000015dc                Timer_1_Enable
 .text.Timer_1_SetInterruptMode
                0x000015f0        0xc .\CortexM0\ARM_GCC_541\Debug\Ultrasonido.a(Timer_1.o)
                0x000015f0                Timer_1_SetInterruptMode
 .text.Timer_1_ReadStatusRegister
                0x000015fc        0xc .\CortexM0\ARM_GCC_541\Debug\Ultrasonido.a(Timer_1.o)
                0x000015fc                Timer_1_ReadStatusRegister
 .text.Timer_1_WritePeriod
                0x00001608        0xc .\CortexM0\ARM_GCC_541\Debug\Ultrasonido.a(Timer_1.o)
                0x00001608                Timer_1_WritePeriod
 .text.Timer_1_ReadCapture
                0x00001614        0xc .\CortexM0\ARM_GCC_541\Debug\Ultrasonido.a(Timer_1.o)
                0x00001614                Timer_1_ReadCapture
 .text.Timer_1_WriteCounter
                0x00001620        0xc .\CortexM0\ARM_GCC_541\Debug\Ultrasonido.a(Timer_1.o)
                0x00001620                Timer_1_WriteCounter
 .text.Timer_1_ClearFIFO
                0x0000162c       0x14 .\CortexM0\ARM_GCC_541\Debug\Ultrasonido.a(Timer_1.o)
                0x0000162c                Timer_1_ClearFIFO
 .text.Timer_1_Init
                0x00001640       0x34 .\CortexM0\ARM_GCC_541\Debug\Ultrasonido.a(Timer_1.o)
                0x00001640                Timer_1_Init
 .text.Timer_1_Start
                0x00001674       0x20 .\CortexM0\ARM_GCC_541\Debug\Ultrasonido.a(Timer_1.o)
                0x00001674                Timer_1_Start
 .text.Timer_Interrupt
                0x00001694        0x4 .\CortexM0\ARM_GCC_541\Debug\Ultrasonido.a(Timer.o)
                0x00001694                Timer_Interrupt
 .text.Timer_SetVector
                0x00001698        0xc .\CortexM0\ARM_GCC_541\Debug\Ultrasonido.a(Timer.o)
                0x00001698                Timer_SetVector
 .text.Timer_SetPriority
                0x000016a4       0x24 .\CortexM0\ARM_GCC_541\Debug\Ultrasonido.a(Timer.o)
                0x000016a4                Timer_SetPriority
 .text.Timer_Enable
                0x000016c8        0xc .\CortexM0\ARM_GCC_541\Debug\Ultrasonido.a(Timer.o)
                0x000016c8                Timer_Enable
 .text.Timer_Disable
                0x000016d4        0xc .\CortexM0\ARM_GCC_541\Debug\Ultrasonido.a(Timer.o)
                0x000016d4                Timer_Disable
 .text.Timer_Start
                0x000016e0       0x1c .\CortexM0\ARM_GCC_541\Debug\Ultrasonido.a(Timer.o)
                0x000016e0                Timer_Start
 .text.Timer_StartEx
                0x000016fc       0x1c .\CortexM0\ARM_GCC_541\Debug\Ultrasonido.a(Timer.o)
                0x000016fc                Timer_StartEx
 .text.SENSOR_U_Init
                0x00001718       0x38 .\CortexM0\ARM_GCC_541\Debug\Ultrasonido.a(SENSOR_U.o)
                0x00001718                SENSOR_U_Init
 .text.SENSOR_U_Enable
                0x00001750       0x3c .\CortexM0\ARM_GCC_541\Debug\Ultrasonido.a(SENSOR_U.o)
                0x00001750                SENSOR_U_Enable
 .text.SENSOR_U_Start
                0x0000178c       0x20 .\CortexM0\ARM_GCC_541\Debug\Ultrasonido.a(SENSOR_U.o)
                0x0000178c                SENSOR_U_Start
 .text.SENSOR_U_GetChar
                0x000017ac       0x78 .\CortexM0\ARM_GCC_541\Debug\Ultrasonido.a(SENSOR_U.o)
                0x000017ac                SENSOR_U_GetChar
 .text.SENSOR_U_RXISR
                0x00001824       0x90 .\CortexM0\ARM_GCC_541\Debug\Ultrasonido.a(SENSOR_U_INT.o)
                0x00001824                SENSOR_U_RXISR
 .text.SENSOR_U_IntClock_StartEx
                0x000018b4       0x1c .\CortexM0\ARM_GCC_541\Debug\Ultrasonido.a(SENSOR_U_IntClock.o)
                0x000018b4                SENSOR_U_IntClock_StartEx
 .text.Int_Serial_SetVector
                0x000018d0        0xc .\CortexM0\ARM_GCC_541\Debug\Ultrasonido.a(Int_Serial.o)
                0x000018d0                Int_Serial_SetVector
 .text.Int_Serial_SetPriority
                0x000018dc       0x20 .\CortexM0\ARM_GCC_541\Debug\Ultrasonido.a(Int_Serial.o)
                0x000018dc                Int_Serial_SetPriority
 .text.Int_Serial_Enable
                0x000018fc        0xc .\CortexM0\ARM_GCC_541\Debug\Ultrasonido.a(Int_Serial.o)
                0x000018fc                Int_Serial_Enable
 .text.Int_Serial_Disable
                0x00001908        0xc .\CortexM0\ARM_GCC_541\Debug\Ultrasonido.a(Int_Serial.o)
                0x00001908                Int_Serial_Disable
 .text.Int_Serial_StartEx
                0x00001914       0x1c .\CortexM0\ARM_GCC_541\Debug\Ultrasonido.a(Int_Serial.o)
                0x00001914                Int_Serial_StartEx
 .text          0x00001930       0x20 .\CortexM0\ARM_GCC_541\Debug\Ultrasonido.a(CyBootAsmGnu.o)
                0x00001930                CyDelayCycles
                0x00001942                CyEnterCriticalSection
                0x0000194a                CyExitCriticalSection
 .text.CySysFlashSetWaitCycles
                0x00001950       0x54 .\CortexM0\ARM_GCC_541\Debug\Ultrasonido.a(CyFlash.o)
                0x00001950                CySysFlashSetWaitCycles
 .text          0x000019a4       0x7c c:/program files (x86)/cypress/psoc creator/4.1/psoc creator/import/gnu/arm/5.4.1/bin/../lib/gcc/arm-none-eabi/5.4.1/armv6-m\libgcc.a(_arm_cmpdf2.o)
                0x000019a4                __aeabi_cdrcmple
                0x000019b4                __aeabi_cdcmple
                0x000019b4                __aeabi_cdcmpeq
                0x000019c4                __aeabi_dcmpeq
                0x000019d0                __aeabi_dcmplt
                0x000019e4                __aeabi_dcmple
                0x000019f8                __aeabi_dcmpgt
                0x00001a0c                __aeabi_dcmpge
 .text          0x00001a20       0x74 c:/program files (x86)/cypress/psoc creator/4.1/psoc creator/import/gnu/arm/5.4.1/bin/../lib/gcc/arm-none-eabi/5.4.1/armv6-m\libgcc.a(_arm_cmpsf2.o)
                0x00001a20                __aeabi_cfrcmple
                0x00001a28                __aeabi_cfcmpeq
                0x00001a28                __aeabi_cfcmple
                0x00001a38                __aeabi_fcmpeq
                0x00001a44                __aeabi_fcmplt
                0x00001a58                __aeabi_fcmple
                0x00001a6c                __aeabi_fcmpgt
                0x00001a80                __aeabi_fcmpge
 .text          0x00001a94      0x2ec c:/program files (x86)/cypress/psoc creator/4.1/psoc creator/import/gnu/arm/5.4.1/bin/../lib/gcc/arm-none-eabi/5.4.1/armv6-m\libgcc.a(addsf3.o)
                0x00001a94                __aeabi_fadd
 .text          0x00001d80      0x234 c:/program files (x86)/cypress/psoc creator/4.1/psoc creator/import/gnu/arm/5.4.1/bin/../lib/gcc/arm-none-eabi/5.4.1/armv6-m\libgcc.a(divsf3.o)
                0x00001d80                __aeabi_fdiv
 .text          0x00001fb4       0x50 c:/program files (x86)/cypress/psoc creator/4.1/psoc creator/import/gnu/arm/5.4.1/bin/../lib/gcc/arm-none-eabi/5.4.1/armv6-m\libgcc.a(eqsf2.o)
                0x00001fb4                __eqsf2
                0x00001fb4                __nesf2
 .text          0x00002004       0x88 c:/program files (x86)/cypress/psoc creator/4.1/psoc creator/import/gnu/arm/5.4.1/bin/../lib/gcc/arm-none-eabi/5.4.1/armv6-m\libgcc.a(gesf2.o)
                0x00002004                __gesf2
                0x00002004                __gtsf2
 .text          0x0000208c       0x88 c:/program files (x86)/cypress/psoc creator/4.1/psoc creator/import/gnu/arm/5.4.1/bin/../lib/gcc/arm-none-eabi/5.4.1/armv6-m\libgcc.a(lesf2.o)
                0x0000208c                __ltsf2
                0x0000208c                __lesf2
 .text          0x00002114      0x228 c:/program files (x86)/cypress/psoc creator/4.1/psoc creator/import/gnu/arm/5.4.1/bin/../lib/gcc/arm-none-eabi/5.4.1/armv6-m\libgcc.a(mulsf3.o)
                0x00002114                __aeabi_fmul
 .text          0x0000233c       0x44 c:/program files (x86)/cypress/psoc creator/4.1/psoc creator/import/gnu/arm/5.4.1/bin/../lib/gcc/arm-none-eabi/5.4.1/armv6-m\libgcc.a(fixsfsi.o)
                0x0000233c                __aeabi_f2iz
 .text          0x00002380       0x90 c:/program files (x86)/cypress/psoc creator/4.1/psoc creator/import/gnu/arm/5.4.1/bin/../lib/gcc/arm-none-eabi/5.4.1/armv6-m\libgcc.a(floatsisf.o)
                0x00002380                __aeabi_i2f
 .text          0x00002410       0x80 c:/program files (x86)/cypress/psoc creator/4.1/psoc creator/import/gnu/arm/5.4.1/bin/../lib/gcc/arm-none-eabi/5.4.1/armv6-m\libgcc.a(eqdf2.o)
                0x00002410                __nedf2
                0x00002410                __eqdf2
 .text          0x00002490       0xc8 c:/program files (x86)/cypress/psoc creator/4.1/psoc creator/import/gnu/arm/5.4.1/bin/../lib/gcc/arm-none-eabi/5.4.1/armv6-m\libgcc.a(gedf2.o)
                0x00002490                __gedf2
                0x00002490                __gtdf2
 .text          0x00002558       0xd4 c:/program files (x86)/cypress/psoc creator/4.1/psoc creator/import/gnu/arm/5.4.1/bin/../lib/gcc/arm-none-eabi/5.4.1/armv6-m\libgcc.a(ledf2.o)
                0x00002558                __ledf2
                0x00002558                __ltdf2
 .text          0x0000262c       0xa8 c:/program files (x86)/cypress/psoc creator/4.1/psoc creator/import/gnu/arm/5.4.1/bin/../lib/gcc/arm-none-eabi/5.4.1/armv6-m\libgcc.a(extendsfdf2.o)
                0x0000262c                __aeabi_f2d
 .text          0x000026d4       0x3c c:/program files (x86)/cypress/psoc creator/4.1/psoc creator/import/gnu/arm/5.4.1/bin/../lib/gcc/arm-none-eabi/5.4.1/armv6-m\libgcc.a(_clzsi2.o)
                0x000026d4                __clzsi2
 .text.__libc_init_array
                0x00002710       0x4c c:/program files (x86)/cypress/psoc creator/4.1/psoc creator/import/gnu/arm/5.4.1/bin/../lib/gcc/arm-none-eabi/5.4.1/../../../../arm-none-eabi/lib/armv6-m\libg_nano.a(lib_a-init.o)
                0x00002710                __libc_init_array
 .text.memcpy   0x0000275c       0x12 c:/program files (x86)/cypress/psoc creator/4.1/psoc creator/import/gnu/arm/5.4.1/bin/../lib/gcc/arm-none-eabi/5.4.1/../../../../arm-none-eabi/lib/armv6-m\libg_nano.a(lib_a-memcpy-stub.o)
                0x0000275c                memcpy
 .text.memset   0x0000276e       0x10 c:/program files (x86)/cypress/psoc creator/4.1/psoc creator/import/gnu/arm/5.4.1/bin/../lib/gcc/arm-none-eabi/5.4.1/../../../../arm-none-eabi/lib/armv6-m\libg_nano.a(lib_a-memset.o)
                0x0000276e                memset
 *(.plt)
 *(.gnu.warning)
 *(.glue_7t)
 .glue_7t       0x0000277e        0x0 linker stubs
 *(.glue_7)
 .glue_7        0x0000277e        0x0 linker stubs
 *(.vfp11_veneer)
 .vfp11_veneer  0x0000277e        0x0 linker stubs
 *(.bootloader)
 *(.ARM.extab* .gnu.linkonce.armextab.*)
 *(.gcc_except_table)

.v4_bx          0x00002780        0x0
 .v4_bx         0x00002780        0x0 linker stubs

.iplt           0x00002780        0x0
 .iplt          0x00002780        0x0 c:/program files (x86)/cypress/psoc creator/4.1/psoc creator/import/gnu/arm/5.4.1/bin/../lib/gcc/arm-none-eabi/5.4.1/armv6-m/crtbegin.o

.eh_frame_hdr
 *(.eh_frame_hdr)

.eh_frame       0x00002780        0x4
 *(.eh_frame)
 .eh_frame      0x00002780        0x0 c:/program files (x86)/cypress/psoc creator/4.1/psoc creator/import/gnu/arm/5.4.1/bin/../lib/gcc/arm-none-eabi/5.4.1/armv6-m/crtbegin.o
 .eh_frame      0x00002780        0x4 c:/program files (x86)/cypress/psoc creator/4.1/psoc creator/import/gnu/arm/5.4.1/bin/../lib/gcc/arm-none-eabi/5.4.1/armv6-m/crtend.o
                [!provide]                PROVIDE (__exidx_start, .)

.ARM.exidx
 *(.ARM.exidx* .gnu.linkonce.armexidx.*)
                0x00002784                __exidx_end = .

.rodata         0x00002784      0x53c
 *(.rodata .rodata.* .gnu.linkonce.r.*)
 .rodata        0x00002784      0x29c .\CortexM0\ARM_GCC_541\Debug\cyfitter_cfg.o
 .rodata        0x00002a20       0x47 .\CortexM0\ARM_GCC_541\Debug\Ultrasonido.a(CyLib.o)
                0x00002a20                cyImoFreqMhz2Reg
                0x00002a50                cyImoFreqMhz2DpllOffset
 *fill*         0x00002a67        0x1 
 .rodata        0x00002a68      0x160 .\CortexM0\ARM_GCC_541\Debug\Ultrasonido.a(CAN.o)
 .rodata        0x00002bc8       0x80 c:/program files (x86)/cypress/psoc creator/4.1/psoc creator/import/gnu/arm/5.4.1/bin/../lib/gcc/arm-none-eabi/5.4.1/armv6-m\libgcc.a(divsf3.o)
 .rodata        0x00002c48       0x40 c:/program files (x86)/cypress/psoc creator/4.1/psoc creator/import/gnu/arm/5.4.1/bin/../lib/gcc/arm-none-eabi/5.4.1/armv6-m\libgcc.a(mulsf3.o)
                0x00002c88                . = ALIGN (0x4)
 *(.init)
 .init          0x00002c88        0x4 c:/program files (x86)/cypress/psoc creator/4.1/psoc creator/import/gnu/arm/5.4.1/bin/../lib/gcc/arm-none-eabi/5.4.1/armv6-m/crti.o
                0x00002c88                _init
 .init          0x00002c8c        0x8 c:/program files (x86)/cypress/psoc creator/4.1/psoc creator/import/gnu/arm/5.4.1/bin/../lib/gcc/arm-none-eabi/5.4.1/armv6-m/crtn.o
                0x00002c94                . = ALIGN (0x4)
                0x00002c94                __preinit_array_start = .
 *(.preinit_array)
                0x00002c94                __preinit_array_end = .
                0x00002c94                . = ALIGN (0x4)
                0x00002c94                __init_array_start = .
 *(SORT(.init_array.*))
 *(.init_array)
 .init_array    0x00002c94        0x4 c:/program files (x86)/cypress/psoc creator/4.1/psoc creator/import/gnu/arm/5.4.1/bin/../lib/gcc/arm-none-eabi/5.4.1/armv6-m/crtbegin.o
 .init_array    0x00002c98        0x4 .\CortexM0\ARM_GCC_541\Debug\Cm0Start.o
                0x00002c9c                __init_array_end = .
                0x00002c9c                . = ALIGN (0x4)
 *(.fini)
 .fini          0x00002c9c        0x4 c:/program files (x86)/cypress/psoc creator/4.1/psoc creator/import/gnu/arm/5.4.1/bin/../lib/gcc/arm-none-eabi/5.4.1/armv6-m/crti.o
                0x00002c9c                _fini
 .fini          0x00002ca0        0x8 c:/program files (x86)/cypress/psoc creator/4.1/psoc creator/import/gnu/arm/5.4.1/bin/../lib/gcc/arm-none-eabi/5.4.1/armv6-m/crtn.o
                0x00002ca8                . = ALIGN (0x4)
                0x00002ca8                __fini_array_start = .
 *(.fini_array)
 .fini_array    0x00002ca8        0x4 c:/program files (x86)/cypress/psoc creator/4.1/psoc creator/import/gnu/arm/5.4.1/bin/../lib/gcc/arm-none-eabi/5.4.1/armv6-m/crtbegin.o
 *(SORT(.fini_array.*))
                0x00002cac                __fini_array_end = .
                0x00002cac                . = ALIGN (0x4)
 *crtbegin.o(.ctors)
 *(EXCLUDE_FILE(*crtend.o) .ctors)
 *(SORT(.ctors.*))
 *crtend.o(.ctors)
                0x00002cac                . = ALIGN (0x4)
 *crtbegin.o(.dtors)
 *(EXCLUDE_FILE(*crtend.o) .dtors)
 *(SORT(.dtors.*))
 *crtend.o(.dtors)
                0x00002cac                . = ALIGN (0x4)
                0x00002cac                __cy_regions = .
                0x00002cac        0x4 LONG 0x2cc0 __cy_region_init_ram
                0x00002cb0        0x4 LONG 0x200000c0 __cy_region_start_data
                0x00002cb4        0x4 LONG 0x28 __cy_region_init_size_ram
                0x00002cb8        0x4 LONG 0xb8 __cy_region_zero_size_ram
                0x00002cbc                __cy_regions_end = .
                0x00002cc0                . = ALIGN (0x8)
 *fill*         0x00002cbc        0x4 
                0x00002cc0                _etext = .

.cy_checksum_exclude
                0x00002cc0        0x0
 *(.cy_checksum_exclude)

.ramvectors     0x20000000       0xc0
                0x20000000                __cy_region_start_ram = .
 *(.ramvectors)
 .ramvectors    0x20000000       0xc0 .\CortexM0\ARM_GCC_541\Debug\Cm0Start.o
                0x20000000                CyRamVectors

.noinit
 *(.noinit)

.data           0x200000c0       0x28 load address 0x00002cc0
                0x200000c0                __cy_region_start_data = .
 *(.jcr)
 .jcr           0x200000c0        0x0 c:/program files (x86)/cypress/psoc creator/4.1/psoc creator/import/gnu/arm/5.4.1/bin/../lib/gcc/arm-none-eabi/5.4.1/armv6-m/crtbegin.o
 .jcr           0x200000c0        0x4 c:/program files (x86)/cypress/psoc creator/4.1/psoc creator/import/gnu/arm/5.4.1/bin/../lib/gcc/arm-none-eabi/5.4.1/armv6-m/crtend.o
 *(.got.plt)
 *(.got)
 *(.shdata)
 *(.data .data.* .gnu.linkonce.d.*)
 .data          0x200000c4        0xc .\CortexM0\ARM_GCC_541\Debug\main.o
                0x200000c4                Max_Conta
                0x200000c8                Offset_V
                0x200000cc                Offset_H
 .data          0x200000d0       0x10 .\CortexM0\ARM_GCC_541\Debug\Ultrasonido.a(CyLib.o)
                0x200000d0                cydelay32kMs
                0x200000d4                cydelayFreqKhz
                0x200000d8                cydelayFreqMhz
                0x200000dc                cydelayFreqHz
 .data          0x200000e0        0x8 .\CortexM0\ARM_GCC_541\Debug\Ultrasonido.a(CyLFClk.o)
                0x200000e8                . = ALIGN (0x8)
 *(.ram)
                0x200000e8                _edata = .

.igot.plt       0x200000e8        0x0 load address 0x00002ce8
 .igot.plt      0x200000e8        0x0 c:/program files (x86)/cypress/psoc creator/4.1/psoc creator/import/gnu/arm/5.4.1/bin/../lib/gcc/arm-none-eabi/5.4.1/armv6-m/crtbegin.o

.bss            0x200000e8       0xb8 load address 0x00002ce8
                0x200000e8                PROVIDE (__bss_start__, .)
 *(.shbss)
 *(.bss .bss.* .gnu.linkonce.b.*)
 .bss           0x200000e8       0x1c c:/program files (x86)/cypress/psoc creator/4.1/psoc creator/import/gnu/arm/5.4.1/bin/../lib/gcc/arm-none-eabi/5.4.1/armv6-m/crtbegin.o
 .bss           0x20000104       0x3c .\CortexM0\ARM_GCC_541\Debug\main.o
                0x20000104                dist
                0x20000108                cantidadM
                0x2000010c                Cantidad_Sensores
                0x20000110                conta
                0x20000114                Amplitud_V
                0x20000118                Fase_V
                0x2000011c                conta_H
                0x20000120                L_anterior
                0x20000124                L_actual
                0x20000128                flag
                0x2000012c                pha_aux
                0x20000130                off_aux
                0x20000134                ampli_aux
                0x20000138                Fase_H
                0x2000013c                Amplitud_H
 .bss           0x20000140       0x28 .\CortexM0\ARM_GCC_541\Debug\Ultrasonido.a(CyLFClk.o)
 .bss           0x20000168        0x1 .\CortexM0\ARM_GCC_541\Debug\Ultrasonido.a(CAN.o)
                0x20000168                CAN_initVar
 .bss           0x20000169        0x1 .\CortexM0\ARM_GCC_541\Debug\Ultrasonido.a(Timer_1.o)
                0x20000169                Timer_1_initVar
 .bss           0x2000016a        0x6 .\CortexM0\ARM_GCC_541\Debug\Ultrasonido.a(SENSOR_U.o)
                0x2000016a                SENSOR_U_errorStatus
                0x2000016b                SENSOR_U_initVar
                0x2000016c                SENSOR_U_rxBufferRead
                0x2000016d                SENSOR_U_rxBufferWrite
                0x2000016e                SENSOR_U_rxBufferLoopDetect
                0x2000016f                SENSOR_U_rxBufferOverflow
 *(COMMON)
 COMMON         0x20000170       0x28 .\CortexM0\ARM_GCC_541\Debug\main.o
                0x20000170                dato_enviado_1
                0x20000178                mailbox1
                0x20000180                dato_enviado
                0x20000188                mailbox2
                0x20000190                mailbox0
 COMMON         0x20000198        0x8 .\CortexM0\ARM_GCC_541\Debug\Ultrasonido.a(SENSOR_U.o)
                0x20000198                SENSOR_U_rxBuffer
                0x200001a0                . = ALIGN (0x8)
 *(.ram.b)
                0x200001a0                _end = .
                0x200001a0                __end = .
                0x200001a0                PROVIDE (end, .)
                0x200001a0                PROVIDE (__bss_end__, .)
                0x00002cc0                __cy_region_init_ram = LOADADDR (.data)
                0x00000028                __cy_region_init_size_ram = (_edata - ADDR (.data))
                0x000000b8                __cy_region_zero_size_ram = (_end - _edata)

.heap           0x200001a0       0x80 load address 0x00002ce8
                0x200001a0                . = _end
                0x20000220                . = (. + 0x80)
 *fill*         0x200001a0       0x80 
                0x20000220                __cy_heap_limit = .

.stack          0x20003800      0x800
                0x20003800                __cy_stack_limit = .
                0x20004000                . = (. + 0x800)
 *fill*         0x20003800      0x800 
                0x00000001                ASSERT ((__cy_stack_limit >= __cy_heap_limit), region RAM overflowed with stack)
                0x00000000                cy_checksum_exclude_size = (CY_APPL_LOADABLE == 0x1)?SIZEOF (.cy_checksum_exclude):0x0
                0x00000001                ASSERT ((cy_checksum_exclude_size <= CY_CHECKSUM_EXCLUDE_SIZE), CY_BOOT: Section .cy_checksum_exclude size exceedes specified limit.)
                0x0001ffc0                cyloadermeta_start = (cy_project_type_bootloader || cy_project_type_app_for_stack_and_copier)?(LENGTH (rom) - CY_METADATA_SIZE):0xf0000000

.cyloadermeta
 *(.cyloadermeta)
                0x0001ffc0                cyloadablemeta_start = cy_project_type_app_for_stack_and_copier?((LENGTH (rom) - CY_FLASH_ROW_SIZE) - CY_METADATA_SIZE):((LENGTH (rom) - (CY_FLASH_ROW_SIZE * (CY_APPL_NUM - 0x1))) - CY_METADATA_SIZE)

.cyloadablemeta
 *(.cyloadablemeta)

.cyflashprotect
                0x90400000       0x80
 *(.cyflashprotect)
 .cyflashprotect
                0x90400000       0x80 .\CortexM0\ARM_GCC_541\Debug\cymetadata.o
                0x90400000                cy_meta_flashprotect

.cymeta         0x90500000        0xc
 *(.cymeta)
 .cymeta        0x90500000        0xc .\CortexM0\ARM_GCC_541\Debug\cymetadata.o
                0x90500000                cy_metadata

.cychipprotect  0x90600000        0x1
 *(.cychipprotect)
 .cychipprotect
                0x90600000        0x1 .\CortexM0\ARM_GCC_541\Debug\cymetadata.o
                0x90600000                cy_meta_chipprotect

.rel.dyn        0x00002ce8        0x0 load address 0x90600004
 .rel.iplt      0x00002ce8        0x0 c:/program files (x86)/cypress/psoc creator/4.1/psoc creator/import/gnu/arm/5.4.1/bin/../lib/gcc/arm-none-eabi/5.4.1/armv6-m/crtbegin.o

.stab
 *(.stab)

.stabstr
 *(.stabstr)

.debug
 *(.debug)

.line
 *(.line)

.debug_srcinfo
 *(.debug_srcinfo)

.debug_sfnames
 *(.debug_sfnames)

.debug_aranges  0x00000000      0x9a8
 *(.debug_aranges)
 .debug_aranges
                0x00000000       0xa0 .\CortexM0\ARM_GCC_541\Debug\main.o
 .debug_aranges
                0x000000a0       0x48 .\CortexM0\ARM_GCC_541\Debug\cyfitter_cfg.o
 .debug_aranges
                0x000000e8       0x18 .\CortexM0\ARM_GCC_541\Debug\cymetadata.o
 .debug_aranges
                0x00000100       0x48 .\CortexM0\ARM_GCC_541\Debug\Cm0Start.o
 .debug_aranges
                0x00000148       0x48 .\CortexM0\ARM_GCC_541\Debug\Ultrasonido.a(LED_1.o)
 .debug_aranges
                0x00000190      0x1b8 .\CortexM0\ARM_GCC_541\Debug\Ultrasonido.a(CyLib.o)
 .debug_aranges
                0x00000348      0x188 .\CortexM0\ARM_GCC_541\Debug\Ultrasonido.a(CyLFClk.o)
 .debug_aranges
                0x000004d0       0xe8 .\CortexM0\ARM_GCC_541\Debug\Ultrasonido.a(CAN.o)
 .debug_aranges
                0x000005b8       0x30 .\CortexM0\ARM_GCC_541\Debug\Ultrasonido.a(CAN_INT.o)
 .debug_aranges
                0x000005e8       0x58 .\CortexM0\ARM_GCC_541\Debug\Ultrasonido.a(CAN_TX_RX_func.o)
 .debug_aranges
                0x00000640       0x80 .\CortexM0\ARM_GCC_541\Debug\Ultrasonido.a(CAN_isr.o)
 .debug_aranges
                0x000006c0       0x90 .\CortexM0\ARM_GCC_541\Debug\Ultrasonido.a(Timer_1.o)
 .debug_aranges
                0x00000750       0x80 .\CortexM0\ARM_GCC_541\Debug\Ultrasonido.a(Timer.o)
 .debug_aranges
                0x000007d0       0x98 .\CortexM0\ARM_GCC_541\Debug\Ultrasonido.a(SENSOR_U.o)
 .debug_aranges
                0x00000868       0x20 .\CortexM0\ARM_GCC_541\Debug\Ultrasonido.a(SENSOR_U_INT.o)
 .debug_aranges
                0x00000888       0x40 .\CortexM0\ARM_GCC_541\Debug\Ultrasonido.a(SENSOR_U_IntClock.o)
 .debug_aranges
                0x000008c8       0x80 .\CortexM0\ARM_GCC_541\Debug\Ultrasonido.a(Int_Serial.o)
 .debug_aranges
                0x00000948       0x20 .\CortexM0\ARM_GCC_541\Debug\Ultrasonido.a(CyBootAsmGnu.o)
 .debug_aranges
                0x00000968       0x40 .\CortexM0\ARM_GCC_541\Debug\Ultrasonido.a(CyFlash.o)

.debug_pubnames
 *(.debug_pubnames)

.debug_info     0x00000000     0x5db8
 *(.debug_info .gnu.linkonce.wi.*)
 .debug_info    0x00000000      0xc0e .\CortexM0\ARM_GCC_541\Debug\main.o
 .debug_info    0x00000c0e      0x57e .\CortexM0\ARM_GCC_541\Debug\cyfitter_cfg.o
 .debug_info    0x0000118c       0xf8 .\CortexM0\ARM_GCC_541\Debug\cymetadata.o
 .debug_info    0x00001284      0x38e .\CortexM0\ARM_GCC_541\Debug\Cm0Start.o
 .debug_info    0x00001612      0x19d .\CortexM0\ARM_GCC_541\Debug\Ultrasonido.a(LED_1.o)
 .debug_info    0x000017af      0xd00 .\CortexM0\ARM_GCC_541\Debug\Ultrasonido.a(CyLib.o)
 .debug_info    0x000024af     0x1058 .\CortexM0\ARM_GCC_541\Debug\Ultrasonido.a(CyLFClk.o)
 .debug_info    0x00003507      0x9c6 .\CortexM0\ARM_GCC_541\Debug\Ultrasonido.a(CAN.o)
 .debug_info    0x00003ecd      0x28d .\CortexM0\ARM_GCC_541\Debug\Ultrasonido.a(CAN_INT.o)
 .debug_info    0x0000415a      0x43f .\CortexM0\ARM_GCC_541\Debug\Ultrasonido.a(CAN_TX_RX_func.o)
 .debug_info    0x00004599      0x305 .\CortexM0\ARM_GCC_541\Debug\Ultrasonido.a(CAN_isr.o)
 .debug_info    0x0000489e      0x2d1 .\CortexM0\ARM_GCC_541\Debug\Ultrasonido.a(Timer_1.o)
 .debug_info    0x00004b6f      0x305 .\CortexM0\ARM_GCC_541\Debug\Ultrasonido.a(Timer.o)
 .debug_info    0x00004e74      0x5a6 .\CortexM0\ARM_GCC_541\Debug\Ultrasonido.a(SENSOR_U.o)
 .debug_info    0x0000541a      0x14c .\CortexM0\ARM_GCC_541\Debug\Ultrasonido.a(SENSOR_U_INT.o)
 .debug_info    0x00005566      0x166 .\CortexM0\ARM_GCC_541\Debug\Ultrasonido.a(SENSOR_U_IntClock.o)
 .debug_info    0x000056cc      0x305 .\CortexM0\ARM_GCC_541\Debug\Ultrasonido.a(Int_Serial.o)
 .debug_info    0x000059d1       0x97 .\CortexM0\ARM_GCC_541\Debug\Ultrasonido.a(CyBootAsmGnu.o)
 .debug_info    0x00005a68      0x350 .\CortexM0\ARM_GCC_541\Debug\Ultrasonido.a(CyFlash.o)

.debug_abbrev   0x00000000     0x193c
 *(.debug_abbrev)
 .debug_abbrev  0x00000000      0x1db .\CortexM0\ARM_GCC_541\Debug\main.o
 .debug_abbrev  0x000001db      0x1e1 .\CortexM0\ARM_GCC_541\Debug\cyfitter_cfg.o
 .debug_abbrev  0x000003bc       0x5d .\CortexM0\ARM_GCC_541\Debug\cymetadata.o
 .debug_abbrev  0x00000419      0x1f2 .\CortexM0\ARM_GCC_541\Debug\Cm0Start.o
 .debug_abbrev  0x0000060b       0xc8 .\CortexM0\ARM_GCC_541\Debug\Ultrasonido.a(LED_1.o)
 .debug_abbrev  0x000006d3      0x200 .\CortexM0\ARM_GCC_541\Debug\Ultrasonido.a(CyLib.o)
 .debug_abbrev  0x000008d3      0x248 .\CortexM0\ARM_GCC_541\Debug\Ultrasonido.a(CyLFClk.o)
 .debug_abbrev  0x00000b1b      0x186 .\CortexM0\ARM_GCC_541\Debug\Ultrasonido.a(CAN.o)
 .debug_abbrev  0x00000ca1       0xe6 .\CortexM0\ARM_GCC_541\Debug\Ultrasonido.a(CAN_INT.o)
 .debug_abbrev  0x00000d87      0x1ad .\CortexM0\ARM_GCC_541\Debug\Ultrasonido.a(CAN_TX_RX_func.o)
 .debug_abbrev  0x00000f34      0x19a .\CortexM0\ARM_GCC_541\Debug\Ultrasonido.a(CAN_isr.o)
 .debug_abbrev  0x000010ce      0x12b .\CortexM0\ARM_GCC_541\Debug\Ultrasonido.a(Timer_1.o)
 .debug_abbrev  0x000011f9      0x19a .\CortexM0\ARM_GCC_541\Debug\Ultrasonido.a(Timer.o)
 .debug_abbrev  0x00001393      0x138 .\CortexM0\ARM_GCC_541\Debug\Ultrasonido.a(SENSOR_U.o)
 .debug_abbrev  0x000014cb       0x8a .\CortexM0\ARM_GCC_541\Debug\Ultrasonido.a(SENSOR_U_INT.o)
 .debug_abbrev  0x00001555       0xb7 .\CortexM0\ARM_GCC_541\Debug\Ultrasonido.a(SENSOR_U_IntClock.o)
 .debug_abbrev  0x0000160c      0x19a .\CortexM0\ARM_GCC_541\Debug\Ultrasonido.a(Int_Serial.o)
 .debug_abbrev  0x000017a6       0x14 .\CortexM0\ARM_GCC_541\Debug\Ultrasonido.a(CyBootAsmGnu.o)
 .debug_abbrev  0x000017ba      0x182 .\CortexM0\ARM_GCC_541\Debug\Ultrasonido.a(CyFlash.o)

.debug_line     0x00000000     0x2608
 *(.debug_line)
 .debug_line    0x00000000      0x453 .\CortexM0\ARM_GCC_541\Debug\main.o
 .debug_line    0x00000453      0x1c5 .\CortexM0\ARM_GCC_541\Debug\cyfitter_cfg.o
 .debug_line    0x00000618      0x141 .\CortexM0\ARM_GCC_541\Debug\cymetadata.o
 .debug_line    0x00000759      0x236 .\CortexM0\ARM_GCC_541\Debug\Cm0Start.o
 .debug_line    0x0000098f       0xbd .\CortexM0\ARM_GCC_541\Debug\Ultrasonido.a(LED_1.o)
 .debug_line    0x00000a4c      0x51a .\CortexM0\ARM_GCC_541\Debug\Ultrasonido.a(CyLib.o)
 .debug_line    0x00000f66      0x5d1 .\CortexM0\ARM_GCC_541\Debug\Ultrasonido.a(CyLFClk.o)
 .debug_line    0x00001537      0x3e7 .\CortexM0\ARM_GCC_541\Debug\Ultrasonido.a(CAN.o)
 .debug_line    0x0000191e       0xbe .\CortexM0\ARM_GCC_541\Debug\Ultrasonido.a(CAN_INT.o)
 .debug_line    0x000019dc      0x18d .\CortexM0\ARM_GCC_541\Debug\Ultrasonido.a(CAN_TX_RX_func.o)
 .debug_line    0x00001b69      0x153 .\CortexM0\ARM_GCC_541\Debug\Ultrasonido.a(CAN_isr.o)
 .debug_line    0x00001cbc      0x17b .\CortexM0\ARM_GCC_541\Debug\Ultrasonido.a(Timer_1.o)
 .debug_line    0x00001e37      0x151 .\CortexM0\ARM_GCC_541\Debug\Ultrasonido.a(Timer.o)
 .debug_line    0x00001f88      0x206 .\CortexM0\ARM_GCC_541\Debug\Ultrasonido.a(SENSOR_U.o)
 .debug_line    0x0000218e       0x89 .\CortexM0\ARM_GCC_541\Debug\Ultrasonido.a(SENSOR_U_INT.o)
 .debug_line    0x00002217       0xc4 .\CortexM0\ARM_GCC_541\Debug\Ultrasonido.a(SENSOR_U_IntClock.o)
 .debug_line    0x000022db      0x152 .\CortexM0\ARM_GCC_541\Debug\Ultrasonido.a(Int_Serial.o)
 .debug_line    0x0000242d       0x68 .\CortexM0\ARM_GCC_541\Debug\Ultrasonido.a(CyBootAsmGnu.o)
 .debug_line    0x00002495      0x173 .\CortexM0\ARM_GCC_541\Debug\Ultrasonido.a(CyFlash.o)

.debug_frame    0x00000000     0x1d18
 *(.debug_frame)
 .debug_frame   0x00000000      0x1f8 .\CortexM0\ARM_GCC_541\Debug\main.o
 .debug_frame   0x000001f8       0xbc .\CortexM0\ARM_GCC_541\Debug\cyfitter_cfg.o
 .debug_frame   0x000002b4       0xb0 .\CortexM0\ARM_GCC_541\Debug\Cm0Start.o
 .debug_frame   0x00000364       0x70 .\CortexM0\ARM_GCC_541\Debug\Ultrasonido.a(LED_1.o)
 .debug_frame   0x000003d4      0x474 .\CortexM0\ARM_GCC_541\Debug\Ultrasonido.a(CyLib.o)
 .debug_frame   0x00000848      0x4a4 .\CortexM0\ARM_GCC_541\Debug\Ultrasonido.a(CyLFClk.o)
 .debug_frame   0x00000cec      0x238 .\CortexM0\ARM_GCC_541\Debug\Ultrasonido.a(CAN.o)
 .debug_frame   0x00000f24       0x68 .\CortexM0\ARM_GCC_541\Debug\Ultrasonido.a(CAN_INT.o)
 .debug_frame   0x00000f8c       0xd0 .\CortexM0\ARM_GCC_541\Debug\Ultrasonido.a(CAN_TX_RX_func.o)
 .debug_frame   0x0000105c      0x110 .\CortexM0\ARM_GCC_541\Debug\Ultrasonido.a(CAN_isr.o)
 .debug_frame   0x0000116c      0x124 .\CortexM0\ARM_GCC_541\Debug\Ultrasonido.a(Timer_1.o)
 .debug_frame   0x00001290      0x110 .\CortexM0\ARM_GCC_541\Debug\Ultrasonido.a(Timer.o)
 .debug_frame   0x000013a0      0x17c .\CortexM0\ARM_GCC_541\Debug\Ultrasonido.a(SENSOR_U.o)
 .debug_frame   0x0000151c       0x20 .\CortexM0\ARM_GCC_541\Debug\Ultrasonido.a(SENSOR_U_INT.o)
 .debug_frame   0x0000153c       0x6c .\CortexM0\ARM_GCC_541\Debug\Ultrasonido.a(SENSOR_U_IntClock.o)
 .debug_frame   0x000015a8      0x110 .\CortexM0\ARM_GCC_541\Debug\Ultrasonido.a(Int_Serial.o)
 .debug_frame   0x000016b8       0x90 .\CortexM0\ARM_GCC_541\Debug\Ultrasonido.a(CyFlash.o)
 .debug_frame   0x00001748       0x20 c:/program files (x86)/cypress/psoc creator/4.1/psoc creator/import/gnu/arm/5.4.1/bin/../lib/gcc/arm-none-eabi/5.4.1/armv6-m\libgcc.a(_udivsi3.o)
 .debug_frame   0x00001768       0x20 c:/program files (x86)/cypress/psoc creator/4.1/psoc creator/import/gnu/arm/5.4.1/bin/../lib/gcc/arm-none-eabi/5.4.1/armv6-m\libgcc.a(_divsi3.o)
 .debug_frame   0x00001788       0x30 c:/program files (x86)/cypress/psoc creator/4.1/psoc creator/import/gnu/arm/5.4.1/bin/../lib/gcc/arm-none-eabi/5.4.1/armv6-m\libgcc.a(addsf3.o)
 .debug_frame   0x000017b8       0x3c c:/program files (x86)/cypress/psoc creator/4.1/psoc creator/import/gnu/arm/5.4.1/bin/../lib/gcc/arm-none-eabi/5.4.1/armv6-m\libgcc.a(divsf3.o)
 .debug_frame   0x000017f4       0x2c c:/program files (x86)/cypress/psoc creator/4.1/psoc creator/import/gnu/arm/5.4.1/bin/../lib/gcc/arm-none-eabi/5.4.1/armv6-m\libgcc.a(eqsf2.o)
 .debug_frame   0x00001820       0x30 c:/program files (x86)/cypress/psoc creator/4.1/psoc creator/import/gnu/arm/5.4.1/bin/../lib/gcc/arm-none-eabi/5.4.1/armv6-m\libgcc.a(gesf2.o)
 .debug_frame   0x00001850       0x30 c:/program files (x86)/cypress/psoc creator/4.1/psoc creator/import/gnu/arm/5.4.1/bin/../lib/gcc/arm-none-eabi/5.4.1/armv6-m\libgcc.a(lesf2.o)
 .debug_frame   0x00001880       0x38 c:/program files (x86)/cypress/psoc creator/4.1/psoc creator/import/gnu/arm/5.4.1/bin/../lib/gcc/arm-none-eabi/5.4.1/armv6-m\libgcc.a(mulsf3.o)
 .debug_frame   0x000018b8       0x20 c:/program files (x86)/cypress/psoc creator/4.1/psoc creator/import/gnu/arm/5.4.1/bin/../lib/gcc/arm-none-eabi/5.4.1/armv6-m\libgcc.a(fixsfsi.o)
 .debug_frame   0x000018d8       0x2c c:/program files (x86)/cypress/psoc creator/4.1/psoc creator/import/gnu/arm/5.4.1/bin/../lib/gcc/arm-none-eabi/5.4.1/armv6-m\libgcc.a(floatsisf.o)
 .debug_frame   0x00001904       0x3c c:/program files (x86)/cypress/psoc creator/4.1/psoc creator/import/gnu/arm/5.4.1/bin/../lib/gcc/arm-none-eabi/5.4.1/armv6-m\libgcc.a(adddf3.o)
 .debug_frame   0x00001940       0x38 c:/program files (x86)/cypress/psoc creator/4.1/psoc creator/import/gnu/arm/5.4.1/bin/../lib/gcc/arm-none-eabi/5.4.1/armv6-m\libgcc.a(eqdf2.o)
 .debug_frame   0x00001978       0x38 c:/program files (x86)/cypress/psoc creator/4.1/psoc creator/import/gnu/arm/5.4.1/bin/../lib/gcc/arm-none-eabi/5.4.1/armv6-m\libgcc.a(gedf2.o)
 .debug_frame   0x000019b0       0x38 c:/program files (x86)/cypress/psoc creator/4.1/psoc creator/import/gnu/arm/5.4.1/bin/../lib/gcc/arm-none-eabi/5.4.1/armv6-m\libgcc.a(ledf2.o)
 .debug_frame   0x000019e8       0x3c c:/program files (x86)/cypress/psoc creator/4.1/psoc creator/import/gnu/arm/5.4.1/bin/../lib/gcc/arm-none-eabi/5.4.1/armv6-m\libgcc.a(muldf3.o)
 .debug_frame   0x00001a24       0x2c c:/program files (x86)/cypress/psoc creator/4.1/psoc creator/import/gnu/arm/5.4.1/bin/../lib/gcc/arm-none-eabi/5.4.1/armv6-m\libgcc.a(floatsidf.o)
 .debug_frame   0x00001a50       0x2c c:/program files (x86)/cypress/psoc creator/4.1/psoc creator/import/gnu/arm/5.4.1/bin/../lib/gcc/arm-none-eabi/5.4.1/armv6-m\libgcc.a(extendsfdf2.o)
 .debug_frame   0x00001a7c       0x2c c:/program files (x86)/cypress/psoc creator/4.1/psoc creator/import/gnu/arm/5.4.1/bin/../lib/gcc/arm-none-eabi/5.4.1/armv6-m\libgcc.a(truncdfsf2.o)
 .debug_frame   0x00001aa8       0x20 c:/program files (x86)/cypress/psoc creator/4.1/psoc creator/import/gnu/arm/5.4.1/bin/../lib/gcc/arm-none-eabi/5.4.1/../../../../arm-none-eabi/lib/armv6-m\libg_nano.a(lib_a-errno.o)
 .debug_frame   0x00001ac8       0x28 c:/program files (x86)/cypress/psoc creator/4.1/psoc creator/import/gnu/arm/5.4.1/bin/../lib/gcc/arm-none-eabi/5.4.1/../../../../arm-none-eabi/lib/armv6-m\libg_nano.a(lib_a-exit.o)
 .debug_frame   0x00001af0       0x2c c:/program files (x86)/cypress/psoc creator/4.1/psoc creator/import/gnu/arm/5.4.1/bin/../lib/gcc/arm-none-eabi/5.4.1/../../../../arm-none-eabi/lib/armv6-m\libg_nano.a(lib_a-init.o)
 .debug_frame   0x00001b1c       0x28 c:/program files (x86)/cypress/psoc creator/4.1/psoc creator/import/gnu/arm/5.4.1/bin/../lib/gcc/arm-none-eabi/5.4.1/../../../../arm-none-eabi/lib/armv6-m\libg_nano.a(lib_a-memcpy-stub.o)
 .debug_frame   0x00001b44       0x20 c:/program files (x86)/cypress/psoc creator/4.1/psoc creator/import/gnu/arm/5.4.1/bin/../lib/gcc/arm-none-eabi/5.4.1/../../../../arm-none-eabi/lib/armv6-m\libg_nano.a(lib_a-memset.o)
 .debug_frame   0x00001b64       0x44 c:/program files (x86)/cypress/psoc creator/4.1/psoc creator/import/gnu/arm/5.4.1/bin/../lib/gcc/arm-none-eabi/5.4.1/../../../../arm-none-eabi/lib/armv6-m\libg_nano.a(lib_a-rand.o)
 .debug_frame   0x00001ba8       0x40 c:/program files (x86)/cypress/psoc creator/4.1/psoc creator/import/gnu/arm/5.4.1/bin/../lib/gcc/arm-none-eabi/5.4.1/../../../../arm-none-eabi/lib/armv6-m\libg_nano.a(lib_a-malloc.o)
 .debug_frame   0x00001be8       0x2c c:/program files (x86)/cypress/psoc creator/4.1/psoc creator/import/gnu/arm/5.4.1/bin/../lib/gcc/arm-none-eabi/5.4.1/../../../../arm-none-eabi/lib/armv6-m\libg_nano.a(lib_a-nano-freer.o)
 .debug_frame   0x00001c14       0x2c c:/program files (x86)/cypress/psoc creator/4.1/psoc creator/import/gnu/arm/5.4.1/bin/../lib/gcc/arm-none-eabi/5.4.1/../../../../arm-none-eabi/lib/armv6-m\libg_nano.a(lib_a-nano-mallocr.o)
 .debug_frame   0x00001c40       0x2c c:/program files (x86)/cypress/psoc creator/4.1/psoc creator/import/gnu/arm/5.4.1/bin/../lib/gcc/arm-none-eabi/5.4.1/../../../../arm-none-eabi/lib/armv6-m\libg_nano.a(lib_a-sbrkr.o)
 .debug_frame   0x00001c6c       0x30 c:/program files (x86)/cypress/psoc creator/4.1/psoc creator/import/gnu/arm/5.4.1/bin/../lib/gcc/arm-none-eabi/5.4.1/../../../../arm-none-eabi/lib/armv6-m\libg_nano.a(lib_a-mlock.o)
 .debug_frame   0x00001c9c       0x48 c:/program files (x86)/cypress/psoc creator/4.1/psoc creator/import/gnu/arm/5.4.1/bin/../lib/gcc/arm-none-eabi/5.4.1/../../../../arm-none-eabi/lib/armv6-m\libg_nano.a(lib_a-reent.o)
 .debug_frame   0x00001ce4       0x34 c:/program files (x86)/cypress/psoc creator/4.1/psoc creator/import/gnu/arm/5.4.1/bin/../lib/gcc/arm-none-eabi/5.4.1/armv6-m\libgcc.a(_muldi3.o)

.debug_str      0x00000000     0x21c5
 *(.debug_str)
 .debug_str     0x00000000      0x42a .\CortexM0\ARM_GCC_541\Debug\main.o
                                0x492 (size before relaxing)
 .debug_str     0x0000042a      0x1d9 .\CortexM0\ARM_GCC_541\Debug\cyfitter_cfg.o
                                0x384 (size before relaxing)
 .debug_str     0x00000603       0x63 .\CortexM0\ARM_GCC_541\Debug\cymetadata.o
                                0x1cf (size before relaxing)
 .debug_str     0x00000666      0x13a .\CortexM0\ARM_GCC_541\Debug\Cm0Start.o
                                0x308 (size before relaxing)
 .debug_str     0x000007a0       0xa4 .\CortexM0\ARM_GCC_541\Debug\Ultrasonido.a(LED_1.o)
                                0x23d (size before relaxing)
 .debug_str     0x00000844      0x5a4 .\CortexM0\ARM_GCC_541\Debug\Ultrasonido.a(CyLib.o)
                                0x7d5 (size before relaxing)
 .debug_str     0x00000de8      0x6e1 .\CortexM0\ARM_GCC_541\Debug\Ultrasonido.a(CyLFClk.o)
                                0x924 (size before relaxing)
 .debug_str     0x000014c9      0x32b .\CortexM0\ARM_GCC_541\Debug\Ultrasonido.a(CAN.o)
                                0x53d (size before relaxing)
 .debug_str     0x000017f4       0x84 .\CortexM0\ARM_GCC_541\Debug\Ultrasonido.a(CAN_INT.o)
                                0x29a (size before relaxing)
 .debug_str     0x00001878       0x71 .\CortexM0\ARM_GCC_541\Debug\Ultrasonido.a(CAN_TX_RX_func.o)
                                0x33a (size before relaxing)
 .debug_str     0x000018e9      0x101 .\CortexM0\ARM_GCC_541\Debug\Ultrasonido.a(CAN_isr.o)
                                0x30d (size before relaxing)
 .debug_str     0x000019ea      0x191 .\CortexM0\ARM_GCC_541\Debug\Ultrasonido.a(Timer_1.o)
                                0x359 (size before relaxing)
 .debug_str     0x00001b7b       0xcc .\CortexM0\ARM_GCC_541\Debug\Ultrasonido.a(Timer.o)
                                0x2f1 (size before relaxing)
 .debug_str     0x00001c47      0x288 .\CortexM0\ARM_GCC_541\Debug\Ultrasonido.a(SENSOR_U.o)
                                0x4be (size before relaxing)
 .debug_str     0x00001ecf       0x5b .\CortexM0\ARM_GCC_541\Debug\Ultrasonido.a(SENSOR_U_INT.o)
                                0x272 (size before relaxing)
 .debug_str     0x00001f2a       0xe2 .\CortexM0\ARM_GCC_541\Debug\Ultrasonido.a(SENSOR_U_IntClock.o)
                                0x29a (size before relaxing)
 .debug_str     0x0000200c      0x119 .\CortexM0\ARM_GCC_541\Debug\Ultrasonido.a(Int_Serial.o)
                                0x337 (size before relaxing)
 .debug_str     0x00002125       0xa0 .\CortexM0\ARM_GCC_541\Debug\Ultrasonido.a(CyFlash.o)
                                0x2b7 (size before relaxing)

.debug_loc      0x00000000     0x3045
 *(.debug_loc)
 .debug_loc     0x00000000      0x4fb .\CortexM0\ARM_GCC_541\Debug\main.o
 .debug_loc     0x000004fb      0x1fe .\CortexM0\ARM_GCC_541\Debug\cyfitter_cfg.o
 .debug_loc     0x000006f9      0x14f .\CortexM0\ARM_GCC_541\Debug\Cm0Start.o
 .debug_loc     0x00000848       0xa2 .\CortexM0\ARM_GCC_541\Debug\Ultrasonido.a(LED_1.o)
 .debug_loc     0x000008ea      0x7c0 .\CortexM0\ARM_GCC_541\Debug\Ultrasonido.a(CyLib.o)
 .debug_loc     0x000010aa      0xdb7 .\CortexM0\ARM_GCC_541\Debug\Ultrasonido.a(CyLFClk.o)
 .debug_loc     0x00001e61      0xa5e .\CortexM0\ARM_GCC_541\Debug\Ultrasonido.a(CAN.o)
 .debug_loc     0x000028bf       0x54 .\CortexM0\ARM_GCC_541\Debug\Ultrasonido.a(CAN_INT.o)
 .debug_loc     0x00002913      0x1bd .\CortexM0\ARM_GCC_541\Debug\Ultrasonido.a(CAN_TX_RX_func.o)
 .debug_loc     0x00002ad0       0x82 .\CortexM0\ARM_GCC_541\Debug\Ultrasonido.a(CAN_isr.o)
 .debug_loc     0x00002b52       0x13 .\CortexM0\ARM_GCC_541\Debug\Ultrasonido.a(Timer_1.o)
 .debug_loc     0x00002b65       0x82 .\CortexM0\ARM_GCC_541\Debug\Ultrasonido.a(Timer.o)
 .debug_loc     0x00002be7      0x1c1 .\CortexM0\ARM_GCC_541\Debug\Ultrasonido.a(SENSOR_U.o)
 .debug_loc     0x00002da8       0x45 .\CortexM0\ARM_GCC_541\Debug\Ultrasonido.a(SENSOR_U_INT.o)
 .debug_loc     0x00002ded       0x76 .\CortexM0\ARM_GCC_541\Debug\Ultrasonido.a(SENSOR_U_IntClock.o)
 .debug_loc     0x00002e63       0x82 .\CortexM0\ARM_GCC_541\Debug\Ultrasonido.a(Int_Serial.o)
 .debug_loc     0x00002ee5      0x160 .\CortexM0\ARM_GCC_541\Debug\Ultrasonido.a(CyFlash.o)

.debug_macinfo
 *(.debug_macinfo)

.debug_ranges   0x00000000      0x860
 *(.debug_ranges)
 .debug_ranges  0x00000000       0x90 .\CortexM0\ARM_GCC_541\Debug\main.o
 .debug_ranges  0x00000090       0x38 .\CortexM0\ARM_GCC_541\Debug\cyfitter_cfg.o
 .debug_ranges  0x000000c8       0x38 .\CortexM0\ARM_GCC_541\Debug\Cm0Start.o
 .debug_ranges  0x00000100       0x38 .\CortexM0\ARM_GCC_541\Debug\Ultrasonido.a(LED_1.o)
 .debug_ranges  0x00000138      0x1a8 .\CortexM0\ARM_GCC_541\Debug\Ultrasonido.a(CyLib.o)
 .debug_ranges  0x000002e0      0x178 .\CortexM0\ARM_GCC_541\Debug\Ultrasonido.a(CyLFClk.o)
 .debug_ranges  0x00000458       0xd8 .\CortexM0\ARM_GCC_541\Debug\Ultrasonido.a(CAN.o)
 .debug_ranges  0x00000530       0x20 .\CortexM0\ARM_GCC_541\Debug\Ultrasonido.a(CAN_INT.o)
 .debug_ranges  0x00000550       0x48 .\CortexM0\ARM_GCC_541\Debug\Ultrasonido.a(CAN_TX_RX_func.o)
 .debug_ranges  0x00000598       0x70 .\CortexM0\ARM_GCC_541\Debug\Ultrasonido.a(CAN_isr.o)
 .debug_ranges  0x00000608       0x80 .\CortexM0\ARM_GCC_541\Debug\Ultrasonido.a(Timer_1.o)
 .debug_ranges  0x00000688       0x70 .\CortexM0\ARM_GCC_541\Debug\Ultrasonido.a(Timer.o)
 .debug_ranges  0x000006f8       0x88 .\CortexM0\ARM_GCC_541\Debug\Ultrasonido.a(SENSOR_U.o)
 .debug_ranges  0x00000780       0x10 .\CortexM0\ARM_GCC_541\Debug\Ultrasonido.a(SENSOR_U_INT.o)
 .debug_ranges  0x00000790       0x30 .\CortexM0\ARM_GCC_541\Debug\Ultrasonido.a(SENSOR_U_IntClock.o)
 .debug_ranges  0x000007c0       0x70 .\CortexM0\ARM_GCC_541\Debug\Ultrasonido.a(Int_Serial.o)
 .debug_ranges  0x00000830       0x30 .\CortexM0\ARM_GCC_541\Debug\Ultrasonido.a(CyFlash.o)

.comment        0x00000000       0x6e
 .comment       0x00000000       0x6e .\CortexM0\ARM_GCC_541\Debug\main.o
                                 0x6f (size before relaxing)
 .comment       0x0000006e       0x6f .\CortexM0\ARM_GCC_541\Debug\cyfitter_cfg.o
 .comment       0x0000006e       0x6f .\CortexM0\ARM_GCC_541\Debug\cymetadata.o
 .comment       0x0000006e       0x6f .\CortexM0\ARM_GCC_541\Debug\Cm0Start.o
 .comment       0x0000006e       0x6f .\CortexM0\ARM_GCC_541\Debug\Ultrasonido.a(LED_1.o)
 .comment       0x0000006e       0x6f .\CortexM0\ARM_GCC_541\Debug\Ultrasonido.a(CyLib.o)
 .comment       0x0000006e       0x6f .\CortexM0\ARM_GCC_541\Debug\Ultrasonido.a(CyLFClk.o)
 .comment       0x0000006e       0x6f .\CortexM0\ARM_GCC_541\Debug\Ultrasonido.a(CAN.o)
 .comment       0x0000006e       0x6f .\CortexM0\ARM_GCC_541\Debug\Ultrasonido.a(CAN_INT.o)
 .comment       0x0000006e       0x6f .\CortexM0\ARM_GCC_541\Debug\Ultrasonido.a(CAN_TX_RX_func.o)
 .comment       0x0000006e       0x6f .\CortexM0\ARM_GCC_541\Debug\Ultrasonido.a(CAN_isr.o)
 .comment       0x0000006e       0x6f .\CortexM0\ARM_GCC_541\Debug\Ultrasonido.a(Timer_1.o)
 .comment       0x0000006e       0x6f .\CortexM0\ARM_GCC_541\Debug\Ultrasonido.a(Timer.o)
 .comment       0x0000006e       0x6f .\CortexM0\ARM_GCC_541\Debug\Ultrasonido.a(SENSOR_U.o)
 .comment       0x0000006e       0x6f .\CortexM0\ARM_GCC_541\Debug\Ultrasonido.a(SENSOR_U_INT.o)
 .comment       0x0000006e       0x6f .\CortexM0\ARM_GCC_541\Debug\Ultrasonido.a(SENSOR_U_IntClock.o)
 .comment       0x0000006e       0x6f .\CortexM0\ARM_GCC_541\Debug\Ultrasonido.a(Int_Serial.o)
 .comment       0x0000006e       0x6f .\CortexM0\ARM_GCC_541\Debug\Ultrasonido.a(CyFlash.o)

.debug_weaknames
 *(.debug_weaknames)

.debug_funcnames
 *(.debug_funcnames)

.debug_typenames
 *(.debug_typenames)

.debug_varnames
 *(.debug_varnames)

.note.gnu.arm.ident
 *(.note.gnu.arm.ident)

.ARM.attributes
                0x00000000       0x28
 *(.ARM.attributes)
 .ARM.attributes
                0x00000000       0x1e c:/program files (x86)/cypress/psoc creator/4.1/psoc creator/import/gnu/arm/5.4.1/bin/../lib/gcc/arm-none-eabi/5.4.1/armv6-m/crti.o
 .ARM.attributes
                0x0000001e       0x2c c:/program files (x86)/cypress/psoc creator/4.1/psoc creator/import/gnu/arm/5.4.1/bin/../lib/gcc/arm-none-eabi/5.4.1/armv6-m/crtbegin.o
 .ARM.attributes
                0x0000004a       0x1b c:/program files (x86)/cypress/psoc creator/4.1/psoc creator/import/gnu/arm/5.4.1/bin/../lib/gcc/arm-none-eabi/5.4.1/../../../../arm-none-eabi/lib/armv6-m/crt0.o
 .ARM.attributes
                0x00000065       0x31 .\CortexM0\ARM_GCC_541\Debug\main.o
 .ARM.attributes
                0x00000096       0x31 .\CortexM0\ARM_GCC_541\Debug\cyfitter_cfg.o
 .ARM.attributes
                0x000000c7       0x31 .\CortexM0\ARM_GCC_541\Debug\cymetadata.o
 .ARM.attributes
                0x000000f8       0x31 .\CortexM0\ARM_GCC_541\Debug\Cm0Start.o
 .ARM.attributes
                0x00000129       0x31 .\CortexM0\ARM_GCC_541\Debug\Ultrasonido.a(LED_1.o)
 .ARM.attributes
                0x0000015a       0x31 .\CortexM0\ARM_GCC_541\Debug\Ultrasonido.a(CyLib.o)
 .ARM.attributes
                0x0000018b       0x31 .\CortexM0\ARM_GCC_541\Debug\Ultrasonido.a(CyLFClk.o)
 .ARM.attributes
                0x000001bc       0x31 .\CortexM0\ARM_GCC_541\Debug\Ultrasonido.a(CAN.o)
 .ARM.attributes
                0x000001ed       0x31 .\CortexM0\ARM_GCC_541\Debug\Ultrasonido.a(CAN_INT.o)
 .ARM.attributes
                0x0000021e       0x31 .\CortexM0\ARM_GCC_541\Debug\Ultrasonido.a(CAN_TX_RX_func.o)
 .ARM.attributes
                0x0000024f       0x31 .\CortexM0\ARM_GCC_541\Debug\Ultrasonido.a(CAN_isr.o)
 .ARM.attributes
                0x00000280       0x31 .\CortexM0\ARM_GCC_541\Debug\Ultrasonido.a(Timer_1.o)
 .ARM.attributes
                0x000002b1       0x31 .\CortexM0\ARM_GCC_541\Debug\Ultrasonido.a(Timer.o)
 .ARM.attributes
                0x000002e2       0x31 .\CortexM0\ARM_GCC_541\Debug\Ultrasonido.a(SENSOR_U.o)
 .ARM.attributes
                0x00000313       0x31 .\CortexM0\ARM_GCC_541\Debug\Ultrasonido.a(SENSOR_U_INT.o)
 .ARM.attributes
                0x00000344       0x31 .\CortexM0\ARM_GCC_541\Debug\Ultrasonido.a(SENSOR_U_IntClock.o)
 .ARM.attributes
                0x00000375       0x31 .\CortexM0\ARM_GCC_541\Debug\Ultrasonido.a(Int_Serial.o)
 .ARM.attributes
                0x000003a6       0x21 .\CortexM0\ARM_GCC_541\Debug\Ultrasonido.a(CyBootAsmGnu.o)
 .ARM.attributes
                0x000003c7       0x31 .\CortexM0\ARM_GCC_541\Debug\Ultrasonido.a(CyFlash.o)
 .ARM.attributes
                0x000003f8       0x1e c:/program files (x86)/cypress/psoc creator/4.1/psoc creator/import/gnu/arm/5.4.1/bin/../lib/gcc/arm-none-eabi/5.4.1/armv6-m\libgcc.a(_udivsi3.o)
 .ARM.attributes
                0x00000416       0x1e c:/program files (x86)/cypress/psoc creator/4.1/psoc creator/import/gnu/arm/5.4.1/bin/../lib/gcc/arm-none-eabi/5.4.1/armv6-m\libgcc.a(_divsi3.o)
 .ARM.attributes
                0x00000434       0x1e c:/program files (x86)/cypress/psoc creator/4.1/psoc creator/import/gnu/arm/5.4.1/bin/../lib/gcc/arm-none-eabi/5.4.1/armv6-m\libgcc.a(_dvmd_tls.o)
 .ARM.attributes
                0x00000452       0x1e c:/program files (x86)/cypress/psoc creator/4.1/psoc creator/import/gnu/arm/5.4.1/bin/../lib/gcc/arm-none-eabi/5.4.1/armv6-m\libgcc.a(_arm_cmpdf2.o)
 .ARM.attributes
                0x00000470       0x1e c:/program files (x86)/cypress/psoc creator/4.1/psoc creator/import/gnu/arm/5.4.1/bin/../lib/gcc/arm-none-eabi/5.4.1/armv6-m\libgcc.a(_arm_cmpsf2.o)
 .ARM.attributes
                0x0000048e       0x2c c:/program files (x86)/cypress/psoc creator/4.1/psoc creator/import/gnu/arm/5.4.1/bin/../lib/gcc/arm-none-eabi/5.4.1/armv6-m\libgcc.a(addsf3.o)
 .ARM.attributes
                0x000004ba       0x2c c:/program files (x86)/cypress/psoc creator/4.1/psoc creator/import/gnu/arm/5.4.1/bin/../lib/gcc/arm-none-eabi/5.4.1/armv6-m\libgcc.a(divsf3.o)
 .ARM.attributes
                0x000004e6       0x2c c:/program files (x86)/cypress/psoc creator/4.1/psoc creator/import/gnu/arm/5.4.1/bin/../lib/gcc/arm-none-eabi/5.4.1/armv6-m\libgcc.a(eqsf2.o)
 .ARM.attributes
                0x00000512       0x2c c:/program files (x86)/cypress/psoc creator/4.1/psoc creator/import/gnu/arm/5.4.1/bin/../lib/gcc/arm-none-eabi/5.4.1/armv6-m\libgcc.a(gesf2.o)
 .ARM.attributes
                0x0000053e       0x2c c:/program files (x86)/cypress/psoc creator/4.1/psoc creator/import/gnu/arm/5.4.1/bin/../lib/gcc/arm-none-eabi/5.4.1/armv6-m\libgcc.a(lesf2.o)
 .ARM.attributes
                0x0000056a       0x2c c:/program files (x86)/cypress/psoc creator/4.1/psoc creator/import/gnu/arm/5.4.1/bin/../lib/gcc/arm-none-eabi/5.4.1/armv6-m\libgcc.a(mulsf3.o)
 .ARM.attributes
                0x00000596       0x2c c:/program files (x86)/cypress/psoc creator/4.1/psoc creator/import/gnu/arm/5.4.1/bin/../lib/gcc/arm-none-eabi/5.4.1/armv6-m\libgcc.a(fixsfsi.o)
 .ARM.attributes
                0x000005c2       0x2c c:/program files (x86)/cypress/psoc creator/4.1/psoc creator/import/gnu/arm/5.4.1/bin/../lib/gcc/arm-none-eabi/5.4.1/armv6-m\libgcc.a(floatsisf.o)
 .ARM.attributes
                0x000005ee       0x2c c:/program files (x86)/cypress/psoc creator/4.1/psoc creator/import/gnu/arm/5.4.1/bin/../lib/gcc/arm-none-eabi/5.4.1/armv6-m\libgcc.a(adddf3.o)
 .ARM.attributes
                0x0000061a       0x2c c:/program files (x86)/cypress/psoc creator/4.1/psoc creator/import/gnu/arm/5.4.1/bin/../lib/gcc/arm-none-eabi/5.4.1/armv6-m\libgcc.a(eqdf2.o)
 .ARM.attributes
                0x00000646       0x2c c:/program files (x86)/cypress/psoc creator/4.1/psoc creator/import/gnu/arm/5.4.1/bin/../lib/gcc/arm-none-eabi/5.4.1/armv6-m\libgcc.a(gedf2.o)
 .ARM.attributes
                0x00000672       0x2c c:/program files (x86)/cypress/psoc creator/4.1/psoc creator/import/gnu/arm/5.4.1/bin/../lib/gcc/arm-none-eabi/5.4.1/armv6-m\libgcc.a(ledf2.o)
 .ARM.attributes
                0x0000069e       0x2c c:/program files (x86)/cypress/psoc creator/4.1/psoc creator/import/gnu/arm/5.4.1/bin/../lib/gcc/arm-none-eabi/5.4.1/armv6-m\libgcc.a(muldf3.o)
 .ARM.attributes
                0x000006ca       0x2c c:/program files (x86)/cypress/psoc creator/4.1/psoc creator/import/gnu/arm/5.4.1/bin/../lib/gcc/arm-none-eabi/5.4.1/armv6-m\libgcc.a(floatsidf.o)
 .ARM.attributes
                0x000006f6       0x2c c:/program files (x86)/cypress/psoc creator/4.1/psoc creator/import/gnu/arm/5.4.1/bin/../lib/gcc/arm-none-eabi/5.4.1/armv6-m\libgcc.a(extendsfdf2.o)
 .ARM.attributes
                0x00000722       0x2c c:/program files (x86)/cypress/psoc creator/4.1/psoc creator/import/gnu/arm/5.4.1/bin/../lib/gcc/arm-none-eabi/5.4.1/armv6-m\libgcc.a(truncdfsf2.o)
 .ARM.attributes
                0x0000074e       0x1e c:/program files (x86)/cypress/psoc creator/4.1/psoc creator/import/gnu/arm/5.4.1/bin/../lib/gcc/arm-none-eabi/5.4.1/armv6-m\libgcc.a(_clzsi2.o)
 .ARM.attributes
                0x0000076c       0x2c c:/program files (x86)/cypress/psoc creator/4.1/psoc creator/import/gnu/arm/5.4.1/bin/../lib/gcc/arm-none-eabi/5.4.1/../../../../arm-none-eabi/lib/armv6-m\libg_nano.a(lib_a-errno.o)
 .ARM.attributes
                0x00000798       0x2c c:/program files (x86)/cypress/psoc creator/4.1/psoc creator/import/gnu/arm/5.4.1/bin/../lib/gcc/arm-none-eabi/5.4.1/../../../../arm-none-eabi/lib/armv6-m\libg_nano.a(lib_a-exit.o)
 .ARM.attributes
                0x000007c4       0x2c c:/program files (x86)/cypress/psoc creator/4.1/psoc creator/import/gnu/arm/5.4.1/bin/../lib/gcc/arm-none-eabi/5.4.1/../../../../arm-none-eabi/lib/armv6-m\libg_nano.a(lib_a-impure.o)
 .ARM.attributes
                0x000007f0       0x2c c:/program files (x86)/cypress/psoc creator/4.1/psoc creator/import/gnu/arm/5.4.1/bin/../lib/gcc/arm-none-eabi/5.4.1/../../../../arm-none-eabi/lib/armv6-m\libg_nano.a(lib_a-init.o)
 .ARM.attributes
                0x0000081c       0x2c c:/program files (x86)/cypress/psoc creator/4.1/psoc creator/import/gnu/arm/5.4.1/bin/../lib/gcc/arm-none-eabi/5.4.1/../../../../arm-none-eabi/lib/armv6-m\libg_nano.a(lib_a-memcpy-stub.o)
 .ARM.attributes
                0x00000848       0x2c c:/program files (x86)/cypress/psoc creator/4.1/psoc creator/import/gnu/arm/5.4.1/bin/../lib/gcc/arm-none-eabi/5.4.1/../../../../arm-none-eabi/lib/armv6-m\libg_nano.a(lib_a-memset.o)
 .ARM.attributes
                0x00000874       0x2c c:/program files (x86)/cypress/psoc creator/4.1/psoc creator/import/gnu/arm/5.4.1/bin/../lib/gcc/arm-none-eabi/5.4.1/../../../../arm-none-eabi/lib/armv6-m\libg_nano.a(lib_a-rand.o)
 .ARM.attributes
                0x000008a0       0x2c c:/program files (x86)/cypress/psoc creator/4.1/psoc creator/import/gnu/arm/5.4.1/bin/../lib/gcc/arm-none-eabi/5.4.1/../../../../arm-none-eabi/lib/armv6-m\libg_nano.a(lib_a-malloc.o)
 .ARM.attributes
                0x000008cc       0x2c c:/program files (x86)/cypress/psoc creator/4.1/psoc creator/import/gnu/arm/5.4.1/bin/../lib/gcc/arm-none-eabi/5.4.1/../../../../arm-none-eabi/lib/armv6-m\libg_nano.a(lib_a-nano-freer.o)
 .ARM.attributes
                0x000008f8       0x2c c:/program files (x86)/cypress/psoc creator/4.1/psoc creator/import/gnu/arm/5.4.1/bin/../lib/gcc/arm-none-eabi/5.4.1/../../../../arm-none-eabi/lib/armv6-m\libg_nano.a(lib_a-nano-mallocr.o)
 .ARM.attributes
                0x00000924       0x2c c:/program files (x86)/cypress/psoc creator/4.1/psoc creator/import/gnu/arm/5.4.1/bin/../lib/gcc/arm-none-eabi/5.4.1/../../../../arm-none-eabi/lib/armv6-m\libg_nano.a(lib_a-sbrkr.o)
 .ARM.attributes
                0x00000950       0x2c c:/program files (x86)/cypress/psoc creator/4.1/psoc creator/import/gnu/arm/5.4.1/bin/../lib/gcc/arm-none-eabi/5.4.1/../../../../arm-none-eabi/lib/armv6-m\libg_nano.a(lib_a-mlock.o)
 .ARM.attributes
                0x0000097c       0x2c c:/program files (x86)/cypress/psoc creator/4.1/psoc creator/import/gnu/arm/5.4.1/bin/../lib/gcc/arm-none-eabi/5.4.1/../../../../arm-none-eabi/lib/armv6-m\libg_nano.a(lib_a-reent.o)
 .ARM.attributes
                0x000009a8       0x2c c:/program files (x86)/cypress/psoc creator/4.1/psoc creator/import/gnu/arm/5.4.1/bin/../lib/gcc/arm-none-eabi/5.4.1/armv6-m\libgcc.a(_muldi3.o)
 .ARM.attributes
                0x000009d4       0x2c c:/program files (x86)/cypress/psoc creator/4.1/psoc creator/import/gnu/arm/5.4.1/bin/../lib/gcc/arm-none-eabi/5.4.1/armv6-m/crtend.o
 .ARM.attributes
                0x00000a00       0x1e c:/program files (x86)/cypress/psoc creator/4.1/psoc creator/import/gnu/arm/5.4.1/bin/../lib/gcc/arm-none-eabi/5.4.1/armv6-m/crtn.o

/DISCARD/
 *(.note.GNU-stack)
OUTPUT(C:\Users\Henry Alberto\Desktop\Algoritmos_Optimizacion\Ultrasonido.cydsn\CortexM0\ARM_GCC_541\Debug\Ultrasonido.elf elf32-littlearm)
