Archive member included to satisfy reference by file (symbol)

.\CortexM0\ARM_GCC_541\Debug\Hill_Climbing.a(LED_1.o)
                              .\CortexM0\ARM_GCC_541\Debug\main.o (LED_1_Write)
.\CortexM0\ARM_GCC_541\Debug\Hill_Climbing.a(CyLib.o)
                              .\CortexM0\ARM_GCC_541\Debug\cyfitter_cfg.o (CyIntEnable)
.\CortexM0\ARM_GCC_541\Debug\Hill_Climbing.a(CyLFClk.o)
                              .\CortexM0\ARM_GCC_541\Debug\cyfitter_cfg.o (CySysClkWcoStart)
.\CortexM0\ARM_GCC_541\Debug\Hill_Climbing.a(CAN.o)
                              .\CortexM0\ARM_GCC_541\Debug\main.o (CAN_GlobalIntEnable)
.\CortexM0\ARM_GCC_541\Debug\Hill_Climbing.a(CAN_INT.o)
                              .\CortexM0\ARM_GCC_541\Debug\main.o (CAN_MsgRXIsr)
.\CortexM0\ARM_GCC_541\Debug\Hill_Climbing.a(CAN_TX_RX_func.o)
                              .\CortexM0\ARM_GCC_541\Debug\main.o (CAN_SendMsg0)
.\CortexM0\ARM_GCC_541\Debug\Hill_Climbing.a(CAN_isr.o)
                              .\CortexM0\ARM_GCC_541\Debug\main.o (CAN_isr_StartEx)
.\CortexM0\ARM_GCC_541\Debug\Hill_Climbing.a(Timer_1.o)
                              .\CortexM0\ARM_GCC_541\Debug\main.o (Timer_1_Start)
.\CortexM0\ARM_GCC_541\Debug\Hill_Climbing.a(Timer.o)
                              .\CortexM0\ARM_GCC_541\Debug\main.o (Timer_Start)
.\CortexM0\ARM_GCC_541\Debug\Hill_Climbing.a(SENSOR_U.o)
                              .\CortexM0\ARM_GCC_541\Debug\main.o (SENSOR_U_Start)
.\CortexM0\ARM_GCC_541\Debug\Hill_Climbing.a(SENSOR_U_INT.o)
                              .\CortexM0\ARM_GCC_541\Debug\Hill_Climbing.a(SENSOR_U.o) (SENSOR_U_RXISR)
.\CortexM0\ARM_GCC_541\Debug\Hill_Climbing.a(SENSOR_U_IntClock.o)
                              .\CortexM0\ARM_GCC_541\Debug\Hill_Climbing.a(SENSOR_U.o) (SENSOR_U_IntClock_StartEx)
.\CortexM0\ARM_GCC_541\Debug\Hill_Climbing.a(Int_Serial.o)
                              .\CortexM0\ARM_GCC_541\Debug\main.o (Int_Serial_StartEx)
.\CortexM0\ARM_GCC_541\Debug\Hill_Climbing.a(CyBootAsmGnu.o)
                              .\CortexM0\ARM_GCC_541\Debug\cyfitter_cfg.o (CyDelayCycles)
.\CortexM0\ARM_GCC_541\Debug\Hill_Climbing.a(CyFlash.o)
                              .\CortexM0\ARM_GCC_541\Debug\Hill_Climbing.a(CyLib.o) (CySysFlashSetWaitCycles)
c:/program files (x86)/cypress/psoc creator/4.1/psoc creator/import/gnu/arm/5.4.1/bin/../lib/gcc/arm-none-eabi/5.4.1/armv6-m\libgcc.a(_udivsi3.o)
                              .\CortexM0\ARM_GCC_541\Debug\Hill_Climbing.a(CyLib.o) (__aeabi_uidiv)
c:/program files (x86)/cypress/psoc creator/4.1/psoc creator/import/gnu/arm/5.4.1/bin/../lib/gcc/arm-none-eabi/5.4.1/armv6-m\libgcc.a(_divsi3.o)
                              .\CortexM0\ARM_GCC_541\Debug\Hill_Climbing.a(CyLFClk.o) (__aeabi_idiv)
c:/program files (x86)/cypress/psoc creator/4.1/psoc creator/import/gnu/arm/5.4.1/bin/../lib/gcc/arm-none-eabi/5.4.1/armv6-m\libgcc.a(_dvmd_tls.o)
                              c:/program files (x86)/cypress/psoc creator/4.1/psoc creator/import/gnu/arm/5.4.1/bin/../lib/gcc/arm-none-eabi/5.4.1/armv6-m\libgcc.a(_udivsi3.o) (__aeabi_idiv0)
c:/program files (x86)/cypress/psoc creator/4.1/psoc creator/import/gnu/arm/5.4.1/bin/../lib/gcc/arm-none-eabi/5.4.1/armv6-m\libgcc.a(_arm_cmpsf2.o)
                              .\CortexM0\ARM_GCC_541\Debug\main.o (__aeabi_fcmplt)
c:/program files (x86)/cypress/psoc creator/4.1/psoc creator/import/gnu/arm/5.4.1/bin/../lib/gcc/arm-none-eabi/5.4.1/armv6-m\libgcc.a(addsf3.o)
                              .\CortexM0\ARM_GCC_541\Debug\main.o (__aeabi_fadd)
c:/program files (x86)/cypress/psoc creator/4.1/psoc creator/import/gnu/arm/5.4.1/bin/../lib/gcc/arm-none-eabi/5.4.1/armv6-m\libgcc.a(eqsf2.o)
                              c:/program files (x86)/cypress/psoc creator/4.1/psoc creator/import/gnu/arm/5.4.1/bin/../lib/gcc/arm-none-eabi/5.4.1/armv6-m\libgcc.a(_arm_cmpsf2.o) (__eqsf2)
c:/program files (x86)/cypress/psoc creator/4.1/psoc creator/import/gnu/arm/5.4.1/bin/../lib/gcc/arm-none-eabi/5.4.1/armv6-m\libgcc.a(gesf2.o)
                              c:/program files (x86)/cypress/psoc creator/4.1/psoc creator/import/gnu/arm/5.4.1/bin/../lib/gcc/arm-none-eabi/5.4.1/armv6-m\libgcc.a(_arm_cmpsf2.o) (__gesf2)
c:/program files (x86)/cypress/psoc creator/4.1/psoc creator/import/gnu/arm/5.4.1/bin/../lib/gcc/arm-none-eabi/5.4.1/armv6-m\libgcc.a(lesf2.o)
                              c:/program files (x86)/cypress/psoc creator/4.1/psoc creator/import/gnu/arm/5.4.1/bin/../lib/gcc/arm-none-eabi/5.4.1/armv6-m\libgcc.a(_arm_cmpsf2.o) (__lesf2)
c:/program files (x86)/cypress/psoc creator/4.1/psoc creator/import/gnu/arm/5.4.1/bin/../lib/gcc/arm-none-eabi/5.4.1/armv6-m\libgcc.a(mulsf3.o)
                              .\CortexM0\ARM_GCC_541\Debug\main.o (__aeabi_fmul)
c:/program files (x86)/cypress/psoc creator/4.1/psoc creator/import/gnu/arm/5.4.1/bin/../lib/gcc/arm-none-eabi/5.4.1/armv6-m\libgcc.a(subsf3.o)
[...]
Memory Configuration

Name             Origin             Length             Attributes
rom              0x00000000         0x00020000         xr
ram              0x20000000         0x00004000         xrw
*default*        0x00000000         0xffffffff

Linker script and memory map

LOAD c:/program files (x86)/cypress/psoc creator/4.1/psoc creator/import/gnu/arm/5.4.1/bin/../lib/gcc/arm-none-eabi/5.4.1/armv6-m/crti.o
LOAD c:/program files (x86)/cypress/psoc creator/4.1/psoc creator/import/gnu/arm/5.4.1/bin/../lib/gcc/arm-none-eabi/5.4.1/armv6-m/crtbegin.o
LOAD c:/program files (x86)/cypress/psoc creator/4.1/psoc creator/import/gnu/arm/5.4.1/bin/../lib/gcc/arm-none-eabi/5.4.1/../../../../arm-none-eabi/lib/armv6-m/crt0.o
START GROUP
LOAD .\CortexM0\ARM_GCC_541\Debug\main.o
LOAD .\CortexM0\ARM_GCC_541\Debug\cyfitter_cfg.o
LOAD .\CortexM0\ARM_GCC_541\Debug\cymetadata.o
LOAD .\CortexM0\ARM_GCC_541\Debug\Cm0Start.o
LOAD .\CortexM0\ARM_GCC_541\Debug\Hill_Climbing.a
LOAD C:\Program Files (x86)\Cypress\PSoC Creator\4.1\PSoC Creator\psoc\content\cycomponentlibrary\CyComponentLibrary.cylib\CortexM0\ARM_GCC_541\Debug\CyComponentLibrary.a
END GROUP
START GROUP
LOAD c:/program files (x86)/cypress/psoc creator/4.1/psoc creator/import/gnu/arm/5.4.1/bin/../lib/gcc/arm-none-eabi/5.4.1/armv6-m\libgcc.a
LOAD c:/program files (x86)/cypress/psoc creator/4.1/psoc creator/import/gnu/arm/5.4.1/bin/../lib/gcc/arm-none-eabi/5.4.1/../../../../arm-none-eabi/lib/armv6-m\libg_nano.a
LOAD c:/program files (x86)/cypress/psoc creator/4.1/psoc creator/import/gnu/arm/5.4.1/bin/../lib/gcc/arm-none-eabi/5.4.1/../../../../arm-none-eabi/lib/armv6-m\libc_nano.a
END GROUP
START GROUP
LOAD c:/program files (x86)/cypress/psoc creator/4.1/psoc creator/import/gnu/arm/5.4.1/bin/../lib/gcc/arm-none-eabi/5.4.1/armv6-m\libgcc.a
LOAD c:/program files (x86)/cypress/psoc creator/4.1/psoc creator/import/gnu/arm/5.4.1/bin/../lib/gcc/arm-none-eabi/5.4.1/../../../../arm-none-eabi/lib/armv6-m\libc_nano.a
END GROUP
LOAD c:/program files (x86)/cypress/psoc creator/4.1/psoc creator/import/gnu/arm/5.4.1/bin/../lib/gcc/arm-none-eabi/5.4.1/armv6-m/crtend.o
LOAD c:/program files (x86)/cypress/psoc creator/4.1/psoc creator/import/gnu/arm/5.4.1/bin/../lib/gcc/arm-none-eabi/5.4.1/armv6-m/crtn.o
START GROUP
LOAD c:/program files (x86)/cypress/psoc creator/4.1/psoc creator/import/gnu/arm/5.4.1/bin/../lib/gcc/arm-none-eabi/5.4.1/armv6-m\libgcc.a
LOAD c:/program files (x86)/cypress/psoc creator/4.1/psoc creator/import/gnu/arm/5.4.1/bin/../lib/gcc/arm-none-eabi/5.4.1/../../../../arm-none-eabi/lib/armv6-m\libc.a
LOAD c:/program files (x86)/cypress/psoc creator/4.1/psoc creator/import/gnu/arm/5.4.1/bin/../lib/gcc/arm-none-eabi/5.4.1/../../../../arm-none-eabi/lib/armv6-m\libnosys.a
END GROUP
                0x00000000                CY_APPL_ORIGIN = 0x0
                0x00000080                CY_FLASH_ROW_SIZE = 0x80
                0x00000001                CY_APPL_NUM = 0x1
                0x00000001                CY_APPL_MAX = 0x1
                0x00000040                CY_METADATA_SIZE = 0x40
                0x00000000                CY_APPL_LOADABLE = 0x0
                0x00000000                CY_CHECKSUM_EXCLUDE_SIZE = ALIGN (0x0, CY_FLASH_ROW_SIZE)
                0x00000000                CY_APP_FOR_STACK_AND_COPIER = 0x0
                [!provide]                PROVIDE (__cy_heap_start, _end)
                0x00000001                PROVIDE (__cy_region_num, ((__cy_regions_end - __cy_regions) / 0x10))
                0x20004000                PROVIDE (__cy_stack, (ORIGIN (ram) + LENGTH (ram)))
                [!provide]                PROVIDE (__cy_heap_end, (__cy_stack - 0x800))

.cybootloader   0x00000000        0x0
 *(.cybootloader)
                0x00000000                appl1_start = CY_APPL_ORIGIN?CY_APPL_ORIGIN:ALIGN (CY_FLASH_ROW_SIZE)
                0x0000ff80                appl2_start = (appl1_start + ALIGN ((((LENGTH (rom) - appl1_start) - (0x2 * CY_FLASH_ROW_SIZE)) / 0x2), CY_FLASH_ROW_SIZE))
                0x00000000                appl_start = (CY_APPL_NUM == 0x1)?appl1_start:appl2_start
                0x00000001                cy_project_type_bootloader = (appl_start == 0x0)?0x1:0x0
                0x00000000                cy_project_type_app_for_stack_and_copier = (CY_APP_FOR_STACK_AND_COPIER == 0x1)?0x1:0x0

.text           0x00000000     0x365c
 CREATE_OBJECT_SYMBOLS
                0x00000000                PROVIDE (__cy_interrupt_vector, RomVectors)
 *(.romvectors)
 .romvectors    0x00000000       0x10 .\CortexM0\ARM_GCC_541\Debug\Cm0Start.o
                0x00000000                RomVectors
                0x00000001                ASSERT ((. != __cy_interrupt_vector), No interrupt vector)
                0x00000001                ASSERT (CY_APPL_ORIGIN?(SIZEOF (.cybootloader) <= CY_APPL_ORIGIN):0x1, Wrong image location)
                0x00000010                PROVIDE (__cy_reset, Reset)
 *(.text.Reset)
 .text.Reset    0x00000010        0x8 .\CortexM0\ARM_GCC_541\Debug\Cm0Start.o
                0x00000010                Reset
                0x00000001                ASSERT ((. != __cy_reset), No reset code)
 *(.psocinit)
 .psocinit      0x00000018      0x200 .\CortexM0\ARM_GCC_541\Debug\cyfitter_cfg.o
                0x000000dc                cyfitter_cfg
                0x00000218                . = MAX (., 0x100)
 *(.text .text.* .gnu.linkonce.t.*)
 .text          0x00000218       0x60 c:/program files (x86)/cypress/psoc creator/4.1/psoc creator/import/gnu/arm/5.4.1/bin/../lib/gcc/arm-none-eabi/5.4.1/armv6-m/crtbegin.o
 .text.Serial_Interrupt
                0x00000278       0x10 .\CortexM0\ARM_GCC_541\Debug\main.o
                0x00000278                Serial_Interrupt
 .text.randd    0x00000288       0x18 .\CortexM0\ARM_GCC_541\Debug\main.o
                0x00000288                randd
 .text.random_amplitud
                0x000002a0        0x8 .\CortexM0\ARM_GCC_541\Debug\main.o
                0x000002a0                random_amplitud
 .text.random_Fase
                0x000002a8       0x20 .\CortexM0\ARM_GCC_541\Debug\main.o
                0x000002a8                random_Fase
 .text.random_Offset
                0x000002c8       0x40 .\CortexM0\ARM_GCC_541\Debug\main.o
                0x000002c8                random_Offset
 .text.movimiento
                0x00000308       0x28 .\CortexM0\ARM_GCC_541\Debug\main.o
                0x00000308                movimiento
 .text.Send_Angle
                0x00000330       0x2c .\CortexM0\ARM_GCC_541\Debug\main.o
                0x00000330                Send_Angle
 .text.Enviar_Parametros
                0x0000035c       0xb4 .\CortexM0\ARM_GCC_541\Debug\main.o
                0x0000035c                Enviar_Parametros
 .text.Recibe_mail_0
                0x00000410       0x70 .\CortexM0\ARM_GCC_541\Debug\main.o
                0x00000410                Recibe_mail_0
 .text.Recibe_Mail_2
                0x00000480       0xf8 .\CortexM0\ARM_GCC_541\Debug\main.o
                0x00000480                Recibe_Mail_2
 .text.interrutcan
                0x00000578       0x18 .\CortexM0\ARM_GCC_541\Debug\main.o
                0x00000578                interrutcan
 .text.Hill     0x00000590       0xe4 .\CortexM0\ARM_GCC_541\Debug\main.o
                0x00000590                Hill
 .text.Left_Move
                0x00000674       0xec .\CortexM0\ARM_GCC_541\Debug\main.o
                0x00000674                Left_Move
 .text.Right_Move
                0x00000760       0xe8 .\CortexM0\ARM_GCC_541\Debug\main.o
                0x00000760                Right_Move
 .text.Select_Move
                0x00000848       0x48 .\CortexM0\ARM_GCC_541\Debug\main.o
                0x00000848                Select_Move
 .text.Select_Move_2
                0x00000890       0x10 .\CortexM0\ARM_GCC_541\Debug\main.o
                0x00000890                Select_Move_2
 .text.Select_Move_3
                0x000008a0       0x24 .\CortexM0\ARM_GCC_541\Debug\main.o
                0x000008a0                Select_Move_3
 .text.Select_Move_4
                0x000008c4       0x24 .\CortexM0\ARM_GCC_541\Debug\main.o
                0x000008c4                Select_Move_4
 .text.Temporizador
                0x000008e8      0x100 .\CortexM0\ARM_GCC_541\Debug\main.o
                0x000008e8                Temporizador
 .text.main     0x000009e8       0x40 .\CortexM0\ARM_GCC_541\Debug\main.o
                0x000009e8                main
 .text.cfg_write_bytes32
                0x00000a28       0x34 .\CortexM0\ARM_GCC_541\Debug\cyfitter_cfg.o
 .text.AnalogSetDefault
                0x00000a5c       0x20 .\CortexM0\ARM_GCC_541\Debug\cyfitter_cfg.o
 .text.CYMEMZERO
                0x00000a7c        0xc .\CortexM0\ARM_GCC_541\Debug\cyfitter_cfg.o
 .text.CYCONFIGCPYCODE
                0x00000a88        0x8 .\CortexM0\ARM_GCC_541\Debug\cyfitter_cfg.o
 .text.IntDefaultHandler
                0x00000a90        0x4 .\CortexM0\ARM_GCC_541\Debug\Cm0Start.o
                0x00000a90                IntDefaultHandler
 .text._sbrk    0x00000a94       0x30 .\CortexM0\ARM_GCC_541\Debug\Cm0Start.o
                0x00000a94                _sbrk
 .text.Start_c  0x00000ac4       0x48 .\CortexM0\ARM_GCC_541\Debug\Cm0Start.o
                0x00000ac4                Start_c
 .text.initialize_psoc
                0x00000b0c       0x4c .\CortexM0\ARM_GCC_541\Debug\Cm0Start.o
                0x00000b0c                initialize_psoc
 .text.LED_1_Write
                0x00000b58       0x18 .\CortexM0\ARM_GCC_541\Debug\Hill_Climbing.a(LED_1.o)
                0x00000b58                LED_1_Write
 .text.CySysClkImoDisableWcoLock
                0x00000b70       0x14 .\CortexM0\ARM_GCC_541\Debug\Hill_Climbing.a(CyLib.o)
                0x00000b70                CySysClkImoDisableWcoLock
 .text.CySysClkImoGetWcoLock
                0x00000b84       0x14 .\CortexM0\ARM_GCC_541\Debug\Hill_Climbing.a(CyLib.o)
                0x00000b84                CySysClkImoGetWcoLock
 .text.CyIntEnable
                0x00000b98       0x14 .\CortexM0\ARM_GCC_541\Debug\Hill_Climbing.a(CyLib.o)
                0x00000b98                CyIntEnable
 .text.CyIntDisable
                0x00000bac       0x14 .\CortexM0\ARM_GCC_541\Debug\Hill_Climbing.a(CyLib.o)
                0x00000bac                CyIntDisable
 .text.CyHalt   0x00000bc0        0x4 .\CortexM0\ARM_GCC_541\Debug\Hill_Climbing.a(CyLib.o)
                0x00000bc0                CyHalt
 .text.CyIntSetVector
                0x00000bc4       0x24 .\CortexM0\ARM_GCC_541\Debug\Hill_Climbing.a(CyLib.o)
                0x00000bc4                CyIntSetVector
 .text.CyIntSetPriority
                0x00000be8       0x4c .\CortexM0\ARM_GCC_541\Debug\Hill_Climbing.a(CyLib.o)
                0x00000be8                CyIntSetPriority
 .text.CyDelay  0x00000c34       0x30 .\CortexM0\ARM_GCC_541\Debug\Hill_Climbing.a(CyLib.o)
                0x00000c34                CyDelay
 .text.CySysClkImoEnableWcoLock
                0x00000c64       0xf0 .\CortexM0\ARM_GCC_541\Debug\Hill_Climbing.a(CyLib.o)
                0x00000c64                CySysClkImoEnableWcoLock
 .text.CySysClkWriteImoFreq
                0x00000d54       0x80 .\CortexM0\ARM_GCC_541\Debug\Hill_Climbing.a(CyLib.o)
                0x00000d54                CySysClkWriteImoFreq
 .text.CySysWdtLocked
                0x00000dd4       0x14 .\CortexM0\ARM_GCC_541\Debug\Hill_Climbing.a(CyLFClk.o)
 .text.CySysClkWcoStart
                0x00000de8       0x40 .\CortexM0\ARM_GCC_541\Debug\Hill_Climbing.a(CyLFClk.o)
                0x00000de8                CySysClkWcoStart
 .text.CySysClkWcoEnabled
                0x00000e28       0x14 .\CortexM0\ARM_GCC_541\Debug\Hill_Climbing.a(CyLFClk.o)
                0x00000e28                CySysClkWcoEnabled
 .text.CySysWdtLock
                0x00000e3c       0x1c .\CortexM0\ARM_GCC_541\Debug\Hill_Climbing.a(CyLFClk.o)
                0x00000e3c                CySysWdtLock
 .text.CySysWdtUnlock
                0x00000e58       0x30 .\CortexM0\ARM_GCC_541\Debug\Hill_Climbing.a(CyLFClk.o)
                0x00000e58                CySysWdtUnlock
 .text.CySysWdtClearInterrupt
                0x00000e88       0x4c .\CortexM0\ARM_GCC_541\Debug\Hill_Climbing.a(CyLFClk.o)
                0x00000e88                CySysWdtClearInterrupt
 .text.CySysWdtIsr
                0x00000ed4       0xa4 .\CortexM0\ARM_GCC_541\Debug\Hill_Climbing.a(CyLFClk.o)
                0x00000ed4                CySysWdtIsr
 .text.CAN_Stop
                0x00000f78       0x38 .\CortexM0\ARM_GCC_541\Debug\Hill_Climbing.a(CAN.o)
                0x00000f78                CAN_Stop
 .text.CAN_GlobalIntEnable
                0x00000fb0       0x1c .\CortexM0\ARM_GCC_541\Debug\Hill_Climbing.a(CAN.o)
                0x00000fb0                CAN_GlobalIntEnable
 .text.CAN_Enable
                0x00000fcc       0x48 .\CortexM0\ARM_GCC_541\Debug\Hill_Climbing.a(CAN.o)
                0x00000fcc                CAN_Enable
 .text.CAN_GlobalIntDisable
                0x00001014       0x1c .\CortexM0\ARM_GCC_541\Debug\Hill_Climbing.a(CAN.o)
                0x00001014                CAN_GlobalIntDisable
 .text.CAN_SetPreScaler
                0x00001030       0x38 .\CortexM0\ARM_GCC_541\Debug\Hill_Climbing.a(CAN.o)
                0x00001030                CAN_SetPreScaler
 .text.CAN_SetArbiter
                0x00001068       0x40 .\CortexM0\ARM_GCC_541\Debug\Hill_Climbing.a(CAN.o)
                0x00001068                CAN_SetArbiter
 .text.CAN_SetTsegSample
                0x000010a8       0xa0 .\CortexM0\ARM_GCC_541\Debug\Hill_Climbing.a(CAN.o)
                0x000010a8                CAN_SetTsegSample
 .text.CAN_SetRestartType
                0x00001148       0x38 .\CortexM0\ARM_GCC_541\Debug\Hill_Climbing.a(CAN.o)
                0x00001148                CAN_SetRestartType
 .text.CAN_SetEdgeMode
                0x00001180       0x38 .\CortexM0\ARM_GCC_541\Debug\Hill_Climbing.a(CAN.o)
                0x00001180                CAN_SetEdgeMode
 .text.CAN_SetIrqMask
                0x000011b8       0x1c .\CortexM0\ARM_GCC_541\Debug\Hill_Climbing.a(CAN.o)
                0x000011b8                CAN_SetIrqMask
 .text.CAN_RxBufConfig
                0x000011d4       0x98 .\CortexM0\ARM_GCC_541\Debug\Hill_Climbing.a(CAN.o)
                0x000011d4                CAN_RxBufConfig
 .text.CAN_TxBufConfig
                0x0000126c       0x58 .\CortexM0\ARM_GCC_541\Debug\Hill_Climbing.a(CAN.o)
                0x0000126c                CAN_TxBufConfig
 .text.CAN_RxTxBuffersConfig
                0x000012c4       0x54 .\CortexM0\ARM_GCC_541\Debug\Hill_Climbing.a(CAN.o)
                0x000012c4                CAN_RxTxBuffersConfig
 .text.CAN_SetSwapDataEndianness
                0x00001318       0x40 .\CortexM0\ARM_GCC_541\Debug\Hill_Climbing.a(CAN.o)
                0x00001318                CAN_SetSwapDataEndianness
 .text.CAN_Init
                0x00001358       0xe4 .\CortexM0\ARM_GCC_541\Debug\Hill_Climbing.a(CAN.o)
                0x00001358                CAN_Init
 .text.CAN_Start
                0x0000143c       0x28 .\CortexM0\ARM_GCC_541\Debug\Hill_Climbing.a(CAN.o)
                0x0000143c                CAN_Start
 .text.CAN_BusOffIsr
                0x00001464       0x14 .\CortexM0\ARM_GCC_541\Debug\Hill_Climbing.a(CAN_INT.o)
                0x00001464                CAN_BusOffIsr
 .text.CAN_MsgRXIsr
                0x00001478       0x6c .\CortexM0\ARM_GCC_541\Debug\Hill_Climbing.a(CAN_INT.o)
                0x00001478                CAN_MsgRXIsr
 .text.CAN_ISR  0x000014e4       0x20 .\CortexM0\ARM_GCC_541\Debug\Hill_Climbing.a(CAN_INT.o)
                0x000014e4                CAN_ISR
 .text.CAN_SendMsg0
                0x00001504       0xa8 .\CortexM0\ARM_GCC_541\Debug\Hill_Climbing.a(CAN_TX_RX_func.o)
                0x00001504                CAN_SendMsg0
 .text.CAN_SendMsg1
                0x000015ac       0xa8 .\CortexM0\ARM_GCC_541\Debug\Hill_Climbing.a(CAN_TX_RX_func.o)
                0x000015ac                CAN_SendMsg1
 .text.CAN_ReceiveMsg
                0x00001654       0x1c .\CortexM0\ARM_GCC_541\Debug\Hill_Climbing.a(CAN_TX_RX_func.o)
                0x00001654                CAN_ReceiveMsg
 .text.CAN_ReceiveMsg0
                0x00001670       0x50 .\CortexM0\ARM_GCC_541\Debug\Hill_Climbing.a(CAN_TX_RX_func.o)
                0x00001670                CAN_ReceiveMsg0
 .text.CAN_ReceiveMsg1
                0x000016c0       0x50 .\CortexM0\ARM_GCC_541\Debug\Hill_Climbing.a(CAN_TX_RX_func.o)
                0x000016c0                CAN_ReceiveMsg1
 .text.CAN_ReceiveMsg2
                0x00001710       0x50 .\CortexM0\ARM_GCC_541\Debug\Hill_Climbing.a(CAN_TX_RX_func.o)
                0x00001710                CAN_ReceiveMsg2
 .text.CAN_isr_SetVector
                0x00001760        0xc .\CortexM0\ARM_GCC_541\Debug\Hill_Climbing.a(CAN_isr.o)
                0x00001760                CAN_isr_SetVector
 .text.CAN_isr_SetPriority
                0x0000176c       0x20 .\CortexM0\ARM_GCC_541\Debug\Hill_Climbing.a(CAN_isr.o)
                0x0000176c                CAN_isr_SetPriority
 .text.CAN_isr_Enable
                0x0000178c       0x10 .\CortexM0\ARM_GCC_541\Debug\Hill_Climbing.a(CAN_isr.o)
                0x0000178c                CAN_isr_Enable
 .text.CAN_isr_Disable
                0x0000179c       0x10 .\CortexM0\ARM_GCC_541\Debug\Hill_Climbing.a(CAN_isr.o)
                0x0000179c                CAN_isr_Disable
 .text.CAN_isr_StartEx
                0x000017ac       0x1c .\CortexM0\ARM_GCC_541\Debug\Hill_Climbing.a(CAN_isr.o)
                0x000017ac                CAN_isr_StartEx
 .text.Timer_1_Enable
                0x000017c8       0x14 .\CortexM0\ARM_GCC_541\Debug\Hill_Climbing.a(Timer_1.o)
                0x000017c8                Timer_1_Enable
 .text.Timer_1_SetInterruptMode
                0x000017dc        0xc .\CortexM0\ARM_GCC_541\Debug\Hill_Climbing.a(Timer_1.o)
                0x000017dc                Timer_1_SetInterruptMode
 .text.Timer_1_ReadStatusRegister
                0x000017e8        0xc .\CortexM0\ARM_GCC_541\Debug\Hill_Climbing.a(Timer_1.o)
                0x000017e8                Timer_1_ReadStatusRegister
 .text.Timer_1_WritePeriod
                0x000017f4        0xc .\CortexM0\ARM_GCC_541\Debug\Hill_Climbing.a(Timer_1.o)
                0x000017f4                Timer_1_WritePeriod
 .text.Timer_1_ReadCapture
                0x00001800        0xc .\CortexM0\ARM_GCC_541\Debug\Hill_Climbing.a(Timer_1.o)
                0x00001800                Timer_1_ReadCapture
 .text.Timer_1_WriteCounter
                0x0000180c        0xc .\CortexM0\ARM_GCC_541\Debug\Hill_Climbing.a(Timer_1.o)
                0x0000180c                Timer_1_WriteCounter
 .text.Timer_1_ClearFIFO
                0x00001818       0x14 .\CortexM0\ARM_GCC_541\Debug\Hill_Climbing.a(Timer_1.o)
                0x00001818                Timer_1_ClearFIFO
 .text.Timer_1_Init
                0x0000182c       0x34 .\CortexM0\ARM_GCC_541\Debug\Hill_Climbing.a(Timer_1.o)
                0x0000182c                Timer_1_Init
 .text.Timer_1_Start
                0x00001860       0x20 .\CortexM0\ARM_GCC_541\Debug\Hill_Climbing.a(Timer_1.o)
                0x00001860                Timer_1_Start
 .text.Timer_Interrupt
                0x00001880        0x4 .\CortexM0\ARM_GCC_541\Debug\Hill_Climbing.a(Timer.o)
                0x00001880                Timer_Interrupt
 .text.Timer_SetVector
                0x00001884        0xc .\CortexM0\ARM_GCC_541\Debug\Hill_Climbing.a(Timer.o)
                0x00001884                Timer_SetVector
 .text.Timer_SetPriority
                0x00001890       0x24 .\CortexM0\ARM_GCC_541\Debug\Hill_Climbing.a(Timer.o)
                0x00001890                Timer_SetPriority
 .text.Timer_Enable
                0x000018b4        0xc .\CortexM0\ARM_GCC_541\Debug\Hill_Climbing.a(Timer.o)
                0x000018b4                Timer_Enable
 .text.Timer_Disable
                0x000018c0        0xc .\CortexM0\ARM_GCC_541\Debug\Hill_Climbing.a(Timer.o)
                0x000018c0                Timer_Disable
 .text.Timer_Start
                0x000018cc       0x1c .\CortexM0\ARM_GCC_541\Debug\Hill_Climbing.a(Timer.o)
                0x000018cc                Timer_Start
 .text.Timer_StartEx
                0x000018e8       0x1c .\CortexM0\ARM_GCC_541\Debug\Hill_Climbing.a(Timer.o)
                0x000018e8                Timer_StartEx
 .text.SENSOR_U_Init
                0x00001904       0x38 .\CortexM0\ARM_GCC_541\Debug\Hill_Climbing.a(SENSOR_U.o)
                0x00001904                SENSOR_U_Init
 .text.SENSOR_U_Enable
                0x0000193c       0x3c .\CortexM0\ARM_GCC_541\Debug\Hill_Climbing.a(SENSOR_U.o)
                0x0000193c                SENSOR_U_Enable
 .text.SENSOR_U_Start
                0x00001978       0x20 .\CortexM0\ARM_GCC_541\Debug\Hill_Climbing.a(SENSOR_U.o)
                0x00001978                SENSOR_U_Start
 .text.SENSOR_U_GetChar
                0x00001998       0x78 .\CortexM0\ARM_GCC_541\Debug\Hill_Climbing.a(SENSOR_U.o)
                0x00001998                SENSOR_U_GetChar
 .text.SENSOR_U_RXISR
                0x00001a10       0x90 .\CortexM0\ARM_GCC_541\Debug\Hill_Climbing.a(SENSOR_U_INT.o)
                0x00001a10                SENSOR_U_RXISR
 .text.SENSOR_U_IntClock_StartEx
                0x00001aa0       0x1c .\CortexM0\ARM_GCC_541\Debug\Hill_Climbing.a(SENSOR_U_IntClock.o)
                0x00001aa0                SENSOR_U_IntClock_StartEx
 .text.Int_Serial_SetVector
                0x00001abc        0xc .\CortexM0\ARM_GCC_541\Debug\Hill_Climbing.a(Int_Serial.o)
                0x00001abc                Int_Serial_SetVector
 .text.Int_Serial_SetPriority
                0x00001ac8       0x20 .\CortexM0\ARM_GCC_541\Debug\Hill_Climbing.a(Int_Serial.o)
                0x00001ac8                Int_Serial_SetPriority
 .text.Int_Serial_Enable
                0x00001ae8        0xc .\CortexM0\ARM_GCC_541\Debug\Hill_Climbing.a(Int_Serial.o)
                0x00001ae8                Int_Serial_Enable
 .text.Int_Serial_Disable
                0x00001af4        0xc .\CortexM0\ARM_GCC_541\Debug\Hill_Climbing.a(Int_Serial.o)
                0x00001af4                Int_Serial_Disable
 .text.Int_Serial_StartEx
                0x00001b00       0x1c .\CortexM0\ARM_GCC_541\Debug\Hill_Climbing.a(Int_Serial.o)
                0x00001b00                Int_Serial_StartEx
 *fill*         0x00001b1c        0x4 
 .text          0x00001b20       0x20 .\CortexM0\ARM_GCC_541\Debug\Hill_Climbing.a(CyBootAsmGnu.o)
                0x00001b20                CyDelayCycles
                0x00001b32                CyEnterCriticalSection
                0x00001b3a                CyExitCriticalSection
 .text.CySysFlashSetWaitCycles
                0x00001b40       0x54 .\CortexM0\ARM_GCC_541\Debug\Hill_Climbing.a(CyFlash.o)
                0x00001b40                CySysFlashSetWaitCycles
 .text          0x00001b94       0x74 c:/program files (x86)/cypress/psoc creator/4.1/psoc creator/import/gnu/arm/5.4.1/bin/../lib/gcc/arm-none-eabi/5.4.1/armv6-m\libgcc.a(_arm_cmpsf2.o)
                0x00001b94                __aeabi_cfrcmple
                0x00001b9c                __aeabi_cfcmpeq
                0x00001b9c                __aeabi_cfcmple
                0x00001bac                __aeabi_fcmpeq
                0x00001bb8                __aeabi_fcmplt
                0x00001bcc                __aeabi_fcmple
                0x00001be0                __aeabi_fcmpgt
                0x00001bf4                __aeabi_fcmpge
 .text          0x00001c08      0x2ec c:/program files (x86)/cypress/psoc creator/4.1/psoc creator/import/gnu/arm/5.4.1/bin/../lib/gcc/arm-none-eabi/5.4.1/armv6-m\libgcc.a(addsf3.o)
                0x00001c08                __aeabi_fadd
 .text          0x00001ef4       0x50 c:/program files (x86)/cypress/psoc creator/4.1/psoc creator/import/gnu/arm/5.4.1/bin/../lib/gcc/arm-none-eabi/5.4.1/armv6-m\libgcc.a(eqsf2.o)
                0x00001ef4                __eqsf2
                0x00001ef4                __nesf2
 .text          0x00001f44       0x88 c:/program files (x86)/cypress/psoc creator/4.1/psoc creator/import/gnu/arm/5.4.1/bin/../lib/gcc/arm-none-eabi/5.4.1/armv6-m\libgcc.a(gesf2.o)
                0x00001f44                __gesf2
                0x00001f44                __gtsf2
 .text          0x00001fcc       0x88 c:/program files (x86)/cypress/psoc creator/4.1/psoc creator/import/gnu/arm/5.4.1/bin/../lib/gcc/arm-none-eabi/5.4.1/armv6-m\libgcc.a(lesf2.o)
                0x00001fcc                __ltsf2
                0x00001fcc                __lesf2
 .text          0x00002054      0x228 c:/program files (x86)/cypress/psoc creator/4.1/psoc creator/import/gnu/arm/5.4.1/bin/../lib/gcc/arm-none-eabi/5.4.1/armv6-m\libgcc.a(mulsf3.o)
                0x00002054                __aeabi_fmul
 .text          0x0000227c      0x30c c:/program files (x86)/cypress/psoc creator/4.1/psoc creator/import/gnu/arm/5.4.1/bin/../lib/gcc/arm-none-eabi/5.4.1/armv6-m\libgcc.a(subsf3.o)
                0x0000227c                __aeabi_fsub
 .text          0x00002588       0x44 c:/program files (x86)/cypress/psoc creator/4.1/psoc creator/import/gnu/arm/5.4.1/bin/../lib/gcc/arm-none-eabi/5.4.1/armv6-m\libgcc.a(fixsfsi.o)
                0x00002588                __aeabi_f2iz
 .text          0x000025cc       0x7c c:/program files (x86)/cypress/psoc creator/4.1/psoc creator/import/gnu/arm/5.4.1/bin/../lib/gcc/arm-none-eabi/5.4.1/armv6-m\libgcc.a(floatunsisf.o)
                0x000025cc                __aeabi_ui2f
 .text          0x00002648      0x658 c:/program files (x86)/cypress/psoc creator/4.1/psoc creator/import/gnu/arm/5.4.1/bin/../lib/gcc/arm-none-eabi/5.4.1/armv6-m\libgcc.a(adddf3.o)
                0x00002648                __aeabi_dadd
 .text          0x00002ca0      0x4f4 c:/program files (x86)/cypress/psoc creator/4.1/psoc creator/import/gnu/arm/5.4.1/bin/../lib/gcc/arm-none-eabi/5.4.1/armv6-m\libgcc.a(muldf3.o)
                0x00002ca0                __aeabi_dmul
 .text          0x00003194       0x84 c:/program files (x86)/cypress/psoc creator/4.1/psoc creator/import/gnu/arm/5.4.1/bin/../lib/gcc/arm-none-eabi/5.4.1/armv6-m\libgcc.a(floatsidf.o)
                0x00003194                __aeabi_i2d
 .text          0x00003218       0xa8 c:/program files (x86)/cypress/psoc creator/4.1/psoc creator/import/gnu/arm/5.4.1/bin/../lib/gcc/arm-none-eabi/5.4.1/armv6-m\libgcc.a(extendsfdf2.o)
                0x00003218                __aeabi_f2d
 .text          0x000032c0      0x118 c:/program files (x86)/cypress/psoc creator/4.1/psoc creator/import/gnu/arm/5.4.1/bin/../lib/gcc/arm-none-eabi/5.4.1/armv6-m\libgcc.a(truncdfsf2.o)
                0x000032c0                __aeabi_d2f
 .text          0x000033d8       0x3c c:/program files (x86)/cypress/psoc creator/4.1/psoc creator/import/gnu/arm/5.4.1/bin/../lib/gcc/arm-none-eabi/5.4.1/armv6-m\libgcc.a(_clzsi2.o)
                0x000033d8                __clzsi2
 .text.__errno  0x00003414        0xc c:/program files (x86)/cypress/psoc creator/4.1/psoc creator/import/gnu/arm/5.4.1/bin/../lib/gcc/arm-none-eabi/5.4.1/../../../../arm-none-eabi/lib/armv6-m\libg_nano.a(lib_a-errno.o)
                0x00003414                __errno
 .text.__libc_init_array
                0x00003420       0x4c c:/program files (x86)/cypress/psoc creator/4.1/psoc creator/import/gnu/arm/5.4.1/bin/../lib/gcc/arm-none-eabi/5.4.1/../../../../arm-none-eabi/lib/armv6-m\libg_nano.a(lib_a-init.o)
                0x00003420                __libc_init_array
 .text.memcpy   0x0000346c       0x12 c:/program files (x86)/cypress/psoc creator/4.1/psoc creator/import/gnu/arm/5.4.1/bin/../lib/gcc/arm-none-eabi/5.4.1/../../../../arm-none-eabi/lib/armv6-m\libg_nano.a(lib_a-memcpy-stub.o)
                0x0000346c                memcpy
 .text.memset   0x0000347e       0x10 c:/program files (x86)/cypress/psoc creator/4.1/psoc creator/import/gnu/arm/5.4.1/bin/../lib/gcc/arm-none-eabi/5.4.1/../../../../arm-none-eabi/lib/armv6-m\libg_nano.a(lib_a-memset.o)
                0x0000347e                memset
 *fill*         0x0000348e        0x2 
 .text.rand     0x00003490       0x78 c:/program files (x86)/cypress/psoc creator/4.1/psoc creator/import/gnu/arm/5.4.1/bin/../lib/gcc/arm-none-eabi/5.4.1/../../../../arm-none-eabi/lib/armv6-m\libg_nano.a(lib_a-rand.o)
                0x00003490                rand
 .text.malloc   0x00003508       0x14 c:/program files (x86)/cypress/psoc creator/4.1/psoc creator/import/gnu/arm/5.4.1/bin/../lib/gcc/arm-none-eabi/5.4.1/../../../../arm-none-eabi/lib/armv6-m\libg_nano.a(lib_a-malloc.o)
                0x00003508                malloc
 .text._malloc_r
                0x0000351c       0xc0 c:/program files (x86)/cypress/psoc creator/4.1/psoc creator/import/gnu/arm/5.4.1/bin/../lib/gcc/arm-none-eabi/5.4.1/../../../../arm-none-eabi/lib/armv6-m\libg_nano.a(lib_a-nano-mallocr.o)
                0x0000351c                _malloc_r
 .text._sbrk_r  0x000035dc       0x24 c:/program files (x86)/cypress/psoc creator/4.1/psoc creator/import/gnu/arm/5.4.1/bin/../lib/gcc/arm-none-eabi/5.4.1/../../../../arm-none-eabi/lib/armv6-m\libg_nano.a(lib_a-sbrkr.o)
                0x000035dc                _sbrk_r
 .text.__malloc_lock
                0x00003600        0x2 c:/program files (x86)/cypress/psoc creator/4.1/psoc creator/import/gnu/arm/5.4.1/bin/../lib/gcc/arm-none-eabi/5.4.1/../../../../arm-none-eabi/lib/armv6-m\libg_nano.a(lib_a-mlock.o)
                0x00003600                __malloc_lock
 .text.__malloc_unlock
                0x00003602        0x2 c:/program files (x86)/cypress/psoc creator/4.1/psoc creator/import/gnu/arm/5.4.1/bin/../lib/gcc/arm-none-eabi/5.4.1/../../../../arm-none-eabi/lib/armv6-m\libg_nano.a(lib_a-mlock.o)
                0x00003602                __malloc_unlock
 .text          0x00003604       0x58 c:/program files (x86)/cypress/psoc creator/4.1/psoc creator/import/gnu/arm/5.4.1/bin/../lib/gcc/arm-none-eabi/5.4.1/armv6-m\libgcc.a(_muldi3.o)
                0x00003604                __muldi3
                0x00003604                __aeabi_lmul
 *(.plt)
 *(.gnu.warning)
 *(.glue_7t)
 .glue_7t       0x0000365c        0x0 linker stubs
 *(.glue_7)
 .glue_7        0x0000365c        0x0 linker stubs
 *(.vfp11_veneer)
 .vfp11_veneer  0x0000365c        0x0 linker stubs
 *(.bootloader)
 *(.ARM.extab* .gnu.linkonce.armextab.*)
 *(.gcc_except_table)

.v4_bx          0x0000365c        0x0
 .v4_bx         0x0000365c        0x0 linker stubs

.iplt           0x0000365c        0x0
 .iplt          0x0000365c        0x0 c:/program files (x86)/cypress/psoc creator/4.1/psoc creator/import/gnu/arm/5.4.1/bin/../lib/gcc/arm-none-eabi/5.4.1/armv6-m/crtbegin.o

.eh_frame_hdr
 *(.eh_frame_hdr)

.eh_frame       0x0000365c        0x4
 *(.eh_frame)
 .eh_frame      0x0000365c        0x0 c:/program files (x86)/cypress/psoc creator/4.1/psoc creator/import/gnu/arm/5.4.1/bin/../lib/gcc/arm-none-eabi/5.4.1/armv6-m/crtbegin.o
 .eh_frame      0x0000365c        0x4 c:/program files (x86)/cypress/psoc creator/4.1/psoc creator/import/gnu/arm/5.4.1/bin/../lib/gcc/arm-none-eabi/5.4.1/armv6-m/crtend.o
                [!provide]                PROVIDE (__exidx_start, .)

.ARM.exidx
 *(.ARM.exidx* .gnu.linkonce.armexidx.*)
                0x00003660                __exidx_end = .

.rodata         0x00003660      0x500
 *(.rodata .rodata.* .gnu.linkonce.r.*)
 .rodata        0x00003660      0x29c .\CortexM0\ARM_GCC_541\Debug\cyfitter_cfg.o
 .rodata        0x000038fc       0x47 .\CortexM0\ARM_GCC_541\Debug\Hill_Climbing.a(CyLib.o)
                0x000038fc                cyImoFreqMhz2Reg
                0x0000392c                cyImoFreqMhz2DpllOffset
 *fill*         0x00003943        0x1 
 .rodata        0x00003944      0x160 .\CortexM0\ARM_GCC_541\Debug\Hill_Climbing.a(CAN.o)
 .rodata        0x00003aa4       0x40 c:/program files (x86)/cypress/psoc creator/4.1/psoc creator/import/gnu/arm/5.4.1/bin/../lib/gcc/arm-none-eabi/5.4.1/armv6-m\libgcc.a(mulsf3.o)
 .rodata        0x00003ae4       0x40 c:/program files (x86)/cypress/psoc creator/4.1/psoc creator/import/gnu/arm/5.4.1/bin/../lib/gcc/arm-none-eabi/5.4.1/armv6-m\libgcc.a(muldf3.o)
 .rodata.str1.1
                0x00003b24        0x2 c:/program files (x86)/cypress/psoc creator/4.1/psoc creator/import/gnu/arm/5.4.1/bin/../lib/gcc/arm-none-eabi/5.4.1/../../../../arm-none-eabi/lib/armv6-m\libg_nano.a(lib_a-impure.o)
                0x00003b28                . = ALIGN (0x4)
 *fill*         0x00003b26        0x2 
 *(.init)
 .init          0x00003b28        0x4 c:/program files (x86)/cypress/psoc creator/4.1/psoc creator/import/gnu/arm/5.4.1/bin/../lib/gcc/arm-none-eabi/5.4.1/armv6-m/crti.o
                0x00003b28                _init
 .init          0x00003b2c        0x8 c:/program files (x86)/cypress/psoc creator/4.1/psoc creator/import/gnu/arm/5.4.1/bin/../lib/gcc/arm-none-eabi/5.4.1/armv6-m/crtn.o
                0x00003b34                . = ALIGN (0x4)
                0x00003b34                __preinit_array_start = .
 *(.preinit_array)
                0x00003b34                __preinit_array_end = .
                0x00003b34                . = ALIGN (0x4)
                0x00003b34                __init_array_start = .
 *(SORT(.init_array.*))
 *(.init_array)
 .init_array    0x00003b34        0x4 c:/program files (x86)/cypress/psoc creator/4.1/psoc creator/import/gnu/arm/5.4.1/bin/../lib/gcc/arm-none-eabi/5.4.1/armv6-m/crtbegin.o
 .init_array    0x00003b38        0x4 .\CortexM0\ARM_GCC_541\Debug\Cm0Start.o
                0x00003b3c                __init_array_end = .
                0x00003b3c                . = ALIGN (0x4)
 *(.fini)
 .fini          0x00003b3c        0x4 c:/program files (x86)/cypress/psoc creator/4.1/psoc creator/import/gnu/arm/5.4.1/bin/../lib/gcc/arm-none-eabi/5.4.1/armv6-m/crti.o
                0x00003b3c                _fini
 .fini          0x00003b40        0x8 c:/program files (x86)/cypress/psoc creator/4.1/psoc creator/import/gnu/arm/5.4.1/bin/../lib/gcc/arm-none-eabi/5.4.1/armv6-m/crtn.o
                0x00003b48                . = ALIGN (0x4)
                0x00003b48                __fini_array_start = .
 *(.fini_array)
 .fini_array    0x00003b48        0x4 c:/program files (x86)/cypress/psoc creator/4.1/psoc creator/import/gnu/arm/5.4.1/bin/../lib/gcc/arm-none-eabi/5.4.1/armv6-m/crtbegin.o
 *(SORT(.fini_array.*))
                0x00003b4c                __fini_array_end = .
                0x00003b4c                . = ALIGN (0x4)
 *crtbegin.o(.ctors)
 *(EXCLUDE_FILE(*crtend.o) .ctors)
 *(SORT(.ctors.*))
 *crtend.o(.ctors)
                0x00003b4c                . = ALIGN (0x4)
 *crtbegin.o(.dtors)
 *(EXCLUDE_FILE(*crtend.o) .dtors)
 *(SORT(.dtors.*))
 *crtend.o(.dtors)
                0x00003b4c                . = ALIGN (0x4)
                0x00003b4c                __cy_regions = .
                0x00003b4c        0x4 LONG 0x3b60 __cy_region_init_ram
                0x00003b50        0x4 LONG 0x200000c0 __cy_region_start_data
                0x00003b54        0x4 LONG 0x98 __cy_region_init_size_ram
                0x00003b58        0x4 LONG 0xc8 __cy_region_zero_size_ram
                0x00003b5c                __cy_regions_end = .
                0x00003b60                . = ALIGN (0x8)
 *fill*         0x00003b5c        0x4 
                0x00003b60                _etext = .

.cy_checksum_exclude
                0x00003b60        0x0
 *(.cy_checksum_exclude)

.ramvectors     0x20000000       0xc0
                0x20000000                __cy_region_start_ram = .
 *(.ramvectors)
 .ramvectors    0x20000000       0xc0 .\CortexM0\ARM_GCC_541\Debug\Cm0Start.o
                0x20000000                CyRamVectors

.noinit
 *(.noinit)

.data           0x200000c0       0x98 load address 0x00003b60
                0x200000c0                __cy_region_start_data = .
 *(.jcr)
 .jcr           0x200000c0        0x0 c:/program files (x86)/cypress/psoc creator/4.1/psoc creator/import/gnu/arm/5.4.1/bin/../lib/gcc/arm-none-eabi/5.4.1/armv6-m/crtbegin.o
 .jcr           0x200000c0        0x4 c:/program files (x86)/cypress/psoc creator/4.1/psoc creator/import/gnu/arm/5.4.1/bin/../lib/gcc/arm-none-eabi/5.4.1/armv6-m/crtend.o
 *(.got.plt)
 *(.got)
 *(.shdata)
 *(.data .data.* .gnu.linkonce.d.*)
 .data          0x200000c4       0x10 .\CortexM0\ARM_GCC_541\Debug\main.o
                0x200000c4                offset
                0x200000c8                off_aux
                0x200000cc                Max_Conta
                0x200000d0                off_aux_2
 .data          0x200000d4        0x4 .\CortexM0\ARM_GCC_541\Debug\Cm0Start.o
 .data          0x200000d8       0x10 .\CortexM0\ARM_GCC_541\Debug\Hill_Climbing.a(CyLib.o)
                0x200000d8                cydelay32kMs
                0x200000dc                cydelayFreqKhz
                0x200000e0                cydelayFreqMhz
                0x200000e4                cydelayFreqHz
 .data          0x200000e8        0x8 .\CortexM0\ARM_GCC_541\Debug\Hill_Climbing.a(CyLFClk.o)
 .data.impure_data
                0x200000f0       0x60 c:/program files (x86)/cypress/psoc creator/4.1/psoc creator/import/gnu/arm/5.4.1/bin/../lib/gcc/arm-none-eabi/5.4.1/../../../../arm-none-eabi/lib/armv6-m\libg_nano.a(lib_a-impure.o)
 .data._impure_ptr
                0x20000150        0x4 c:/program files (x86)/cypress/psoc creator/4.1/psoc creator/import/gnu/arm/5.4.1/bin/../lib/gcc/arm-none-eabi/5.4.1/../../../../arm-none-eabi/lib/armv6-m\libg_nano.a(lib_a-impure.o)
                0x20000150                _impure_ptr
                0x20000158                . = ALIGN (0x8)
 *fill*         0x20000154        0x4 
 *(.ram)
                0x20000158                _edata = .

.igot.plt       0x20000158        0x0 load address 0x00003bf8
 .igot.plt      0x20000158        0x0 c:/program files (x86)/cypress/psoc creator/4.1/psoc creator/import/gnu/arm/5.4.1/bin/../lib/gcc/arm-none-eabi/5.4.1/armv6-m/crtbegin.o

.bss            0x20000158       0xc8 load address 0x00003bf8
                0x20000158                PROVIDE (__bss_start__, .)
 *(.shbss)
 *(.bss .bss.* .gnu.linkonce.b.*)
 .bss           0x20000158       0x1c c:/program files (x86)/cypress/psoc creator/4.1/psoc creator/import/gnu/arm/5.4.1/bin/../lib/gcc/arm-none-eabi/5.4.1/armv6-m/crtbegin.o
 .bss           0x20000174       0x3e .\CortexM0\ARM_GCC_541\Debug\main.o
                0x20000174                dist
                0x20000178                cantidadM
                0x2000017c                fase
                0x20000180                amplitud
                0x20000184                Cantidad_Sensores
                0x20000188                flag
                0x2000018c                ampli_aux
                0x20000190                pha_aux
                0x20000194                L_anterior
                0x20000198                ampli_aux_2
                0x2000019c                pha_aux_2
                0x200001a0                L_actual
                0x200001a4                move_s
                0x200001a8                punto_a
                0x200001ac                punto_b
                0x200001b0                conta
 *fill*         0x200001b2        0x2 
 .bss           0x200001b4       0x28 .\CortexM0\ARM_GCC_541\Debug\Hill_Climbing.a(CyLFClk.o)
 .bss           0x200001dc        0x1 .\CortexM0\ARM_GCC_541\Debug\Hill_Climbing.a(CAN.o)
                0x200001dc                CAN_initVar
 .bss           0x200001dd        0x1 .\CortexM0\ARM_GCC_541\Debug\Hill_Climbing.a(Timer_1.o)
                0x200001dd                Timer_1_initVar
 .bss           0x200001de        0x6 .\CortexM0\ARM_GCC_541\Debug\Hill_Climbing.a(SENSOR_U.o)
                0x200001de                SENSOR_U_errorStatus
                0x200001df                SENSOR_U_initVar
                0x200001e0                SENSOR_U_rxBufferRead
                0x200001e1                SENSOR_U_rxBufferWrite
                0x200001e2                SENSOR_U_rxBufferLoopDetect
                0x200001e3                SENSOR_U_rxBufferOverflow
 .bss.__malloc_sbrk_start
                0x200001e4        0x4 c:/program files (x86)/cypress/psoc creator/4.1/psoc creator/import/gnu/arm/5.4.1/bin/../lib/gcc/arm-none-eabi/5.4.1/../../../../arm-none-eabi/lib/armv6-m\libg_nano.a(lib_a-nano-mallocr.o)
                0x200001e4                __malloc_sbrk_start
 .bss.__malloc_free_list
                0x200001e8        0x4 c:/program files (x86)/cypress/psoc creator/4.1/psoc creator/import/gnu/arm/5.4.1/bin/../lib/gcc/arm-none-eabi/5.4.1/../../../../arm-none-eabi/lib/armv6-m\libg_nano.a(lib_a-nano-mallocr.o)
                0x200001e8                __malloc_free_list
 *(COMMON)
 COMMON         0x200001ec       0x28 .\CortexM0\ARM_GCC_541\Debug\main.o
                0x200001ec                dato_enviado_1
                0x200001f4                mailbox1
                0x200001fc                dato_enviado
                0x20000204                mailbox2
                0x2000020c                mailbox0
 COMMON         0x20000214        0x8 .\CortexM0\ARM_GCC_541\Debug\Hill_Climbing.a(SENSOR_U.o)
                0x20000214                SENSOR_U_rxBuffer
 COMMON         0x2000021c        0x4 c:/program files (x86)/cypress/psoc creator/4.1/psoc creator/import/gnu/arm/5.4.1/bin/../lib/gcc/arm-none-eabi/5.4.1/../../../../arm-none-eabi/lib/armv6-m\libg_nano.a(lib_a-reent.o)
                0x2000021c                errno
                0x20000220                . = ALIGN (0x8)
 *(.ram.b)
                0x20000220                _end = .
                0x20000220                __end = .
                0x20000220                PROVIDE (end, .)
                0x20000220                PROVIDE (__bss_end__, .)
                0x00003b60                __cy_region_init_ram = LOADADDR (.data)
                0x00000098                __cy_region_init_size_ram = (_edata - ADDR (.data))
                0x000000c8                __cy_region_zero_size_ram = (_end - _edata)

.heap           0x20000220       0x80 load address 0x00003bf8
                0x20000220                . = _end
                0x200002a0                . = (. + 0x80)
 *fill*         0x20000220       0x80 
                0x200002a0                __cy_heap_limit = .

.stack          0x20003800      0x800
                0x20003800                __cy_stack_limit = .
                0x20004000                . = (. + 0x800)
 *fill*         0x20003800      0x800 
                0x00000001                ASSERT ((__cy_stack_limit >= __cy_heap_limit), region RAM overflowed with stack)
                0x00000000                cy_checksum_exclude_size = (CY_APPL_LOADABLE == 0x1)?SIZEOF (.cy_checksum_exclude):0x0
                0x00000001                ASSERT ((cy_checksum_exclude_size <= CY_CHECKSUM_EXCLUDE_SIZE), CY_BOOT: Section .cy_checksum_exclude size exceedes specified limit.)
                0x0001ffc0                cyloadermeta_start = (cy_project_type_bootloader || cy_project_type_app_for_stack_and_copier)?(LENGTH (rom) - CY_METADATA_SIZE):0xf0000000

.cyloadermeta
 *(.cyloadermeta)
                0x0001ffc0                cyloadablemeta_start = cy_project_type_app_for_stack_and_copier?((LENGTH (rom) - CY_FLASH_ROW_SIZE) - CY_METADATA_SIZE):((LENGTH (rom) - (CY_FLASH_ROW_SIZE * (CY_APPL_NUM - 0x1))) - CY_METADATA_SIZE)

.cyloadablemeta
 *(.cyloadablemeta)

.cyflashprotect
                0x90400000       0x80
 *(.cyflashprotect)
 .cyflashprotect
                0x90400000       0x80 .\CortexM0\ARM_GCC_541\Debug\cymetadata.o
                0x90400000                cy_meta_flashprotect

.cymeta         0x90500000        0xc
 *(.cymeta)
 .cymeta        0x90500000        0xc .\CortexM0\ARM_GCC_541\Debug\cymetadata.o
                0x90500000                cy_metadata

.cychipprotect  0x90600000        0x1
 *(.cychipprotect)
 .cychipprotect
                0x90600000        0x1 .\CortexM0\ARM_GCC_541\Debug\cymetadata.o
                0x90600000                cy_meta_chipprotect

.rel.dyn        0x00003bf8        0x0 load address 0x90600004
 .rel.iplt      0x00003bf8        0x0 c:/program files (x86)/cypress/psoc creator/4.1/psoc creator/import/gnu/arm/5.4.1/bin/../lib/gcc/arm-none-eabi/5.4.1/armv6-m/crtbegin.o

.stab
 *(.stab)

.stabstr
 *(.stabstr)

.debug
 *(.debug)

.line
 *(.line)

.debug_srcinfo
 *(.debug_srcinfo)

.debug_sfnames
 *(.debug_sfnames)

.debug_aranges  0x00000000      0x9c0
 *(.debug_aranges)
 .debug_aranges
                0x00000000       0xb8 .\CortexM0\ARM_GCC_541\Debug\main.o
 .debug_aranges
                0x000000b8       0x48 .\CortexM0\ARM_GCC_541\Debug\cyfitter_cfg.o
 .debug_aranges
                0x00000100       0x18 .\CortexM0\ARM_GCC_541\Debug\cymetadata.o
 .debug_aranges
                0x00000118       0x48 .\CortexM0\ARM_GCC_541\Debug\Cm0Start.o
 .debug_aranges
                0x00000160       0x48 .\CortexM0\ARM_GCC_541\Debug\Hill_Climbing.a(LED_1.o)
 .debug_aranges
                0x000001a8      0x1b8 .\CortexM0\ARM_GCC_541\Debug\Hill_Climbing.a(CyLib.o)
 .debug_aranges
                0x00000360      0x188 .\CortexM0\ARM_GCC_541\Debug\Hill_Climbing.a(CyLFClk.o)
 .debug_aranges
                0x000004e8       0xe8 .\CortexM0\ARM_GCC_541\Debug\Hill_Climbing.a(CAN.o)
 .debug_aranges
                0x000005d0       0x30 .\CortexM0\ARM_GCC_541\Debug\Hill_Climbing.a(CAN_INT.o)
 .debug_aranges
                0x00000600       0x58 .\CortexM0\ARM_GCC_541\Debug\Hill_Climbing.a(CAN_TX_RX_func.o)
 .debug_aranges
                0x00000658       0x80 .\CortexM0\ARM_GCC_541\Debug\Hill_Climbing.a(CAN_isr.o)
 .debug_aranges
                0x000006d8       0x90 .\CortexM0\ARM_GCC_541\Debug\Hill_Climbing.a(Timer_1.o)
 .debug_aranges
                0x00000768       0x80 .\CortexM0\ARM_GCC_541\Debug\Hill_Climbing.a(Timer.o)
 .debug_aranges
                0x000007e8       0x98 .\CortexM0\ARM_GCC_541\Debug\Hill_Climbing.a(SENSOR_U.o)
 .debug_aranges
                0x00000880       0x20 .\CortexM0\ARM_GCC_541\Debug\Hill_Climbing.a(SENSOR_U_INT.o)
 .debug_aranges
                0x000008a0       0x40 .\CortexM0\ARM_GCC_541\Debug\Hill_Climbing.a(SENSOR_U_IntClock.o)
 .debug_aranges
                0x000008e0       0x80 .\CortexM0\ARM_GCC_541\Debug\Hill_Climbing.a(Int_Serial.o)
 .debug_aranges
                0x00000960       0x20 .\CortexM0\ARM_GCC_541\Debug\Hill_Climbing.a(CyBootAsmGnu.o)
 .debug_aranges
                0x00000980       0x40 .\CortexM0\ARM_GCC_541\Debug\Hill_Climbing.a(CyFlash.o)

.debug_pubnames
 *(.debug_pubnames)

.debug_info     0x00000000     0x5e3c
 *(.debug_info .gnu.linkonce.wi.*)
 .debug_info    0x00000000      0xc90 .\CortexM0\ARM_GCC_541\Debug\main.o
 .debug_info    0x00000c90      0x57e .\CortexM0\ARM_GCC_541\Debug\cyfitter_cfg.o
 .debug_info    0x0000120e       0xf8 .\CortexM0\ARM_GCC_541\Debug\cymetadata.o
 .debug_info    0x00001306      0x38e .\CortexM0\ARM_GCC_541\Debug\Cm0Start.o
 .debug_info    0x00001694      0x19d .\CortexM0\ARM_GCC_541\Debug\Hill_Climbing.a(LED_1.o)
 .debug_info    0x00001831      0xd00 .\CortexM0\ARM_GCC_541\Debug\Hill_Climbing.a(CyLib.o)
 .debug_info    0x00002531     0x1058 .\CortexM0\ARM_GCC_541\Debug\Hill_Climbing.a(CyLFClk.o)
 .debug_info    0x00003589      0x9c6 .\CortexM0\ARM_GCC_541\Debug\Hill_Climbing.a(CAN.o)
 .debug_info    0x00003f4f      0x28d .\CortexM0\ARM_GCC_541\Debug\Hill_Climbing.a(CAN_INT.o)
 .debug_info    0x000041dc      0x43f .\CortexM0\ARM_GCC_541\Debug\Hill_Climbing.a(CAN_TX_RX_func.o)
 .debug_info    0x0000461b      0x305 .\CortexM0\ARM_GCC_541\Debug\Hill_Climbing.a(CAN_isr.o)
 .debug_info    0x00004920      0x2d1 .\CortexM0\ARM_GCC_541\Debug\Hill_Climbing.a(Timer_1.o)
 .debug_info    0x00004bf1      0x305 .\CortexM0\ARM_GCC_541\Debug\Hill_Climbing.a(Timer.o)
 .debug_info    0x00004ef6      0x5a6 .\CortexM0\ARM_GCC_541\Debug\Hill_Climbing.a(SENSOR_U.o)
 .debug_info    0x0000549c      0x14c .\CortexM0\ARM_GCC_541\Debug\Hill_Climbing.a(SENSOR_U_INT.o)
 .debug_info    0x000055e8      0x166 .\CortexM0\ARM_GCC_541\Debug\Hill_Climbing.a(SENSOR_U_IntClock.o)
 .debug_info    0x0000574e      0x305 .\CortexM0\ARM_GCC_541\Debug\Hill_Climbing.a(Int_Serial.o)
 .debug_info    0x00005a53       0x99 .\CortexM0\ARM_GCC_541\Debug\Hill_Climbing.a(CyBootAsmGnu.o)
 .debug_info    0x00005aec      0x350 .\CortexM0\ARM_GCC_541\Debug\Hill_Climbing.a(CyFlash.o)

.debug_abbrev   0x00000000     0x1973
 *(.debug_abbrev)
 .debug_abbrev  0x00000000      0x212 .\CortexM0\ARM_GCC_541\Debug\main.o
 .debug_abbrev  0x00000212      0x1e1 .\CortexM0\ARM_GCC_541\Debug\cyfitter_cfg.o
 .debug_abbrev  0x000003f3       0x5d .\CortexM0\ARM_GCC_541\Debug\cymetadata.o
 .debug_abbrev  0x00000450      0x1f2 .\CortexM0\ARM_GCC_541\Debug\Cm0Start.o
 .debug_abbrev  0x00000642       0xc8 .\CortexM0\ARM_GCC_541\Debug\Hill_Climbing.a(LED_1.o)
 .debug_abbrev  0x0000070a      0x200 .\CortexM0\ARM_GCC_541\Debug\Hill_Climbing.a(CyLib.o)
 .debug_abbrev  0x0000090a      0x248 .\CortexM0\ARM_GCC_541\Debug\Hill_Climbing.a(CyLFClk.o)
 .debug_abbrev  0x00000b52      0x186 .\CortexM0\ARM_GCC_541\Debug\Hill_Climbing.a(CAN.o)
 .debug_abbrev  0x00000cd8       0xe6 .\CortexM0\ARM_GCC_541\Debug\Hill_Climbing.a(CAN_INT.o)
 .debug_abbrev  0x00000dbe      0x1ad .\CortexM0\ARM_GCC_541\Debug\Hill_Climbing.a(CAN_TX_RX_func.o)
 .debug_abbrev  0x00000f6b      0x19a .\CortexM0\ARM_GCC_541\Debug\Hill_Climbing.a(CAN_isr.o)
 .debug_abbrev  0x00001105      0x12b .\CortexM0\ARM_GCC_541\Debug\Hill_Climbing.a(Timer_1.o)
 .debug_abbrev  0x00001230      0x19a .\CortexM0\ARM_GCC_541\Debug\Hill_Climbing.a(Timer.o)
 .debug_abbrev  0x000013ca      0x138 .\CortexM0\ARM_GCC_541\Debug\Hill_Climbing.a(SENSOR_U.o)
 .debug_abbrev  0x00001502       0x8a .\CortexM0\ARM_GCC_541\Debug\Hill_Climbing.a(SENSOR_U_INT.o)
 .debug_abbrev  0x0000158c       0xb7 .\CortexM0\ARM_GCC_541\Debug\Hill_Climbing.a(SENSOR_U_IntClock.o)
 .debug_abbrev  0x00001643      0x19a .\CortexM0\ARM_GCC_541\Debug\Hill_Climbing.a(Int_Serial.o)
 .debug_abbrev  0x000017dd       0x14 .\CortexM0\ARM_GCC_541\Debug\Hill_Climbing.a(CyBootAsmGnu.o)
 .debug_abbrev  0x000017f1      0x182 .\CortexM0\ARM_GCC_541\Debug\Hill_Climbing.a(CyFlash.o)

.debug_line     0x00000000     0x265f
 *(.debug_line)
 .debug_line    0x00000000      0x4aa .\CortexM0\ARM_GCC_541\Debug\main.o
 .debug_line    0x000004aa      0x1c5 .\CortexM0\ARM_GCC_541\Debug\cyfitter_cfg.o
 .debug_line    0x0000066f      0x141 .\CortexM0\ARM_GCC_541\Debug\cymetadata.o
 .debug_line    0x000007b0      0x236 .\CortexM0\ARM_GCC_541\Debug\Cm0Start.o
 .debug_line    0x000009e6       0xbd .\CortexM0\ARM_GCC_541\Debug\Hill_Climbing.a(LED_1.o)
 .debug_line    0x00000aa3      0x51a .\CortexM0\ARM_GCC_541\Debug\Hill_Climbing.a(CyLib.o)
 .debug_line    0x00000fbd      0x5d1 .\CortexM0\ARM_GCC_541\Debug\Hill_Climbing.a(CyLFClk.o)
 .debug_line    0x0000158e      0x3e7 .\CortexM0\ARM_GCC_541\Debug\Hill_Climbing.a(CAN.o)
 .debug_line    0x00001975       0xbe .\CortexM0\ARM_GCC_541\Debug\Hill_Climbing.a(CAN_INT.o)
 .debug_line    0x00001a33      0x18d .\CortexM0\ARM_GCC_541\Debug\Hill_Climbing.a(CAN_TX_RX_func.o)
 .debug_line    0x00001bc0      0x153 .\CortexM0\ARM_GCC_541\Debug\Hill_Climbing.a(CAN_isr.o)
 .debug_line    0x00001d13      0x17b .\CortexM0\ARM_GCC_541\Debug\Hill_Climbing.a(Timer_1.o)
 .debug_line    0x00001e8e      0x151 .\CortexM0\ARM_GCC_541\Debug\Hill_Climbing.a(Timer.o)
 .debug_line    0x00001fdf      0x206 .\CortexM0\ARM_GCC_541\Debug\Hill_Climbing.a(SENSOR_U.o)
 .debug_line    0x000021e5       0x89 .\CortexM0\ARM_GCC_541\Debug\Hill_Climbing.a(SENSOR_U_INT.o)
 .debug_line    0x0000226e       0xc4 .\CortexM0\ARM_GCC_541\Debug\Hill_Climbing.a(SENSOR_U_IntClock.o)
 .debug_line    0x00002332      0x152 .\CortexM0\ARM_GCC_541\Debug\Hill_Climbing.a(Int_Serial.o)
 .debug_line    0x00002484       0x68 .\CortexM0\ARM_GCC_541\Debug\Hill_Climbing.a(CyBootAsmGnu.o)
 .debug_line    0x000024ec      0x173 .\CortexM0\ARM_GCC_541\Debug\Hill_Climbing.a(CyFlash.o)

.debug_frame    0x00000000     0x1cac
 *(.debug_frame)
 .debug_frame   0x00000000      0x240 .\CortexM0\ARM_GCC_541\Debug\main.o
 .debug_frame   0x00000240       0xbc .\CortexM0\ARM_GCC_541\Debug\cyfitter_cfg.o
 .debug_frame   0x000002fc       0xb0 .\CortexM0\ARM_GCC_541\Debug\Cm0Start.o
 .debug_frame   0x000003ac       0x70 .\CortexM0\ARM_GCC_541\Debug\Hill_Climbing.a(LED_1.o)
 .debug_frame   0x0000041c      0x474 .\CortexM0\ARM_GCC_541\Debug\Hill_Climbing.a(CyLib.o)
 .debug_frame   0x00000890      0x4a4 .\CortexM0\ARM_GCC_541\Debug\Hill_Climbing.a(CyLFClk.o)
 .debug_frame   0x00000d34      0x238 .\CortexM0\ARM_GCC_541\Debug\Hill_Climbing.a(CAN.o)
 .debug_frame   0x00000f6c       0x68 .\CortexM0\ARM_GCC_541\Debug\Hill_Climbing.a(CAN_INT.o)
 .debug_frame   0x00000fd4       0xd0 .\CortexM0\ARM_GCC_541\Debug\Hill_Climbing.a(CAN_TX_RX_func.o)
 .debug_frame   0x000010a4      0x110 .\CortexM0\ARM_GCC_541\Debug\Hill_Climbing.a(CAN_isr.o)
 .debug_frame   0x000011b4      0x124 .\CortexM0\ARM_GCC_541\Debug\Hill_Climbing.a(Timer_1.o)
 .debug_frame   0x000012d8      0x110 .\CortexM0\ARM_GCC_541\Debug\Hill_Climbing.a(Timer.o)
 .debug_frame   0x000013e8      0x17c .\CortexM0\ARM_GCC_541\Debug\Hill_Climbing.a(SENSOR_U.o)
 .debug_frame   0x00001564       0x20 .\CortexM0\ARM_GCC_541\Debug\Hill_Climbing.a(SENSOR_U_INT.o)
 .debug_frame   0x00001584       0x6c .\CortexM0\ARM_GCC_541\Debug\Hill_Climbing.a(SENSOR_U_IntClock.o)
 .debug_frame   0x000015f0      0x110 .\CortexM0\ARM_GCC_541\Debug\Hill_Climbing.a(Int_Serial.o)
 .debug_frame   0x00001700       0x90 .\CortexM0\ARM_GCC_541\Debug\Hill_Climbing.a(CyFlash.o)
 .debug_frame   0x00001790       0x20 c:/program files (x86)/cypress/psoc creator/4.1/psoc creator/import/gnu/arm/5.4.1/bin/../lib/gcc/arm-none-eabi/5.4.1/armv6-m\libgcc.a(_udivsi3.o)
 .debug_frame   0x000017b0       0x20 c:/program files (x86)/cypress/psoc creator/4.1/psoc creator/import/gnu/arm/5.4.1/bin/../lib/gcc/arm-none-eabi/5.4.1/armv6-m\libgcc.a(_divsi3.o)
 .debug_frame   0x000017d0       0x30 c:/program files (x86)/cypress/psoc creator/4.1/psoc creator/import/gnu/arm/5.4.1/bin/../lib/gcc/arm-none-eabi/5.4.1/armv6-m\libgcc.a(addsf3.o)
 .debug_frame   0x00001800       0x2c c:/program files (x86)/cypress/psoc creator/4.1/psoc creator/import/gnu/arm/5.4.1/bin/../lib/gcc/arm-none-eabi/5.4.1/armv6-m\libgcc.a(eqsf2.o)
 .debug_frame   0x0000182c       0x30 c:/program files (x86)/cypress/psoc creator/4.1/psoc creator/import/gnu/arm/5.4.1/bin/../lib/gcc/arm-none-eabi/5.4.1/armv6-m\libgcc.a(gesf2.o)
 .debug_frame   0x0000185c       0x30 c:/program files (x86)/cypress/psoc creator/4.1/psoc creator/import/gnu/arm/5.4.1/bin/../lib/gcc/arm-none-eabi/5.4.1/armv6-m\libgcc.a(lesf2.o)
 .debug_frame   0x0000188c       0x38 c:/program files (x86)/cypress/psoc creator/4.1/psoc creator/import/gnu/arm/5.4.1/bin/../lib/gcc/arm-none-eabi/5.4.1/armv6-m\libgcc.a(mulsf3.o)
 .debug_frame   0x000018c4       0x30 c:/program files (x86)/cypress/psoc creator/4.1/psoc creator/import/gnu/arm/5.4.1/bin/../lib/gcc/arm-none-eabi/5.4.1/armv6-m\libgcc.a(subsf3.o)
 .debug_frame   0x000018f4       0x20 c:/program files (x86)/cypress/psoc creator/4.1/psoc creator/import/gnu/arm/5.4.1/bin/../lib/gcc/arm-none-eabi/5.4.1/armv6-m\libgcc.a(fixsfsi.o)
 .debug_frame   0x00001914       0x2c c:/program files (x86)/cypress/psoc creator/4.1/psoc creator/import/gnu/arm/5.4.1/bin/../lib/gcc/arm-none-eabi/5.4.1/armv6-m\libgcc.a(floatunsisf.o)
 .debug_frame   0x00001940       0x3c c:/program files (x86)/cypress/psoc creator/4.1/psoc creator/import/gnu/arm/5.4.1/bin/../lib/gcc/arm-none-eabi/5.4.1/armv6-m\libgcc.a(adddf3.o)
 .debug_frame   0x0000197c       0x3c c:/program files (x86)/cypress/psoc creator/4.1/psoc creator/import/gnu/arm/5.4.1/bin/../lib/gcc/arm-none-eabi/5.4.1/armv6-m\libgcc.a(muldf3.o)
 .debug_frame   0x000019b8       0x2c c:/program files (x86)/cypress/psoc creator/4.1/psoc creator/import/gnu/arm/5.4.1/bin/../lib/gcc/arm-none-eabi/5.4.1/armv6-m\libgcc.a(floatsidf.o)
 .debug_frame   0x000019e4       0x2c c:/program files (x86)/cypress/psoc creator/4.1/psoc creator/import/gnu/arm/5.4.1/bin/../lib/gcc/arm-none-eabi/5.4.1/armv6-m\libgcc.a(extendsfdf2.o)
 .debug_frame   0x00001a10       0x2c c:/program files (x86)/cypress/psoc creator/4.1/psoc creator/import/gnu/arm/5.4.1/bin/../lib/gcc/arm-none-eabi/5.4.1/armv6-m\libgcc.a(truncdfsf2.o)
 .debug_frame   0x00001a3c       0x20 c:/program files (x86)/cypress/psoc creator/4.1/psoc creator/import/gnu/arm/5.4.1/bin/../lib/gcc/arm-none-eabi/5.4.1/../../../../arm-none-eabi/lib/armv6-m\libg_nano.a(lib_a-errno.o)
 .debug_frame   0x00001a5c       0x28 c:/program files (x86)/cypress/psoc creator/4.1/psoc creator/import/gnu/arm/5.4.1/bin/../lib/gcc/arm-none-eabi/5.4.1/../../../../arm-none-eabi/lib/armv6-m\libg_nano.a(lib_a-exit.o)
 .debug_frame   0x00001a84       0x2c c:/program files (x86)/cypress/psoc creator/4.1/psoc creator/import/gnu/arm/5.4.1/bin/../lib/gcc/arm-none-eabi/5.4.1/../../../../arm-none-eabi/lib/armv6-m\libg_nano.a(lib_a-init.o)
 .debug_frame   0x00001ab0       0x28 c:/program files (x86)/cypress/psoc creator/4.1/psoc creator/import/gnu/arm/5.4.1/bin/../lib/gcc/arm-none-eabi/5.4.1/../../../../arm-none-eabi/lib/armv6-m\libg_nano.a(lib_a-memcpy-stub.o)
 .debug_frame   0x00001ad8       0x20 c:/program files (x86)/cypress/psoc creator/4.1/psoc creator/import/gnu/arm/5.4.1/bin/../lib/gcc/arm-none-eabi/5.4.1/../../../../arm-none-eabi/lib/armv6-m\libg_nano.a(lib_a-memset.o)
 .debug_frame   0x00001af8       0x44 c:/program files (x86)/cypress/psoc creator/4.1/psoc creator/import/gnu/arm/5.4.1/bin/../lib/gcc/arm-none-eabi/5.4.1/../../../../arm-none-eabi/lib/armv6-m\libg_nano.a(lib_a-rand.o)
 .debug_frame   0x00001b3c       0x40 c:/program files (x86)/cypress/psoc creator/4.1/psoc creator/import/gnu/arm/5.4.1/bin/../lib/gcc/arm-none-eabi/5.4.1/../../../../arm-none-eabi/lib/armv6-m\libg_nano.a(lib_a-malloc.o)
 .debug_frame   0x00001b7c       0x2c c:/program files (x86)/cypress/psoc creator/4.1/psoc creator/import/gnu/arm/5.4.1/bin/../lib/gcc/arm-none-eabi/5.4.1/../../../../arm-none-eabi/lib/armv6-m\libg_nano.a(lib_a-nano-freer.o)
 .debug_frame   0x00001ba8       0x2c c:/program files (x86)/cypress/psoc creator/4.1/psoc creator/import/gnu/arm/5.4.1/bin/../lib/gcc/arm-none-eabi/5.4.1/../../../../arm-none-eabi/lib/armv6-m\libg_nano.a(lib_a-nano-mallocr.o)
 .debug_frame   0x00001bd4       0x2c c:/program files (x86)/cypress/psoc creator/4.1/psoc creator/import/gnu/arm/5.4.1/bin/../lib/gcc/arm-none-eabi/5.4.1/../../../../arm-none-eabi/lib/armv6-m\libg_nano.a(lib_a-sbrkr.o)
 .debug_frame   0x00001c00       0x30 c:/program files (x86)/cypress/psoc creator/4.1/psoc creator/import/gnu/arm/5.4.1/bin/../lib/gcc/arm-none-eabi/5.4.1/../../../../arm-none-eabi/lib/armv6-m\libg_nano.a(lib_a-mlock.o)
 .debug_frame   0x00001c30       0x48 c:/program files (x86)/cypress/psoc creator/4.1/psoc creator/import/gnu/arm/5.4.1/bin/../lib/gcc/arm-none-eabi/5.4.1/../../../../arm-none-eabi/lib/armv6-m\libg_nano.a(lib_a-reent.o)
 .debug_frame   0x00001c78       0x34 c:/program files (x86)/cypress/psoc creator/4.1/psoc creator/import/gnu/arm/5.4.1/bin/../lib/gcc/arm-none-eabi/5.4.1/armv6-m\libgcc.a(_muldi3.o)

.debug_str      0x00000000     0x21ee
 *(.debug_str)
 .debug_str     0x00000000      0x45a .\CortexM0\ARM_GCC_541\Debug\main.o
                                0x4c6 (size before relaxing)
 .debug_str     0x0000045a      0x1d2 .\CortexM0\ARM_GCC_541\Debug\cyfitter_cfg.o
                                0x386 (size before relaxing)
 .debug_str     0x0000062c       0x63 .\CortexM0\ARM_GCC_541\Debug\cymetadata.o
                                0x1d1 (size before relaxing)
 .debug_str     0x0000068f      0x13a .\CortexM0\ARM_GCC_541\Debug\Cm0Start.o
                                0x30a (size before relaxing)
 .debug_str     0x000007c9       0xa4 .\CortexM0\ARM_GCC_541\Debug\Hill_Climbing.a(LED_1.o)
                                0x23f (size before relaxing)
 .debug_str     0x0000086d      0x5a4 .\CortexM0\ARM_GCC_541\Debug\Hill_Climbing.a(CyLib.o)
                                0x7d7 (size before relaxing)
 .debug_str     0x00000e11      0x6e1 .\CortexM0\ARM_GCC_541\Debug\Hill_Climbing.a(CyLFClk.o)
                                0x926 (size before relaxing)
 .debug_str     0x000014f2      0x32b .\CortexM0\ARM_GCC_541\Debug\Hill_Climbing.a(CAN.o)
                                0x53f (size before relaxing)
 .debug_str     0x0000181d       0x84 .\CortexM0\ARM_GCC_541\Debug\Hill_Climbing.a(CAN_INT.o)
                                0x29c (size before relaxing)
 .debug_str     0x000018a1       0x71 .\CortexM0\ARM_GCC_541\Debug\Hill_Climbing.a(CAN_TX_RX_func.o)
                                0x33c (size before relaxing)
 .debug_str     0x00001912      0x101 .\CortexM0\ARM_GCC_541\Debug\Hill_Climbing.a(CAN_isr.o)
                                0x30f (size before relaxing)
 .debug_str     0x00001a13      0x191 .\CortexM0\ARM_GCC_541\Debug\Hill_Climbing.a(Timer_1.o)
                                0x35b (size before relaxing)
 .debug_str     0x00001ba4       0xcc .\CortexM0\ARM_GCC_541\Debug\Hill_Climbing.a(Timer.o)
                                0x2f3 (size before relaxing)
 .debug_str     0x00001c70      0x288 .\CortexM0\ARM_GCC_541\Debug\Hill_Climbing.a(SENSOR_U.o)
                                0x4c0 (size before relaxing)
 .debug_str     0x00001ef8       0x5b .\CortexM0\ARM_GCC_541\Debug\Hill_Climbing.a(SENSOR_U_INT.o)
                                0x274 (size before relaxing)
 .debug_str     0x00001f53       0xe2 .\CortexM0\ARM_GCC_541\Debug\Hill_Climbing.a(SENSOR_U_IntClock.o)
                                0x29c (size before relaxing)
 .debug_str     0x00002035      0x119 .\CortexM0\ARM_GCC_541\Debug\Hill_Climbing.a(Int_Serial.o)
                                0x339 (size before relaxing)
 .debug_str     0x0000214e       0xa0 .\CortexM0\ARM_GCC_541\Debug\Hill_Climbing.a(CyFlash.o)
                                0x2b9 (size before relaxing)

.debug_loc      0x00000000     0x2fd8
 *(.debug_loc)
 .debug_loc     0x00000000      0x48e .\CortexM0\ARM_GCC_541\Debug\main.o
 .debug_loc     0x0000048e      0x1fe .\CortexM0\ARM_GCC_541\Debug\cyfitter_cfg.o
 .debug_loc     0x0000068c      0x14f .\CortexM0\ARM_GCC_541\Debug\Cm0Start.o
 .debug_loc     0x000007db       0xa2 .\CortexM0\ARM_GCC_541\Debug\Hill_Climbing.a(LED_1.o)
 .debug_loc     0x0000087d      0x7c0 .\CortexM0\ARM_GCC_541\Debug\Hill_Climbing.a(CyLib.o)
 .debug_loc     0x0000103d      0xdb7 .\CortexM0\ARM_GCC_541\Debug\Hill_Climbing.a(CyLFClk.o)
 .debug_loc     0x00001df4      0xa5e .\CortexM0\ARM_GCC_541\Debug\Hill_Climbing.a(CAN.o)
 .debug_loc     0x00002852       0x54 .\CortexM0\ARM_GCC_541\Debug\Hill_Climbing.a(CAN_INT.o)
 .debug_loc     0x000028a6      0x1bd .\CortexM0\ARM_GCC_541\Debug\Hill_Climbing.a(CAN_TX_RX_func.o)
 .debug_loc     0x00002a63       0x82 .\CortexM0\ARM_GCC_541\Debug\Hill_Climbing.a(CAN_isr.o)
 .debug_loc     0x00002ae5       0x13 .\CortexM0\ARM_GCC_541\Debug\Hill_Climbing.a(Timer_1.o)
 .debug_loc     0x00002af8       0x82 .\CortexM0\ARM_GCC_541\Debug\Hill_Climbing.a(Timer.o)
 .debug_loc     0x00002b7a      0x1c1 .\CortexM0\ARM_GCC_541\Debug\Hill_Climbing.a(SENSOR_U.o)
 .debug_loc     0x00002d3b       0x45 .\CortexM0\ARM_GCC_541\Debug\Hill_Climbing.a(SENSOR_U_INT.o)
 .debug_loc     0x00002d80       0x76 .\CortexM0\ARM_GCC_541\Debug\Hill_Climbing.a(SENSOR_U_IntClock.o)
 .debug_loc     0x00002df6       0x82 .\CortexM0\ARM_GCC_541\Debug\Hill_Climbing.a(Int_Serial.o)
 .debug_loc     0x00002e78      0x160 .\CortexM0\ARM_GCC_541\Debug\Hill_Climbing.a(CyFlash.o)

.debug_macinfo
 *(.debug_macinfo)

.debug_ranges   0x00000000      0x878
 *(.debug_ranges)
 .debug_ranges  0x00000000       0xa8 .\CortexM0\ARM_GCC_541\Debug\main.o
 .debug_ranges  0x000000a8       0x38 .\CortexM0\ARM_GCC_541\Debug\cyfitter_cfg.o
 .debug_ranges  0x000000e0       0x38 .\CortexM0\ARM_GCC_541\Debug\Cm0Start.o
 .debug_ranges  0x00000118       0x38 .\CortexM0\ARM_GCC_541\Debug\Hill_Climbing.a(LED_1.o)
 .debug_ranges  0x00000150      0x1a8 .\CortexM0\ARM_GCC_541\Debug\Hill_Climbing.a(CyLib.o)
 .debug_ranges  0x000002f8      0x178 .\CortexM0\ARM_GCC_541\Debug\Hill_Climbing.a(CyLFClk.o)
 .debug_ranges  0x00000470       0xd8 .\CortexM0\ARM_GCC_541\Debug\Hill_Climbing.a(CAN.o)
 .debug_ranges  0x00000548       0x20 .\CortexM0\ARM_GCC_541\Debug\Hill_Climbing.a(CAN_INT.o)
 .debug_ranges  0x00000568       0x48 .\CortexM0\ARM_GCC_541\Debug\Hill_Climbing.a(CAN_TX_RX_func.o)
 .debug_ranges  0x000005b0       0x70 .\CortexM0\ARM_GCC_541\Debug\Hill_Climbing.a(CAN_isr.o)
 .debug_ranges  0x00000620       0x80 .\CortexM0\ARM_GCC_541\Debug\Hill_Climbing.a(Timer_1.o)
 .debug_ranges  0x000006a0       0x70 .\CortexM0\ARM_GCC_541\Debug\Hill_Climbing.a(Timer.o)
 .debug_ranges  0x00000710       0x88 .\CortexM0\ARM_GCC_541\Debug\Hill_Climbing.a(SENSOR_U.o)
 .debug_ranges  0x00000798       0x10 .\CortexM0\ARM_GCC_541\Debug\Hill_Climbing.a(SENSOR_U_INT.o)
 .debug_ranges  0x000007a8       0x30 .\CortexM0\ARM_GCC_541\Debug\Hill_Climbing.a(SENSOR_U_IntClock.o)
 .debug_ranges  0x000007d8       0x70 .\CortexM0\ARM_GCC_541\Debug\Hill_Climbing.a(Int_Serial.o)
 .debug_ranges  0x00000848       0x30 .\CortexM0\ARM_GCC_541\Debug\Hill_Climbing.a(CyFlash.o)

.comment        0x00000000       0x6e
 .comment       0x00000000       0x6e .\CortexM0\ARM_GCC_541\Debug\main.o
                                 0x6f (size before relaxing)
 .comment       0x0000006e       0x6f .\CortexM0\ARM_GCC_541\Debug\cyfitter_cfg.o
 .comment       0x0000006e       0x6f .\CortexM0\ARM_GCC_541\Debug\cymetadata.o
 .comment       0x0000006e       0x6f .\CortexM0\ARM_GCC_541\Debug\Cm0Start.o
 .comment       0x0000006e       0x6f .\CortexM0\ARM_GCC_541\Debug\Hill_Climbing.a(LED_1.o)
 .comment       0x0000006e       0x6f .\CortexM0\ARM_GCC_541\Debug\Hill_Climbing.a(CyLib.o)
 .comment       0x0000006e       0x6f .\CortexM0\ARM_GCC_541\Debug\Hill_Climbing.a(CyLFClk.o)
 .comment       0x0000006e       0x6f .\CortexM0\ARM_GCC_541\Debug\Hill_Climbing.a(CAN.o)
 .comment       0x0000006e       0x6f .\CortexM0\ARM_GCC_541\Debug\Hill_Climbing.a(CAN_INT.o)
 .comment       0x0000006e       0x6f .\CortexM0\ARM_GCC_541\Debug\Hill_Climbing.a(CAN_TX_RX_func.o)
 .comment       0x0000006e       0x6f .\CortexM0\ARM_GCC_541\Debug\Hill_Climbing.a(CAN_isr.o)
 .comment       0x0000006e       0x6f .\CortexM0\ARM_GCC_541\Debug\Hill_Climbing.a(Timer_1.o)
 .comment       0x0000006e       0x6f .\CortexM0\ARM_GCC_541\Debug\Hill_Climbing.a(Timer.o)
 .comment       0x0000006e       0x6f .\CortexM0\ARM_GCC_541\Debug\Hill_Climbing.a(SENSOR_U.o)
 .comment       0x0000006e       0x6f .\CortexM0\ARM_GCC_541\Debug\Hill_Climbing.a(SENSOR_U_INT.o)
 .comment       0x0000006e       0x6f .\CortexM0\ARM_GCC_541\Debug\Hill_Climbing.a(SENSOR_U_IntClock.o)
 .comment       0x0000006e       0x6f .\CortexM0\ARM_GCC_541\Debug\Hill_Climbing.a(Int_Serial.o)
 .comment       0x0000006e       0x6f .\CortexM0\ARM_GCC_541\Debug\Hill_Climbing.a(CyFlash.o)

.debug_weaknames
 *(.debug_weaknames)

.debug_funcnames
 *(.debug_funcnames)

.debug_typenames
 *(.debug_typenames)

.debug_varnames
 *(.debug_varnames)

.note.gnu.arm.ident
 *(.note.gnu.arm.ident)

.ARM.attributes
                0x00000000       0x28
 *(.ARM.attributes)
 .ARM.attributes
                0x00000000       0x1e c:/program files (x86)/cypress/psoc creator/4.1/psoc creator/import/gnu/arm/5.4.1/bin/../lib/gcc/arm-none-eabi/5.4.1/armv6-m/crti.o
 .ARM.attributes
                0x0000001e       0x2c c:/program files (x86)/cypress/psoc creator/4.1/psoc creator/import/gnu/arm/5.4.1/bin/../lib/gcc/arm-none-eabi/5.4.1/armv6-m/crtbegin.o
 .ARM.attributes
                0x0000004a       0x1b c:/program files (x86)/cypress/psoc creator/4.1/psoc creator/import/gnu/arm/5.4.1/bin/../lib/gcc/arm-none-eabi/5.4.1/../../../../arm-none-eabi/lib/armv6-m/crt0.o
 .ARM.attributes
                0x00000065       0x31 .\CortexM0\ARM_GCC_541\Debug\main.o
 .ARM.attributes
                0x00000096       0x31 .\CortexM0\ARM_GCC_541\Debug\cyfitter_cfg.o
 .ARM.attributes
                0x000000c7       0x31 .\CortexM0\ARM_GCC_541\Debug\cymetadata.o
 .ARM.attributes
                0x000000f8       0x31 .\CortexM0\ARM_GCC_541\Debug\Cm0Start.o
 .ARM.attributes
                0x00000129       0x31 .\CortexM0\ARM_GCC_541\Debug\Hill_Climbing.a(LED_1.o)
 .ARM.attributes
                0x0000015a       0x31 .\CortexM0\ARM_GCC_541\Debug\Hill_Climbing.a(CyLib.o)
 .ARM.attributes
                0x0000018b       0x31 .\CortexM0\ARM_GCC_541\Debug\Hill_Climbing.a(CyLFClk.o)
 .ARM.attributes
                0x000001bc       0x31 .\CortexM0\ARM_GCC_541\Debug\Hill_Climbing.a(CAN.o)
 .ARM.attributes
                0x000001ed       0x31 .\CortexM0\ARM_GCC_541\Debug\Hill_Climbing.a(CAN_INT.o)
 .ARM.attributes
                0x0000021e       0x31 .\CortexM0\ARM_GCC_541\Debug\Hill_Climbing.a(CAN_TX_RX_func.o)
 .ARM.attributes
                0x0000024f       0x31 .\CortexM0\ARM_GCC_541\Debug\Hill_Climbing.a(CAN_isr.o)
 .ARM.attributes
                0x00000280       0x31 .\CortexM0\ARM_GCC_541\Debug\Hill_Climbing.a(Timer_1.o)
 .ARM.attributes
                0x000002b1       0x31 .\CortexM0\ARM_GCC_541\Debug\Hill_Climbing.a(Timer.o)
 .ARM.attributes
                0x000002e2       0x31 .\CortexM0\ARM_GCC_541\Debug\Hill_Climbing.a(SENSOR_U.o)
 .ARM.attributes
                0x00000313       0x31 .\CortexM0\ARM_GCC_541\Debug\Hill_Climbing.a(SENSOR_U_INT.o)
 .ARM.attributes
                0x00000344       0x31 .\CortexM0\ARM_GCC_541\Debug\Hill_Climbing.a(SENSOR_U_IntClock.o)
 .ARM.attributes
                0x00000375       0x31 .\CortexM0\ARM_GCC_541\Debug\Hill_Climbing.a(Int_Serial.o)
 .ARM.attributes
                0x000003a6       0x21 .\CortexM0\ARM_GCC_541\Debug\Hill_Climbing.a(CyBootAsmGnu.o)
 .ARM.attributes
                0x000003c7       0x31 .\CortexM0\ARM_GCC_541\Debug\Hill_Climbing.a(CyFlash.o)
 .ARM.attributes
                0x000003f8       0x1e c:/program files (x86)/cypress/psoc creator/4.1/psoc creator/import/gnu/arm/5.4.1/bin/../lib/gcc/arm-none-eabi/5.4.1/armv6-m\libgcc.a(_udivsi3.o)
 .ARM.attributes
                0x00000416       0x1e c:/program files (x86)/cypress/psoc creator/4.1/psoc creator/import/gnu/arm/5.4.1/bin/../lib/gcc/arm-none-eabi/5.4.1/armv6-m\libgcc.a(_divsi3.o)
 .ARM.attributes
                0x00000434       0x1e c:/program files (x86)/cypress/psoc creator/4.1/psoc creator/import/gnu/arm/5.4.1/bin/../lib/gcc/arm-none-eabi/5.4.1/armv6-m\libgcc.a(_dvmd_tls.o)
 .ARM.attributes
                0x00000452       0x1e c:/program files (x86)/cypress/psoc creator/4.1/psoc creator/import/gnu/arm/5.4.1/bin/../lib/gcc/arm-none-eabi/5.4.1/armv6-m\libgcc.a(_arm_cmpsf2.o)
 .ARM.attributes
                0x00000470       0x2c c:/program files (x86)/cypress/psoc creator/4.1/psoc creator/import/gnu/arm/5.4.1/bin/../lib/gcc/arm-none-eabi/5.4.1/armv6-m\libgcc.a(addsf3.o)
 .ARM.attributes
                0x0000049c       0x2c c:/program files (x86)/cypress/psoc creator/4.1/psoc creator/import/gnu/arm/5.4.1/bin/../lib/gcc/arm-none-eabi/5.4.1/armv6-m\libgcc.a(eqsf2.o)
 .ARM.attributes
                0x000004c8       0x2c c:/program files (x86)/cypress/psoc creator/4.1/psoc creator/import/gnu/arm/5.4.1/bin/../lib/gcc/arm-none-eabi/5.4.1/armv6-m\libgcc.a(gesf2.o)
 .ARM.attributes
                0x000004f4       0x2c c:/program files (x86)/cypress/psoc creator/4.1/psoc creator/import/gnu/arm/5.4.1/bin/../lib/gcc/arm-none-eabi/5.4.1/armv6-m\libgcc.a(lesf2.o)
 .ARM.attributes
                0x00000520       0x2c c:/program files (x86)/cypress/psoc creator/4.1/psoc creator/import/gnu/arm/5.4.1/bin/../lib/gcc/arm-none-eabi/5.4.1/armv6-m\libgcc.a(mulsf3.o)
 .ARM.attributes
                0x0000054c       0x2c c:/program files (x86)/cypress/psoc creator/4.1/psoc creator/import/gnu/arm/5.4.1/bin/../lib/gcc/arm-none-eabi/5.4.1/armv6-m\libgcc.a(subsf3.o)
 .ARM.attributes
                0x00000578       0x2c c:/program files (x86)/cypress/psoc creator/4.1/psoc creator/import/gnu/arm/5.4.1/bin/../lib/gcc/arm-none-eabi/5.4.1/armv6-m\libgcc.a(fixsfsi.o)
 .ARM.attributes
                0x000005a4       0x2c c:/program files (x86)/cypress/psoc creator/4.1/psoc creator/import/gnu/arm/5.4.1/bin/../lib/gcc/arm-none-eabi/5.4.1/armv6-m\libgcc.a(floatunsisf.o)
 .ARM.attributes
                0x000005d0       0x2c c:/program files (x86)/cypress/psoc creator/4.1/psoc creator/import/gnu/arm/5.4.1/bin/../lib/gcc/arm-none-eabi/5.4.1/armv6-m\libgcc.a(adddf3.o)
 .ARM.attributes
                0x000005fc       0x2c c:/program files (x86)/cypress/psoc creator/4.1/psoc creator/import/gnu/arm/5.4.1/bin/../lib/gcc/arm-none-eabi/5.4.1/armv6-m\libgcc.a(muldf3.o)
 .ARM.attributes
                0x00000628       0x2c c:/program files (x86)/cypress/psoc creator/4.1/psoc creator/import/gnu/arm/5.4.1/bin/../lib/gcc/arm-none-eabi/5.4.1/armv6-m\libgcc.a(floatsidf.o)
 .ARM.attributes
                0x00000654       0x2c c:/program files (x86)/cypress/psoc creator/4.1/psoc creator/import/gnu/arm/5.4.1/bin/../lib/gcc/arm-none-eabi/5.4.1/armv6-m\libgcc.a(extendsfdf2.o)
 .ARM.attributes
                0x00000680       0x2c c:/program files (x86)/cypress/psoc creator/4.1/psoc creator/import/gnu/arm/5.4.1/bin/../lib/gcc/arm-none-eabi/5.4.1/armv6-m\libgcc.a(truncdfsf2.o)
 .ARM.attributes
                0x000006ac       0x1e c:/program files (x86)/cypress/psoc creator/4.1/psoc creator/import/gnu/arm/5.4.1/bin/../lib/gcc/arm-none-eabi/5.4.1/armv6-m\libgcc.a(_clzsi2.o)
 .ARM.attributes
                0x000006ca       0x2c c:/program files (x86)/cypress/psoc creator/4.1/psoc creator/import/gnu/arm/5.4.1/bin/../lib/gcc/arm-none-eabi/5.4.1/../../../../arm-none-eabi/lib/armv6-m\libg_nano.a(lib_a-errno.o)
 .ARM.attributes
                0x000006f6       0x2c c:/program files (x86)/cypress/psoc creator/4.1/psoc creator/import/gnu/arm/5.4.1/bin/../lib/gcc/arm-none-eabi/5.4.1/../../../../arm-none-eabi/lib/armv6-m\libg_nano.a(lib_a-exit.o)
 .ARM.attributes
                0x00000722       0x2c c:/program files (x86)/cypress/psoc creator/4.1/psoc creator/import/gnu/arm/5.4.1/bin/../lib/gcc/arm-none-eabi/5.4.1/../../../../arm-none-eabi/lib/armv6-m\libg_nano.a(lib_a-impure.o)
 .ARM.attributes
                0x0000074e       0x2c c:/program files (x86)/cypress/psoc creator/4.1/psoc creator/import/gnu/arm/5.4.1/bin/../lib/gcc/arm-none-eabi/5.4.1/../../../../arm-none-eabi/lib/armv6-m\libg_nano.a(lib_a-init.o)
 .ARM.attributes
                0x0000077a       0x2c c:/program files (x86)/cypress/psoc creator/4.1/psoc creator/import/gnu/arm/5.4.1/bin/../lib/gcc/arm-none-eabi/5.4.1/../../../../arm-none-eabi/lib/armv6-m\libg_nano.a(lib_a-memcpy-stub.o)
 .ARM.attributes
                0x000007a6       0x2c c:/program files (x86)/cypress/psoc creator/4.1/psoc creator/import/gnu/arm/5.4.1/bin/../lib/gcc/arm-none-eabi/5.4.1/../../../../arm-none-eabi/lib/armv6-m\libg_nano.a(lib_a-memset.o)
 .ARM.attributes
                0x000007d2       0x2c c:/program files (x86)/cypress/psoc creator/4.1/psoc creator/import/gnu/arm/5.4.1/bin/../lib/gcc/arm-none-eabi/5.4.1/../../../../arm-none-eabi/lib/armv6-m\libg_nano.a(lib_a-rand.o)
 .ARM.attributes
                0x000007fe       0x2c c:/program files (x86)/cypress/psoc creator/4.1/psoc creator/import/gnu/arm/5.4.1/bin/../lib/gcc/arm-none-eabi/5.4.1/../../../../arm-none-eabi/lib/armv6-m\libg_nano.a(lib_a-malloc.o)
 .ARM.attributes
                0x0000082a       0x2c c:/program files (x86)/cypress/psoc creator/4.1/psoc creator/import/gnu/arm/5.4.1/bin/../lib/gcc/arm-none-eabi/5.4.1/../../../../arm-none-eabi/lib/armv6-m\libg_nano.a(lib_a-nano-freer.o)
 .ARM.attributes
                0x00000856       0x2c c:/program files (x86)/cypress/psoc creator/4.1/psoc creator/import/gnu/arm/5.4.1/bin/../lib/gcc/arm-none-eabi/5.4.1/../../../../arm-none-eabi/lib/armv6-m\libg_nano.a(lib_a-nano-mallocr.o)
 .ARM.attributes
                0x00000882       0x2c c:/program files (x86)/cypress/psoc creator/4.1/psoc creator/import/gnu/arm/5.4.1/bin/../lib/gcc/arm-none-eabi/5.4.1/../../../../arm-none-eabi/lib/armv6-m\libg_nano.a(lib_a-sbrkr.o)
 .ARM.attributes
                0x000008ae       0x2c c:/program files (x86)/cypress/psoc creator/4.1/psoc creator/import/gnu/arm/5.4.1/bin/../lib/gcc/arm-none-eabi/5.4.1/../../../../arm-none-eabi/lib/armv6-m\libg_nano.a(lib_a-mlock.o)
 .ARM.attributes
                0x000008da       0x2c c:/program files (x86)/cypress/psoc creator/4.1/psoc creator/import/gnu/arm/5.4.1/bin/../lib/gcc/arm-none-eabi/5.4.1/../../../../arm-none-eabi/lib/armv6-m\libg_nano.a(lib_a-reent.o)
 .ARM.attributes
                0x00000906       0x2c c:/program files (x86)/cypress/psoc creator/4.1/psoc creator/import/gnu/arm/5.4.1/bin/../lib/gcc/arm-none-eabi/5.4.1/armv6-m\libgcc.a(_muldi3.o)
 .ARM.attributes
                0x00000932       0x2c c:/program files (x86)/cypress/psoc creator/4.1/psoc creator/import/gnu/arm/5.4.1/bin/../lib/gcc/arm-none-eabi/5.4.1/armv6-m/crtend.o
 .ARM.attributes
                0x0000095e       0x1e c:/program files (x86)/cypress/psoc creator/4.1/psoc creator/import/gnu/arm/5.4.1/bin/../lib/gcc/arm-none-eabi/5.4.1/armv6-m/crtn.o

/DISCARD/
 *(.note.GNU-stack)
OUTPUT(C:\Users\Henry Alberto\Desktop\Algoritmos_Optimizacion\Hill_Climbing.cydsn\CortexM0\ARM_GCC_541\Debug\Hill_Climbing.elf elf32-littlearm)
