ARM GAS  C:\Users\Andres\AppData\Local\Temp\cc70HyOj.s 			page 1


   1              		.cpu cortex-m0
   2              		.fpu softvfp
   3              		.eabi_attribute 20, 1
   4              		.eabi_attribute 21, 1
   5              		.eabi_attribute 23, 3
   6              		.eabi_attribute 24, 1
   7              		.eabi_attribute 25, 1
   8              		.eabi_attribute 26, 1
   9              		.eabi_attribute 30, 1
  10              		.eabi_attribute 34, 0
  11              		.eabi_attribute 18, 4
  12              		.code	16
  13              		.file	"CAN_INT.c"
  14              		.text
  15              	.Ltext0:
  16              		.cfi_sections	.debug_frame
  17              		.section	.text.CAN_BusOffIsr,"ax",%progbits
  18              		.align	2
  19              		.global	CAN_BusOffIsr
  20              		.code	16
  21              		.thumb_func
  22              		.type	CAN_BusOffIsr, %function
  23              	CAN_BusOffIsr:
  24              	.LFB1:
  25              		.file 1 "Generated_Source\\PSoC4\\CAN_INT.c"
   1:Generated_Source\PSoC4/CAN_INT.c **** /*******************************************************************************
   2:Generated_Source\PSoC4/CAN_INT.c **** * File Name: CAN_INT.c
   3:Generated_Source\PSoC4/CAN_INT.c **** * Version 3.0
   4:Generated_Source\PSoC4/CAN_INT.c **** *
   5:Generated_Source\PSoC4/CAN_INT.c **** * Description:
   6:Generated_Source\PSoC4/CAN_INT.c **** *  This file contains Interrupt Service Routine (ISR) for CAN Component.
   7:Generated_Source\PSoC4/CAN_INT.c **** *  The Interrupt handlers functions are generated accordingly to the PSoC
   8:Generated_Source\PSoC4/CAN_INT.c **** *  Creator Customizer inputs.
   9:Generated_Source\PSoC4/CAN_INT.c **** *
  10:Generated_Source\PSoC4/CAN_INT.c **** * Note:
  11:Generated_Source\PSoC4/CAN_INT.c **** *  None
  12:Generated_Source\PSoC4/CAN_INT.c **** *
  13:Generated_Source\PSoC4/CAN_INT.c **** ********************************************************************************
  14:Generated_Source\PSoC4/CAN_INT.c **** * Copyright 2008-2015, Cypress Semiconductor Corporation.  All rights reserved.
  15:Generated_Source\PSoC4/CAN_INT.c **** * You may use this file only in accordance with the license, terms, conditions,
  16:Generated_Source\PSoC4/CAN_INT.c **** * disclaimers, and limitations in the end user license agreement accompanying
  17:Generated_Source\PSoC4/CAN_INT.c **** * the software package with which this file was provided.
  18:Generated_Source\PSoC4/CAN_INT.c **** *******************************************************************************/
  19:Generated_Source\PSoC4/CAN_INT.c **** 
  20:Generated_Source\PSoC4/CAN_INT.c **** #include "CAN.h"
  21:Generated_Source\PSoC4/CAN_INT.c **** #include "cyapicallbacks.h"
  22:Generated_Source\PSoC4/CAN_INT.c **** 
  23:Generated_Source\PSoC4/CAN_INT.c **** /* `#START CAN_INT_C_CODE_DEFINITION` */
  24:Generated_Source\PSoC4/CAN_INT.c **** 
  25:Generated_Source\PSoC4/CAN_INT.c **** /* `#END` */
  26:Generated_Source\PSoC4/CAN_INT.c **** 
  27:Generated_Source\PSoC4/CAN_INT.c **** #if (CAN_ARB_LOST)
  28:Generated_Source\PSoC4/CAN_INT.c ****     /*******************************************************************************
  29:Generated_Source\PSoC4/CAN_INT.c ****     * FUNCTION NAME:   CAN_ArbLostIsr
  30:Generated_Source\PSoC4/CAN_INT.c ****     ********************************************************************************
  31:Generated_Source\PSoC4/CAN_INT.c ****     *
  32:Generated_Source\PSoC4/CAN_INT.c ****     * Summary:
ARM GAS  C:\Users\Andres\AppData\Local\Temp\cc70HyOj.s 			page 2


  33:Generated_Source\PSoC4/CAN_INT.c ****     *  This function is entry point to Arbitration Lost Interrupt. Clears
  34:Generated_Source\PSoC4/CAN_INT.c ****     *  Arbitration Lost interrupt flag. Only generated if Arbitration Lost
  35:Generated_Source\PSoC4/CAN_INT.c ****     *  Interrupt enable in Customizer.
  36:Generated_Source\PSoC4/CAN_INT.c ****     *
  37:Generated_Source\PSoC4/CAN_INT.c ****     * Parameters:
  38:Generated_Source\PSoC4/CAN_INT.c ****     *  None.
  39:Generated_Source\PSoC4/CAN_INT.c ****     *
  40:Generated_Source\PSoC4/CAN_INT.c ****     * Return:
  41:Generated_Source\PSoC4/CAN_INT.c ****     *  None.
  42:Generated_Source\PSoC4/CAN_INT.c ****     *
  43:Generated_Source\PSoC4/CAN_INT.c ****     * Reentrant:
  44:Generated_Source\PSoC4/CAN_INT.c ****     *  Depends on Customer code.
  45:Generated_Source\PSoC4/CAN_INT.c ****     *
  46:Generated_Source\PSoC4/CAN_INT.c ****     *******************************************************************************/
  47:Generated_Source\PSoC4/CAN_INT.c ****     void CAN_ArbLostIsr(void) 
  48:Generated_Source\PSoC4/CAN_INT.c ****     {
  49:Generated_Source\PSoC4/CAN_INT.c ****         /* Clear Arbitration Lost flag */
  50:Generated_Source\PSoC4/CAN_INT.c ****         CAN_INT_SR_REG = CAN_ARBITRATION_LOST_MASK;
  51:Generated_Source\PSoC4/CAN_INT.c **** 
  52:Generated_Source\PSoC4/CAN_INT.c ****         /* `#START ARBITRATION_LOST_ISR` */
  53:Generated_Source\PSoC4/CAN_INT.c **** 
  54:Generated_Source\PSoC4/CAN_INT.c ****         /* `#END` */
  55:Generated_Source\PSoC4/CAN_INT.c **** 
  56:Generated_Source\PSoC4/CAN_INT.c ****         #ifdef CAN_ARB_LOST_ISR_CALLBACK
  57:Generated_Source\PSoC4/CAN_INT.c ****             CAN_ArbLostIsr_Callback();
  58:Generated_Source\PSoC4/CAN_INT.c ****         #endif /* CAN_ARB_LOST_ISR_CALLBACK */
  59:Generated_Source\PSoC4/CAN_INT.c ****     }
  60:Generated_Source\PSoC4/CAN_INT.c **** #endif /* CAN_ARB_LOST */
  61:Generated_Source\PSoC4/CAN_INT.c **** 
  62:Generated_Source\PSoC4/CAN_INT.c **** 
  63:Generated_Source\PSoC4/CAN_INT.c **** #if (CAN_OVERLOAD)
  64:Generated_Source\PSoC4/CAN_INT.c ****     /*******************************************************************************
  65:Generated_Source\PSoC4/CAN_INT.c ****     * FUNCTION NAME:   CAN_OvrLdErrorIsr
  66:Generated_Source\PSoC4/CAN_INT.c ****     ********************************************************************************
  67:Generated_Source\PSoC4/CAN_INT.c ****     *
  68:Generated_Source\PSoC4/CAN_INT.c ****     * Summary:
  69:Generated_Source\PSoC4/CAN_INT.c ****     *  This function is entry point to Overload Error Interrupt. Clears Overload
  70:Generated_Source\PSoC4/CAN_INT.c ****     *  Error interrupt flag. Only generated if Overload Error Interrupt enable
  71:Generated_Source\PSoC4/CAN_INT.c ****     *  in Customizer.
  72:Generated_Source\PSoC4/CAN_INT.c ****     *
  73:Generated_Source\PSoC4/CAN_INT.c ****     * Parameters:
  74:Generated_Source\PSoC4/CAN_INT.c ****     *  None.
  75:Generated_Source\PSoC4/CAN_INT.c ****     *
  76:Generated_Source\PSoC4/CAN_INT.c ****     * Return:
  77:Generated_Source\PSoC4/CAN_INT.c ****     *  None.
  78:Generated_Source\PSoC4/CAN_INT.c ****     *
  79:Generated_Source\PSoC4/CAN_INT.c ****     * Reentrant:
  80:Generated_Source\PSoC4/CAN_INT.c ****     *  Depends on Customer code.
  81:Generated_Source\PSoC4/CAN_INT.c ****     *
  82:Generated_Source\PSoC4/CAN_INT.c ****     *******************************************************************************/
  83:Generated_Source\PSoC4/CAN_INT.c ****     void CAN_OvrLdErrorIsr(void) 
  84:Generated_Source\PSoC4/CAN_INT.c ****     {
  85:Generated_Source\PSoC4/CAN_INT.c ****         /* Clear Overload Error flag */
  86:Generated_Source\PSoC4/CAN_INT.c ****         CAN_INT_SR_REG = CAN_OVERLOAD_ERROR_MASK;
  87:Generated_Source\PSoC4/CAN_INT.c **** 
  88:Generated_Source\PSoC4/CAN_INT.c ****         /* `#START OVER_LOAD_ERROR_ISR` */
  89:Generated_Source\PSoC4/CAN_INT.c **** 
ARM GAS  C:\Users\Andres\AppData\Local\Temp\cc70HyOj.s 			page 3


  90:Generated_Source\PSoC4/CAN_INT.c ****         /* `#END` */
  91:Generated_Source\PSoC4/CAN_INT.c **** 
  92:Generated_Source\PSoC4/CAN_INT.c ****         #ifdef CAN_OVR_LD_ERROR_ISR_CALLBACK
  93:Generated_Source\PSoC4/CAN_INT.c ****             CAN_OvrLdErrorIsr_Callback();
  94:Generated_Source\PSoC4/CAN_INT.c ****         #endif /* CAN_OVR_LD_ERROR_ISR_CALLBACK */
  95:Generated_Source\PSoC4/CAN_INT.c ****     }
  96:Generated_Source\PSoC4/CAN_INT.c **** #endif /* CAN_OVERLOAD */
  97:Generated_Source\PSoC4/CAN_INT.c **** 
  98:Generated_Source\PSoC4/CAN_INT.c **** 
  99:Generated_Source\PSoC4/CAN_INT.c **** #if (CAN_BIT_ERR)
 100:Generated_Source\PSoC4/CAN_INT.c ****     /*******************************************************************************
 101:Generated_Source\PSoC4/CAN_INT.c ****     * FUNCTION NAME:   CAN_BitErrorIsr
 102:Generated_Source\PSoC4/CAN_INT.c ****     ********************************************************************************
 103:Generated_Source\PSoC4/CAN_INT.c ****     *
 104:Generated_Source\PSoC4/CAN_INT.c ****     * Summary:
 105:Generated_Source\PSoC4/CAN_INT.c ****     *  This function is entry point to Bit Error Interrupt. Clears Bit Error
 106:Generated_Source\PSoC4/CAN_INT.c ****     *  interrupt flag. Only generated if Bit Error Interrupt enable in Customizer.
 107:Generated_Source\PSoC4/CAN_INT.c ****     *
 108:Generated_Source\PSoC4/CAN_INT.c ****     * Parameters:
 109:Generated_Source\PSoC4/CAN_INT.c ****     *  None.
 110:Generated_Source\PSoC4/CAN_INT.c ****     *
 111:Generated_Source\PSoC4/CAN_INT.c ****     * Return:
 112:Generated_Source\PSoC4/CAN_INT.c ****     *  None.
 113:Generated_Source\PSoC4/CAN_INT.c ****     *
 114:Generated_Source\PSoC4/CAN_INT.c ****     * Reentrant:
 115:Generated_Source\PSoC4/CAN_INT.c ****     *  Depends on Customer code.
 116:Generated_Source\PSoC4/CAN_INT.c ****     *
 117:Generated_Source\PSoC4/CAN_INT.c ****     *******************************************************************************/
 118:Generated_Source\PSoC4/CAN_INT.c ****     void CAN_BitErrorIsr(void) 
 119:Generated_Source\PSoC4/CAN_INT.c ****     {
 120:Generated_Source\PSoC4/CAN_INT.c ****         /* Clear Bit Error flag */
 121:Generated_Source\PSoC4/CAN_INT.c ****         CAN_INT_SR_REG = CAN_BIT_ERROR_MASK;
 122:Generated_Source\PSoC4/CAN_INT.c **** 
 123:Generated_Source\PSoC4/CAN_INT.c ****         /* `#START BIT_ERROR_ISR` */
 124:Generated_Source\PSoC4/CAN_INT.c **** 
 125:Generated_Source\PSoC4/CAN_INT.c ****         /* `#END` */
 126:Generated_Source\PSoC4/CAN_INT.c **** 
 127:Generated_Source\PSoC4/CAN_INT.c ****         #ifdef CAN_BIT_ERROR_ISR_CALLBACK
 128:Generated_Source\PSoC4/CAN_INT.c ****             CAN_BitErrorIsr_Callback();
 129:Generated_Source\PSoC4/CAN_INT.c ****         #endif /* CAN_BIT_ERROR_ISR_CALLBACK */
 130:Generated_Source\PSoC4/CAN_INT.c ****     }
 131:Generated_Source\PSoC4/CAN_INT.c **** #endif /* CAN_BIT_ERR */
 132:Generated_Source\PSoC4/CAN_INT.c **** 
 133:Generated_Source\PSoC4/CAN_INT.c **** 
 134:Generated_Source\PSoC4/CAN_INT.c **** #if (CAN_STUFF_ERR)
 135:Generated_Source\PSoC4/CAN_INT.c ****     /*******************************************************************************
 136:Generated_Source\PSoC4/CAN_INT.c ****     * FUNCTION NAME:   CAN_BitStuffErrorIsr
 137:Generated_Source\PSoC4/CAN_INT.c ****     ********************************************************************************
 138:Generated_Source\PSoC4/CAN_INT.c ****     *
 139:Generated_Source\PSoC4/CAN_INT.c ****     * Summary:
 140:Generated_Source\PSoC4/CAN_INT.c ****     *  This function is entry point to Bit Stuff Error Interrupt. Clears Bit Stuff
 141:Generated_Source\PSoC4/CAN_INT.c ****     *  Error interrupt flag. Only generated if Bit Stuff Error Interrupt enable
 142:Generated_Source\PSoC4/CAN_INT.c ****     *  in Customizer.
 143:Generated_Source\PSoC4/CAN_INT.c ****     *
 144:Generated_Source\PSoC4/CAN_INT.c ****     * Parameters:
 145:Generated_Source\PSoC4/CAN_INT.c ****     *  None.
 146:Generated_Source\PSoC4/CAN_INT.c ****     *
ARM GAS  C:\Users\Andres\AppData\Local\Temp\cc70HyOj.s 			page 4


 147:Generated_Source\PSoC4/CAN_INT.c ****     * Return:
 148:Generated_Source\PSoC4/CAN_INT.c ****     *  None.
 149:Generated_Source\PSoC4/CAN_INT.c ****     *
 150:Generated_Source\PSoC4/CAN_INT.c ****     * Reentrant:
 151:Generated_Source\PSoC4/CAN_INT.c ****     *  Depends on Customer code.
 152:Generated_Source\PSoC4/CAN_INT.c ****     *
 153:Generated_Source\PSoC4/CAN_INT.c ****     *******************************************************************************/
 154:Generated_Source\PSoC4/CAN_INT.c ****     void CAN_BitStuffErrorIsr(void) 
 155:Generated_Source\PSoC4/CAN_INT.c ****     {
 156:Generated_Source\PSoC4/CAN_INT.c ****         /* Clear Stuff Error flag */
 157:Generated_Source\PSoC4/CAN_INT.c ****         CAN_INT_SR_REG = CAN_STUFF_ERROR_MASK;
 158:Generated_Source\PSoC4/CAN_INT.c **** 
 159:Generated_Source\PSoC4/CAN_INT.c ****         /* `#START BIT_STUFF_ERROR_ISR` */
 160:Generated_Source\PSoC4/CAN_INT.c **** 
 161:Generated_Source\PSoC4/CAN_INT.c ****         /* `#END` */
 162:Generated_Source\PSoC4/CAN_INT.c **** 
 163:Generated_Source\PSoC4/CAN_INT.c ****         #ifdef CAN_BIT_STUFF_ERROR_ISR_CALLBACK
 164:Generated_Source\PSoC4/CAN_INT.c ****             CAN_BitStuffErrorIsr_Callback();
 165:Generated_Source\PSoC4/CAN_INT.c ****         #endif /* CAN_BIT_STUFF_ERROR_ISR_CALLBACK */
 166:Generated_Source\PSoC4/CAN_INT.c ****     }
 167:Generated_Source\PSoC4/CAN_INT.c **** #endif /* CAN_STUFF_ERR */
 168:Generated_Source\PSoC4/CAN_INT.c **** 
 169:Generated_Source\PSoC4/CAN_INT.c **** 
 170:Generated_Source\PSoC4/CAN_INT.c **** #if (CAN_ACK_ERR)
 171:Generated_Source\PSoC4/CAN_INT.c ****     /*******************************************************************************
 172:Generated_Source\PSoC4/CAN_INT.c ****     * FUNCTION NAME:   CAN_AckErrorIsr
 173:Generated_Source\PSoC4/CAN_INT.c ****     ********************************************************************************
 174:Generated_Source\PSoC4/CAN_INT.c ****     *
 175:Generated_Source\PSoC4/CAN_INT.c ****     * Summary:
 176:Generated_Source\PSoC4/CAN_INT.c ****     *  This function is entry point to Acknowledge Error Interrupt. Clears
 177:Generated_Source\PSoC4/CAN_INT.c ****     *  Acknowledge Error interrupt flag. Only generated if Acknowledge Error
 178:Generated_Source\PSoC4/CAN_INT.c ****     *  Interrupt enable in Customizer.
 179:Generated_Source\PSoC4/CAN_INT.c ****     *
 180:Generated_Source\PSoC4/CAN_INT.c ****     * Parameters:
 181:Generated_Source\PSoC4/CAN_INT.c ****     *  None.
 182:Generated_Source\PSoC4/CAN_INT.c ****     *
 183:Generated_Source\PSoC4/CAN_INT.c ****     * Return:
 184:Generated_Source\PSoC4/CAN_INT.c ****     *  None.
 185:Generated_Source\PSoC4/CAN_INT.c ****     *
 186:Generated_Source\PSoC4/CAN_INT.c ****     * Reentrant:
 187:Generated_Source\PSoC4/CAN_INT.c ****     *  Depends on Customer code.
 188:Generated_Source\PSoC4/CAN_INT.c ****     *
 189:Generated_Source\PSoC4/CAN_INT.c ****     *******************************************************************************/
 190:Generated_Source\PSoC4/CAN_INT.c ****     void CAN_AckErrorIsr(void) 
 191:Generated_Source\PSoC4/CAN_INT.c ****     {
 192:Generated_Source\PSoC4/CAN_INT.c ****         /* Clear Acknoledge Error flag */
 193:Generated_Source\PSoC4/CAN_INT.c ****         CAN_INT_SR_REG = CAN_ACK_ERROR_MASK;
 194:Generated_Source\PSoC4/CAN_INT.c **** 
 195:Generated_Source\PSoC4/CAN_INT.c ****         /* `#START ACKNOWLEDGE_ERROR_ISR` */
 196:Generated_Source\PSoC4/CAN_INT.c **** 
 197:Generated_Source\PSoC4/CAN_INT.c ****         /* `#END` */
 198:Generated_Source\PSoC4/CAN_INT.c **** 
 199:Generated_Source\PSoC4/CAN_INT.c ****         #ifdef CAN_ACK_ERROR_ISR_CALLBACK
 200:Generated_Source\PSoC4/CAN_INT.c ****             CAN_AckErrorIsr_Callback();
 201:Generated_Source\PSoC4/CAN_INT.c ****         #endif /* CAN_ACK_ERROR_ISR_CALLBACK */
 202:Generated_Source\PSoC4/CAN_INT.c ****     }
 203:Generated_Source\PSoC4/CAN_INT.c **** #endif /* CAN_ACK_ERR */
ARM GAS  C:\Users\Andres\AppData\Local\Temp\cc70HyOj.s 			page 5


 204:Generated_Source\PSoC4/CAN_INT.c **** 
 205:Generated_Source\PSoC4/CAN_INT.c **** 
 206:Generated_Source\PSoC4/CAN_INT.c **** #if (CAN_FORM_ERR)
 207:Generated_Source\PSoC4/CAN_INT.c ****     /*******************************************************************************
 208:Generated_Source\PSoC4/CAN_INT.c ****     * FUNCTION NAME:   CAN_MsgErrorIsr
 209:Generated_Source\PSoC4/CAN_INT.c ****     ********************************************************************************
 210:Generated_Source\PSoC4/CAN_INT.c ****     *
 211:Generated_Source\PSoC4/CAN_INT.c ****     * Summary:
 212:Generated_Source\PSoC4/CAN_INT.c ****     *  This function is entry point to Form Error Interrupt. Clears Form Error
 213:Generated_Source\PSoC4/CAN_INT.c ****     *  interrupt flag. Only generated if Form Error Interrupt enable in Customizer.
 214:Generated_Source\PSoC4/CAN_INT.c ****     *
 215:Generated_Source\PSoC4/CAN_INT.c ****     * Parameters:
 216:Generated_Source\PSoC4/CAN_INT.c ****     *  None.
 217:Generated_Source\PSoC4/CAN_INT.c ****     *
 218:Generated_Source\PSoC4/CAN_INT.c ****     * Return:
 219:Generated_Source\PSoC4/CAN_INT.c ****     *  None.
 220:Generated_Source\PSoC4/CAN_INT.c ****     *
 221:Generated_Source\PSoC4/CAN_INT.c ****     * Reentrant:
 222:Generated_Source\PSoC4/CAN_INT.c ****     *  Depends on Customer code.
 223:Generated_Source\PSoC4/CAN_INT.c ****     *
 224:Generated_Source\PSoC4/CAN_INT.c ****     *******************************************************************************/
 225:Generated_Source\PSoC4/CAN_INT.c ****     void CAN_MsgErrorIsr(void) 
 226:Generated_Source\PSoC4/CAN_INT.c ****     {
 227:Generated_Source\PSoC4/CAN_INT.c ****         /* Clear Form Error flag */
 228:Generated_Source\PSoC4/CAN_INT.c ****         CAN_INT_SR_REG = CAN_FORM_ERROR_MASK;
 229:Generated_Source\PSoC4/CAN_INT.c **** 
 230:Generated_Source\PSoC4/CAN_INT.c ****         /* `#START MESSAGE_ERROR_ISR` */
 231:Generated_Source\PSoC4/CAN_INT.c **** 
 232:Generated_Source\PSoC4/CAN_INT.c ****         /* `#END` */
 233:Generated_Source\PSoC4/CAN_INT.c **** 
 234:Generated_Source\PSoC4/CAN_INT.c ****         #ifdef CAN_MSG_ERROR_ISR_CALLBACK
 235:Generated_Source\PSoC4/CAN_INT.c ****             CAN_MsgErrorIsr_Callback();
 236:Generated_Source\PSoC4/CAN_INT.c ****         #endif /* CAN_MSG_ERROR_ISR_CALLBACK */
 237:Generated_Source\PSoC4/CAN_INT.c ****     }
 238:Generated_Source\PSoC4/CAN_INT.c **** #endif /* CAN_FORM_ERR */
 239:Generated_Source\PSoC4/CAN_INT.c **** 
 240:Generated_Source\PSoC4/CAN_INT.c **** 
 241:Generated_Source\PSoC4/CAN_INT.c **** #if (CAN_CRC_ERR)
 242:Generated_Source\PSoC4/CAN_INT.c ****     /*******************************************************************************
 243:Generated_Source\PSoC4/CAN_INT.c ****     * FUNCTION NAME:   CAN_CrcErrorIsr
 244:Generated_Source\PSoC4/CAN_INT.c ****     ********************************************************************************
 245:Generated_Source\PSoC4/CAN_INT.c ****     *
 246:Generated_Source\PSoC4/CAN_INT.c ****     * Summary:
 247:Generated_Source\PSoC4/CAN_INT.c ****     *  This function is entry point to CRC Error Interrupt. Clears CRC Error
 248:Generated_Source\PSoC4/CAN_INT.c ****     *  interrupt flag. Only generated if CRC Error Interrupt enable in Customizer.
 249:Generated_Source\PSoC4/CAN_INT.c ****     *
 250:Generated_Source\PSoC4/CAN_INT.c ****     * Parameters:
 251:Generated_Source\PSoC4/CAN_INT.c ****     *  None.
 252:Generated_Source\PSoC4/CAN_INT.c ****     *
 253:Generated_Source\PSoC4/CAN_INT.c ****     * Return:
 254:Generated_Source\PSoC4/CAN_INT.c ****     *  None.
 255:Generated_Source\PSoC4/CAN_INT.c ****     *
 256:Generated_Source\PSoC4/CAN_INT.c ****     * Reentrant:
 257:Generated_Source\PSoC4/CAN_INT.c ****     *  Depends on Customer code.
 258:Generated_Source\PSoC4/CAN_INT.c ****     *
 259:Generated_Source\PSoC4/CAN_INT.c ****     *******************************************************************************/
 260:Generated_Source\PSoC4/CAN_INT.c ****     void CAN_CrcErrorIsr(void) 
ARM GAS  C:\Users\Andres\AppData\Local\Temp\cc70HyOj.s 			page 6


 261:Generated_Source\PSoC4/CAN_INT.c ****     {
 262:Generated_Source\PSoC4/CAN_INT.c ****         /* Clear CRC Error flag */
 263:Generated_Source\PSoC4/CAN_INT.c ****         CAN_INT_SR_REG = CAN_CRC_ERROR_MASK;
 264:Generated_Source\PSoC4/CAN_INT.c **** 
 265:Generated_Source\PSoC4/CAN_INT.c ****         /* `#START CRC_ERROR_ISR` */
 266:Generated_Source\PSoC4/CAN_INT.c **** 
 267:Generated_Source\PSoC4/CAN_INT.c ****         /* `#END` */
 268:Generated_Source\PSoC4/CAN_INT.c **** 
 269:Generated_Source\PSoC4/CAN_INT.c ****         #ifdef CAN_CRC_ERROR_ISR_CALLBACK
 270:Generated_Source\PSoC4/CAN_INT.c ****             CAN_CrcErrorIsr_Callback();
 271:Generated_Source\PSoC4/CAN_INT.c ****         #endif /* CAN_CRC_ERROR_ISR_CALLBACK */
 272:Generated_Source\PSoC4/CAN_INT.c ****     }
 273:Generated_Source\PSoC4/CAN_INT.c **** #endif /* CAN_CRC_ERR */
 274:Generated_Source\PSoC4/CAN_INT.c **** 
 275:Generated_Source\PSoC4/CAN_INT.c **** 
 276:Generated_Source\PSoC4/CAN_INT.c **** #if (CAN_BUS_OFF)
 277:Generated_Source\PSoC4/CAN_INT.c ****     /*******************************************************************************
 278:Generated_Source\PSoC4/CAN_INT.c ****     * FUNCTION NAME:   CAN_BusOffIsr
 279:Generated_Source\PSoC4/CAN_INT.c ****     ********************************************************************************
 280:Generated_Source\PSoC4/CAN_INT.c ****     *
 281:Generated_Source\PSoC4/CAN_INT.c ****     * Summary:
 282:Generated_Source\PSoC4/CAN_INT.c ****     *  This function is entry point to Bus Off Interrupt. Places CAN Component
 283:Generated_Source\PSoC4/CAN_INT.c ****     *  to Stop mode. Only generated if Bus Off Interrupt enable in Customizer.
 284:Generated_Source\PSoC4/CAN_INT.c ****     *  Recommended setting to enable this interrupt.
 285:Generated_Source\PSoC4/CAN_INT.c ****     *
 286:Generated_Source\PSoC4/CAN_INT.c ****     * Parameters:
 287:Generated_Source\PSoC4/CAN_INT.c ****     *  None.
 288:Generated_Source\PSoC4/CAN_INT.c ****     *
 289:Generated_Source\PSoC4/CAN_INT.c ****     * Return:
 290:Generated_Source\PSoC4/CAN_INT.c ****     *  None.
 291:Generated_Source\PSoC4/CAN_INT.c ****     *
 292:Generated_Source\PSoC4/CAN_INT.c ****     * Side Effects:
 293:Generated_Source\PSoC4/CAN_INT.c ****     *  Stops CAN component operation.
 294:Generated_Source\PSoC4/CAN_INT.c ****     *
 295:Generated_Source\PSoC4/CAN_INT.c ****     *******************************************************************************/
 296:Generated_Source\PSoC4/CAN_INT.c ****     void CAN_BusOffIsr(void) 
 297:Generated_Source\PSoC4/CAN_INT.c ****     {
  26              		.loc 1 297 0
  27              		.cfi_startproc
  28 0000 08B5     		push	{r3, lr}
  29              		.cfi_def_cfa_offset 8
  30              		.cfi_offset 3, -8
  31              		.cfi_offset 14, -4
 298:Generated_Source\PSoC4/CAN_INT.c ****         /* Clear Bus Off flag */
 299:Generated_Source\PSoC4/CAN_INT.c ****         CAN_INT_SR_REG = CAN_BUS_OFF_MASK;
  32              		.loc 1 299 0
  33 0002 8022     		mov	r2, #128
  34 0004 9200     		lsl	r2, r2, #2
  35 0006 024B     		ldr	r3, .L2
  36 0008 1A60     		str	r2, [r3]
 300:Generated_Source\PSoC4/CAN_INT.c **** 
 301:Generated_Source\PSoC4/CAN_INT.c ****         /* `#START BUS_OFF_ISR` */
 302:Generated_Source\PSoC4/CAN_INT.c **** 
 303:Generated_Source\PSoC4/CAN_INT.c ****         /* `#END` */
 304:Generated_Source\PSoC4/CAN_INT.c **** 
 305:Generated_Source\PSoC4/CAN_INT.c ****         #ifdef CAN_BUS_OFF_ISR_CALLBACK
 306:Generated_Source\PSoC4/CAN_INT.c ****             CAN_BusOffIsr_Callback();
ARM GAS  C:\Users\Andres\AppData\Local\Temp\cc70HyOj.s 			page 7


 307:Generated_Source\PSoC4/CAN_INT.c ****         #endif /* CAN_BUS_OFF_ISR_CALLBACK */
 308:Generated_Source\PSoC4/CAN_INT.c **** 
 309:Generated_Source\PSoC4/CAN_INT.c ****         (void) CAN_Stop();
  37              		.loc 1 309 0
  38 000a FFF7FEFF 		bl	CAN_Stop
  39              	.LVL0:
 310:Generated_Source\PSoC4/CAN_INT.c ****     }
  40              		.loc 1 310 0
  41              		@ sp needed
  42 000e 08BD     		pop	{r3, pc}
  43              	.L3:
  44              		.align	2
  45              	.L2:
  46 0010 00002E40 		.word	1076756480
  47              		.cfi_endproc
  48              	.LFE1:
  49              		.size	CAN_BusOffIsr, .-CAN_BusOffIsr
  50              		.section	.text.CAN_MsgRXIsr,"ax",%progbits
  51              		.align	2
  52              		.global	CAN_MsgRXIsr
  53              		.code	16
  54              		.thumb_func
  55              		.type	CAN_MsgRXIsr, %function
  56              	CAN_MsgRXIsr:
  57              	.LFB2:
 311:Generated_Source\PSoC4/CAN_INT.c **** #endif /* CAN_BUS_OFF */
 312:Generated_Source\PSoC4/CAN_INT.c **** 
 313:Generated_Source\PSoC4/CAN_INT.c **** 
 314:Generated_Source\PSoC4/CAN_INT.c **** #if (CAN_RX_MSG_LOST)
 315:Generated_Source\PSoC4/CAN_INT.c ****     /*******************************************************************************
 316:Generated_Source\PSoC4/CAN_INT.c ****     * FUNCTION NAME:   CAN_MsgLostIsr
 317:Generated_Source\PSoC4/CAN_INT.c ****     ********************************************************************************
 318:Generated_Source\PSoC4/CAN_INT.c ****     *
 319:Generated_Source\PSoC4/CAN_INT.c ****     * Summary:
 320:Generated_Source\PSoC4/CAN_INT.c ****     *  This function is entry point to Message Lost Interrupt. Clears Message Lost
 321:Generated_Source\PSoC4/CAN_INT.c ****     *  interrupt flag. Only generated if Message Lost Interrupt enable in Customizer
 322:Generated_Source\PSoC4/CAN_INT.c ****     *
 323:Generated_Source\PSoC4/CAN_INT.c ****     * Parameters:
 324:Generated_Source\PSoC4/CAN_INT.c ****     *  None.
 325:Generated_Source\PSoC4/CAN_INT.c ****     *
 326:Generated_Source\PSoC4/CAN_INT.c ****     * Return:
 327:Generated_Source\PSoC4/CAN_INT.c ****     *  None.
 328:Generated_Source\PSoC4/CAN_INT.c ****     *
 329:Generated_Source\PSoC4/CAN_INT.c ****     * Reentrant:
 330:Generated_Source\PSoC4/CAN_INT.c ****     *  Depends on Customer code.
 331:Generated_Source\PSoC4/CAN_INT.c ****     *
 332:Generated_Source\PSoC4/CAN_INT.c ****     *******************************************************************************/
 333:Generated_Source\PSoC4/CAN_INT.c ****     void CAN_MsgLostIsr(void) 
 334:Generated_Source\PSoC4/CAN_INT.c ****     {
 335:Generated_Source\PSoC4/CAN_INT.c ****         /* Clear Receive Message Lost flag */
 336:Generated_Source\PSoC4/CAN_INT.c ****         CAN_INT_SR_REG = CAN_RX_MSG_LOST_MASK;
 337:Generated_Source\PSoC4/CAN_INT.c **** 
 338:Generated_Source\PSoC4/CAN_INT.c ****         /* `#START MESSAGE_LOST_ISR` */
 339:Generated_Source\PSoC4/CAN_INT.c **** 
 340:Generated_Source\PSoC4/CAN_INT.c ****         /* `#END` */
 341:Generated_Source\PSoC4/CAN_INT.c **** 
 342:Generated_Source\PSoC4/CAN_INT.c ****         #ifdef CAN_MSG_LOST_ISR_CALLBACK
ARM GAS  C:\Users\Andres\AppData\Local\Temp\cc70HyOj.s 			page 8


 343:Generated_Source\PSoC4/CAN_INT.c ****             CAN_MsgLostIsr_Callback();
 344:Generated_Source\PSoC4/CAN_INT.c ****         #endif /* CAN_MSG_LOST_ISR_CALLBACK */
 345:Generated_Source\PSoC4/CAN_INT.c ****     }
 346:Generated_Source\PSoC4/CAN_INT.c **** #endif /* CAN_RX_MSG_LOST */
 347:Generated_Source\PSoC4/CAN_INT.c **** 
 348:Generated_Source\PSoC4/CAN_INT.c **** 
 349:Generated_Source\PSoC4/CAN_INT.c **** #if (CAN_TX_MESSAGE)
 350:Generated_Source\PSoC4/CAN_INT.c ****     /*******************************************************************************
 351:Generated_Source\PSoC4/CAN_INT.c ****     * FUNCTION NAME:   CAN_MsgTXIsr
 352:Generated_Source\PSoC4/CAN_INT.c ****     ********************************************************************************
 353:Generated_Source\PSoC4/CAN_INT.c ****     *
 354:Generated_Source\PSoC4/CAN_INT.c ****     * Summary:
 355:Generated_Source\PSoC4/CAN_INT.c ****     *  This function is entry point to Transmit Message Interrupt. Clears Transmit
 356:Generated_Source\PSoC4/CAN_INT.c ****     *  Message interrupt flag. Only generated if Transmit Message Interrupt enable
 357:Generated_Source\PSoC4/CAN_INT.c ****     *  in Customizer.
 358:Generated_Source\PSoC4/CAN_INT.c ****     *
 359:Generated_Source\PSoC4/CAN_INT.c ****     * Parameters:
 360:Generated_Source\PSoC4/CAN_INT.c ****     *  None.
 361:Generated_Source\PSoC4/CAN_INT.c ****     *
 362:Generated_Source\PSoC4/CAN_INT.c ****     * Return:
 363:Generated_Source\PSoC4/CAN_INT.c ****     *  None.
 364:Generated_Source\PSoC4/CAN_INT.c ****     *
 365:Generated_Source\PSoC4/CAN_INT.c ****     * Reentrant:
 366:Generated_Source\PSoC4/CAN_INT.c ****     *  Depends on Customer code.
 367:Generated_Source\PSoC4/CAN_INT.c ****     *
 368:Generated_Source\PSoC4/CAN_INT.c ****     *******************************************************************************/
 369:Generated_Source\PSoC4/CAN_INT.c ****     void CAN_MsgTXIsr(void) 
 370:Generated_Source\PSoC4/CAN_INT.c ****     {
 371:Generated_Source\PSoC4/CAN_INT.c ****         /* Clear Transmit Message flag */
 372:Generated_Source\PSoC4/CAN_INT.c ****         CAN_INT_SR_REG = CAN_TX_MESSAGE_MASK;
 373:Generated_Source\PSoC4/CAN_INT.c **** 
 374:Generated_Source\PSoC4/CAN_INT.c ****         /* `#START MESSAGE_TRANSMITTED_ISR` */
 375:Generated_Source\PSoC4/CAN_INT.c **** 
 376:Generated_Source\PSoC4/CAN_INT.c ****         /* `#END` */
 377:Generated_Source\PSoC4/CAN_INT.c **** 
 378:Generated_Source\PSoC4/CAN_INT.c ****         #ifdef CAN_MSG_TX_ISR_CALLBACK
 379:Generated_Source\PSoC4/CAN_INT.c ****             CAN_MsgTXIsr_Callback();
 380:Generated_Source\PSoC4/CAN_INT.c ****         #endif /* CAN_MSG_TX_ISR_CALLBACK */
 381:Generated_Source\PSoC4/CAN_INT.c ****     }
 382:Generated_Source\PSoC4/CAN_INT.c **** #endif /* CAN_TX_MESSAGE */
 383:Generated_Source\PSoC4/CAN_INT.c **** 
 384:Generated_Source\PSoC4/CAN_INT.c **** 
 385:Generated_Source\PSoC4/CAN_INT.c **** #if (CAN_RX_MESSAGE)
 386:Generated_Source\PSoC4/CAN_INT.c ****     /*******************************************************************************
 387:Generated_Source\PSoC4/CAN_INT.c ****     * FUNCTION NAME:   CAN_MsgRXIsr
 388:Generated_Source\PSoC4/CAN_INT.c ****     ********************************************************************************
 389:Generated_Source\PSoC4/CAN_INT.c ****     *
 390:Generated_Source\PSoC4/CAN_INT.c ****     * Summary:
 391:Generated_Source\PSoC4/CAN_INT.c ****     *  This function is entry point to Receive Message Interrupt. Clears Receive
 392:Generated_Source\PSoC4/CAN_INT.c ****     *  Message interrupt flag and call appropriate handlers for Basic and Full
 393:Generated_Source\PSoC4/CAN_INT.c ****     *  interrupt based mailboxes. Only generated if Receive Message Interrupt
 394:Generated_Source\PSoC4/CAN_INT.c ****     *  enable in Customizer. Recommended setting to enable this interrupt.
 395:Generated_Source\PSoC4/CAN_INT.c ****     *
 396:Generated_Source\PSoC4/CAN_INT.c ****     * Parameters:
 397:Generated_Source\PSoC4/CAN_INT.c ****     *  None.
 398:Generated_Source\PSoC4/CAN_INT.c ****     *
 399:Generated_Source\PSoC4/CAN_INT.c ****     * Return:
ARM GAS  C:\Users\Andres\AppData\Local\Temp\cc70HyOj.s 			page 9


 400:Generated_Source\PSoC4/CAN_INT.c ****     *  None.
 401:Generated_Source\PSoC4/CAN_INT.c ****     *
 402:Generated_Source\PSoC4/CAN_INT.c ****     *******************************************************************************/
 403:Generated_Source\PSoC4/CAN_INT.c ****     void CAN_MsgRXIsr(void) 
 404:Generated_Source\PSoC4/CAN_INT.c ****     {
  58              		.loc 1 404 0
  59              		.cfi_startproc
  60 0000 38B5     		push	{r3, r4, r5, lr}
  61              		.cfi_def_cfa_offset 16
  62              		.cfi_offset 3, -16
  63              		.cfi_offset 4, -12
  64              		.cfi_offset 5, -8
  65              		.cfi_offset 14, -4
  66              	.LVL1:
 405:Generated_Source\PSoC4/CAN_INT.c ****         uint8 mailboxNumber;
 406:Generated_Source\PSoC4/CAN_INT.c ****         uint16 shift = 0x01u;
 407:Generated_Source\PSoC4/CAN_INT.c **** 
 408:Generated_Source\PSoC4/CAN_INT.c ****         /* Clear Receive Message flag */
 409:Generated_Source\PSoC4/CAN_INT.c ****         CAN_INT_SR_REG = CAN_RX_MESSAGE_MASK;
  67              		.loc 1 409 0
  68 0002 8022     		mov	r2, #128
  69 0004 5201     		lsl	r2, r2, #5
  70 0006 104B     		ldr	r3, .L10
  71 0008 1A60     		str	r2, [r3]
  72              	.LVL2:
 406:Generated_Source\PSoC4/CAN_INT.c **** 
  73              		.loc 1 406 0
  74 000a 0125     		mov	r5, #1
 410:Generated_Source\PSoC4/CAN_INT.c **** 
 411:Generated_Source\PSoC4/CAN_INT.c ****         /* `#START MESSAGE_RECEIVE_ISR` */
 412:Generated_Source\PSoC4/CAN_INT.c **** 
 413:Generated_Source\PSoC4/CAN_INT.c ****         /* `#END` */
 414:Generated_Source\PSoC4/CAN_INT.c **** 
 415:Generated_Source\PSoC4/CAN_INT.c ****         #ifdef CAN_MSG_RX_ISR_CALLBACK
 416:Generated_Source\PSoC4/CAN_INT.c ****             CAN_MsgRXIsr_Callback();
 417:Generated_Source\PSoC4/CAN_INT.c ****         #endif /* CAN_MSG_RX_ISR_CALLBACK */
 418:Generated_Source\PSoC4/CAN_INT.c **** 
 419:Generated_Source\PSoC4/CAN_INT.c ****         for (mailboxNumber = 0u; mailboxNumber < CAN_NUMBER_OF_RX_MAILBOXES; mailboxNumber++)
  75              		.loc 1 419 0
  76 000c 0024     		mov	r4, #0
  77 000e 18E0     		b	.L5
  78              	.LVL3:
  79              	.L9:
 420:Generated_Source\PSoC4/CAN_INT.c ****         {
 421:Generated_Source\PSoC4/CAN_INT.c **** 
 422:Generated_Source\PSoC4/CAN_INT.c ****             if ((CAN_BUF_SR_REG & shift) != 0u)
  80              		.loc 1 422 0
  81 0010 0E4B     		ldr	r3, .L10+4
  82 0012 1B68     		ldr	r3, [r3]
  83 0014 1D42     		tst	r5, r3
  84 0016 10D0     		beq	.L6
 423:Generated_Source\PSoC4/CAN_INT.c ****             {
 424:Generated_Source\PSoC4/CAN_INT.c ****                 if ((CAN_RX_CMD_REG(mailboxNumber) & CAN_RX_INT_ENABLE_MASK) != 0u)
  85              		.loc 1 424 0
  86 0018 6301     		lsl	r3, r4, #5
  87 001a 0D4A     		ldr	r2, .L10+8
  88 001c 9446     		mov	ip, r2
ARM GAS  C:\Users\Andres\AppData\Local\Temp\cc70HyOj.s 			page 10


  89 001e 6344     		add	r3, r3, ip
  90 0020 1B68     		ldr	r3, [r3]
  91 0022 9B06     		lsl	r3, r3, #26
  92 0024 09D5     		bpl	.L6
 425:Generated_Source\PSoC4/CAN_INT.c ****                 {
 426:Generated_Source\PSoC4/CAN_INT.c ****                     if ((CAN_RX_MAILBOX_TYPE & shift) != 0u)
  93              		.loc 1 426 0
  94 0026 EB07     		lsl	r3, r5, #31
  95 0028 04D5     		bpl	.L7
 427:Generated_Source\PSoC4/CAN_INT.c ****                     {
 428:Generated_Source\PSoC4/CAN_INT.c ****                         /* RX Full mailboxes handler */
 429:Generated_Source\PSoC4/CAN_INT.c ****                         switch(mailboxNumber)
  96              		.loc 1 429 0
  97 002a 002C     		cmp	r4, #0
  98 002c 05D1     		bne	.L6
 430:Generated_Source\PSoC4/CAN_INT.c ****                         {
 431:Generated_Source\PSoC4/CAN_INT.c ****                             case 0u : CAN_ReceiveMsg0();
  99              		.loc 1 431 0
 100 002e FFF7FEFF 		bl	CAN_ReceiveMsg0
 101              	.LVL4:
 432:Generated_Source\PSoC4/CAN_INT.c ****                             break;
 102              		.loc 1 432 0
 103 0032 02E0     		b	.L6
 104              	.L7:
 433:Generated_Source\PSoC4/CAN_INT.c ****                             default:
 434:Generated_Source\PSoC4/CAN_INT.c ****                             break;
 435:Generated_Source\PSoC4/CAN_INT.c ****                         }
 436:Generated_Source\PSoC4/CAN_INT.c ****                     }
 437:Generated_Source\PSoC4/CAN_INT.c ****                     else
 438:Generated_Source\PSoC4/CAN_INT.c ****                     {
 439:Generated_Source\PSoC4/CAN_INT.c ****                         /* RX Basic mailbox handler */
 440:Generated_Source\PSoC4/CAN_INT.c ****                         CAN_ReceiveMsg(mailboxNumber);
 105              		.loc 1 440 0
 106 0034 201C     		mov	r0, r4
 107 0036 FFF7FEFF 		bl	CAN_ReceiveMsg
 108              	.LVL5:
 109              	.L6:
 441:Generated_Source\PSoC4/CAN_INT.c ****                     }
 442:Generated_Source\PSoC4/CAN_INT.c ****                 }
 443:Generated_Source\PSoC4/CAN_INT.c ****             }
 444:Generated_Source\PSoC4/CAN_INT.c ****             shift <<= 1u;
 110              		.loc 1 444 0 discriminator 2
 111 003a 6D00     		lsl	r5, r5, #1
 112              	.LVL6:
 113 003c ADB2     		uxth	r5, r5
 114              	.LVL7:
 419:Generated_Source\PSoC4/CAN_INT.c ****         {
 115              		.loc 1 419 0 discriminator 2
 116 003e 0134     		add	r4, r4, #1
 117              	.LVL8:
 118 0040 E4B2     		uxtb	r4, r4
 119              	.LVL9:
 120              	.L5:
 419:Generated_Source\PSoC4/CAN_INT.c ****         {
 121              		.loc 1 419 0 is_stmt 0 discriminator 1
 122 0042 0F2C     		cmp	r4, #15
 123 0044 E4D9     		bls	.L9
ARM GAS  C:\Users\Andres\AppData\Local\Temp\cc70HyOj.s 			page 11


 445:Generated_Source\PSoC4/CAN_INT.c ****         }
 446:Generated_Source\PSoC4/CAN_INT.c ****     }
 124              		.loc 1 446 0 is_stmt 1
 125              		@ sp needed
 126              	.LVL10:
 127              	.LVL11:
 128 0046 38BD     		pop	{r3, r4, r5, pc}
 129              	.L11:
 130              		.align	2
 131              	.L10:
 132 0048 00002E40 		.word	1076756480
 133 004c 08002E40 		.word	1076756488
 134 0050 A0002E40 		.word	1076756640
 135              		.cfi_endproc
 136              	.LFE2:
 137              		.size	CAN_MsgRXIsr, .-CAN_MsgRXIsr
 138              		.section	.text.CAN_ISR,"ax",%progbits
 139              		.align	2
 140              		.global	CAN_ISR
 141              		.code	16
 142              		.thumb_func
 143              		.type	CAN_ISR, %function
 144              	CAN_ISR:
 145              	.LFB3:
 447:Generated_Source\PSoC4/CAN_INT.c **** #endif /* CAN_RX_MESSAGE */
 448:Generated_Source\PSoC4/CAN_INT.c **** 
 449:Generated_Source\PSoC4/CAN_INT.c **** 
 450:Generated_Source\PSoC4/CAN_INT.c **** #if (CAN_RTR_AUTO_MSG_SENT)
 451:Generated_Source\PSoC4/CAN_INT.c ****     /*******************************************************************************
 452:Generated_Source\PSoC4/CAN_INT.c ****     * FUNCTION NAME:   CAN_RtrAutoMsgSentIsr
 453:Generated_Source\PSoC4/CAN_INT.c ****     ********************************************************************************
 454:Generated_Source\PSoC4/CAN_INT.c ****     *
 455:Generated_Source\PSoC4/CAN_INT.c ****     * Summary:
 456:Generated_Source\PSoC4/CAN_INT.c ****     *  This function is entry point to the RTR automatic message sent Interrupt.
 457:Generated_Source\PSoC4/CAN_INT.c ****     *  It is only generated if RTR message sent Interrupt is enabled in Customizer.
 458:Generated_Source\PSoC4/CAN_INT.c ****     *
 459:Generated_Source\PSoC4/CAN_INT.c ****     * Parameters:
 460:Generated_Source\PSoC4/CAN_INT.c ****     *  None.
 461:Generated_Source\PSoC4/CAN_INT.c ****     *
 462:Generated_Source\PSoC4/CAN_INT.c ****     * Return:
 463:Generated_Source\PSoC4/CAN_INT.c ****     *  None.
 464:Generated_Source\PSoC4/CAN_INT.c ****     *
 465:Generated_Source\PSoC4/CAN_INT.c ****     *******************************************************************************/
 466:Generated_Source\PSoC4/CAN_INT.c ****     void CAN_RtrAutoMsgSentIsr(void)
 467:Generated_Source\PSoC4/CAN_INT.c ****     {
 468:Generated_Source\PSoC4/CAN_INT.c ****         /* Clear RTR auto-reply message sent flag */
 469:Generated_Source\PSoC4/CAN_INT.c ****         CAN_INT_SR_REG = CAN_RTR_MSG_MASK;
 470:Generated_Source\PSoC4/CAN_INT.c **** 
 471:Generated_Source\PSoC4/CAN_INT.c ****         /* `#START RTR_AUTO_MSG_SENT_ISR` */
 472:Generated_Source\PSoC4/CAN_INT.c **** 
 473:Generated_Source\PSoC4/CAN_INT.c ****         /* `#END` */
 474:Generated_Source\PSoC4/CAN_INT.c **** 
 475:Generated_Source\PSoC4/CAN_INT.c ****         #ifdef CAN_RTR_AUTO_MSG_SENT_ISR_CALLBACK
 476:Generated_Source\PSoC4/CAN_INT.c ****             CAN_RtrAutoMsgSentIsr_Callback();
 477:Generated_Source\PSoC4/CAN_INT.c ****         #endif /* CAN_RTR_AUTO_MSG_SENT_ISR_CALLBACK */
 478:Generated_Source\PSoC4/CAN_INT.c ****     }
 479:Generated_Source\PSoC4/CAN_INT.c **** #endif /* CAN_RTR_AUTO_MSG_SENT */
ARM GAS  C:\Users\Andres\AppData\Local\Temp\cc70HyOj.s 			page 12


 480:Generated_Source\PSoC4/CAN_INT.c **** 
 481:Generated_Source\PSoC4/CAN_INT.c **** 
 482:Generated_Source\PSoC4/CAN_INT.c **** #if (CAN_STUCK_AT_ZERO)
 483:Generated_Source\PSoC4/CAN_INT.c ****     /*******************************************************************************
 484:Generated_Source\PSoC4/CAN_INT.c ****     * FUNCTION NAME:   CAN_StuckAtZeroIsr
 485:Generated_Source\PSoC4/CAN_INT.c ****     ********************************************************************************
 486:Generated_Source\PSoC4/CAN_INT.c ****     *
 487:Generated_Source\PSoC4/CAN_INT.c ****     * Summary:
 488:Generated_Source\PSoC4/CAN_INT.c ****     *  This function is the entry point to the stuck at dominant bit Interrupt.
 489:Generated_Source\PSoC4/CAN_INT.c ****     *  It is only generated if stuck at zero Interrupt is enabled in Customizer.
 490:Generated_Source\PSoC4/CAN_INT.c ****     *  Enabling this interrupt is recommended.
 491:Generated_Source\PSoC4/CAN_INT.c ****     *
 492:Generated_Source\PSoC4/CAN_INT.c ****     * Parameters:
 493:Generated_Source\PSoC4/CAN_INT.c ****     *  None.
 494:Generated_Source\PSoC4/CAN_INT.c ****     *
 495:Generated_Source\PSoC4/CAN_INT.c ****     * Return:
 496:Generated_Source\PSoC4/CAN_INT.c ****     *  None.
 497:Generated_Source\PSoC4/CAN_INT.c ****     *
 498:Generated_Source\PSoC4/CAN_INT.c ****     * Side Effects:
 499:Generated_Source\PSoC4/CAN_INT.c ****     *  Stops CAN component operation.
 500:Generated_Source\PSoC4/CAN_INT.c ****     *
 501:Generated_Source\PSoC4/CAN_INT.c ****     *******************************************************************************/
 502:Generated_Source\PSoC4/CAN_INT.c ****     void CAN_StuckAtZeroIsr(void)
 503:Generated_Source\PSoC4/CAN_INT.c ****     {
 504:Generated_Source\PSoC4/CAN_INT.c ****         /* Clear Stuck at dominant error flag */
 505:Generated_Source\PSoC4/CAN_INT.c ****         CAN_INT_SR_REG = CAN_STUCK_AT_ZERO_MASK;
 506:Generated_Source\PSoC4/CAN_INT.c **** 
 507:Generated_Source\PSoC4/CAN_INT.c ****         /* `#START STUCK_AT_ZERO_ISR` */
 508:Generated_Source\PSoC4/CAN_INT.c **** 
 509:Generated_Source\PSoC4/CAN_INT.c ****         /* `#END` */
 510:Generated_Source\PSoC4/CAN_INT.c **** 
 511:Generated_Source\PSoC4/CAN_INT.c ****         #ifdef CAN_STUCK_AT_ZERO_ISR_CALLBACK
 512:Generated_Source\PSoC4/CAN_INT.c ****             CAN_StuckAtZeroIsr_Callback();
 513:Generated_Source\PSoC4/CAN_INT.c ****         #endif /* CAN_STUCK_AT_ZERO_ISR_CALLBACK */
 514:Generated_Source\PSoC4/CAN_INT.c **** 
 515:Generated_Source\PSoC4/CAN_INT.c ****         (void) CAN_Stop();
 516:Generated_Source\PSoC4/CAN_INT.c ****     }
 517:Generated_Source\PSoC4/CAN_INT.c **** #endif /* CAN_STUCK_AT_ZERO */
 518:Generated_Source\PSoC4/CAN_INT.c **** 
 519:Generated_Source\PSoC4/CAN_INT.c **** 
 520:Generated_Source\PSoC4/CAN_INT.c **** #if (CAN_SST_FAILURE)
 521:Generated_Source\PSoC4/CAN_INT.c ****     /*******************************************************************************
 522:Generated_Source\PSoC4/CAN_INT.c ****     * FUNCTION NAME:   CAN_SSTErrorIsr
 523:Generated_Source\PSoC4/CAN_INT.c ****     ********************************************************************************
 524:Generated_Source\PSoC4/CAN_INT.c ****     *
 525:Generated_Source\PSoC4/CAN_INT.c ****     * Summary:
 526:Generated_Source\PSoC4/CAN_INT.c ****     *  This function is the entry point to the single shot transmission error
 527:Generated_Source\PSoC4/CAN_INT.c ****     *  Interrupt. It is only generated if the single shot transmission Interrupt
 528:Generated_Source\PSoC4/CAN_INT.c ****     *  is enabled in Customizer. Generated when the mailbox set for single shot
 529:Generated_Source\PSoC4/CAN_INT.c ****     *  transmission experienced an arbitration loss or a bus error during
 530:Generated_Source\PSoC4/CAN_INT.c ****     *  transmission.
 531:Generated_Source\PSoC4/CAN_INT.c ****     *
 532:Generated_Source\PSoC4/CAN_INT.c ****     * Parameters:
 533:Generated_Source\PSoC4/CAN_INT.c ****     *  None.
 534:Generated_Source\PSoC4/CAN_INT.c ****     *
 535:Generated_Source\PSoC4/CAN_INT.c ****     * Return:
 536:Generated_Source\PSoC4/CAN_INT.c ****     *  None.
ARM GAS  C:\Users\Andres\AppData\Local\Temp\cc70HyOj.s 			page 13


 537:Generated_Source\PSoC4/CAN_INT.c ****     *
 538:Generated_Source\PSoC4/CAN_INT.c ****     * Side Effects:
 539:Generated_Source\PSoC4/CAN_INT.c ****     *  Removes message that failed SST transmission from the Tx mailbox.
 540:Generated_Source\PSoC4/CAN_INT.c ****     *
 541:Generated_Source\PSoC4/CAN_INT.c ****     *******************************************************************************/
 542:Generated_Source\PSoC4/CAN_INT.c ****     void CAN_SSTErrorIsr(void)
 543:Generated_Source\PSoC4/CAN_INT.c ****     {
 544:Generated_Source\PSoC4/CAN_INT.c ****         uint8 i;
 545:Generated_Source\PSoC4/CAN_INT.c **** 
 546:Generated_Source\PSoC4/CAN_INT.c ****         /* Clear Single shot transmission failure flag */
 547:Generated_Source\PSoC4/CAN_INT.c ****         CAN_INT_SR_REG = CAN_SST_FAILURE_MASK;
 548:Generated_Source\PSoC4/CAN_INT.c **** 
 549:Generated_Source\PSoC4/CAN_INT.c ****         /* `#START SST_FAILURE_ISR_PRE` */
 550:Generated_Source\PSoC4/CAN_INT.c **** 
 551:Generated_Source\PSoC4/CAN_INT.c ****         /* `#END` */
 552:Generated_Source\PSoC4/CAN_INT.c **** 
 553:Generated_Source\PSoC4/CAN_INT.c ****         #ifdef CAN_SST_ERROR_ISR_PRE_CALLBACK
 554:Generated_Source\PSoC4/CAN_INT.c ****             CAN_SSTErrorIsr_Pre_Callback();
 555:Generated_Source\PSoC4/CAN_INT.c ****         #endif /* CAN_SST_ERROR_ISR_PRE_CALLBACK */
 556:Generated_Source\PSoC4/CAN_INT.c **** 
 557:Generated_Source\PSoC4/CAN_INT.c ****         /* Removes message that failed SST transmission from the Tx mailbox */
 558:Generated_Source\PSoC4/CAN_INT.c ****         for (i = 0u; i < CAN_NUMBER_OF_TX_MAILBOXES; i++)
 559:Generated_Source\PSoC4/CAN_INT.c ****         {
 560:Generated_Source\PSoC4/CAN_INT.c ****             if ((CAN_TX_CMD_REG(i) & CAN_TX_ABORT_MASK) != 0u)
 561:Generated_Source\PSoC4/CAN_INT.c ****             {
 562:Generated_Source\PSoC4/CAN_INT.c ****                 CAN_TX_CMD_REG(i) = (CAN_TX_CMD_REG(i) & (uint32) (~(uint32) CAN_TX_TRANSMIT_REQUES
 563:Generated_Source\PSoC4/CAN_INT.c ****                                     CAN_TX_ABORT_MASK;
 564:Generated_Source\PSoC4/CAN_INT.c ****             }
 565:Generated_Source\PSoC4/CAN_INT.c ****         }
 566:Generated_Source\PSoC4/CAN_INT.c **** 
 567:Generated_Source\PSoC4/CAN_INT.c ****         /* `#START SST_FAILURE_ISR_POST` */
 568:Generated_Source\PSoC4/CAN_INT.c **** 
 569:Generated_Source\PSoC4/CAN_INT.c ****         /* `#END` */
 570:Generated_Source\PSoC4/CAN_INT.c **** 
 571:Generated_Source\PSoC4/CAN_INT.c ****         #ifdef CAN_SST_ERROR_ISR_POST_CALLBACK
 572:Generated_Source\PSoC4/CAN_INT.c ****             CAN_SSTErrorIsr_Post_Callback();
 573:Generated_Source\PSoC4/CAN_INT.c ****         #endif /* CAN_SST_ERROR_ISR_POST_CALLBACK */
 574:Generated_Source\PSoC4/CAN_INT.c ****     }
 575:Generated_Source\PSoC4/CAN_INT.c **** #endif /* CAN_SST_FAILURE */
 576:Generated_Source\PSoC4/CAN_INT.c **** 
 577:Generated_Source\PSoC4/CAN_INT.c **** 
 578:Generated_Source\PSoC4/CAN_INT.c **** /*******************************************************************************
 579:Generated_Source\PSoC4/CAN_INT.c **** * Function Name: CAN_ISR
 580:Generated_Source\PSoC4/CAN_INT.c **** ********************************************************************************
 581:Generated_Source\PSoC4/CAN_INT.c **** *
 582:Generated_Source\PSoC4/CAN_INT.c **** * Summary:
 583:Generated_Source\PSoC4/CAN_INT.c **** *  This ISR is executed when CAN Core generates and interrupt on one of events:
 584:Generated_Source\PSoC4/CAN_INT.c **** *  Arb_lost, Overload, Bit_err, Stuff_err, Ack_err, Form_err, Crc_err,
 585:Generated_Source\PSoC4/CAN_INT.c **** *  Buss_off, Rx_msg_lost, Tx_msg or Rx_msg. The interrupt sources depends
 586:Generated_Source\PSoC4/CAN_INT.c **** *  on the Customizer inputs.
 587:Generated_Source\PSoC4/CAN_INT.c **** *
 588:Generated_Source\PSoC4/CAN_INT.c **** * Parameters:
 589:Generated_Source\PSoC4/CAN_INT.c **** *  None.
 590:Generated_Source\PSoC4/CAN_INT.c **** *
 591:Generated_Source\PSoC4/CAN_INT.c **** * Return:
 592:Generated_Source\PSoC4/CAN_INT.c **** *  None.
 593:Generated_Source\PSoC4/CAN_INT.c **** *
ARM GAS  C:\Users\Andres\AppData\Local\Temp\cc70HyOj.s 			page 14


 594:Generated_Source\PSoC4/CAN_INT.c **** *******************************************************************************/
 595:Generated_Source\PSoC4/CAN_INT.c **** CY_ISR(CAN_ISR)
 596:Generated_Source\PSoC4/CAN_INT.c **** {
 146              		.loc 1 596 0
 147              		.cfi_startproc
 148 0000 08B5     		push	{r3, lr}
 149              		.cfi_def_cfa_offset 8
 150              		.cfi_offset 3, -8
 151              		.cfi_offset 14, -4
 597:Generated_Source\PSoC4/CAN_INT.c ****     #ifdef CAN_ISR_INTERRUPT_CALLBACK
 598:Generated_Source\PSoC4/CAN_INT.c ****         CAN_ISR_InterruptCallback();
 599:Generated_Source\PSoC4/CAN_INT.c ****     #endif /* CAN_ISR_INTERRUPT_CALLBACK */
 600:Generated_Source\PSoC4/CAN_INT.c ****     
 601:Generated_Source\PSoC4/CAN_INT.c ****     /* Place your Interrupt code here. */
 602:Generated_Source\PSoC4/CAN_INT.c ****     /* `#START CAN_ISR` */
 603:Generated_Source\PSoC4/CAN_INT.c **** 
 604:Generated_Source\PSoC4/CAN_INT.c ****     /* `#END` */
 605:Generated_Source\PSoC4/CAN_INT.c ****     
 606:Generated_Source\PSoC4/CAN_INT.c ****     /* Arbitration */
 607:Generated_Source\PSoC4/CAN_INT.c ****     #if (CAN_ARB_LOST && (CAN_ARB_LOST_USE_HELPER || \
 608:Generated_Source\PSoC4/CAN_INT.c ****         (!CAN_ADVANCED_INTERRUPT_CFG)))
 609:Generated_Source\PSoC4/CAN_INT.c ****         if ((CAN_INT_SR_REG & CAN_ARBITRATION_LOST_MASK) != 0u)
 610:Generated_Source\PSoC4/CAN_INT.c ****         {
 611:Generated_Source\PSoC4/CAN_INT.c ****             CAN_ArbLostIsr();
 612:Generated_Source\PSoC4/CAN_INT.c ****         }
 613:Generated_Source\PSoC4/CAN_INT.c ****     #endif /* CAN_ARB_LOST && CAN_ARB_LOST_USE_HELPER */
 614:Generated_Source\PSoC4/CAN_INT.c **** 
 615:Generated_Source\PSoC4/CAN_INT.c ****     /* Overload Error */
 616:Generated_Source\PSoC4/CAN_INT.c ****     #if (CAN_OVERLOAD && (CAN_OVERLOAD_USE_HELPER || \
 617:Generated_Source\PSoC4/CAN_INT.c ****         (!CAN_ADVANCED_INTERRUPT_CFG)))
 618:Generated_Source\PSoC4/CAN_INT.c ****         if ((CAN_INT_SR_REG & CAN_OVERLOAD_ERROR_MASK) != 0u)
 619:Generated_Source\PSoC4/CAN_INT.c ****         {
 620:Generated_Source\PSoC4/CAN_INT.c ****             CAN_OvrLdErrorIsr();
 621:Generated_Source\PSoC4/CAN_INT.c ****         }
 622:Generated_Source\PSoC4/CAN_INT.c ****     #endif /* CAN_OVERLOAD && CAN_OVERLOAD_USE_HELPER */
 623:Generated_Source\PSoC4/CAN_INT.c **** 
 624:Generated_Source\PSoC4/CAN_INT.c ****     /* Bit Error */
 625:Generated_Source\PSoC4/CAN_INT.c ****     #if (CAN_BIT_ERR && (CAN_BIT_ERR_USE_HELPER || \
 626:Generated_Source\PSoC4/CAN_INT.c ****         (!CAN_ADVANCED_INTERRUPT_CFG)))
 627:Generated_Source\PSoC4/CAN_INT.c ****         if ((CAN_INT_SR_REG & CAN_BIT_ERROR_MASK) != 0u)
 628:Generated_Source\PSoC4/CAN_INT.c ****         {
 629:Generated_Source\PSoC4/CAN_INT.c ****             CAN_BitErrorIsr();
 630:Generated_Source\PSoC4/CAN_INT.c ****         }
 631:Generated_Source\PSoC4/CAN_INT.c ****     #endif /* CAN_BIT_ERR && CAN_BIT_ERR_USE_HELPER */
 632:Generated_Source\PSoC4/CAN_INT.c **** 
 633:Generated_Source\PSoC4/CAN_INT.c ****     /* Bit Staff Error */
 634:Generated_Source\PSoC4/CAN_INT.c ****     #if (CAN_STUFF_ERR && (CAN_STUFF_ERR_USE_HELPER || \
 635:Generated_Source\PSoC4/CAN_INT.c ****         (!CAN_ADVANCED_INTERRUPT_CFG)))
 636:Generated_Source\PSoC4/CAN_INT.c ****         if ((CAN_INT_SR_REG & CAN_STUFF_ERROR_MASK) != 0u)
 637:Generated_Source\PSoC4/CAN_INT.c ****         {
 638:Generated_Source\PSoC4/CAN_INT.c ****             CAN_BitStuffErrorIsr();
 639:Generated_Source\PSoC4/CAN_INT.c ****         }
 640:Generated_Source\PSoC4/CAN_INT.c ****     #endif /* CAN_STUFF_ERR && CAN_STUFF_ERR_USE_HELPER */
 641:Generated_Source\PSoC4/CAN_INT.c **** 
 642:Generated_Source\PSoC4/CAN_INT.c ****     /* ACK Error */
 643:Generated_Source\PSoC4/CAN_INT.c ****     #if (CAN_ACK_ERR && (CAN_ACK_ERR_USE_HELPER || \
 644:Generated_Source\PSoC4/CAN_INT.c ****         (!CAN_ADVANCED_INTERRUPT_CFG)))
ARM GAS  C:\Users\Andres\AppData\Local\Temp\cc70HyOj.s 			page 15


 645:Generated_Source\PSoC4/CAN_INT.c ****         if ((CAN_INT_SR_REG & CAN_ACK_ERROR_MASK) != 0u)
 646:Generated_Source\PSoC4/CAN_INT.c ****         {
 647:Generated_Source\PSoC4/CAN_INT.c ****             CAN_AckErrorIsr();
 648:Generated_Source\PSoC4/CAN_INT.c ****         }
 649:Generated_Source\PSoC4/CAN_INT.c ****     #endif /* CAN_ACK_ERR && CAN_ACK_ERR_USE_HELPER */
 650:Generated_Source\PSoC4/CAN_INT.c **** 
 651:Generated_Source\PSoC4/CAN_INT.c ****     /* Form(msg) Error */
 652:Generated_Source\PSoC4/CAN_INT.c ****     #if (CAN_FORM_ERR && (CAN_FORM_ERR_USE_HELPER || \
 653:Generated_Source\PSoC4/CAN_INT.c ****         (!CAN_ADVANCED_INTERRUPT_CFG)))
 654:Generated_Source\PSoC4/CAN_INT.c ****         if ((CAN_INT_SR_REG & CAN_FORM_ERROR_MASK) != 0u)
 655:Generated_Source\PSoC4/CAN_INT.c ****         {
 656:Generated_Source\PSoC4/CAN_INT.c ****             CAN_MsgErrorIsr();
 657:Generated_Source\PSoC4/CAN_INT.c ****         }
 658:Generated_Source\PSoC4/CAN_INT.c ****     #endif /* CAN_FORM_ERR && CAN_FORM_ERR_USE_HELPER */
 659:Generated_Source\PSoC4/CAN_INT.c **** 
 660:Generated_Source\PSoC4/CAN_INT.c ****     /* CRC Error */
 661:Generated_Source\PSoC4/CAN_INT.c ****     #if (CAN_CRC_ERR && (CAN_CRC_ERR_USE_HELPER || \
 662:Generated_Source\PSoC4/CAN_INT.c ****         (!CAN_ADVANCED_INTERRUPT_CFG)))
 663:Generated_Source\PSoC4/CAN_INT.c ****         if ((CAN_INT_SR_REG & CAN_CRC_ERROR_MASK) != 0u)
 664:Generated_Source\PSoC4/CAN_INT.c ****         {
 665:Generated_Source\PSoC4/CAN_INT.c ****             CAN_CrcErrorIsr();
 666:Generated_Source\PSoC4/CAN_INT.c ****         }
 667:Generated_Source\PSoC4/CAN_INT.c ****     #endif /* CAN_CRC_ERR && CAN_CRC_ERR_USE_HELPER */
 668:Generated_Source\PSoC4/CAN_INT.c **** 
 669:Generated_Source\PSoC4/CAN_INT.c ****     /* Bus Off state */
 670:Generated_Source\PSoC4/CAN_INT.c ****     #if (CAN_BUS_OFF && (CAN_BUS_OFF_USE_HELPER || \
 671:Generated_Source\PSoC4/CAN_INT.c ****         (!CAN_ADVANCED_INTERRUPT_CFG)))
 672:Generated_Source\PSoC4/CAN_INT.c ****         if ((CAN_INT_SR_REG & CAN_BUS_OFF_MASK) != 0u)
 152              		.loc 1 672 0
 153 0002 064B     		ldr	r3, .L15
 154 0004 1B68     		ldr	r3, [r3]
 155 0006 9B05     		lsl	r3, r3, #22
 156 0008 01D5     		bpl	.L13
 673:Generated_Source\PSoC4/CAN_INT.c ****         {
 674:Generated_Source\PSoC4/CAN_INT.c ****             CAN_BusOffIsr();
 157              		.loc 1 674 0
 158 000a FFF7FEFF 		bl	CAN_BusOffIsr
 159              	.LVL12:
 160              	.L13:
 675:Generated_Source\PSoC4/CAN_INT.c ****         }
 676:Generated_Source\PSoC4/CAN_INT.c ****     #endif /* CAN_BUS_OFF && CAN_BUS_OFF_USE_HELPER */
 677:Generated_Source\PSoC4/CAN_INT.c **** 
 678:Generated_Source\PSoC4/CAN_INT.c ****     /* Message Lost */
 679:Generated_Source\PSoC4/CAN_INT.c ****     #if (CAN_RX_MSG_LOST && (CAN_RX_MSG_LOST_USE_HELPER || \
 680:Generated_Source\PSoC4/CAN_INT.c ****         (!CAN_ADVANCED_INTERRUPT_CFG)))
 681:Generated_Source\PSoC4/CAN_INT.c ****         if ((CAN_INT_SR_REG & CAN_RX_MSG_LOST_MASK) != 0u)
 682:Generated_Source\PSoC4/CAN_INT.c ****         {
 683:Generated_Source\PSoC4/CAN_INT.c ****             CAN_MsgLostIsr();
 684:Generated_Source\PSoC4/CAN_INT.c ****         }
 685:Generated_Source\PSoC4/CAN_INT.c ****     #endif /* CAN_RX_MSG_LOST && CAN_RX_MSG_LOST_USE_HELPER */
 686:Generated_Source\PSoC4/CAN_INT.c **** 
 687:Generated_Source\PSoC4/CAN_INT.c ****     /* TX Message Send */
 688:Generated_Source\PSoC4/CAN_INT.c ****     #if (CAN_TX_MESSAGE && (CAN_TX_MESSAGE_USE_HELPER || \
 689:Generated_Source\PSoC4/CAN_INT.c ****         (!CAN_ADVANCED_INTERRUPT_CFG)))
 690:Generated_Source\PSoC4/CAN_INT.c ****         if ((CAN_INT_SR_REG & CAN_TX_MESSAGE_MASK) != 0u)
 691:Generated_Source\PSoC4/CAN_INT.c ****         {
 692:Generated_Source\PSoC4/CAN_INT.c ****             CAN_MsgTXIsr();
ARM GAS  C:\Users\Andres\AppData\Local\Temp\cc70HyOj.s 			page 16


 693:Generated_Source\PSoC4/CAN_INT.c ****         }
 694:Generated_Source\PSoC4/CAN_INT.c ****     #endif /* CAN_TX_MESSAGE && CAN_TX_MESSAGE_USE_HELPER */
 695:Generated_Source\PSoC4/CAN_INT.c **** 
 696:Generated_Source\PSoC4/CAN_INT.c ****     /* RX Message Available */
 697:Generated_Source\PSoC4/CAN_INT.c ****     #if (CAN_RX_MESSAGE && (CAN_RX_MESSAGE_USE_HELPER || \
 698:Generated_Source\PSoC4/CAN_INT.c ****         (!CAN_ADVANCED_INTERRUPT_CFG)))
 699:Generated_Source\PSoC4/CAN_INT.c ****         if ((CAN_INT_SR_REG & CAN_RX_MESSAGE_MASK) != 0u)
 161              		.loc 1 699 0
 162 000e 034B     		ldr	r3, .L15
 163 0010 1B68     		ldr	r3, [r3]
 164 0012 DB04     		lsl	r3, r3, #19
 165 0014 01D5     		bpl	.L12
 700:Generated_Source\PSoC4/CAN_INT.c ****         {
 701:Generated_Source\PSoC4/CAN_INT.c ****             CAN_MsgRXIsr();
 166              		.loc 1 701 0
 167 0016 FFF7FEFF 		bl	CAN_MsgRXIsr
 168              	.LVL13:
 169              	.L12:
 702:Generated_Source\PSoC4/CAN_INT.c ****         }
 703:Generated_Source\PSoC4/CAN_INT.c ****     #endif /* CAN_RX_MESSAGE && CAN_RX_MESSAGE_USE_HELPER */
 704:Generated_Source\PSoC4/CAN_INT.c **** 
 705:Generated_Source\PSoC4/CAN_INT.c ****     /* RTR Auto-reply Message Sent */
 706:Generated_Source\PSoC4/CAN_INT.c ****     #if (CAN_RTR_AUTO_MSG_SENT && (CAN_RTR_MESSAGE_USE_HELPER || \
 707:Generated_Source\PSoC4/CAN_INT.c ****         (!CAN_ADVANCED_INTERRUPT_CFG)))
 708:Generated_Source\PSoC4/CAN_INT.c ****         if ((CAN_INT_SR_REG & CAN_RTR_MSG_MASK) != 0u)
 709:Generated_Source\PSoC4/CAN_INT.c ****         {
 710:Generated_Source\PSoC4/CAN_INT.c ****             CAN_RtrAutoMsgSentIsr();
 711:Generated_Source\PSoC4/CAN_INT.c ****         }
 712:Generated_Source\PSoC4/CAN_INT.c ****     #endif /* CAN_RTR_AUTO_MSG_SENT && CAN_RTR_MESSAGE_USE_HELPER */
 713:Generated_Source\PSoC4/CAN_INT.c **** 
 714:Generated_Source\PSoC4/CAN_INT.c ****     /* Stuck at dominant error */
 715:Generated_Source\PSoC4/CAN_INT.c ****     #if (CAN_STUCK_AT_ZERO && (CAN_STUCK_AT_ZERO_USE_HELPER || \
 716:Generated_Source\PSoC4/CAN_INT.c ****         (!CAN_ADVANCED_INTERRUPT_CFG)))
 717:Generated_Source\PSoC4/CAN_INT.c ****         if ((CAN_INT_SR_REG & CAN_STUCK_AT_ZERO_MASK) != 0u)
 718:Generated_Source\PSoC4/CAN_INT.c ****         {
 719:Generated_Source\PSoC4/CAN_INT.c ****             CAN_StuckAtZeroIsr();
 720:Generated_Source\PSoC4/CAN_INT.c ****         }
 721:Generated_Source\PSoC4/CAN_INT.c ****     #endif /* CAN_STUCK_AT_ZERO && CAN_STUCK_AT_ZERO_USE_HELPER */
 722:Generated_Source\PSoC4/CAN_INT.c **** 
 723:Generated_Source\PSoC4/CAN_INT.c ****     /* Single shot transmission failure */
 724:Generated_Source\PSoC4/CAN_INT.c ****     #if (CAN_SST_FAILURE && (CAN_SST_FAILURE_USE_HELPER || \
 725:Generated_Source\PSoC4/CAN_INT.c ****         (!CAN_ADVANCED_INTERRUPT_CFG)))
 726:Generated_Source\PSoC4/CAN_INT.c ****         if ((CAN_INT_SR_REG & CAN_SST_FAILURE_MASK) != 0u)
 727:Generated_Source\PSoC4/CAN_INT.c ****         {
 728:Generated_Source\PSoC4/CAN_INT.c ****             CAN_SSTErrorIsr();
 729:Generated_Source\PSoC4/CAN_INT.c ****         }
 730:Generated_Source\PSoC4/CAN_INT.c ****     #endif /* CAN_SST_FAILURE && CAN_SST_FAILURE_USE_HELPER */
 731:Generated_Source\PSoC4/CAN_INT.c **** }
 170              		.loc 1 731 0
 171              		@ sp needed
 172 001a 08BD     		pop	{r3, pc}
 173              	.L16:
 174              		.align	2
 175              	.L15:
 176 001c 00002E40 		.word	1076756480
 177              		.cfi_endproc
 178              	.LFE3:
ARM GAS  C:\Users\Andres\AppData\Local\Temp\cc70HyOj.s 			page 17


 179              		.size	CAN_ISR, .-CAN_ISR
 180              		.text
 181              	.Letext0:
 182              		.file 2 "Generated_Source\\PSoC4\\cytypes.h"
 183              		.file 3 "Generated_Source\\PSoC4\\CAN.h"
 184              		.section	.debug_info,"",%progbits
 185              	.Ldebug_info0:
 186 0000 56020000 		.4byte	0x256
 187 0004 0400     		.2byte	0x4
 188 0006 00000000 		.4byte	.Ldebug_abbrev0
 189 000a 04       		.byte	0x4
 190 000b 01       		.uleb128 0x1
 191 000c 7F010000 		.4byte	.LASF34
 192 0010 01       		.byte	0x1
 193 0011 15000000 		.4byte	.LASF35
 194 0015 7B000000 		.4byte	.LASF36
 195 0019 00000000 		.4byte	.Ldebug_ranges0+0
 196 001d 00000000 		.4byte	0
 197 0021 00000000 		.4byte	.Ldebug_line0
 198 0025 02       		.uleb128 0x2
 199 0026 01       		.byte	0x1
 200 0027 06       		.byte	0x6
 201 0028 2C020000 		.4byte	.LASF0
 202 002c 02       		.uleb128 0x2
 203 002d 01       		.byte	0x1
 204 002e 08       		.byte	0x8
 205 002f A3000000 		.4byte	.LASF1
 206 0033 02       		.uleb128 0x2
 207 0034 02       		.byte	0x2
 208 0035 05       		.byte	0x5
 209 0036 0D020000 		.4byte	.LASF2
 210 003a 02       		.uleb128 0x2
 211 003b 02       		.byte	0x2
 212 003c 07       		.byte	0x7
 213 003d 55000000 		.4byte	.LASF3
 214 0041 02       		.uleb128 0x2
 215 0042 04       		.byte	0x4
 216 0043 05       		.byte	0x5
 217 0044 1D020000 		.4byte	.LASF4
 218 0048 02       		.uleb128 0x2
 219 0049 04       		.byte	0x4
 220 004a 07       		.byte	0x7
 221 004b BB000000 		.4byte	.LASF5
 222 004f 02       		.uleb128 0x2
 223 0050 08       		.byte	0x8
 224 0051 05       		.byte	0x5
 225 0052 63010000 		.4byte	.LASF6
 226 0056 02       		.uleb128 0x2
 227 0057 08       		.byte	0x8
 228 0058 07       		.byte	0x7
 229 0059 1B010000 		.4byte	.LASF7
 230 005d 03       		.uleb128 0x3
 231 005e 04       		.byte	0x4
 232 005f 05       		.byte	0x5
 233 0060 696E7400 		.ascii	"int\000"
 234 0064 02       		.uleb128 0x2
 235 0065 04       		.byte	0x4
ARM GAS  C:\Users\Andres\AppData\Local\Temp\cc70HyOj.s 			page 18


 236 0066 07       		.byte	0x7
 237 0067 0E010000 		.4byte	.LASF8
 238 006b 04       		.uleb128 0x4
 239 006c CD000000 		.4byte	.LASF9
 240 0070 02       		.byte	0x2
 241 0071 9801     		.2byte	0x198
 242 0073 2C000000 		.4byte	0x2c
 243 0077 04       		.uleb128 0x4
 244 0078 F0000000 		.4byte	.LASF10
 245 007c 02       		.byte	0x2
 246 007d 9901     		.2byte	0x199
 247 007f 3A000000 		.4byte	0x3a
 248 0083 04       		.uleb128 0x4
 249 0084 F7000000 		.4byte	.LASF11
 250 0088 02       		.byte	0x2
 251 0089 9A01     		.2byte	0x19a
 252 008b 48000000 		.4byte	0x48
 253 008f 02       		.uleb128 0x2
 254 0090 04       		.byte	0x4
 255 0091 04       		.byte	0x4
 256 0092 9D000000 		.4byte	.LASF12
 257 0096 02       		.uleb128 0x2
 258 0097 08       		.byte	0x8
 259 0098 04       		.byte	0x4
 260 0099 DB000000 		.4byte	.LASF13
 261 009d 02       		.uleb128 0x2
 262 009e 01       		.byte	0x1
 263 009f 08       		.byte	0x8
 264 00a0 71010000 		.4byte	.LASF14
 265 00a4 04       		.uleb128 0x4
 266 00a5 B6000000 		.4byte	.LASF15
 267 00a9 02       		.byte	0x2
 268 00aa 4202     		.2byte	0x242
 269 00ac B0000000 		.4byte	0xb0
 270 00b0 05       		.uleb128 0x5
 271 00b1 6B000000 		.4byte	0x6b
 272 00b5 04       		.uleb128 0x4
 273 00b6 26020000 		.4byte	.LASF16
 274 00ba 02       		.byte	0x2
 275 00bb 4402     		.2byte	0x244
 276 00bd C1000000 		.4byte	0xc1
 277 00c1 05       		.uleb128 0x5
 278 00c2 83000000 		.4byte	0x83
 279 00c6 02       		.uleb128 0x2
 280 00c7 04       		.byte	0x4
 281 00c8 07       		.byte	0x7
 282 00c9 53010000 		.4byte	.LASF17
 283 00cd 06       		.uleb128 0x6
 284 00ce 08       		.byte	0x8
 285 00cf 03       		.byte	0x3
 286 00d0 75       		.byte	0x75
 287 00d1 E2000000 		.4byte	0xe2
 288 00d5 07       		.uleb128 0x7
 289 00d6 68000000 		.4byte	.LASF19
 290 00da 03       		.byte	0x3
 291 00db 77       		.byte	0x77
 292 00dc F2000000 		.4byte	0xf2
ARM GAS  C:\Users\Andres\AppData\Local\Temp\cc70HyOj.s 			page 19


 293 00e0 00       		.byte	0
 294 00e1 00       		.byte	0
 295 00e2 08       		.uleb128 0x8
 296 00e3 A4000000 		.4byte	0xa4
 297 00e7 F2000000 		.4byte	0xf2
 298 00eb 09       		.uleb128 0x9
 299 00ec C6000000 		.4byte	0xc6
 300 00f0 07       		.byte	0x7
 301 00f1 00       		.byte	0
 302 00f2 05       		.uleb128 0x5
 303 00f3 E2000000 		.4byte	0xe2
 304 00f7 0A       		.uleb128 0xa
 305 00f8 06000000 		.4byte	.LASF18
 306 00fc 03       		.byte	0x3
 307 00fd 78       		.byte	0x78
 308 00fe CD000000 		.4byte	0xcd
 309 0102 06       		.uleb128 0x6
 310 0103 04       		.byte	0x4
 311 0104 03       		.byte	0x3
 312 0105 7B       		.byte	0x7b
 313 0106 17010000 		.4byte	0x117
 314 010a 07       		.uleb128 0x7
 315 010b 68000000 		.4byte	.LASF19
 316 010f 03       		.byte	0x3
 317 0110 7D       		.byte	0x7d
 318 0111 27010000 		.4byte	0x127
 319 0115 00       		.byte	0
 320 0116 00       		.byte	0
 321 0117 08       		.uleb128 0x8
 322 0118 A4000000 		.4byte	0xa4
 323 011c 27010000 		.4byte	0x127
 324 0120 09       		.uleb128 0x9
 325 0121 C6000000 		.4byte	0xc6
 326 0125 03       		.byte	0x3
 327 0126 00       		.byte	0
 328 0127 05       		.uleb128 0x5
 329 0128 17010000 		.4byte	0x117
 330 012c 0A       		.uleb128 0xa
 331 012d 4A000000 		.4byte	.LASF20
 332 0131 03       		.byte	0x3
 333 0132 7E       		.byte	0x7e
 334 0133 02010000 		.4byte	0x102
 335 0137 06       		.uleb128 0x6
 336 0138 20       		.byte	0x20
 337 0139 03       		.byte	0x3
 338 013a A0       		.byte	0xa0
 339 013b 94010000 		.4byte	0x194
 340 013f 07       		.uleb128 0x7
 341 0140 40010000 		.4byte	.LASF21
 342 0144 03       		.byte	0x3
 343 0145 A2       		.byte	0xa2
 344 0146 2C010000 		.4byte	0x12c
 345 014a 00       		.byte	0
 346 014b 07       		.uleb128 0x7
 347 014c B1000000 		.4byte	.LASF22
 348 0150 03       		.byte	0x3
 349 0151 A3       		.byte	0xa3
ARM GAS  C:\Users\Andres\AppData\Local\Temp\cc70HyOj.s 			page 20


 350 0152 2C010000 		.4byte	0x12c
 351 0156 04       		.byte	0x4
 352 0157 07       		.uleb128 0x7
 353 0158 6D000000 		.4byte	.LASF23
 354 015c 03       		.byte	0x3
 355 015d A4       		.byte	0xa4
 356 015e F7000000 		.4byte	0xf7
 357 0162 08       		.byte	0x8
 358 0163 07       		.uleb128 0x7
 359 0164 36000000 		.4byte	.LASF24
 360 0168 03       		.byte	0x3
 361 0169 A5       		.byte	0xa5
 362 016a 2C010000 		.4byte	0x12c
 363 016e 10       		.byte	0x10
 364 016f 07       		.uleb128 0x7
 365 0170 17020000 		.4byte	.LASF25
 366 0174 03       		.byte	0x3
 367 0175 A6       		.byte	0xa6
 368 0176 2C010000 		.4byte	0x12c
 369 017a 14       		.byte	0x14
 370 017b 07       		.uleb128 0x7
 371 017c 5C010000 		.4byte	.LASF26
 372 0180 03       		.byte	0x3
 373 0181 A7       		.byte	0xa7
 374 0182 2C010000 		.4byte	0x12c
 375 0186 18       		.byte	0x18
 376 0187 07       		.uleb128 0x7
 377 0188 74000000 		.4byte	.LASF27
 378 018c 03       		.byte	0x3
 379 018d A8       		.byte	0xa8
 380 018e 2C010000 		.4byte	0x12c
 381 0192 1C       		.byte	0x1c
 382 0193 00       		.byte	0
 383 0194 0A       		.uleb128 0xa
 384 0195 32010000 		.4byte	.LASF28
 385 0199 03       		.byte	0x3
 386 019a A9       		.byte	0xa9
 387 019b 37010000 		.4byte	0x137
 388 019f 0B       		.uleb128 0xb
 389 01a0 E2000000 		.4byte	.LASF29
 390 01a4 01       		.byte	0x1
 391 01a5 2801     		.2byte	0x128
 392 01a7 00000000 		.4byte	.LFB1
 393 01ab 14000000 		.4byte	.LFE1-.LFB1
 394 01af 01       		.uleb128 0x1
 395 01b0 9C       		.byte	0x9c
 396 01b1 BF010000 		.4byte	0x1bf
 397 01b5 0C       		.uleb128 0xc
 398 01b6 0E000000 		.4byte	.LVL0
 399 01ba 38020000 		.4byte	0x238
 400 01be 00       		.byte	0
 401 01bf 0B       		.uleb128 0xb
 402 01c0 46010000 		.4byte	.LASF30
 403 01c4 01       		.byte	0x1
 404 01c5 9301     		.2byte	0x193
 405 01c7 00000000 		.4byte	.LFB2
 406 01cb 54000000 		.4byte	.LFE2-.LFB2
ARM GAS  C:\Users\Andres\AppData\Local\Temp\cc70HyOj.s 			page 21


 407 01cf 01       		.uleb128 0x1
 408 01d0 9C       		.byte	0x9c
 409 01d1 0F020000 		.4byte	0x20f
 410 01d5 0D       		.uleb128 0xd
 411 01d6 3C000000 		.4byte	.LASF31
 412 01da 01       		.byte	0x1
 413 01db 9501     		.2byte	0x195
 414 01dd 6B000000 		.4byte	0x6b
 415 01e1 00000000 		.4byte	.LLST0
 416 01e5 0D       		.uleb128 0xd
 417 01e6 00000000 		.4byte	.LASF32
 418 01ea 01       		.byte	0x1
 419 01eb 9601     		.2byte	0x196
 420 01ed 77000000 		.4byte	0x77
 421 01f1 2A000000 		.4byte	.LLST1
 422 01f5 0C       		.uleb128 0xc
 423 01f6 32000000 		.4byte	.LVL4
 424 01fa 43020000 		.4byte	0x243
 425 01fe 0E       		.uleb128 0xe
 426 01ff 3A000000 		.4byte	.LVL5
 427 0203 4B020000 		.4byte	0x24b
 428 0207 0F       		.uleb128 0xf
 429 0208 01       		.uleb128 0x1
 430 0209 50       		.byte	0x50
 431 020a 02       		.uleb128 0x2
 432 020b 74       		.byte	0x74
 433 020c 00       		.sleb128 0
 434 020d 00       		.byte	0
 435 020e 00       		.byte	0
 436 020f 0B       		.uleb128 0xb
 437 0210 D3000000 		.4byte	.LASF33
 438 0214 01       		.byte	0x1
 439 0215 5302     		.2byte	0x253
 440 0217 00000000 		.4byte	.LFB3
 441 021b 20000000 		.4byte	.LFE3-.LFB3
 442 021f 01       		.uleb128 0x1
 443 0220 9C       		.byte	0x9c
 444 0221 38020000 		.4byte	0x238
 445 0225 0C       		.uleb128 0xc
 446 0226 0E000000 		.4byte	.LVL12
 447 022a 9F010000 		.4byte	0x19f
 448 022e 0C       		.uleb128 0xc
 449 022f 1A000000 		.4byte	.LVL13
 450 0233 BF010000 		.4byte	0x1bf
 451 0237 00       		.byte	0
 452 0238 10       		.uleb128 0x10
 453 0239 76010000 		.4byte	.LASF37
 454 023d 03       		.byte	0x3
 455 023e C6       		.byte	0xc6
 456 023f 6B000000 		.4byte	0x6b
 457 0243 11       		.uleb128 0x11
 458 0244 FE000000 		.4byte	.LASF38
 459 0248 03       		.byte	0x3
 460 0249 3501     		.2byte	0x135
 461 024b 12       		.uleb128 0x12
 462 024c 38020000 		.4byte	.LASF39
 463 0250 03       		.byte	0x3
ARM GAS  C:\Users\Andres\AppData\Local\Temp\cc70HyOj.s 			page 22


 464 0251 1A01     		.2byte	0x11a
 465 0253 13       		.uleb128 0x13
 466 0254 6B000000 		.4byte	0x6b
 467 0258 00       		.byte	0
 468 0259 00       		.byte	0
 469              		.section	.debug_abbrev,"",%progbits
 470              	.Ldebug_abbrev0:
 471 0000 01       		.uleb128 0x1
 472 0001 11       		.uleb128 0x11
 473 0002 01       		.byte	0x1
 474 0003 25       		.uleb128 0x25
 475 0004 0E       		.uleb128 0xe
 476 0005 13       		.uleb128 0x13
 477 0006 0B       		.uleb128 0xb
 478 0007 03       		.uleb128 0x3
 479 0008 0E       		.uleb128 0xe
 480 0009 1B       		.uleb128 0x1b
 481 000a 0E       		.uleb128 0xe
 482 000b 55       		.uleb128 0x55
 483 000c 17       		.uleb128 0x17
 484 000d 11       		.uleb128 0x11
 485 000e 01       		.uleb128 0x1
 486 000f 10       		.uleb128 0x10
 487 0010 17       		.uleb128 0x17
 488 0011 00       		.byte	0
 489 0012 00       		.byte	0
 490 0013 02       		.uleb128 0x2
 491 0014 24       		.uleb128 0x24
 492 0015 00       		.byte	0
 493 0016 0B       		.uleb128 0xb
 494 0017 0B       		.uleb128 0xb
 495 0018 3E       		.uleb128 0x3e
 496 0019 0B       		.uleb128 0xb
 497 001a 03       		.uleb128 0x3
 498 001b 0E       		.uleb128 0xe
 499 001c 00       		.byte	0
 500 001d 00       		.byte	0
 501 001e 03       		.uleb128 0x3
 502 001f 24       		.uleb128 0x24
 503 0020 00       		.byte	0
 504 0021 0B       		.uleb128 0xb
 505 0022 0B       		.uleb128 0xb
 506 0023 3E       		.uleb128 0x3e
 507 0024 0B       		.uleb128 0xb
 508 0025 03       		.uleb128 0x3
 509 0026 08       		.uleb128 0x8
 510 0027 00       		.byte	0
 511 0028 00       		.byte	0
 512 0029 04       		.uleb128 0x4
 513 002a 16       		.uleb128 0x16
 514 002b 00       		.byte	0
 515 002c 03       		.uleb128 0x3
 516 002d 0E       		.uleb128 0xe
 517 002e 3A       		.uleb128 0x3a
 518 002f 0B       		.uleb128 0xb
 519 0030 3B       		.uleb128 0x3b
 520 0031 05       		.uleb128 0x5
ARM GAS  C:\Users\Andres\AppData\Local\Temp\cc70HyOj.s 			page 23


 521 0032 49       		.uleb128 0x49
 522 0033 13       		.uleb128 0x13
 523 0034 00       		.byte	0
 524 0035 00       		.byte	0
 525 0036 05       		.uleb128 0x5
 526 0037 35       		.uleb128 0x35
 527 0038 00       		.byte	0
 528 0039 49       		.uleb128 0x49
 529 003a 13       		.uleb128 0x13
 530 003b 00       		.byte	0
 531 003c 00       		.byte	0
 532 003d 06       		.uleb128 0x6
 533 003e 13       		.uleb128 0x13
 534 003f 01       		.byte	0x1
 535 0040 0B       		.uleb128 0xb
 536 0041 0B       		.uleb128 0xb
 537 0042 3A       		.uleb128 0x3a
 538 0043 0B       		.uleb128 0xb
 539 0044 3B       		.uleb128 0x3b
 540 0045 0B       		.uleb128 0xb
 541 0046 01       		.uleb128 0x1
 542 0047 13       		.uleb128 0x13
 543 0048 00       		.byte	0
 544 0049 00       		.byte	0
 545 004a 07       		.uleb128 0x7
 546 004b 0D       		.uleb128 0xd
 547 004c 00       		.byte	0
 548 004d 03       		.uleb128 0x3
 549 004e 0E       		.uleb128 0xe
 550 004f 3A       		.uleb128 0x3a
 551 0050 0B       		.uleb128 0xb
 552 0051 3B       		.uleb128 0x3b
 553 0052 0B       		.uleb128 0xb
 554 0053 49       		.uleb128 0x49
 555 0054 13       		.uleb128 0x13
 556 0055 38       		.uleb128 0x38
 557 0056 0B       		.uleb128 0xb
 558 0057 00       		.byte	0
 559 0058 00       		.byte	0
 560 0059 08       		.uleb128 0x8
 561 005a 01       		.uleb128 0x1
 562 005b 01       		.byte	0x1
 563 005c 49       		.uleb128 0x49
 564 005d 13       		.uleb128 0x13
 565 005e 01       		.uleb128 0x1
 566 005f 13       		.uleb128 0x13
 567 0060 00       		.byte	0
 568 0061 00       		.byte	0
 569 0062 09       		.uleb128 0x9
 570 0063 21       		.uleb128 0x21
 571 0064 00       		.byte	0
 572 0065 49       		.uleb128 0x49
 573 0066 13       		.uleb128 0x13
 574 0067 2F       		.uleb128 0x2f
 575 0068 0B       		.uleb128 0xb
 576 0069 00       		.byte	0
 577 006a 00       		.byte	0
ARM GAS  C:\Users\Andres\AppData\Local\Temp\cc70HyOj.s 			page 24


 578 006b 0A       		.uleb128 0xa
 579 006c 16       		.uleb128 0x16
 580 006d 00       		.byte	0
 581 006e 03       		.uleb128 0x3
 582 006f 0E       		.uleb128 0xe
 583 0070 3A       		.uleb128 0x3a
 584 0071 0B       		.uleb128 0xb
 585 0072 3B       		.uleb128 0x3b
 586 0073 0B       		.uleb128 0xb
 587 0074 49       		.uleb128 0x49
 588 0075 13       		.uleb128 0x13
 589 0076 00       		.byte	0
 590 0077 00       		.byte	0
 591 0078 0B       		.uleb128 0xb
 592 0079 2E       		.uleb128 0x2e
 593 007a 01       		.byte	0x1
 594 007b 3F       		.uleb128 0x3f
 595 007c 19       		.uleb128 0x19
 596 007d 03       		.uleb128 0x3
 597 007e 0E       		.uleb128 0xe
 598 007f 3A       		.uleb128 0x3a
 599 0080 0B       		.uleb128 0xb
 600 0081 3B       		.uleb128 0x3b
 601 0082 05       		.uleb128 0x5
 602 0083 27       		.uleb128 0x27
 603 0084 19       		.uleb128 0x19
 604 0085 11       		.uleb128 0x11
 605 0086 01       		.uleb128 0x1
 606 0087 12       		.uleb128 0x12
 607 0088 06       		.uleb128 0x6
 608 0089 40       		.uleb128 0x40
 609 008a 18       		.uleb128 0x18
 610 008b 9742     		.uleb128 0x2117
 611 008d 19       		.uleb128 0x19
 612 008e 01       		.uleb128 0x1
 613 008f 13       		.uleb128 0x13
 614 0090 00       		.byte	0
 615 0091 00       		.byte	0
 616 0092 0C       		.uleb128 0xc
 617 0093 898201   		.uleb128 0x4109
 618 0096 00       		.byte	0
 619 0097 11       		.uleb128 0x11
 620 0098 01       		.uleb128 0x1
 621 0099 31       		.uleb128 0x31
 622 009a 13       		.uleb128 0x13
 623 009b 00       		.byte	0
 624 009c 00       		.byte	0
 625 009d 0D       		.uleb128 0xd
 626 009e 34       		.uleb128 0x34
 627 009f 00       		.byte	0
 628 00a0 03       		.uleb128 0x3
 629 00a1 0E       		.uleb128 0xe
 630 00a2 3A       		.uleb128 0x3a
 631 00a3 0B       		.uleb128 0xb
 632 00a4 3B       		.uleb128 0x3b
 633 00a5 05       		.uleb128 0x5
 634 00a6 49       		.uleb128 0x49
ARM GAS  C:\Users\Andres\AppData\Local\Temp\cc70HyOj.s 			page 25


 635 00a7 13       		.uleb128 0x13
 636 00a8 02       		.uleb128 0x2
 637 00a9 17       		.uleb128 0x17
 638 00aa 00       		.byte	0
 639 00ab 00       		.byte	0
 640 00ac 0E       		.uleb128 0xe
 641 00ad 898201   		.uleb128 0x4109
 642 00b0 01       		.byte	0x1
 643 00b1 11       		.uleb128 0x11
 644 00b2 01       		.uleb128 0x1
 645 00b3 31       		.uleb128 0x31
 646 00b4 13       		.uleb128 0x13
 647 00b5 00       		.byte	0
 648 00b6 00       		.byte	0
 649 00b7 0F       		.uleb128 0xf
 650 00b8 8A8201   		.uleb128 0x410a
 651 00bb 00       		.byte	0
 652 00bc 02       		.uleb128 0x2
 653 00bd 18       		.uleb128 0x18
 654 00be 9142     		.uleb128 0x2111
 655 00c0 18       		.uleb128 0x18
 656 00c1 00       		.byte	0
 657 00c2 00       		.byte	0
 658 00c3 10       		.uleb128 0x10
 659 00c4 2E       		.uleb128 0x2e
 660 00c5 00       		.byte	0
 661 00c6 3F       		.uleb128 0x3f
 662 00c7 19       		.uleb128 0x19
 663 00c8 03       		.uleb128 0x3
 664 00c9 0E       		.uleb128 0xe
 665 00ca 3A       		.uleb128 0x3a
 666 00cb 0B       		.uleb128 0xb
 667 00cc 3B       		.uleb128 0x3b
 668 00cd 0B       		.uleb128 0xb
 669 00ce 27       		.uleb128 0x27
 670 00cf 19       		.uleb128 0x19
 671 00d0 49       		.uleb128 0x49
 672 00d1 13       		.uleb128 0x13
 673 00d2 3C       		.uleb128 0x3c
 674 00d3 19       		.uleb128 0x19
 675 00d4 00       		.byte	0
 676 00d5 00       		.byte	0
 677 00d6 11       		.uleb128 0x11
 678 00d7 2E       		.uleb128 0x2e
 679 00d8 00       		.byte	0
 680 00d9 3F       		.uleb128 0x3f
 681 00da 19       		.uleb128 0x19
 682 00db 03       		.uleb128 0x3
 683 00dc 0E       		.uleb128 0xe
 684 00dd 3A       		.uleb128 0x3a
 685 00de 0B       		.uleb128 0xb
 686 00df 3B       		.uleb128 0x3b
 687 00e0 05       		.uleb128 0x5
 688 00e1 27       		.uleb128 0x27
 689 00e2 19       		.uleb128 0x19
 690 00e3 3C       		.uleb128 0x3c
 691 00e4 19       		.uleb128 0x19
ARM GAS  C:\Users\Andres\AppData\Local\Temp\cc70HyOj.s 			page 26


 692 00e5 00       		.byte	0
 693 00e6 00       		.byte	0
 694 00e7 12       		.uleb128 0x12
 695 00e8 2E       		.uleb128 0x2e
 696 00e9 01       		.byte	0x1
 697 00ea 3F       		.uleb128 0x3f
 698 00eb 19       		.uleb128 0x19
 699 00ec 03       		.uleb128 0x3
 700 00ed 0E       		.uleb128 0xe
 701 00ee 3A       		.uleb128 0x3a
 702 00ef 0B       		.uleb128 0xb
 703 00f0 3B       		.uleb128 0x3b
 704 00f1 05       		.uleb128 0x5
 705 00f2 27       		.uleb128 0x27
 706 00f3 19       		.uleb128 0x19
 707 00f4 3C       		.uleb128 0x3c
 708 00f5 19       		.uleb128 0x19
 709 00f6 00       		.byte	0
 710 00f7 00       		.byte	0
 711 00f8 13       		.uleb128 0x13
 712 00f9 05       		.uleb128 0x5
 713 00fa 00       		.byte	0
 714 00fb 49       		.uleb128 0x49
 715 00fc 13       		.uleb128 0x13
 716 00fd 00       		.byte	0
 717 00fe 00       		.byte	0
 718 00ff 00       		.byte	0
 719              		.section	.debug_loc,"",%progbits
 720              	.Ldebug_loc0:
 721              	.LLST0:
 722 0000 0A000000 		.4byte	.LVL2
 723 0004 10000000 		.4byte	.LVL3
 724 0008 0200     		.2byte	0x2
 725 000a 30       		.byte	0x30
 726 000b 9F       		.byte	0x9f
 727 000c 10000000 		.4byte	.LVL3
 728 0010 40000000 		.4byte	.LVL8
 729 0014 0100     		.2byte	0x1
 730 0016 54       		.byte	0x54
 731 0017 42000000 		.4byte	.LVL9
 732 001b 46000000 		.4byte	.LVL10
 733 001f 0100     		.2byte	0x1
 734 0021 54       		.byte	0x54
 735 0022 00000000 		.4byte	0
 736 0026 00000000 		.4byte	0
 737              	.LLST1:
 738 002a 02000000 		.4byte	.LVL1
 739 002e 10000000 		.4byte	.LVL3
 740 0032 0200     		.2byte	0x2
 741 0034 31       		.byte	0x31
 742 0035 9F       		.byte	0x9f
 743 0036 10000000 		.4byte	.LVL3
 744 003a 3C000000 		.4byte	.LVL6
 745 003e 0100     		.2byte	0x1
 746 0040 55       		.byte	0x55
 747 0041 3E000000 		.4byte	.LVL7
 748 0045 46000000 		.4byte	.LVL11
ARM GAS  C:\Users\Andres\AppData\Local\Temp\cc70HyOj.s 			page 27


 749 0049 0100     		.2byte	0x1
 750 004b 55       		.byte	0x55
 751 004c 00000000 		.4byte	0
 752 0050 00000000 		.4byte	0
 753              		.section	.debug_aranges,"",%progbits
 754 0000 2C000000 		.4byte	0x2c
 755 0004 0200     		.2byte	0x2
 756 0006 00000000 		.4byte	.Ldebug_info0
 757 000a 04       		.byte	0x4
 758 000b 00       		.byte	0
 759 000c 0000     		.2byte	0
 760 000e 0000     		.2byte	0
 761 0010 00000000 		.4byte	.LFB1
 762 0014 14000000 		.4byte	.LFE1-.LFB1
 763 0018 00000000 		.4byte	.LFB2
 764 001c 54000000 		.4byte	.LFE2-.LFB2
 765 0020 00000000 		.4byte	.LFB3
 766 0024 20000000 		.4byte	.LFE3-.LFB3
 767 0028 00000000 		.4byte	0
 768 002c 00000000 		.4byte	0
 769              		.section	.debug_ranges,"",%progbits
 770              	.Ldebug_ranges0:
 771 0000 00000000 		.4byte	.LFB1
 772 0004 14000000 		.4byte	.LFE1
 773 0008 00000000 		.4byte	.LFB2
 774 000c 54000000 		.4byte	.LFE2
 775 0010 00000000 		.4byte	.LFB3
 776 0014 20000000 		.4byte	.LFE3
 777 0018 00000000 		.4byte	0
 778 001c 00000000 		.4byte	0
 779              		.section	.debug_line,"",%progbits
 780              	.Ldebug_line0:
 781 0000 B6000000 		.section	.debug_str,"MS",%progbits,1
 781      02004D00 
 781      00000201 
 781      FB0E0D00 
 781      01010101 
 782              	.LASF32:
 783 0000 73686966 		.ascii	"shift\000"
 783      7400
 784              	.LASF18:
 785 0006 43414E5F 		.ascii	"CAN_DATA_BYTES\000"
 785      44415441 
 785      5F425954 
 785      455300
 786              	.LASF35:
 787 0015 47656E65 		.ascii	"Generated_Source\\PSoC4\\CAN_INT.c\000"
 787      72617465 
 787      645F536F 
 787      75726365 
 787      5C50536F 
 788              	.LASF24:
 789 0036 7278616D 		.ascii	"rxamr\000"
 789      7200
 790              	.LASF31:
 791 003c 6D61696C 		.ascii	"mailboxNumber\000"
 791      626F784E 
ARM GAS  C:\Users\Andres\AppData\Local\Temp\cc70HyOj.s 			page 28


 791      756D6265 
 791      7200
 792              	.LASF20:
 793 004a 43414E5F 		.ascii	"CAN_REG_32\000"
 793      5245475F 
 793      333200
 794              	.LASF3:
 795 0055 73686F72 		.ascii	"short unsigned int\000"
 795      7420756E 
 795      7369676E 
 795      65642069 
 795      6E7400
 796              	.LASF19:
 797 0068 62797465 		.ascii	"byte\000"
 797      00
 798              	.LASF23:
 799 006d 72786461 		.ascii	"rxdata\000"
 799      746100
 800              	.LASF27:
 801 0074 72786163 		.ascii	"rxacrd\000"
 801      726400
 802              	.LASF36:
 803 007b 443A5C68 		.ascii	"D:\\henrry\\empenzando\\modulo.cydsn\000"
 803      656E7272 
 803      795C656D 
 803      70656E7A 
 803      616E646F 
 804              	.LASF12:
 805 009d 666C6F61 		.ascii	"float\000"
 805      7400
 806              	.LASF1:
 807 00a3 756E7369 		.ascii	"unsigned char\000"
 807      676E6564 
 807      20636861 
 807      7200
 808              	.LASF22:
 809 00b1 72786964 		.ascii	"rxid\000"
 809      00
 810              	.LASF15:
 811 00b6 72656738 		.ascii	"reg8\000"
 811      00
 812              	.LASF5:
 813 00bb 6C6F6E67 		.ascii	"long unsigned int\000"
 813      20756E73 
 813      69676E65 
 813      6420696E 
 813      7400
 814              	.LASF9:
 815 00cd 75696E74 		.ascii	"uint8\000"
 815      3800
 816              	.LASF33:
 817 00d3 43414E5F 		.ascii	"CAN_ISR\000"
 817      49535200 
 818              	.LASF13:
 819 00db 646F7562 		.ascii	"double\000"
 819      6C6500
 820              	.LASF29:
ARM GAS  C:\Users\Andres\AppData\Local\Temp\cc70HyOj.s 			page 29


 821 00e2 43414E5F 		.ascii	"CAN_BusOffIsr\000"
 821      4275734F 
 821      66664973 
 821      7200
 822              	.LASF10:
 823 00f0 75696E74 		.ascii	"uint16\000"
 823      313600
 824              	.LASF11:
 825 00f7 75696E74 		.ascii	"uint32\000"
 825      333200
 826              	.LASF38:
 827 00fe 43414E5F 		.ascii	"CAN_ReceiveMsg0\000"
 827      52656365 
 827      6976654D 
 827      73673000 
 828              	.LASF8:
 829 010e 756E7369 		.ascii	"unsigned int\000"
 829      676E6564 
 829      20696E74 
 829      00
 830              	.LASF7:
 831 011b 6C6F6E67 		.ascii	"long long unsigned int\000"
 831      206C6F6E 
 831      6720756E 
 831      7369676E 
 831      65642069 
 832              	.LASF28:
 833 0132 43414E5F 		.ascii	"CAN_RX_STRUCT\000"
 833      52585F53 
 833      54525543 
 833      5400
 834              	.LASF21:
 835 0140 7278636D 		.ascii	"rxcmd\000"
 835      6400
 836              	.LASF30:
 837 0146 43414E5F 		.ascii	"CAN_MsgRXIsr\000"
 837      4D736752 
 837      58497372 
 837      00
 838              	.LASF17:
 839 0153 73697A65 		.ascii	"sizetype\000"
 839      74797065 
 839      00
 840              	.LASF26:
 841 015c 7278616D 		.ascii	"rxamrd\000"
 841      726400
 842              	.LASF6:
 843 0163 6C6F6E67 		.ascii	"long long int\000"
 843      206C6F6E 
 843      6720696E 
 843      7400
 844              	.LASF14:
 845 0171 63686172 		.ascii	"char\000"
 845      00
 846              	.LASF37:
 847 0176 43414E5F 		.ascii	"CAN_Stop\000"
 847      53746F70 
ARM GAS  C:\Users\Andres\AppData\Local\Temp\cc70HyOj.s 			page 30


 847      00
 848              	.LASF34:
 849 017f 474E5520 		.ascii	"GNU C 4.9.3 20150303 (release) [ARM/embedded-4_9-br"
 849      4320342E 
 849      392E3320 
 849      32303135 
 849      30333033 
 850 01b2 616E6368 		.ascii	"anch revision 221220] -mcpu=cortex-m0 -mthumb -g -O"
 850      20726576 
 850      6973696F 
 850      6E203232 
 850      31323230 
 851 01e5 67202D66 		.ascii	"g -ffunction-sections -ffat-lto-objects\000"
 851      66756E63 
 851      74696F6E 
 851      2D736563 
 851      74696F6E 
 852              	.LASF2:
 853 020d 73686F72 		.ascii	"short int\000"
 853      7420696E 
 853      7400
 854              	.LASF25:
 855 0217 72786163 		.ascii	"rxacr\000"
 855      7200
 856              	.LASF4:
 857 021d 6C6F6E67 		.ascii	"long int\000"
 857      20696E74 
 857      00
 858              	.LASF16:
 859 0226 72656733 		.ascii	"reg32\000"
 859      3200
 860              	.LASF0:
 861 022c 7369676E 		.ascii	"signed char\000"
 861      65642063 
 861      68617200 
 862              	.LASF39:
 863 0238 43414E5F 		.ascii	"CAN_ReceiveMsg\000"
 863      52656365 
 863      6976654D 
 863      736700
 864              		.ident	"GCC: (GNU Tools for ARM Embedded Processors) 4.9.3 20150303 (release) [ARM/embedded-4_9-br
